PASS tests/synapse/engine.test.js
  PipelineMetrics
    ÔêÜ should initialize with empty state (8 ms)
    ÔêÜ startLayer() should record start time and running status (1 ms)
    ÔêÜ endLayer() should record duration and rules count (1 ms)
    ÔêÜ endLayer() without startLayer() should still record (1 ms)
    ÔêÜ skipLayer() should record skip reason (1 ms)
    ÔêÜ errorLayer() should record error message (1 ms)
    ÔêÜ errorLayer() should record duration if startLayer() was called (1 ms)
    ÔêÜ errorLayer() should handle non-Error objects (1 ms)
    ÔêÜ getSummary() should return correct totals (1 ms)
    ÔêÜ getSummary() should return 0 total_ms when no timestamps set (1 ms)
  SynapseEngine
    constructor
      ÔêÜ should store synapsePath and config (22 ms)
      ÔêÜ should instantiate available layers (3 ms)
      ÔêÜ should handle all layer modules failing gracefully (3 ms)
    process() ÔÇö basic pipeline
      ÔêÜ should return xml and metrics (8 ms)
      ÔêÜ should call context-tracker with prompt_count (2 ms)
      ÔêÜ should call calculateBracket with context percent (3 ms)
      ÔêÜ should call getActiveLayers with bracket (3 ms)
      ÔêÜ should call formatSynapseRules with correct args (2 ms)
      ÔêÜ should pass devmode=true when config has devmode (3 ms)
      ÔêÜ should default prompt_count to 0 when session is null (2 ms)
    process() ÔÇö bracket-aware filtering
      ÔêÜ should skip layers not in active bracket (FRESH skips L3) (3 ms)
      ÔêÜ should execute all L0-L7 in MODERATE bracket (4 ms)
    process() ÔÇö fallback and edge cases
      ÔêÜ should return empty xml when no results (3 ms)
      ÔêÜ should return empty when getActiveLayers returns null (3 ms)
      ÔêÜ should handle session without prompt_count (2 ms)
      ÔêÜ should accumulate previousLayers across layer executions (3 ms)
    process() ÔÇö metrics
      ÔêÜ should have total_ms in metrics (3 ms)
      ÔêÜ should count loaded and skipped layers (3 ms)
      ÔêÜ should count total rules (2 ms)
    PIPELINE_TIMEOUT_MS constant
      ÔêÜ should be 100ms (2 ms)
    process() ÔÇö handoff warning
      ÔêÜ should pass showHandoffWarning=true when bracket needs it (2 ms)
    process() ÔÇö null/invalid processConfig guard
      ÔêÜ should handle null processConfig without throwing (3 ms)
      ÔêÜ should handle non-object processConfig (string) (2 ms)
      ÔêÜ should handle undefined processConfig (2 ms)
      ÔêÜ should handle numeric processConfig (3 ms)
    process() ÔÇö memory bridge integration (SYN-10)
      ÔêÜ should call memoryBridge.getMemoryHints when needsMemoryHints is true (2 ms)
      ÔêÜ should NOT call memoryBridge.getMemoryHints when needsMemoryHints is false (2 ms)
      ÔêÜ should use active_agent fallback when activeAgent is missing (2 ms)
    process() ÔÇö edge cases for coverage
      ÔêÜ should handle layer returning non-array rules (invalid result format) (2 ms)
      ÔêÜ should log remaining layers as skipped on pipeline timeout (3 ms)

  console.warn
    Git warning: Preparing worktree (new branch 'auto-claude/STORY-42')

    [0m [90m 86 |[39m
     [90m 87 |[39m       [36mif[39m (stderr [33m&&[39m [33m![39moptions[33m.[39mignoreStderr) {
    [31m[1m>[22m[39m[90m 88 |[39m         console[33m.[39mwarn(chalk[33m.[39myellow([32m`Git warning: ${stderr}`[39m))[33m;[39m
     [90m    |[39m                 [31m[1m^[22m[39m
     [90m 89 |[39m       }
     [90m 90 |[39m
     [90m 91 |[39m       [36mreturn[39m stdout[33m.[39mtrim()[33m;[39m[0m

      at WorktreeManager.warn [as execGit] (.aios-core/infrastructure/scripts/worktree-manager.js:88:17)
      at WorktreeManager.create (.aios-core/infrastructure/scripts/worktree-manager.js:147:5)
      at Object.<anonymous> (.aios-core/infrastructure/tests/worktree-manager.test.js:98:22)

  console.log
    Ô£ô Created worktree for STORY-42 at C:\Users\EDUCAC~1\AppData\Local\Temp\aios-worktree-test-JqK4Js\.aios\worktrees\STORY-42

      at WorktreeManager.log [as create] (.aios-core/infrastructure/scripts/worktree-manager.js:149:13)

  console.warn
    Git warning: Preparing worktree (new branch 'auto-claude/STORY-42')

    [0m [90m 86 |[39m
     [90m 87 |[39m       [36mif[39m (stderr [33m&&[39m [33m![39moptions[33m.[39mignoreStderr) {
    [31m[1m>[22m[39m[90m 88 |[39m         console[33m.[39mwarn(chalk[33m.[39myellow([32m`Git warning: ${stderr}`[39m))[33m;[39m
     [90m    |[39m                 [31m[1m^[22m[39m
     [90m 89 |[39m       }
     [90m 90 |[39m
     [90m 91 |[39m       [36mreturn[39m stdout[33m.[39mtrim()[33m;[39m[0m

      at WorktreeManager.warn [as execGit] (.aios-core/infrastructure/scripts/worktree-manager.js:88:17)
      at WorktreeManager.create (.aios-core/infrastructure/scripts/worktree-manager.js:147:5)
      at Object.<anonymous> (.aios-core/infrastructure/tests/worktree-manager.test.js:122:9)

  console.log
    Ô£ô Created worktree for STORY-42 at C:\Users\EDUCAC~1\AppData\Local\Temp\aios-worktree-test-hNLCzH\.aios\worktrees\STORY-42

      at WorktreeManager.log [as create] (.aios-core/infrastructure/scripts/worktree-manager.js:149:13)

  console.warn
    Git warning: Preparing worktree (new branch 'auto-claude/STORY-1')

    [0m [90m 86 |[39m
     [90m 87 |[39m       [36mif[39m (stderr [33m&&[39m [33m![39moptions[33m.[39mignoreStderr) {
    [31m[1m>[22m[39m[90m 88 |[39m         console[33m.[39mwarn(chalk[33m.[39myellow([32m`Git warning: ${stderr}`[39m))[33m;[39m
     [90m    |[39m                 [31m[1m^[22m[39m
     [90m 89 |[39m       }
     [90m 90 |[39m
     [90m 91 |[39m       [36mreturn[39m stdout[33m.[39mtrim()[33m;[39m[0m

      at WorktreeManager.warn [as execGit] (.aios-core/infrastructure/scripts/worktree-manager.js:88:17)
      at WorktreeManager.create (.aios-core/infrastructure/scripts/worktree-manager.js:147:5)
      at Object.<anonymous> (.aios-core/infrastructure/tests/worktree-manager.test.js:139:9)

  console.log
    Ô£ô Created worktree for STORY-1 at C:\Users\EDUCAC~1\AppData\Local\Temp\aios-worktree-test-VcVUYY\.aios\worktrees\STORY-1

      at WorktreeManager.log [as create] (.aios-core/infrastructure/scripts/worktree-manager.js:149:13)

  console.warn
    Git warning: Preparing worktree (new branch 'auto-claude/STORY-2')

    [0m [90m 86 |[39m
     [90m 87 |[39m       [36mif[39m (stderr [33m&&[39m [33m![39moptions[33m.[39mignoreStderr) {
    [31m[1m>[22m[39m[90m 88 |[39m         console[33m.[39mwarn(chalk[33m.[39myellow([32m`Git warning: ${stderr}`[39m))[33m;[39m
     [90m    |[39m                 [31m[1m^[22m[39m
     [90m 89 |[39m       }
     [90m 90 |[39m
     [90m 91 |[39m       [36mreturn[39m stdout[33m.[39mtrim()[33m;[39m[0m

      at WorktreeManager.warn [as execGit] (.aios-core/infrastructure/scripts/worktree-manager.js:88:17)
      at WorktreeManager.create (.aios-core/infrastructure/scripts/worktree-manager.js:147:5)
      at Object.<anonymous> (.aios-core/infrastructure/tests/worktree-manager.test.js:140:9)

  console.log
    Ô£ô Created worktree for STORY-2 at C:\Users\EDUCAC~1\AppData\Local\Temp\aios-worktree-test-VcVUYY\.aios\worktrees\STORY-2

      at WorktreeManager.log [as create] (.aios-core/infrastructure/scripts/worktree-manager.js:149:13)

  console.warn
    Git warning: Preparing worktree (new branch 'auto-claude/STORY-3')

    [0m [90m 86 |[39m
     [90m 87 |[39m       [36mif[39m (stderr [33m&&[39m [33m![39moptions[33m.[39mignoreStderr) {
    [31m[1m>[22m[39m[90m 88 |[39m         console[33m.[39mwarn(chalk[33m.[39myellow([32m`Git warning: ${stderr}`[39m))[33m;[39m
     [90m    |[39m                 [31m[1m^[22m[39m
     [90m 89 |[39m       }
     [90m 90 |[39m
     [90m 91 |[39m       [36mreturn[39m stdout[33m.[39mtrim()[33m;[39m[0m

      at WorktreeManager.warn [as execGit] (.aios-core/infrastructure/scripts/worktree-manager.js:88:17)
      at WorktreeManager.create (.aios-core/infrastructure/scripts/worktree-manager.js:147:5)
      at Object.<anonymous> (.aios-core/infrastructure/tests/worktree-manager.test.js:141:9)

  console.log
    Ô£ô Created worktree for STORY-3 at C:\Users\EDUCAC~1\AppData\Local\Temp\aios-worktree-test-VcVUYY\.aios\worktrees\STORY-3

      at WorktreeManager.log [as create] (.aios-core/infrastructure/scripts/worktree-manager.js:149:13)

  console.warn
    Git warning: Preparing worktree (new branch 'auto-claude/STORY-1')

    [0m [90m 86 |[39m
     [90m 87 |[39m       [36mif[39m (stderr [33m&&[39m [33m![39moptions[33m.[39mignoreStderr) {
    [31m[1m>[22m[39m[90m 88 |[39m         console[33m.[39mwarn(chalk[33m.[39myellow([32m`Git warning: ${stderr}`[39m))[33m;[39m
     [90m    |[39m                 [31m[1m^[22m[39m
     [90m 89 |[39m       }
     [90m 90 |[39m
     [90m 91 |[39m       [36mreturn[39m stdout[33m.[39mtrim()[33m;[39m[0m

      at WorktreeManager.warn [as execGit] (.aios-core/infrastructure/scripts/worktree-manager.js:88:17)
      at WorktreeManager.create (.aios-core/infrastructure/scripts/worktree-manager.js:147:5)
      at Object.<anonymous> (.aios-core/infrastructure/tests/worktree-manager.test.js:175:9)

  console.log
    Ô£ô Created worktree for STORY-1 at C:\Users\EDUCAC~1\AppData\Local\Temp\aios-worktree-test-vKlgZe\.aios\worktrees\STORY-1

      at WorktreeManager.log [as create] (.aios-core/infrastructure/scripts/worktree-manager.js:149:13)

  console.warn
    Git warning: Preparing worktree (new branch 'auto-claude/STORY-2')

    [0m [90m 86 |[39m
     [90m 87 |[39m       [36mif[39m (stderr [33m&&[39m [33m![39moptions[33m.[39mignoreStderr) {
    [31m[1m>[22m[39m[90m 88 |[39m         console[33m.[39mwarn(chalk[33m.[39myellow([32m`Git warning: ${stderr}`[39m))[33m;[39m
     [90m    |[39m                 [31m[1m^[22m[39m
     [90m 89 |[39m       }
     [90m 90 |[39m
     [90m 91 |[39m       [36mreturn[39m stdout[33m.[39mtrim()[33m;[39m[0m

      at WorktreeManager.warn [as execGit] (.aios-core/infrastructure/scripts/worktree-manager.js:88:17)
      at WorktreeManager.create (.aios-core/infrastructure/scripts/worktree-manager.js:147:5)
      at Object.<anonymous> (.aios-core/infrastructure/tests/worktree-manager.test.js:176:9)

  console.log
    Ô£ô Created worktree for STORY-2 at C:\Users\EDUCAC~1\AppData\Local\Temp\aios-worktree-test-vKlgZe\.aios\worktrees\STORY-2

      at WorktreeManager.log [as create] (.aios-core/infrastructure/scripts/worktree-manager.js:149:13)

  console.warn
    Git warning: Preparing worktree (new branch 'auto-claude/STORY-42')

    [0m [90m 86 |[39m
     [90m 87 |[39m       [36mif[39m (stderr [33m&&[39m [33m![39moptions[33m.[39mignoreStderr) {
    [31m[1m>[22m[39m[90m 88 |[39m         console[33m.[39mwarn(chalk[33m.[39myellow([32m`Git warning: ${stderr}`[39m))[33m;[39m
     [90m    |[39m                 [31m[1m^[22m[39m
     [90m 89 |[39m       }
     [90m 90 |[39m
     [90m 91 |[39m       [36mreturn[39m stdout[33m.[39mtrim()[33m;[39m[0m

      at WorktreeManager.warn [as execGit] (.aios-core/infrastructure/scripts/worktree-manager.js:88:17)
      at WorktreeManager.create (.aios-core/infrastructure/scripts/worktree-manager.js:147:5)
      at Object.<anonymous> (.aios-core/infrastructure/tests/worktree-manager.test.js:200:9)

  console.log
    Ô£ô Created worktree for STORY-42 at C:\Users\EDUCAC~1\AppData\Local\Temp\aios-worktree-test-XUaBYM\.aios\worktrees\STORY-42

      at WorktreeManager.log [as create] (.aios-core/infrastructure/scripts/worktree-manager.js:149:13)

  console.warn
    Git warning: Preparing worktree (new branch 'auto-claude/STORY-42')

    [0m [90m 86 |[39m
     [90m 87 |[39m       [36mif[39m (stderr [33m&&[39m [33m![39moptions[33m.[39mignoreStderr) {
    [31m[1m>[22m[39m[90m 88 |[39m         console[33m.[39mwarn(chalk[33m.[39myellow([32m`Git warning: ${stderr}`[39m))[33m;[39m
     [90m    |[39m                 [31m[1m^[22m[39m
     [90m 89 |[39m       }
     [90m 90 |[39m
     [90m 91 |[39m       [36mreturn[39m stdout[33m.[39mtrim()[33m;[39m[0m

      at WorktreeManager.warn [as execGit] (.aios-core/infrastructure/scripts/worktree-manager.js:88:17)
      at WorktreeManager.create (.aios-core/infrastructure/scripts/worktree-manager.js:147:5)
      at Object.<anonymous> (.aios-core/infrastructure/tests/worktree-manager.test.js:226:9)

  console.log
    Ô£ô Created worktree for STORY-42 at C:\Users\EDUCAC~1\AppData\Local\Temp\aios-worktree-test-3HPmGT\.aios\worktrees\STORY-42

      at WorktreeManager.log [as create] (.aios-core/infrastructure/scripts/worktree-manager.js:149:13)

  console.log
    Ô£ô Removed worktree for STORY-42

      at WorktreeManager.log [as remove] (.aios-core/infrastructure/scripts/worktree-manager.js:191:13)

  console.warn
    Git warning: Preparing worktree (new branch 'auto-claude/STORY-1')

    [0m [90m 86 |[39m
     [90m 87 |[39m       [36mif[39m (stderr [33m&&[39m [33m![39moptions[33m.[39mignoreStderr) {
    [31m[1m>[22m[39m[90m 88 |[39m         console[33m.[39mwarn(chalk[33m.[39myellow([32m`Git warning: ${stderr}`[39m))[33m;[39m
     [90m    |[39m                 [31m[1m^[22m[39m
     [90m 89 |[39m       }
     [90m 90 |[39m
     [90m 91 |[39m       [36mreturn[39m stdout[33m.[39mtrim()[33m;[39m[0m

      at WorktreeManager.warn [as execGit] (.aios-core/infrastructure/scripts/worktree-manager.js:88:17)
      at WorktreeManager.create (.aios-core/infrastructure/scripts/worktree-manager.js:147:5)
      at Object.<anonymous> (.aios-core/infrastructure/tests/worktree-manager.test.js:250:9)

  console.log
    Ô£ô Created worktree for STORY-1 at C:\Users\EDUCAC~1\AppData\Local\Temp\aios-worktree-test-rMCW2x\.aios\worktrees\STORY-1

      at WorktreeManager.log [as create] (.aios-core/infrastructure/scripts/worktree-manager.js:149:13)

  console.warn
    Git warning: Preparing worktree (new branch 'auto-claude/STORY-2')

    [0m [90m 86 |[39m
     [90m 87 |[39m       [36mif[39m (stderr [33m&&[39m [33m![39moptions[33m.[39mignoreStderr) {
    [31m[1m>[22m[39m[90m 88 |[39m         console[33m.[39mwarn(chalk[33m.[39myellow([32m`Git warning: ${stderr}`[39m))[33m;[39m
     [90m    |[39m                 [31m[1m^[22m[39m
     [90m 89 |[39m       }
     [90m 90 |[39m
     [90m 91 |[39m       [36mreturn[39m stdout[33m.[39mtrim()[33m;[39m[0m

      at WorktreeManager.warn [as execGit] (.aios-core/infrastructure/scripts/worktree-manager.js:88:17)
      at WorktreeManager.create (.aios-core/infrastructure/scripts/worktree-manager.js:147:5)
      at Object.<anonymous> (.aios-core/infrastructure/tests/worktree-manager.test.js:251:9)

  console.log
    Ô£ô Created worktree for STORY-2 at C:\Users\EDUCAC~1\AppData\Local\Temp\aios-worktree-test-rMCW2x\.aios\worktrees\STORY-2

      at WorktreeManager.log [as create] (.aios-core/infrastructure/scripts/worktree-manager.js:149:13)

  console.warn
    Git warning: Preparing worktree (new branch 'auto-claude/STORY-42')

    [0m [90m 86 |[39m
     [90m 87 |[39m       [36mif[39m (stderr [33m&&[39m [33m![39moptions[33m.[39mignoreStderr) {
    [31m[1m>[22m[39m[90m 88 |[39m         console[33m.[39mwarn(chalk[33m.[39myellow([32m`Git warning: ${stderr}`[39m))[33m;[39m
     [90m    |[39m                 [31m[1m^[22m[39m
     [90m 89 |[39m       }
     [90m 90 |[39m
     [90m 91 |[39m       [36mreturn[39m stdout[33m.[39mtrim()[33m;[39m[0m

      at WorktreeManager.warn [as execGit] (.aios-core/infrastructure/scripts/worktree-manager.js:88:17)
      at WorktreeManager.create (.aios-core/infrastructure/scripts/worktree-manager.js:147:5)
      at Object.<anonymous> (.aios-core/infrastructure/tests/worktree-manager.test.js:321:9)

  console.log
    Ô£ô Created worktree for STORY-42 at C:\Users\EDUCAC~1\AppData\Local\Temp\aios-worktree-test-EQk9Eh\.aios\worktrees\STORY-42

      at WorktreeManager.log [as create] (.aios-core/infrastructure/scripts/worktree-manager.js:149:13)

  console.warn
    Git warning: Preparing worktree (new branch 'auto-claude/STORY-42')

    [0m [90m 86 |[39m
     [90m 87 |[39m       [36mif[39m (stderr [33m&&[39m [33m![39moptions[33m.[39mignoreStderr) {
    [31m[1m>[22m[39m[90m 88 |[39m         console[33m.[39mwarn(chalk[33m.[39myellow([32m`Git warning: ${stderr}`[39m))[33m;[39m
     [90m    |[39m                 [31m[1m^[22m[39m
     [90m 89 |[39m       }
     [90m 90 |[39m
     [90m 91 |[39m       [36mreturn[39m stdout[33m.[39mtrim()[33m;[39m[0m

      at WorktreeManager.warn [as execGit] (.aios-core/infrastructure/scripts/worktree-manager.js:88:17)
      at WorktreeManager.create (.aios-core/infrastructure/scripts/worktree-manager.js:147:5)
      at Object.<anonymous> (.aios-core/infrastructure/tests/worktree-manager.test.js:345:9)

  console.log
    Ô£ô Created worktree for STORY-42 at C:\Users\EDUCAC~1\AppData\Local\Temp\aios-worktree-test-7TFVYy\.aios\worktrees\STORY-42

      at WorktreeManager.log [as create] (.aios-core/infrastructure/scripts/worktree-manager.js:149:13)

  console.warn
    Git warning: Preparing worktree (new branch 'auto-claude/STORY-42')

    [0m [90m 86 |[39m
     [90m 87 |[39m       [36mif[39m (stderr [33m&&[39m [33m![39moptions[33m.[39mignoreStderr) {
    [31m[1m>[22m[39m[90m 88 |[39m         console[33m.[39mwarn(chalk[33m.[39myellow([32m`Git warning: ${stderr}`[39m))[33m;[39m
     [90m    |[39m                 [31m[1m^[22m[39m
     [90m 89 |[39m       }
     [90m 90 |[39m
     [90m 91 |[39m       [36mreturn[39m stdout[33m.[39mtrim()[33m;[39m[0m

      at WorktreeManager.warn [as execGit] (.aios-core/infrastructure/scripts/worktree-manager.js:88:17)
      at WorktreeManager.create (.aios-core/infrastructure/scripts/worktree-manager.js:147:5)
      at Object.<anonymous> (.aios-core/infrastructure/tests/worktree-manager.test.js:383:9)

  console.log
    Ô£ô Created worktree for STORY-42 at C:\Users\EDUCAC~1\AppData\Local\Temp\aios-worktree-test-u2DOKW\.aios\worktrees\STORY-42

      at WorktreeManager.log [as create] (.aios-core/infrastructure/scripts/worktree-manager.js:149:13)

  console.log
    Ô£ô Merged STORY-42 ÔåÆ 341ae1c

      at WorktreeManager.log [as mergeToBase] (.aios-core/infrastructure/scripts/worktree-manager.js:551:17)

  console.warn
    Git warning: Preparing worktree (new branch 'auto-claude/STORY-42')

    [0m [90m 86 |[39m
     [90m 87 |[39m       [36mif[39m (stderr [33m&&[39m [33m![39moptions[33m.[39mignoreStderr) {
    [31m[1m>[22m[39m[90m 88 |[39m         console[33m.[39mwarn(chalk[33m.[39myellow([32m`Git warning: ${stderr}`[39m))[33m;[39m
     [90m    |[39m                 [31m[1m^[22m[39m
     [90m 89 |[39m       }
     [90m 90 |[39m
     [90m 91 |[39m       [36mreturn[39m stdout[33m.[39mtrim()[33m;[39m[0m

      at WorktreeManager.warn [as execGit] (.aios-core/infrastructure/scripts/worktree-manager.js:88:17)
      at WorktreeManager.create (.aios-core/infrastructure/scripts/worktree-manager.js:147:5)
      at Object.<anonymous> (.aios-core/infrastructure/tests/worktree-manager.test.js:421:9)

  console.log
    Ô£ô Created worktree for STORY-42 at C:\Users\EDUCAC~1\AppData\Local\Temp\aios-worktree-test-gpi6pa\.aios\worktrees\STORY-42

      at WorktreeManager.log [as create] (.aios-core/infrastructure/scripts/worktree-manager.js:149:13)

  console.log
    Ô£ô Merged STORY-42 (staged, not committed)

      at WorktreeManager.log [as mergeToBase] (.aios-core/infrastructure/scripts/worktree-manager.js:544:17)

  console.log
      Use "git commit" to complete the merge

      at WorktreeManager.log [as mergeToBase] (.aios-core/infrastructure/scripts/worktree-manager.js:545:17)

  console.warn
    Git warning: Preparing worktree (new branch 'auto-claude/STORY-42')

    [0m [90m 86 |[39m
     [90m 87 |[39m       [36mif[39m (stderr [33m&&[39m [33m![39moptions[33m.[39mignoreStderr) {
    [31m[1m>[22m[39m[90m 88 |[39m         console[33m.[39mwarn(chalk[33m.[39myellow([32m`Git warning: ${stderr}`[39m))[33m;[39m
     [90m    |[39m                 [31m[1m^[22m[39m
     [90m 89 |[39m       }
     [90m 90 |[39m
     [90m 91 |[39m       [36mreturn[39m stdout[33m.[39mtrim()[33m;[39m[0m

      at WorktreeManager.warn [as execGit] (.aios-core/infrastructure/scripts/worktree-manager.js:88:17)
      at WorktreeManager.create (.aios-core/infrastructure/scripts/worktree-manager.js:147:5)
      at Object.<anonymous> (.aios-core/infrastructure/tests/worktree-manager.test.js:466:9)

  console.log
    Ô£ô Created worktree for STORY-42 at C:\Users\EDUCAC~1\AppData\Local\Temp\aios-worktree-test-e5tXqP\.aios\worktrees\STORY-42

      at WorktreeManager.log [as create] (.aios-core/infrastructure/scripts/worktree-manager.js:149:13)

  console.log
    Ô£ô Merged STORY-42 (squashed) ÔåÆ f75ccb5

      at WorktreeManager.log [as mergeToBase] (.aios-core/infrastructure/scripts/worktree-manager.js:547:17)

  console.warn
    Git warning: Preparing worktree (new branch 'auto-claude/STORY-42')

    [0m [90m 86 |[39m
     [90m 87 |[39m       [36mif[39m (stderr [33m&&[39m [33m![39moptions[33m.[39mignoreStderr) {
    [31m[1m>[22m[39m[90m 88 |[39m         console[33m.[39mwarn(chalk[33m.[39myellow([32m`Git warning: ${stderr}`[39m))[33m;[39m
     [90m    |[39m                 [31m[1m^[22m[39m
     [90m 89 |[39m       }
     [90m 90 |[39m
     [90m 91 |[39m       [36mreturn[39m stdout[33m.[39mtrim()[33m;[39m[0m

      at WorktreeManager.warn [as execGit] (.aios-core/infrastructure/scripts/worktree-manager.js:88:17)
      at WorktreeManager.create (.aios-core/infrastructure/scripts/worktree-manager.js:147:5)
      at Object.<anonymous> (.aios-core/infrastructure/tests/worktree-manager.test.js:494:9)

  console.log
    Ô£ô Created worktree for STORY-42 at C:\Users\EDUCAC~1\AppData\Local\Temp\aios-worktree-test-Acxeff\.aios\worktrees\STORY-42

      at WorktreeManager.log [as create] (.aios-core/infrastructure/scripts/worktree-manager.js:149:13)

  console.log
    Ô£ù Cannot merge STORY-42: 1 conflicts detected

      at WorktreeManager.log [as mergeToBase] (.aios-core/infrastructure/scripts/worktree-manager.js:482:17)

  console.log
      - README.md

      at log (.aios-core/infrastructure/scripts/worktree-manager.js:483:45)
          at Array.forEach (<anonymous>)

  console.warn
    Git warning: Preparing worktree (new branch 'auto-claude/STORY-42')

    [0m [90m 86 |[39m
     [90m 87 |[39m       [36mif[39m (stderr [33m&&[39m [33m![39moptions[33m.[39mignoreStderr) {
    [31m[1m>[22m[39m[90m 88 |[39m         console[33m.[39mwarn(chalk[33m.[39myellow([32m`Git warning: ${stderr}`[39m))[33m;[39m
     [90m    |[39m                 [31m[1m^[22m[39m
     [90m 89 |[39m       }
     [90m 90 |[39m
     [90m 91 |[39m       [36mreturn[39m stdout[33m.[39mtrim()[33m;[39m[0m

      at WorktreeManager.warn [as execGit] (.aios-core/infrastructure/scripts/worktree-manager.js:88:17)
      at WorktreeManager.create (.aios-core/infrastructure/scripts/worktree-manager.js:147:5)
      at Object.<anonymous> (.aios-core/infrastructure/tests/worktree-manager.test.js:526:9)

  console.log
    Ô£ô Created worktree for STORY-42 at C:\Users\EDUCAC~1\AppData\Local\Temp\aios-worktree-test-M7uVNN\.aios\worktrees\STORY-42

      at WorktreeManager.log [as create] (.aios-core/infrastructure/scripts/worktree-manager.js:149:13)

  console.log
    Ô£ô Merged STORY-42 ÔåÆ 8ccbf16

      at WorktreeManager.log [as mergeToBase] (.aios-core/infrastructure/scripts/worktree-manager.js:551:17)

  console.log
    Ô£ô Removed worktree for STORY-42

      at WorktreeManager.log [as remove] (.aios-core/infrastructure/scripts/worktree-manager.js:191:13)

  console.log
      Cleaned up worktree for STORY-42

      at WorktreeManager.log [as mergeToBase] (.aios-core/infrastructure/scripts/worktree-manager.js:557:17)

  console.warn
    Git warning: Preparing worktree (new branch 'auto-claude/STORY-42')

    [0m [90m 86 |[39m
     [90m 87 |[39m       [36mif[39m (stderr [33m&&[39m [33m![39moptions[33m.[39mignoreStderr) {
    [31m[1m>[22m[39m[90m 88 |[39m         console[33m.[39mwarn(chalk[33m.[39myellow([32m`Git warning: ${stderr}`[39m))[33m;[39m
     [90m    |[39m                 [31m[1m^[22m[39m
     [90m 89 |[39m       }
     [90m 90 |[39m
     [90m 91 |[39m       [36mreturn[39m stdout[33m.[39mtrim()[33m;[39m[0m

      at WorktreeManager.warn [as execGit] (.aios-core/infrastructure/scripts/worktree-manager.js:88:17)
      at WorktreeManager.create (.aios-core/infrastructure/scripts/worktree-manager.js:147:5)
      at Object.<anonymous> (.aios-core/infrastructure/tests/worktree-manager.test.js:558:9)

  console.log
    Ô£ô Created worktree for STORY-42 at C:\Users\EDUCAC~1\AppData\Local\Temp\aios-worktree-test-jlyaLg\.aios\worktrees\STORY-42

      at WorktreeManager.log [as create] (.aios-core/infrastructure/scripts/worktree-manager.js:149:13)

  console.log
    Ô£ô Merged STORY-42 ÔåÆ aa409a9

      at WorktreeManager.log [as mergeToBase] (.aios-core/infrastructure/scripts/worktree-manager.js:551:17)

  console.warn
    Git warning: Preparing worktree (new branch 'auto-claude/STORY-42')

    [0m [90m 86 |[39m
     [90m 87 |[39m       [36mif[39m (stderr [33m&&[39m [33m![39moptions[33m.[39mignoreStderr) {
    [31m[1m>[22m[39m[90m 88 |[39m         console[33m.[39mwarn(chalk[33m.[39myellow([32m`Git warning: ${stderr}`[39m))[33m;[39m
     [90m    |[39m                 [31m[1m^[22m[39m
     [90m 89 |[39m       }
     [90m 90 |[39m
     [90m 91 |[39m       [36mreturn[39m stdout[33m.[39mtrim()[33m;[39m[0m

      at WorktreeManager.warn [as execGit] (.aios-core/infrastructure/scripts/worktree-manager.js:88:17)
      at WorktreeManager.create (.aios-core/infrastructure/scripts/worktree-manager.js:147:5)
      at Object.<anonymous> (.aios-core/infrastructure/tests/worktree-manager.test.js:585:9)

  console.log
    Ô£ô Created worktree for STORY-42 at C:\Users\EDUCAC~1\AppData\Local\Temp\aios-worktree-test-4XiYxm\.aios\worktrees\STORY-42

      at WorktreeManager.log [as create] (.aios-core/infrastructure/scripts/worktree-manager.js:149:13)

  console.warn
    Git warning: Preparing worktree (new branch 'auto-claude/STORY-43')

    [0m [90m 86 |[39m
     [90m 87 |[39m       [36mif[39m (stderr [33m&&[39m [33m![39moptions[33m.[39mignoreStderr) {
    [31m[1m>[22m[39m[90m 88 |[39m         console[33m.[39mwarn(chalk[33m.[39myellow([32m`Git warning: ${stderr}`[39m))[33m;[39m
     [90m    |[39m                 [31m[1m^[22m[39m
     [90m 89 |[39m       }
     [90m 90 |[39m
     [90m 91 |[39m       [36mreturn[39m stdout[33m.[39mtrim()[33m;[39m[0m

      at WorktreeManager.warn [as execGit] (.aios-core/infrastructure/scripts/worktree-manager.js:88:17)
      at WorktreeManager.create (.aios-core/infrastructure/scripts/worktree-manager.js:147:5)
      at Object.<anonymous> (.aios-core/infrastructure/tests/worktree-manager.test.js:586:9)

  console.log
    Ô£ô Created worktree for STORY-43 at C:\Users\EDUCAC~1\AppData\Local\Temp\aios-worktree-test-4XiYxm\.aios\worktrees\STORY-43

      at WorktreeManager.log [as create] (.aios-core/infrastructure/scripts/worktree-manager.js:149:13)

  console.log
    Ô£ô Merged STORY-42 ÔåÆ afddaa0

      at WorktreeManager.log [as mergeToBase] (.aios-core/infrastructure/scripts/worktree-manager.js:551:17)

  console.log
    Ô£ô Merged STORY-43 ÔåÆ f3bf2bb

      at WorktreeManager.log [as mergeToBase] (.aios-core/infrastructure/scripts/worktree-manager.js:551:17)

PASS .aios-core/infrastructure/tests/worktree-manager.test.js (24.188 s)
  WorktreeManager
    constructor
      ÔêÜ should use default options when none provided (385 ms)
      ÔêÜ should accept custom options (349 ms)
    getWorktreePath
      ÔêÜ should return correct path for story (341 ms)
    getBranchName
      ÔêÜ should return correct branch name for story (333 ms)
    exists
      ÔêÜ should return false for non-existent worktree (340 ms)
    create
      ÔêÜ should create worktree with correct structure (583 ms)
      ÔêÜ should throw error if worktree already exists (588 ms)
      ÔêÜ should throw error when max worktrees reached (1482 ms)
    list
      ÔêÜ should return empty array when no worktrees (383 ms)
      ÔêÜ should return created worktrees (1075 ms)
    get
      ÔêÜ should return null for non-existent worktree (335 ms)
      ÔêÜ should return worktree info for existing worktree (629 ms)
    remove
      ÔêÜ should throw error for non-existent worktree (332 ms)
      ÔêÜ should remove existing worktree (734 ms)
    getCount
      ÔêÜ should return correct counts (1112 ms)
    formatList
      ÔêÜ should return empty message for no worktrees (339 ms)
      ÔêÜ should format worktrees correctly (336 ms)
    formatAge
      ÔêÜ should format just now correctly (335 ms)
      ÔêÜ should format hours correctly (336 ms)
      ÔêÜ should format days correctly (332 ms)
    detectConflicts
      ÔêÜ should throw error for non-existent worktree (342 ms)
      ÔêÜ should return empty array when no conflicts (945 ms)
      ÔêÜ should detect conflicting files (1325 ms)
    mergeToBase
      ÔêÜ should throw error for non-existent worktree (402 ms)
      ÔêÜ should merge worktree successfully (1272 ms)
      ÔêÜ should support staged option (--no-commit) (1275 ms)
      ÔêÜ should support squash option (1530 ms)
      ÔêÜ should fail gracefully on conflicts (1351 ms)
      ÔêÜ should cleanup worktree after merge when cleanup option is true (1344 ms)
    getMergeHistory
      ÔêÜ should return empty array when no merge history (343 ms)
      ÔêÜ should return merge history after merge (1186 ms)
      ÔêÜ should filter by storyId (2146 ms)

fatal: ambiguous argument 'MERGE_HEAD': unknown revision or path not in the working tree.
Use '--' to separate paths from revisions, like this:
'git <command> [<revision>...] -- [<file>...]'
fatal: ambiguous argument 'MERGE_HEAD': unknown revision or path not in the working tree.
Use '--' to separate paths from revisions, like this:
'git <command> [<revision>...] -- [<file>...]'
fatal: ambiguous argument 'MERGE_HEAD': unknown revision or path not in the working tree.
Use '--' to separate paths from revisions, like this:
'git <command> [<revision>...] -- [<file>...]'
fatal: ambiguous argument 'MERGE_HEAD': unknown revision or path not in the working tree.
Use '--' to separate paths from revisions, like this:
'git <command> [<revision>...] -- [<file>...]'
PASS tests/health-check/health-check.test.js (7.443 s)
  Health Check System
    Module Loading
      ÔêÜ should export all required classes
      ÔêÜ should export severity and status enums
      ÔêÜ should have default configuration (1 ms)
    HealthCheck Instance
      ÔêÜ should create instance with default config (58 ms)
      ÔêÜ should return all 5 domains (1 ms)
      ÔêÜ should have 34 total checks
      ÔêÜ should have correct check distribution
    Health Check Execution
      ÔêÜ should run quick mode successfully (1981 ms)
      ÔêÜ should return valid score (1738 ms)
      ÔêÜ should return valid status (1739 ms)
      ÔêÜ should run domain-specific check (9 ms)
      ÔêÜ should complete within timeout (1847 ms)
    Reporters
      ÔêÜ should generate console report
    Check Registry
      ÔêÜ should register and retrieve checks (1 ms)
      ÔêÜ should group checks by domain (1 ms)
      ÔêÜ should group checks by severity
    Score Calculation
      ÔêÜ should calculate score correctly for all pass (6 ms)

PASS tests/integration/wizard-validation-flow.test.js
  Wizard Validation Flow
    ÔêÜ should validate complete installation successfully (1278 ms)
    ÔêÜ should handle validation with MCP health checks (1300 ms)
    ÔêÜ should call progress callback during validation (1278 ms)

PASS tests/core/orchestration/lock-manager.test.js
  LockManager
    acquireLock
      ÔêÜ should acquire a lock for an available resource (12 ms)
      ÔêÜ should fail to acquire a lock held by another active process (4033 ms)
      ÔêÜ should acquire a lock after removing a stale TTL-expired lock (AC16) (12 ms)
      ÔêÜ should acquire a lock after removing a lock from dead PID (AC17) (10 ms)
      ÔêÜ should accept custom TTL and owner options (10 ms)
    releaseLock
      ÔêÜ should release a lock owned by current process (8 ms)
      ÔêÜ should return false when no lock exists (9 ms)
      ÔêÜ should refuse to release a lock owned by another PID (16 ms)
    isLocked
      ÔêÜ should return true for an active lock (8 ms)
      ÔêÜ should return false for no lock (5 ms)
      ÔêÜ should return false for a stale lock (10 ms)
    cleanupStaleLocks
      ÔêÜ should remove locks with expired TTL (AC16) (10 ms)
      ÔêÜ should remove locks with dead PIDs (AC17) (8 ms)
      ÔêÜ should not remove active locks (9 ms)
      ÔêÜ should handle empty locks directory (5 ms)
    lock file schema (AC14)
      ÔêÜ should write lock files with formal YAML schema (8 ms)
    resource name sanitization
      ÔêÜ should sanitize resource names with special characters (10 ms)

PASS tests/core/subagent-dispatcher.test.js
  SubagentDispatcher
    Constructor
      ÔêÜ creates with defaults (1 ms)
      ÔêÜ accepts custom config (1 ms)
      ÔêÜ extends EventEmitter (4 ms)
      ÔêÜ accepts injected memory dependencies (1 ms)
    resolveAgent
      ÔêÜ uses explicit agent from task (1 ms)
      ÔêÜ adds @ prefix to agent name
      ÔêÜ resolves from task type
      ÔêÜ resolves from task tags (1 ms)
      ÔêÜ infers from description (1 ms)
      ÔêÜ falls back to default agent (1 ms)
    dispatch
      ÔêÜ emits dispatch_started event (1 ms)
      ÔêÜ returns failure after all retries fail (1 ms)
      ÔêÜ succeeds on retry (1 ms)
      ÔêÜ emits dispatch_completed on success
      ÔêÜ emits dispatch_failed after all retries (4012 ms)
    enrichContext
      ÔêÜ returns base context when no memory (1 ms)
      ÔêÜ enriches with memory when available (1 ms)
      ÔêÜ handles memory query errors gracefully (1 ms)
    buildPrompt
      ÔêÜ includes agent and task info (1 ms)
      ÔêÜ includes gotchas and patterns from context
    extractModifiedFiles
      ÔêÜ extracts files from output
      ÔêÜ returns empty for empty output (1 ms)
    isRelevantGotcha
      ÔêÜ matches by pattern (1 ms)
      ÔêÜ matches by category (1 ms)
      ÔêÜ matches by keyword overlap (1 ms)
      ÔêÜ returns false for unrelated gotcha (1 ms)
    Agent mapping
      ÔêÜ getAgentMapping returns copy
      ÔêÜ updateAgentMapping adds new mappings (1 ms)
    Logging
      ÔêÜ log stores entries (1 ms)
      ÔêÜ log trims to maxLogSize
      ÔêÜ getLog returns limited entries (1 ms)
    formatStatus
      ÔêÜ returns formatted status (1 ms)

  console.log
    Ô£à Agent dev loaded in 18ms (target: <50ms)

      at AgentConfigLoader.log [as logPerformance] (.aios-core/development/scripts/agent-config-loader.js:275:15)
          at async Promise.all (index 0)

  console.warn
    [UnifiedActivationPipeline] permissionMode timeout: permissionMode timeout (99ms)

    [0m [90m 377 |[39m       [36mconst[39m status [33m=[39m error[33m.[39mmessage[33m.[39mincludes([32m'timeout'[39m) [33m?[39m [32m'timeout'[39m [33m:[39m [32m'error'[39m[33m;[39m
     [90m 378 |[39m       metrics[33m.[39mloaders[name] [33m=[39m { duration[33m,[39m status[33m,[39m start[33m,[39m end[33m:[39m start [33m+[39m duration[33m,[39m error[33m:[39m error[33m.[39mmessage }[33m;[39m
    [31m[1m>[22m[39m[90m 379 |[39m       console[33m.[39mwarn([32m`[UnifiedActivationPipeline] ${name} ${status}: ${error.message}`[39m)[33m;[39m
     [90m     |[39m               [31m[1m^[22m[39m
     [90m 380 |[39m       [36mreturn[39m [36mnull[39m[33m;[39m
     [90m 381 |[39m     }
     [90m 382 |[39m   }[0m

      at UnifiedActivationPipeline.warn [as _profileLoader] (.aios-core/development/scripts/unified-activation-pipeline.js:379:15)
          at async Promise.all (index 0)
      at UnifiedActivationPipeline._runPipeline (.aios-core/development/scripts/unified-activation-pipeline.js:232:41)
      at UnifiedActivationPipeline.activate (.aios-core/development/scripts/unified-activation-pipeline.js:160:22)
      at Object.<anonymous> (tests/integration/pipeline-memory-integration.test.js:71:22)

  console.warn
    [UnifiedActivationPipeline] projectStatus timeout: projectStatus timeout (20ms)

    [0m [90m 377 |[39m       [36mconst[39m status [33m=[39m error[33m.[39mmessage[33m.[39mincludes([32m'timeout'[39m) [33m?[39m [32m'timeout'[39m [33m:[39m [32m'error'[39m[33m;[39m
     [90m 378 |[39m       metrics[33m.[39mloaders[name] [33m=[39m { duration[33m,[39m status[33m,[39m start[33m,[39m end[33m:[39m start [33m+[39m duration[33m,[39m error[33m:[39m error[33m.[39mmessage }[33m;[39m
    [31m[1m>[22m[39m[90m 379 |[39m       console[33m.[39mwarn([32m`[UnifiedActivationPipeline] ${name} ${status}: ${error.message}`[39m)[33m;[39m
     [90m     |[39m               [31m[1m^[22m[39m
     [90m 380 |[39m       [36mreturn[39m [36mnull[39m[33m;[39m
     [90m 381 |[39m     }
     [90m 382 |[39m   }[0m

      at UnifiedActivationPipeline.warn [as _profileLoader] (.aios-core/development/scripts/unified-activation-pipeline.js:379:15)
          at async Promise.all (index 1)
      at UnifiedActivationPipeline._runPipeline (.aios-core/development/scripts/unified-activation-pipeline.js:278:45)
      at UnifiedActivationPipeline.activate (.aios-core/development/scripts/unified-activation-pipeline.js:160:22)
      at Object.<anonymous> (tests/integration/pipeline-memory-integration.test.js:71:22)

  console.warn
    [GreetingBuilder] Fallback to simple greeting: Greeting timeout

    [0m [90m 160 |[39m       [36mreturn[39m [36mawait[39m [33mPromise[39m[33m.[39mrace([greetingPromise[33m,[39m timeoutPromise])[33m;[39m
     [90m 161 |[39m     } [36mcatch[39m (error) {
    [31m[1m>[22m[39m[90m 162 |[39m       console[33m.[39mwarn([32m'[GreetingBuilder] Fallback to simple greeting:'[39m[33m,[39m error[33m.[39mmessage)[33m;[39m
     [90m     |[39m               [31m[1m^[22m[39m
     [90m 163 |[39m       [36mreturn[39m fallbackGreeting[33m;[39m
     [90m 164 |[39m     }
     [90m 165 |[39m   }[0m

      at GreetingBuilder.warn [as buildGreeting] (.aios-core/development/scripts/greeting-builder.js:162:15)
      at UnifiedActivationPipeline._runPipeline (.aios-core/development/scripts/unified-activation-pipeline.js:327:22)
      at UnifiedActivationPipeline.activate (.aios-core/development/scripts/unified-activation-pipeline.js:160:22)
      at Object.<anonymous> (tests/integration/pipeline-memory-integration.test.js:71:22)

  console.log
    Ô£à Agent qa loaded in 5ms (target: <50ms)

      at AgentConfigLoader.log [as logPerformance] (.aios-core/development/scripts/agent-config-loader.js:275:15)
          at async Promise.all (index 0)

  console.warn
    [UnifiedActivationPipeline] permissionMode timeout: permissionMode timeout (115ms)

    [0m [90m 377 |[39m       [36mconst[39m status [33m=[39m error[33m.[39mmessage[33m.[39mincludes([32m'timeout'[39m) [33m?[39m [32m'timeout'[39m [33m:[39m [32m'error'[39m[33m;[39m
     [90m 378 |[39m       metrics[33m.[39mloaders[name] [33m=[39m { duration[33m,[39m status[33m,[39m start[33m,[39m end[33m:[39m start [33m+[39m duration[33m,[39m error[33m:[39m error[33m.[39mmessage }[33m;[39m
    [31m[1m>[22m[39m[90m 379 |[39m       console[33m.[39mwarn([32m`[UnifiedActivationPipeline] ${name} ${status}: ${error.message}`[39m)[33m;[39m
     [90m     |[39m               [31m[1m^[22m[39m
     [90m 380 |[39m       [36mreturn[39m [36mnull[39m[33m;[39m
     [90m 381 |[39m     }
     [90m 382 |[39m   }[0m

      at UnifiedActivationPipeline.warn [as _profileLoader] (.aios-core/development/scripts/unified-activation-pipeline.js:379:15)
          at async Promise.all (index 0)
      at UnifiedActivationPipeline._runPipeline (.aios-core/development/scripts/unified-activation-pipeline.js:232:41)
      at UnifiedActivationPipeline.activate (.aios-core/development/scripts/unified-activation-pipeline.js:160:22)
      at Object.<anonymous> (tests/integration/pipeline-memory-integration.test.js:81:7)

  console.warn
    [UnifiedActivationPipeline] projectStatus timeout: projectStatus timeout (20ms)

    [0m [90m 377 |[39m       [36mconst[39m status [33m=[39m error[33m.[39mmessage[33m.[39mincludes([32m'timeout'[39m) [33m?[39m [32m'timeout'[39m [33m:[39m [32m'error'[39m[33m;[39m
     [90m 378 |[39m       metrics[33m.[39mloaders[name] [33m=[39m { duration[33m,[39m status[33m,[39m start[33m,[39m end[33m:[39m start [33m+[39m duration[33m,[39m error[33m:[39m error[33m.[39mmessage }[33m;[39m
    [31m[1m>[22m[39m[90m 379 |[39m       console[33m.[39mwarn([32m`[UnifiedActivationPipeline] ${name} ${status}: ${error.message}`[39m)[33m;[39m
     [90m     |[39m               [31m[1m^[22m[39m
     [90m 380 |[39m       [36mreturn[39m [36mnull[39m[33m;[39m
     [90m 381 |[39m     }
     [90m 382 |[39m   }[0m

      at UnifiedActivationPipeline.warn [as _profileLoader] (.aios-core/development/scripts/unified-activation-pipeline.js:379:15)
          at async Promise.all (index 1)
      at UnifiedActivationPipeline._runPipeline (.aios-core/development/scripts/unified-activation-pipeline.js:278:45)
      at UnifiedActivationPipeline.activate (.aios-core/development/scripts/unified-activation-pipeline.js:160:22)
      at Object.<anonymous> (tests/integration/pipeline-memory-integration.test.js:81:7)

  console.warn
    [GreetingBuilder] Fallback to simple greeting: Greeting timeout

    [0m [90m 160 |[39m       [36mreturn[39m [36mawait[39m [33mPromise[39m[33m.[39mrace([greetingPromise[33m,[39m timeoutPromise])[33m;[39m
     [90m 161 |[39m     } [36mcatch[39m (error) {
    [31m[1m>[22m[39m[90m 162 |[39m       console[33m.[39mwarn([32m'[GreetingBuilder] Fallback to simple greeting:'[39m[33m,[39m error[33m.[39mmessage)[33m;[39m
     [90m     |[39m               [31m[1m^[22m[39m
     [90m 163 |[39m       [36mreturn[39m fallbackGreeting[33m;[39m
     [90m 164 |[39m     }
     [90m 165 |[39m   }[0m

      at GreetingBuilder.warn [as buildGreeting] (.aios-core/development/scripts/greeting-builder.js:162:15)
      at UnifiedActivationPipeline._runPipeline (.aios-core/development/scripts/unified-activation-pipeline.js:327:22)
      at UnifiedActivationPipeline.activate (.aios-core/development/scripts/unified-activation-pipeline.js:160:22)
      at Object.<anonymous> (tests/integration/pipeline-memory-integration.test.js:81:7)

  console.log
    Ô£à Agent dev loaded in 0ms (target: <50ms)

      at AgentConfigLoader.log [as logPerformance] (.aios-core/development/scripts/agent-config-loader.js:275:15)
          at async Promise.all (index 0)

  console.warn
    [UnifiedActivationPipeline] permissionMode timeout: permissionMode timeout (119ms)

    [0m [90m 377 |[39m       [36mconst[39m status [33m=[39m error[33m.[39mmessage[33m.[39mincludes([32m'timeout'[39m) [33m?[39m [32m'timeout'[39m [33m:[39m [32m'error'[39m[33m;[39m
     [90m 378 |[39m       metrics[33m.[39mloaders[name] [33m=[39m { duration[33m,[39m status[33m,[39m start[33m,[39m end[33m:[39m start [33m+[39m duration[33m,[39m error[33m:[39m error[33m.[39mmessage }[33m;[39m
    [31m[1m>[22m[39m[90m 379 |[39m       console[33m.[39mwarn([32m`[UnifiedActivationPipeline] ${name} ${status}: ${error.message}`[39m)[33m;[39m
     [90m     |[39m               [31m[1m^[22m[39m
     [90m 380 |[39m       [36mreturn[39m [36mnull[39m[33m;[39m
     [90m 381 |[39m     }
     [90m 382 |[39m   }[0m

      at UnifiedActivationPipeline.warn [as _profileLoader] (.aios-core/development/scripts/unified-activation-pipeline.js:379:15)
          at async Promise.all (index 0)
      at UnifiedActivationPipeline._runPipeline (.aios-core/development/scripts/unified-activation-pipeline.js:232:41)
      at UnifiedActivationPipeline.activate (.aios-core/development/scripts/unified-activation-pipeline.js:160:22)
      at Object.<anonymous> (tests/integration/pipeline-memory-integration.test.js:88:24)

  console.warn
    [UnifiedActivationPipeline] projectStatus timeout: projectStatus timeout (22ms)

    [0m [90m 377 |[39m       [36mconst[39m status [33m=[39m error[33m.[39mmessage[33m.[39mincludes([32m'timeout'[39m) [33m?[39m [32m'timeout'[39m [33m:[39m [32m'error'[39m[33m;[39m
     [90m 378 |[39m       metrics[33m.[39mloaders[name] [33m=[39m { duration[33m,[39m status[33m,[39m start[33m,[39m end[33m:[39m start [33m+[39m duration[33m,[39m error[33m:[39m error[33m.[39mmessage }[33m;[39m
    [31m[1m>[22m[39m[90m 379 |[39m       console[33m.[39mwarn([32m`[UnifiedActivationPipeline] ${name} ${status}: ${error.message}`[39m)[33m;[39m
     [90m     |[39m               [31m[1m^[22m[39m
     [90m 380 |[39m       [36mreturn[39m [36mnull[39m[33m;[39m
     [90m 381 |[39m     }
     [90m 382 |[39m   }[0m

      at UnifiedActivationPipeline.warn [as _profileLoader] (.aios-core/development/scripts/unified-activation-pipeline.js:379:15)
          at async Promise.all (index 1)
      at UnifiedActivationPipeline._runPipeline (.aios-core/development/scripts/unified-activation-pipeline.js:278:45)
      at UnifiedActivationPipeline.activate (.aios-core/development/scripts/unified-activation-pipeline.js:160:22)
      at Object.<anonymous> (tests/integration/pipeline-memory-integration.test.js:88:24)

  console.log
    Ô£à Agent qa loaded in 0ms (target: <50ms)

      at AgentConfigLoader.log [as logPerformance] (.aios-core/development/scripts/agent-config-loader.js:275:15)
          at async Promise.all (index 0)

  console.log
    Ô£à Agent architect loaded in 0ms (target: <75ms)

      at AgentConfigLoader.log [as logPerformance] (.aios-core/development/scripts/agent-config-loader.js:275:15)
          at async Promise.all (index 0)

  console.log
    Ô£à Agent pm loaded in 0ms (target: <100ms)

      at AgentConfigLoader.log [as logPerformance] (.aios-core/development/scripts/agent-config-loader.js:275:15)
          at async Promise.all (index 0)

  console.log
    Ô£à Agent po loaded in 6ms (target: <75ms)

      at AgentConfigLoader.log [as logPerformance] (.aios-core/development/scripts/agent-config-loader.js:275:15)
          at async Promise.all (index 0)

  console.log
    Ô£à Agent dev loaded in 0ms (target: <50ms)

      at AgentConfigLoader.log [as logPerformance] (.aios-core/development/scripts/agent-config-loader.js:275:15)
          at async Promise.all (index 0)

  console.warn
    [UnifiedActivationPipeline] permissionMode timeout: permissionMode timeout (118ms)

    [0m [90m 377 |[39m       [36mconst[39m status [33m=[39m error[33m.[39mmessage[33m.[39mincludes([32m'timeout'[39m) [33m?[39m [32m'timeout'[39m [33m:[39m [32m'error'[39m[33m;[39m
     [90m 378 |[39m       metrics[33m.[39mloaders[name] [33m=[39m { duration[33m,[39m status[33m,[39m start[33m,[39m end[33m:[39m start [33m+[39m duration[33m,[39m error[33m:[39m error[33m.[39mmessage }[33m;[39m
    [31m[1m>[22m[39m[90m 379 |[39m       console[33m.[39mwarn([32m`[UnifiedActivationPipeline] ${name} ${status}: ${error.message}`[39m)[33m;[39m
     [90m     |[39m               [31m[1m^[22m[39m
     [90m 380 |[39m       [36mreturn[39m [36mnull[39m[33m;[39m
     [90m 381 |[39m     }
     [90m 382 |[39m   }[0m

      at UnifiedActivationPipeline.warn [as _profileLoader] (.aios-core/development/scripts/unified-activation-pipeline.js:379:15)
          at async Promise.all (index 0)
      at UnifiedActivationPipeline._runPipeline (.aios-core/development/scripts/unified-activation-pipeline.js:232:41)
      at UnifiedActivationPipeline.activate (.aios-core/development/scripts/unified-activation-pipeline.js:160:22)
      at Object.<anonymous> (tests/integration/pipeline-memory-integration.test.js:129:22)

  console.log
    Ô£à Agent architect loaded in 0ms (target: <75ms)

      at AgentConfigLoader.log [as logPerformance] (.aios-core/development/scripts/agent-config-loader.js:275:15)
          at async Promise.all (index 0)

  console.warn
    [UnifiedActivationPipeline] permissionMode timeout: permissionMode timeout (119ms)

    [0m [90m 377 |[39m       [36mconst[39m status [33m=[39m error[33m.[39mmessage[33m.[39mincludes([32m'timeout'[39m) [33m?[39m [32m'timeout'[39m [33m:[39m [32m'error'[39m[33m;[39m
     [90m 378 |[39m       metrics[33m.[39mloaders[name] [33m=[39m { duration[33m,[39m status[33m,[39m start[33m,[39m end[33m:[39m start [33m+[39m duration[33m,[39m error[33m:[39m error[33m.[39mmessage }[33m;[39m
    [31m[1m>[22m[39m[90m 379 |[39m       console[33m.[39mwarn([32m`[UnifiedActivationPipeline] ${name} ${status}: ${error.message}`[39m)[33m;[39m
     [90m     |[39m               [31m[1m^[22m[39m
     [90m 380 |[39m       [36mreturn[39m [36mnull[39m[33m;[39m
     [90m 381 |[39m     }
     [90m 382 |[39m   }[0m

      at UnifiedActivationPipeline.warn [as _profileLoader] (.aios-core/development/scripts/unified-activation-pipeline.js:379:15)
          at async Promise.all (index 0)
      at UnifiedActivationPipeline._runPipeline (.aios-core/development/scripts/unified-activation-pipeline.js:232:41)
      at UnifiedActivationPipeline.activate (.aios-core/development/scripts/unified-activation-pipeline.js:160:22)
      at Object.<anonymous> (tests/integration/pipeline-memory-integration.test.js:138:7)

  console.log
    Ô£à Agent dev loaded in 0ms (target: <50ms)

      at AgentConfigLoader.log [as logPerformance] (.aios-core/development/scripts/agent-config-loader.js:275:15)
          at async Promise.all (index 0)

  console.warn
    [UnifiedActivationPipeline] permissionMode timeout: permissionMode timeout (119ms)

    [0m [90m 377 |[39m       [36mconst[39m status [33m=[39m error[33m.[39mmessage[33m.[39mincludes([32m'timeout'[39m) [33m?[39m [32m'timeout'[39m [33m:[39m [32m'error'[39m[33m;[39m
     [90m 378 |[39m       metrics[33m.[39mloaders[name] [33m=[39m { duration[33m,[39m status[33m,[39m start[33m,[39m end[33m:[39m start [33m+[39m duration[33m,[39m error[33m:[39m error[33m.[39mmessage }[33m;[39m
    [31m[1m>[22m[39m[90m 379 |[39m       console[33m.[39mwarn([32m`[UnifiedActivationPipeline] ${name} ${status}: ${error.message}`[39m)[33m;[39m
     [90m     |[39m               [31m[1m^[22m[39m
     [90m 380 |[39m       [36mreturn[39m [36mnull[39m[33m;[39m
     [90m 381 |[39m     }
     [90m 382 |[39m   }[0m

      at UnifiedActivationPipeline.warn [as _profileLoader] (.aios-core/development/scripts/unified-activation-pipeline.js:379:15)
          at async Promise.all (index 0)
      at UnifiedActivationPipeline._runPipeline (.aios-core/development/scripts/unified-activation-pipeline.js:232:41)
      at UnifiedActivationPipeline.activate (.aios-core/development/scripts/unified-activation-pipeline.js:160:22)
      at Object.<anonymous> (tests/integration/pipeline-memory-integration.test.js:208:22)

  console.log
    Ô£à Agent dev loaded in 0ms (target: <50ms)

      at AgentConfigLoader.log [as logPerformance] (.aios-core/development/scripts/agent-config-loader.js:275:15)
          at async Promise.all (index 0)

  console.warn
    [UnifiedActivationPipeline] permissionMode timeout: permissionMode timeout (119ms)

    [0m [90m 377 |[39m       [36mconst[39m status [33m=[39m error[33m.[39mmessage[33m.[39mincludes([32m'timeout'[39m) [33m?[39m [32m'timeout'[39m [33m:[39m [32m'error'[39m[33m;[39m
     [90m 378 |[39m       metrics[33m.[39mloaders[name] [33m=[39m { duration[33m,[39m status[33m,[39m start[33m,[39m end[33m:[39m start [33m+[39m duration[33m,[39m error[33m:[39m error[33m.[39mmessage }[33m;[39m
    [31m[1m>[22m[39m[90m 379 |[39m       console[33m.[39mwarn([32m`[UnifiedActivationPipeline] ${name} ${status}: ${error.message}`[39m)[33m;[39m
     [90m     |[39m               [31m[1m^[22m[39m
     [90m 380 |[39m       [36mreturn[39m [36mnull[39m[33m;[39m
     [90m 381 |[39m     }
     [90m 382 |[39m   }[0m

      at UnifiedActivationPipeline.warn [as _profileLoader] (.aios-core/development/scripts/unified-activation-pipeline.js:379:15)
          at async Promise.all (index 0)
      at UnifiedActivationPipeline._runPipeline (.aios-core/development/scripts/unified-activation-pipeline.js:232:41)
      at UnifiedActivationPipeline.activate (.aios-core/development/scripts/unified-activation-pipeline.js:160:22)
      at Object.<anonymous> (tests/integration/pipeline-memory-integration.test.js:219:22)

  console.log
    Ô£à Agent dev loaded in 0ms (target: <50ms)

      at AgentConfigLoader.log [as logPerformance] (.aios-core/development/scripts/agent-config-loader.js:275:15)
          at async Promise.all (index 0)

  console.warn
    [UnifiedActivationPipeline] permissionMode timeout: permissionMode timeout (120ms)

    [0m [90m 377 |[39m       [36mconst[39m status [33m=[39m error[33m.[39mmessage[33m.[39mincludes([32m'timeout'[39m) [33m?[39m [32m'timeout'[39m [33m:[39m [32m'error'[39m[33m;[39m
     [90m 378 |[39m       metrics[33m.[39mloaders[name] [33m=[39m { duration[33m,[39m status[33m,[39m start[33m,[39m end[33m:[39m start [33m+[39m duration[33m,[39m error[33m:[39m error[33m.[39mmessage }[33m;[39m
    [31m[1m>[22m[39m[90m 379 |[39m       console[33m.[39mwarn([32m`[UnifiedActivationPipeline] ${name} ${status}: ${error.message}`[39m)[33m;[39m
     [90m     |[39m               [31m[1m^[22m[39m
     [90m 380 |[39m       [36mreturn[39m [36mnull[39m[33m;[39m
     [90m 381 |[39m     }
     [90m 382 |[39m   }[0m

      at UnifiedActivationPipeline.warn [as _profileLoader] (.aios-core/development/scripts/unified-activation-pipeline.js:379:15)
          at async Promise.all (index 0)
      at UnifiedActivationPipeline._runPipeline (.aios-core/development/scripts/unified-activation-pipeline.js:232:41)
      at UnifiedActivationPipeline.activate (.aios-core/development/scripts/unified-activation-pipeline.js:160:22)
      at Object.<anonymous> (tests/integration/pipeline-memory-integration.test.js:227:22)

  console.log
    Ô£à Agent dev loaded in 0ms (target: <50ms)

      at AgentConfigLoader.log [as logPerformance] (.aios-core/development/scripts/agent-config-loader.js:275:15)
          at async Promise.all (index 0)

  console.warn
    [UnifiedActivationPipeline] permissionMode timeout: permissionMode timeout (120ms)

    [0m [90m 377 |[39m       [36mconst[39m status [33m=[39m error[33m.[39mmessage[33m.[39mincludes([32m'timeout'[39m) [33m?[39m [32m'timeout'[39m [33m:[39m [32m'error'[39m[33m;[39m
     [90m 378 |[39m       metrics[33m.[39mloaders[name] [33m=[39m { duration[33m,[39m status[33m,[39m start[33m,[39m end[33m:[39m start [33m+[39m duration[33m,[39m error[33m:[39m error[33m.[39mmessage }[33m;[39m
    [31m[1m>[22m[39m[90m 379 |[39m       console[33m.[39mwarn([32m`[UnifiedActivationPipeline] ${name} ${status}: ${error.message}`[39m)[33m;[39m
     [90m     |[39m               [31m[1m^[22m[39m
     [90m 380 |[39m       [36mreturn[39m [36mnull[39m[33m;[39m
     [90m 381 |[39m     }
     [90m 382 |[39m   }[0m

      at UnifiedActivationPipeline.warn [as _profileLoader] (.aios-core/development/scripts/unified-activation-pipeline.js:379:15)
          at async Promise.all (index 0)
      at UnifiedActivationPipeline._runPipeline (.aios-core/development/scripts/unified-activation-pipeline.js:232:41)
      at UnifiedActivationPipeline.activate (.aios-core/development/scripts/unified-activation-pipeline.js:160:22)
      at Object.<anonymous> (tests/integration/pipeline-memory-integration.test.js:292:22)

  console.log
    Ô£à Agent dev loaded in 0ms (target: <50ms)

      at AgentConfigLoader.log [as logPerformance] (.aios-core/development/scripts/agent-config-loader.js:275:15)
          at async Promise.all (index 0)

  console.warn
    [UnifiedActivationPipeline] permissionMode timeout: permissionMode timeout (119ms)

    [0m [90m 377 |[39m       [36mconst[39m status [33m=[39m error[33m.[39mmessage[33m.[39mincludes([32m'timeout'[39m) [33m?[39m [32m'timeout'[39m [33m:[39m [32m'error'[39m[33m;[39m
     [90m 378 |[39m       metrics[33m.[39mloaders[name] [33m=[39m { duration[33m,[39m status[33m,[39m start[33m,[39m end[33m:[39m start [33m+[39m duration[33m,[39m error[33m:[39m error[33m.[39mmessage }[33m;[39m
    [31m[1m>[22m[39m[90m 379 |[39m       console[33m.[39mwarn([32m`[UnifiedActivationPipeline] ${name} ${status}: ${error.message}`[39m)[33m;[39m
     [90m     |[39m               [31m[1m^[22m[39m
     [90m 380 |[39m       [36mreturn[39m [36mnull[39m[33m;[39m
     [90m 381 |[39m     }
     [90m 382 |[39m   }[0m

      at UnifiedActivationPipeline.warn [as _profileLoader] (.aios-core/development/scripts/unified-activation-pipeline.js:379:15)
          at async Promise.all (index 0)
      at UnifiedActivationPipeline._runPipeline (.aios-core/development/scripts/unified-activation-pipeline.js:232:41)
      at UnifiedActivationPipeline.activate (.aios-core/development/scripts/unified-activation-pipeline.js:160:22)
      at Object.<anonymous> (tests/integration/pipeline-memory-integration.test.js:306:22)

  console.log
    Ô£à Agent dev loaded in 0ms (target: <50ms)

      at AgentConfigLoader.log [as logPerformance] (.aios-core/development/scripts/agent-config-loader.js:275:15)
          at async Promise.all (index 0)

  console.warn
    [UnifiedActivationPipeline] permissionMode timeout: permissionMode timeout (118ms)

    [0m [90m 377 |[39m       [36mconst[39m status [33m=[39m error[33m.[39mmessage[33m.[39mincludes([32m'timeout'[39m) [33m?[39m [32m'timeout'[39m [33m:[39m [32m'error'[39m[33m;[39m
     [90m 378 |[39m       metrics[33m.[39mloaders[name] [33m=[39m { duration[33m,[39m status[33m,[39m start[33m,[39m end[33m:[39m start [33m+[39m duration[33m,[39m error[33m:[39m error[33m.[39mmessage }[33m;[39m
    [31m[1m>[22m[39m[90m 379 |[39m       console[33m.[39mwarn([32m`[UnifiedActivationPipeline] ${name} ${status}: ${error.message}`[39m)[33m;[39m
     [90m     |[39m               [31m[1m^[22m[39m
     [90m 380 |[39m       [36mreturn[39m [36mnull[39m[33m;[39m
     [90m 381 |[39m     }
     [90m 382 |[39m   }[0m

      at UnifiedActivationPipeline.warn [as _profileLoader] (.aios-core/development/scripts/unified-activation-pipeline.js:379:15)
          at async Promise.all (index 0)
      at UnifiedActivationPipeline._runPipeline (.aios-core/development/scripts/unified-activation-pipeline.js:232:41)
      at UnifiedActivationPipeline.activate (.aios-core/development/scripts/unified-activation-pipeline.js:160:22)
      at Object.<anonymous> (tests/integration/pipeline-memory-integration.test.js:354:22)

  console.log
    Ô£à Agent qa loaded in 0ms (target: <50ms)

      at AgentConfigLoader.log [as logPerformance] (.aios-core/development/scripts/agent-config-loader.js:275:15)
          at async Promise.all (index 0)

  console.warn
    [UnifiedActivationPipeline] permissionMode timeout: permissionMode timeout (119ms)

    [0m [90m 377 |[39m       [36mconst[39m status [33m=[39m error[33m.[39mmessage[33m.[39mincludes([32m'timeout'[39m) [33m?[39m [32m'timeout'[39m [33m:[39m [32m'error'[39m[33m;[39m
     [90m 378 |[39m       metrics[33m.[39mloaders[name] [33m=[39m { duration[33m,[39m status[33m,[39m start[33m,[39m end[33m:[39m start [33m+[39m duration[33m,[39m error[33m:[39m error[33m.[39mmessage }[33m;[39m
    [31m[1m>[22m[39m[90m 379 |[39m       console[33m.[39mwarn([32m`[UnifiedActivationPipeline] ${name} ${status}: ${error.message}`[39m)[33m;[39m
     [90m     |[39m               [31m[1m^[22m[39m
     [90m 380 |[39m       [36mreturn[39m [36mnull[39m[33m;[39m
     [90m 381 |[39m     }
     [90m 382 |[39m   }[0m

      at UnifiedActivationPipeline.warn [as _profileLoader] (.aios-core/development/scripts/unified-activation-pipeline.js:379:15)
          at async Promise.all (index 0)
      at UnifiedActivationPipeline._runPipeline (.aios-core/development/scripts/unified-activation-pipeline.js:232:41)
      at UnifiedActivationPipeline.activate (.aios-core/development/scripts/unified-activation-pipeline.js:160:22)
      at Object.<anonymous> (tests/integration/pipeline-memory-integration.test.js:363:22)

  console.log
    Ô£à Agent dev loaded in 0ms (target: <50ms)

      at AgentConfigLoader.log [as logPerformance] (.aios-core/development/scripts/agent-config-loader.js:275:15)
          at async Promise.all (index 0)

  console.warn
    [UnifiedActivationPipeline] permissionMode timeout: permissionMode timeout (120ms)

    [0m [90m 377 |[39m       [36mconst[39m status [33m=[39m error[33m.[39mmessage[33m.[39mincludes([32m'timeout'[39m) [33m?[39m [32m'timeout'[39m [33m:[39m [32m'error'[39m[33m;[39m
     [90m 378 |[39m       metrics[33m.[39mloaders[name] [33m=[39m { duration[33m,[39m status[33m,[39m start[33m,[39m end[33m:[39m start [33m+[39m duration[33m,[39m error[33m:[39m error[33m.[39mmessage }[33m;[39m
    [31m[1m>[22m[39m[90m 379 |[39m       console[33m.[39mwarn([32m`[UnifiedActivationPipeline] ${name} ${status}: ${error.message}`[39m)[33m;[39m
     [90m     |[39m               [31m[1m^[22m[39m
     [90m 380 |[39m       [36mreturn[39m [36mnull[39m[33m;[39m
     [90m 381 |[39m     }
     [90m 382 |[39m   }[0m

      at UnifiedActivationPipeline.warn [as _profileLoader] (.aios-core/development/scripts/unified-activation-pipeline.js:379:15)
          at async Promise.all (index 0)
      at UnifiedActivationPipeline._runPipeline (.aios-core/development/scripts/unified-activation-pipeline.js:232:41)
      at UnifiedActivationPipeline.activate (.aios-core/development/scripts/unified-activation-pipeline.js:160:22)
      at Object.<anonymous> (tests/integration/pipeline-memory-integration.test.js:372:25)

  console.log
    Ô£à Agent qa loaded in 0ms (target: <50ms)

      at AgentConfigLoader.log [as logPerformance] (.aios-core/development/scripts/agent-config-loader.js:275:15)
          at async Promise.all (index 0)

  console.log
    Ô£à Agent dev loaded in 1ms (target: <50ms)

      at AgentConfigLoader.log [as logPerformance] (.aios-core/development/scripts/agent-config-loader.js:275:15)
          at async Promise.all (index 0)

  console.warn
    [UnifiedActivationPipeline] permissionMode timeout: permissionMode timeout (119ms)

    [0m [90m 377 |[39m       [36mconst[39m status [33m=[39m error[33m.[39mmessage[33m.[39mincludes([32m'timeout'[39m) [33m?[39m [32m'timeout'[39m [33m:[39m [32m'error'[39m[33m;[39m
     [90m 378 |[39m       metrics[33m.[39mloaders[name] [33m=[39m { duration[33m,[39m status[33m,[39m start[33m,[39m end[33m:[39m start [33m+[39m duration[33m,[39m error[33m:[39m error[33m.[39mmessage }[33m;[39m
    [31m[1m>[22m[39m[90m 379 |[39m       console[33m.[39mwarn([32m`[UnifiedActivationPipeline] ${name} ${status}: ${error.message}`[39m)[33m;[39m
     [90m     |[39m               [31m[1m^[22m[39m
     [90m 380 |[39m       [36mreturn[39m [36mnull[39m[33m;[39m
     [90m 381 |[39m     }
     [90m 382 |[39m   }[0m

      at UnifiedActivationPipeline.warn [as _profileLoader] (.aios-core/development/scripts/unified-activation-pipeline.js:379:15)
          at async Promise.all (index 0)
      at UnifiedActivationPipeline._runPipeline (.aios-core/development/scripts/unified-activation-pipeline.js:232:41)
      at UnifiedActivationPipeline.activate (.aios-core/development/scripts/unified-activation-pipeline.js:160:22)
      at Object.<anonymous> (tests/integration/pipeline-memory-integration.test.js:404:22)

  console.log
    Ô£à Agent dev loaded in 0ms (target: <50ms)

      at AgentConfigLoader.log [as logPerformance] (.aios-core/development/scripts/agent-config-loader.js:275:15)
          at async Promise.all (index 0)

  console.warn
    [UnifiedActivationPipeline] permissionMode timeout: permissionMode timeout (119ms)

    [0m [90m 377 |[39m       [36mconst[39m status [33m=[39m error[33m.[39mmessage[33m.[39mincludes([32m'timeout'[39m) [33m?[39m [32m'timeout'[39m [33m:[39m [32m'error'[39m[33m;[39m
     [90m 378 |[39m       metrics[33m.[39mloaders[name] [33m=[39m { duration[33m,[39m status[33m,[39m start[33m,[39m end[33m:[39m start [33m+[39m duration[33m,[39m error[33m:[39m error[33m.[39mmessage }[33m;[39m
    [31m[1m>[22m[39m[90m 379 |[39m       console[33m.[39mwarn([32m`[UnifiedActivationPipeline] ${name} ${status}: ${error.message}`[39m)[33m;[39m
     [90m     |[39m               [31m[1m^[22m[39m
     [90m 380 |[39m       [36mreturn[39m [36mnull[39m[33m;[39m
     [90m 381 |[39m     }
     [90m 382 |[39m   }[0m

      at UnifiedActivationPipeline.warn [as _profileLoader] (.aios-core/development/scripts/unified-activation-pipeline.js:379:15)
          at async Promise.all (index 0)
      at UnifiedActivationPipeline._runPipeline (.aios-core/development/scripts/unified-activation-pipeline.js:232:41)
      at UnifiedActivationPipeline.activate (.aios-core/development/scripts/unified-activation-pipeline.js:160:22)
      at Object.<anonymous> (tests/integration/pipeline-memory-integration.test.js:429:22)

  console.warn
    [UnifiedActivationPipeline] memories error: Simulated memory load error

    [0m [90m 377 |[39m       [36mconst[39m status [33m=[39m error[33m.[39mmessage[33m.[39mincludes([32m'timeout'[39m) [33m?[39m [32m'timeout'[39m [33m:[39m [32m'error'[39m[33m;[39m
     [90m 378 |[39m       metrics[33m.[39mloaders[name] [33m=[39m { duration[33m,[39m status[33m,[39m start[33m,[39m end[33m:[39m start [33m+[39m duration[33m,[39m error[33m:[39m error[33m.[39mmessage }[33m;[39m
    [31m[1m>[22m[39m[90m 379 |[39m       console[33m.[39mwarn([32m`[UnifiedActivationPipeline] ${name} ${status}: ${error.message}`[39m)[33m;[39m
     [90m     |[39m               [31m[1m^[22m[39m
     [90m 380 |[39m       [36mreturn[39m [36mnull[39m[33m;[39m
     [90m 381 |[39m     }
     [90m 382 |[39m   }[0m

      at UnifiedActivationPipeline.warn [as _profileLoader] (.aios-core/development/scripts/unified-activation-pipeline.js:379:15)
      at UnifiedActivationPipeline._runPipeline (.aios-core/development/scripts/unified-activation-pipeline.js:257:24)
      at UnifiedActivationPipeline.activate (.aios-core/development/scripts/unified-activation-pipeline.js:160:22)
      at Object.<anonymous> (tests/integration/pipeline-memory-integration.test.js:429:22)

  console.log
    Ô£à Agent dev loaded in 0ms (target: <50ms)

      at AgentConfigLoader.log [as logPerformance] (.aios-core/development/scripts/agent-config-loader.js:275:15)
          at async Promise.all (index 0)

  console.warn
    [UnifiedActivationPipeline] permissionMode timeout: permissionMode timeout (120ms)

    [0m [90m 377 |[39m       [36mconst[39m status [33m=[39m error[33m.[39mmessage[33m.[39mincludes([32m'timeout'[39m) [33m?[39m [32m'timeout'[39m [33m:[39m [32m'error'[39m[33m;[39m
     [90m 378 |[39m       metrics[33m.[39mloaders[name] [33m=[39m { duration[33m,[39m status[33m,[39m start[33m,[39m end[33m:[39m start [33m+[39m duration[33m,[39m error[33m:[39m error[33m.[39mmessage }[33m;[39m
    [31m[1m>[22m[39m[90m 379 |[39m       console[33m.[39mwarn([32m`[UnifiedActivationPipeline] ${name} ${status}: ${error.message}`[39m)[33m;[39m
     [90m     |[39m               [31m[1m^[22m[39m
     [90m 380 |[39m       [36mreturn[39m [36mnull[39m[33m;[39m
     [90m 381 |[39m     }
     [90m 382 |[39m   }[0m

      at UnifiedActivationPipeline.warn [as _profileLoader] (.aios-core/development/scripts/unified-activation-pipeline.js:379:15)
          at async Promise.all (index 0)
      at UnifiedActivationPipeline._runPipeline (.aios-core/development/scripts/unified-activation-pipeline.js:232:41)
      at UnifiedActivationPipeline.activate (.aios-core/development/scripts/unified-activation-pipeline.js:160:22)
      at Object.<anonymous> (tests/integration/pipeline-memory-integration.test.js:463:22)

  console.warn
    [UnifiedActivationPipeline] memories timeout: memories timeout (500ms)

    [0m [90m 377 |[39m       [36mconst[39m status [33m=[39m error[33m.[39mmessage[33m.[39mincludes([32m'timeout'[39m) [33m?[39m [32m'timeout'[39m [33m:[39m [32m'error'[39m[33m;[39m
     [90m 378 |[39m       metrics[33m.[39mloaders[name] [33m=[39m { duration[33m,[39m status[33m,[39m start[33m,[39m end[33m:[39m start [33m+[39m duration[33m,[39m error[33m:[39m error[33m.[39mmessage }[33m;[39m
    [31m[1m>[22m[39m[90m 379 |[39m       console[33m.[39mwarn([32m`[UnifiedActivationPipeline] ${name} ${status}: ${error.message}`[39m)[33m;[39m
     [90m     |[39m               [31m[1m^[22m[39m
     [90m 380 |[39m       [36mreturn[39m [36mnull[39m[33m;[39m
     [90m 381 |[39m     }
     [90m 382 |[39m   }[0m

      at UnifiedActivationPipeline.warn [as _profileLoader] (.aios-core/development/scripts/unified-activation-pipeline.js:379:15)
      at UnifiedActivationPipeline._runPipeline (.aios-core/development/scripts/unified-activation-pipeline.js:257:24)
      at UnifiedActivationPipeline.activate (.aios-core/development/scripts/unified-activation-pipeline.js:160:22)
      at Object.<anonymous> (tests/integration/pipeline-memory-integration.test.js:463:22)

PASS tests/integration/pipeline-memory-integration.test.js
  UnifiedActivationPipeline Memory Integration (MIS-6)
    Scenario 1: No Pro Available
      ÔêÜ should activate successfully with empty memories array (427 ms)
      ÔêÜ should not throw errors when pro is unavailable (431 ms)
      ÔêÜ should work for all agent IDs (341 ms)
    Scenario 2: Pro Available, No Digests
      ÔêÜ should activate successfully with empty memories array (170 ms)
      ÔêÜ should not throw errors when digests directory is empty (166 ms)
    Scenario 3: Pro Available, With Digests
      ÔêÜ should inject memories into enrichedContext (189 ms)
      ÔêÜ should include memory metadata in metrics (169 ms)
      ÔêÜ should maintain activation quality as non-fallback (186 ms)
    Scenario 4: Token Budget Enforcement
      ÔêÜ should never exceed configured budget (168 ms)
      ÔêÜ should stop adding memories when budget is reached (167 ms)
    Scenario 5: Agent Scoping Privacy
      ÔêÜ should only return dev + shared memories for dev agent (162 ms)
      ÔêÜ should only return qa + shared memories for qa agent (161 ms)
      ÔêÜ should never leak private memories between agents (174 ms)
    Edge Cases
      ÔêÜ should handle feature gate disabled gracefully (158 ms)
      ÔêÜ should handle memory loader errors gracefully (164 ms)
      ÔêÜ should handle timeout gracefully (< 500ms) (671 ms)

PASS tests/packages/aios-install/integration.test.js
  Integration - Task 8.3: Local NPX Execution
    Package Structure Validation
      ÔêÜ should have valid package.json (1 ms)
      ÔêÜ should have all required files in package (1 ms)
      ÔêÜ should have executable shebang in bin files
      ÔêÜ should have correct Node.js engine requirement (1 ms)
      ÔêÜ should have all required dependencies declared (1 ms)
      ÔêÜ should have publishConfig for public access (1 ms)
    CLI Execution Tests
      ÔêÜ should execute aiox-install --version via node (145 ms)
      ÔêÜ should execute edmcp --version via node (127 ms)
      ÔêÜ should show help for aiox-install (149 ms)
      ÔêÜ should show help for edmcp (127 ms)
      ÔêÜ should handle invalid arguments gracefully (127 ms)
    Module Loading Tests
      ÔêÜ should be able to require installer module (30 ms)
      ÔêÜ should be able to require os-detector module (1 ms)
      ÔêÜ should be able to require dep-checker module (1 ms)
      ÔêÜ should be able to require edmcp module (2 ms)
    NPX Local Execution Simulation
      ÔêÜ should execute via npm exec (simulates npx .) (1295 ms)
      ÔêÜ should execute edmcp via npm exec (1200 ms)
    Version Consistency
      ÔêÜ should have consistent version across package.json and CLI output (143 ms)

  console.warn
    Git not available, skipping test

    [0m [90m 48 |[39m         expect(isGit)[33m.[39mtoBe([36mtrue[39m)[33m;[39m
     [90m 49 |[39m       } [36mcatch[39m (error) {
    [31m[1m>[22m[39m[90m 50 |[39m         console[33m.[39mwarn([32m'Git not available, skipping test'[39m)[33m;[39m
     [90m    |[39m                 [31m[1m^[22m[39m
     [90m 51 |[39m         expect([36mtrue[39m)[33m.[39mtoBe([36mtrue[39m)[33m;[39m [90m// Skip test gracefully[39m
     [90m 52 |[39m       }
     [90m 53 |[39m     })[33m;[39m[0m

      at Object.warn (.aios-core/infrastructure/tests/project-status-loader.test.js:50:17)

  console.warn
    Git not available, skipping test

    [0m [90m 78 |[39m         expect([[32m'main'[39m[33m,[39m [32m'master'[39m])[33m.[39mtoContain(branch)[33m;[39m
     [90m 79 |[39m       } [36mcatch[39m (error) {
    [31m[1m>[22m[39m[90m 80 |[39m         console[33m.[39mwarn([32m'Git not available, skipping test'[39m)[33m;[39m
     [90m    |[39m                 [31m[1m^[22m[39m
     [90m 81 |[39m         expect([36mtrue[39m)[33m.[39mtoBe([36mtrue[39m)[33m;[39m
     [90m 82 |[39m       }
     [90m 83 |[39m     })[33m;[39m[0m

      at Object.warn (.aios-core/infrastructure/tests/project-status-loader.test.js:80:17)

  console.warn
    Git not available, skipping test

    [0m [90m 112 |[39m         expect(files)[33m.[39mtoContain([32m'existing.txt'[39m)[33m;[39m
     [90m 113 |[39m       } [36mcatch[39m (error) {
    [31m[1m>[22m[39m[90m 114 |[39m         console[33m.[39mwarn([32m'Git not available, skipping test'[39m)[33m;[39m
     [90m     |[39m                 [31m[1m^[22m[39m
     [90m 115 |[39m         expect([36mtrue[39m)[33m.[39mtoBe([36mtrue[39m)[33m;[39m
     [90m 116 |[39m       }
     [90m 117 |[39m     })[33m;[39m[0m

      at Object.warn (.aios-core/infrastructure/tests/project-status-loader.test.js:114:17)

  console.warn
    Git not available, skipping test

    [0m [90m 134 |[39m         expect(files[33m.[39mlength)[33m.[39mtoBeLessThanOrEqual([35m5[39m)[33m;[39m
     [90m 135 |[39m       } [36mcatch[39m (error) {
    [31m[1m>[22m[39m[90m 136 |[39m         console[33m.[39mwarn([32m'Git not available, skipping test'[39m)[33m;[39m
     [90m     |[39m                 [31m[1m^[22m[39m
     [90m 137 |[39m         expect([36mtrue[39m)[33m.[39mtoBe([36mtrue[39m)[33m;[39m
     [90m 138 |[39m       }
     [90m 139 |[39m     })[33m;[39m[0m

      at Object.warn (.aios-core/infrastructure/tests/project-status-loader.test.js:136:17)

  console.warn
    Git not available, skipping test

    [0m [90m 157 |[39m         expect(commits)[33m.[39mtoEqual([])[33m;[39m
     [90m 158 |[39m       } [36mcatch[39m (error) {
    [31m[1m>[22m[39m[90m 159 |[39m         console[33m.[39mwarn([32m'Git not available, skipping test'[39m)[33m;[39m
     [90m     |[39m                 [31m[1m^[22m[39m
     [90m 160 |[39m         expect([36mtrue[39m)[33m.[39mtoBe([36mtrue[39m)[33m;[39m
     [90m 161 |[39m       }
     [90m 162 |[39m     })[33m;[39m[0m

      at Object.warn (.aios-core/infrastructure/tests/project-status-loader.test.js:159:17)

  console.warn
    Git not available, skipping test

    [0m [90m 181 |[39m         expect(commits[33m.[39mlength)[33m.[39mtoBeLessThanOrEqual([35m2[39m)[33m;[39m
     [90m 182 |[39m       } [36mcatch[39m (error) {
    [31m[1m>[22m[39m[90m 183 |[39m         console[33m.[39mwarn([32m'Git not available, skipping test'[39m)[33m;[39m
     [90m     |[39m                 [31m[1m^[22m[39m
     [90m 184 |[39m         expect([36mtrue[39m)[33m.[39mtoBe([36mtrue[39m)[33m;[39m
     [90m 185 |[39m       }
     [90m 186 |[39m     })[33m;[39m[0m

      at Object.warn (.aios-core/infrastructure/tests/project-status-loader.test.js:183:17)

  console.warn
    Git not available, skipping test

    [0m [90m 329 |[39m         expect([36mtypeof[39m branch)[33m.[39mtoBe([32m'string'[39m)[33m;[39m
     [90m 330 |[39m       } [36mcatch[39m (error) {
    [31m[1m>[22m[39m[90m 331 |[39m         console[33m.[39mwarn([32m'Git not available, skipping test'[39m)[33m;[39m
     [90m     |[39m                 [31m[1m^[22m[39m
     [90m 332 |[39m         expect([36mtrue[39m)[33m.[39mtoBe([36mtrue[39m)[33m;[39m
     [90m 333 |[39m       }
     [90m 334 |[39m     })[33m;[39m[0m

      at Object.warn (.aios-core/infrastructure/tests/project-status-loader.test.js:331:17)

  console.warn
    Git not available, skipping test: execa is not a function

    [0m [90m 502 |[39m         [36mawait[39m execa([32m'git'[39m[33m,[39m [[32m'branch'[39m[33m,[39m [32m'-D'[39m[33m,[39m [32m'auto-claude/STORY-TEST'[39m][33m,[39m { cwd[33m:[39m testRoot })[33m;[39m
     [90m 503 |[39m       } [36mcatch[39m (error) {
    [31m[1m>[22m[39m[90m 504 |[39m         console[33m.[39mwarn([32m'Git not available, skipping test:'[39m[33m,[39m error[33m.[39mmessage)[33m;[39m
     [90m     |[39m                 [31m[1m^[22m[39m
     [90m 505 |[39m         expect([36mtrue[39m)[33m.[39mtoBe([36mtrue[39m)[33m;[39m
     [90m 506 |[39m       }
     [90m 507 |[39m     })[33m;[39m[0m

      at Object.warn (.aios-core/infrastructure/tests/project-status-loader.test.js:504:17)

  console.warn
    Git not available, skipping test: execa is not a function

    [0m [90m 538 |[39m         [36mawait[39m execa([32m'git'[39m[33m,[39m [[32m'branch'[39m[33m,[39m [32m'-D'[39m[33m,[39m [32m'auto-claude/STORY-GEN'[39m][33m,[39m { cwd[33m:[39m testRoot })[33m;[39m
     [90m 539 |[39m       } [36mcatch[39m (error) {
    [31m[1m>[22m[39m[90m 540 |[39m         console[33m.[39mwarn([32m'Git not available, skipping test:'[39m[33m,[39m error[33m.[39mmessage)[33m;[39m
     [90m     |[39m                 [31m[1m^[22m[39m
     [90m 541 |[39m         expect([36mtrue[39m)[33m.[39mtoBe([36mtrue[39m)[33m;[39m
     [90m 542 |[39m       }
     [90m 543 |[39m     })[33m;[39m[0m

      at Object.warn (.aios-core/infrastructure/tests/project-status-loader.test.js:540:17)

  console.warn
    Git not available, skipping test: execa is not a function

    [0m [90m 561 |[39m         expect(status[33m.[39mworktrees)[33m.[39mtoBeUndefined()[33m;[39m
     [90m 562 |[39m       } [36mcatch[39m (error) {
    [31m[1m>[22m[39m[90m 563 |[39m         console[33m.[39mwarn([32m'Git not available, skipping test:'[39m[33m,[39m error[33m.[39mmessage)[33m;[39m
     [90m     |[39m                 [31m[1m^[22m[39m
     [90m 564 |[39m         expect([36mtrue[39m)[33m.[39mtoBe([36mtrue[39m)[33m;[39m
     [90m 565 |[39m       }
     [90m 566 |[39m     })[33m;[39m[0m

      at Object.warn (.aios-core/infrastructure/tests/project-status-loader.test.js:563:17)

PASS .aios-core/infrastructure/tests/project-status-loader.test.js
  ProjectStatusLoader
    isGitRepository
      ÔêÜ should return false for non-git directory (118 ms)
      ÔêÜ should return true for git repository (58 ms)
    getGitBranch
      ÔêÜ should return unknown on error (162 ms)
      ÔêÜ should detect git branch (55 ms)
    getModifiedFiles
      ÔêÜ should return empty result for non-git repo (105 ms)
      ÔêÜ should detect modified files (53 ms)
      ÔêÜ should limit to 5 files maximum (54 ms)
    getRecentCommits
      ÔêÜ should return empty array for non-git repo (107 ms)
      ÔêÜ should return empty array for repo with no commits (54 ms)
      ÔêÜ should limit to 2 commits (56 ms)
    getCurrentStoryInfo
      ÔêÜ should return null when stories directory missing (54 ms)
      ÔêÜ should detect InProgress story (54 ms)
      ÔêÜ should handle multiple story files correctly (57 ms)
    Cache Management
      ÔêÜ should create cache file on first load (153 ms)
      ÔêÜ should return cached status within TTL (210 ms)
      ÔêÜ should invalidate cache after TTL expires (285 ms)
      ÔêÜ should clear cache successfully (156 ms)
    Edge Cases
      ÔêÜ should handle detached HEAD state (55 ms)
      ÔêÜ should gracefully handle non-git project (157 ms)
    formatStatusDisplay
      ÔêÜ should format git status correctly (52 ms)
      ÔêÜ should handle non-git repo message (50 ms)
      ÔêÜ should handle clean repository (50 ms)
      ÔêÜ should display worktrees summary in status (50 ms)
      ÔêÜ should not display worktrees section when empty (51 ms)
      ÔêÜ should not display worktrees section when undefined (54 ms)
    getWorktreesStatus
      ÔêÜ should return null when no worktrees exist (106 ms)
      ÔêÜ should return worktree info with required fields (55 ms)
    generateStatus with worktrees
      ÔêÜ should include worktrees in generated status (53 ms)
      ÔêÜ should not include worktrees key when none exist (52 ms)

PASS tests/installer/dependency-installer.test.js
  Dependency Installer
    detectPackageManager (AC1)
      ÔêÜ should detect bun from bun.lockb (1 ms)
      ÔêÜ should detect pnpm from pnpm-lock.yaml (1 ms)
      ÔêÜ should detect yarn from yarn.lock (1 ms)
      ÔêÜ should detect npm from package-lock.json (1 ms)
      ÔêÜ should fallback to npm when no lock file exists (1 ms)
      ÔêÜ should respect priority order (bun > pnpm > yarn > npm) (1 ms)
    validatePackageManager (Security - AC1)
      ÔêÜ should accept npm (1 ms)
      ÔêÜ should accept yarn (1 ms)
      ÔêÜ should accept pnpm (1 ms)
      ÔêÜ should accept bun (1 ms)
      ÔêÜ should reject invalid package manager (command injection prevention) (9 ms)
    hasExistingDependencies (AC6 - Offline Mode)
      ÔêÜ should return false when node_modules does not exist (1 ms)
      ÔêÜ should return false when node_modules is empty (1 ms)
      ÔêÜ should return false when node_modules only has hidden files (1 ms)
      ÔêÜ should return true when node_modules has packages (1 ms)
      ÔêÜ should return false on readdir error
    executeInstall (AC2 - Spawn Security)
      ÔêÜ should spawn package manager with correct args (16 ms)
      ÔêÜ should resolve with success on exit code 0 (15 ms)
      ÔêÜ should resolve with error on non-zero exit code (16 ms)
      ÔêÜ should handle spawn errors (16 ms)
    categorizeError (AC4 - Error Handling)
      ÔêÜ should detect network errors (2 ms)
      ÔêÜ should detect permission errors (1 ms)
      ÔêÜ should detect disk space errors (1 ms)
      ÔêÜ should handle unknown errors (1 ms)
    installWithRetry (AC5 - Retry Logic)
      ÔêÜ should return immediately on success (25 ms)
      ÔêÜ should retry on failure (2027 ms)
      ÔêÜ should stop after maxRetries (2 ms)
    installDependencies (Full Integration)
      ÔêÜ should detect package manager and install (AC1 + AC2) (13 ms)
      ÔêÜ should use provided package manager override (16 ms)
      ÔêÜ should skip installation in offline mode (AC6) (1 ms)
      ÔêÜ should reject invalid package manager (1 ms)
      ÔêÜ should return error info on installation failure (AC4) (11 ms)

  console.log
    [squad-generator] Detected 3 project config(s) in docs/framework/

      at SquadGenerator.log [as detectProjectConfigs] (.aios-core/development/scripts/squad/squad-generator.js:699:15)

  console.log
    [squad-generator] Using project-level configuration from docs/framework/

      at SquadGenerator.log [as generate] (.aios-core/development/scripts/squad/squad-generator.js:781:17)

  console.log
    [squad-generator] Skipping local config file creation (using project-level configs)

      at SquadGenerator.log [as generate] (.aios-core/development/scripts/squad/squad-generator.js:818:15)

  console.log
    [squad-generator] Detected 3 project config(s) in docs/framework/

      at SquadGenerator.log [as detectProjectConfigs] (.aios-core/development/scripts/squad/squad-generator.js:699:15)

  console.log
    [squad-generator] Using project-level configuration from docs/framework/

      at SquadGenerator.log [as generate] (.aios-core/development/scripts/squad/squad-generator.js:781:17)

  console.log
    [squad-generator] Skipping local config file creation (using project-level configs)

      at SquadGenerator.log [as generate] (.aios-core/development/scripts/squad/squad-generator.js:818:15)

  console.log
    [squad-generator] Detected 3 project config(s) in docs/framework/

      at SquadGenerator.log [as detectProjectConfigs] (.aios-core/development/scripts/squad/squad-generator.js:699:15)

  console.log
    [squad-generator] Using project-level configuration from docs/framework/

      at SquadGenerator.log [as generate] (.aios-core/development/scripts/squad/squad-generator.js:781:17)

  console.log
    [squad-generator] Skipping local config file creation (using project-level configs)

      at SquadGenerator.log [as generate] (.aios-core/development/scripts/squad/squad-generator.js:818:15)

  console.log
    [squad-generator] Detected 3 project config(s) in docs/framework/

      at SquadGenerator.log [as detectProjectConfigs] (.aios-core/development/scripts/squad/squad-generator.js:699:15)

  console.log
    [squad-generator] Using project-level configuration from docs/framework/

      at SquadGenerator.log [as generate] (.aios-core/development/scripts/squad/squad-generator.js:781:17)

  console.log
    [squad-generator] Detected 3 project config(s) in docs/framework/

      at SquadGenerator.log [as detectProjectConfigs] (.aios-core/development/scripts/squad/squad-generator.js:699:15)

  console.log
    [squad-generator] Using project-level configuration from docs/framework/

      at SquadGenerator.log [as generate] (.aios-core/development/scripts/squad/squad-generator.js:781:17)

  console.log
    [squad-generator] Skipping local config file creation (using project-level configs)

      at SquadGenerator.log [as generate] (.aios-core/development/scripts/squad/squad-generator.js:818:15)

  console.log
    [squad-generator] Detected 3 project config(s) in docs/framework/

      at SquadGenerator.log [as detectProjectConfigs] (.aios-core/development/scripts/squad/squad-generator.js:699:15)

  console.log
    [squad-generator] Using project-level configuration from docs/framework/

      at SquadGenerator.log [as generate] (.aios-core/development/scripts/squad/squad-generator.js:781:17)

  console.log
    [squad-generator] Skipping local config file creation (using project-level configs)

      at SquadGenerator.log [as generate] (.aios-core/development/scripts/squad/squad-generator.js:818:15)

  console.log
    [squad-generator] Detected 3 project config(s) in docs/framework/

      at SquadGenerator.log [as detectProjectConfigs] (.aios-core/development/scripts/squad/squad-generator.js:699:15)

  console.log
    [squad-generator] Using project-level configuration from docs/framework/

      at SquadGenerator.log [as generate] (.aios-core/development/scripts/squad/squad-generator.js:781:17)

  console.log
    [squad-generator] Skipping local config file creation (using project-level configs)

      at SquadGenerator.log [as generate] (.aios-core/development/scripts/squad/squad-generator.js:818:15)

  console.log
    [squad-generator] Detected 3 project config(s) in docs/framework/

      at SquadGenerator.log [as detectProjectConfigs] (.aios-core/development/scripts/squad/squad-generator.js:699:15)

  console.log
    [squad-generator] Using project-level configuration from docs/framework/

      at SquadGenerator.log [as generate] (.aios-core/development/scripts/squad/squad-generator.js:781:17)

  console.log
    [squad-generator] Skipping local config file creation (using project-level configs)

      at SquadGenerator.log [as generate] (.aios-core/development/scripts/squad/squad-generator.js:818:15)

  console.log
    [squad-generator] Detected 3 project config(s) in docs/framework/

      at SquadGenerator.log [as detectProjectConfigs] (.aios-core/development/scripts/squad/squad-generator.js:699:15)

  console.log
    [squad-generator] Using project-level configuration from docs/framework/

      at SquadGenerator.log [as generate] (.aios-core/development/scripts/squad/squad-generator.js:781:17)

  console.log
    [squad-generator] Skipping local config file creation (using project-level configs)

      at SquadGenerator.log [as generate] (.aios-core/development/scripts/squad/squad-generator.js:818:15)

  console.log
    [squad-generator] Detected 3 project config(s) in docs/framework/

      at SquadGenerator.log [as detectProjectConfigs] (.aios-core/development/scripts/squad/squad-generator.js:699:15)

  console.log
    [squad-generator] Using project-level configuration from docs/framework/

      at SquadGenerator.log [as generate] (.aios-core/development/scripts/squad/squad-generator.js:781:17)

  console.log
    [squad-generator] Skipping local config file creation (using project-level configs)

      at SquadGenerator.log [as generate] (.aios-core/development/scripts/squad/squad-generator.js:818:15)

  console.log
    [squad-generator] Detected 3 project config(s) in docs/framework/

      at SquadGenerator.log [as detectProjectConfigs] (.aios-core/development/scripts/squad/squad-generator.js:699:15)

  console.log
    [squad-generator] Using project-level configuration from docs/framework/

      at SquadGenerator.log [as generate] (.aios-core/development/scripts/squad/squad-generator.js:781:17)

  console.log
    [squad-generator] Skipping local config file creation (using project-level configs)

      at SquadGenerator.log [as generate] (.aios-core/development/scripts/squad/squad-generator.js:818:15)

  console.log
    [squad-generator] Creating local configuration files

      at SquadGenerator.log [as generate] (.aios-core/development/scripts/squad/squad-generator.js:824:15)

  console.log
    [squad-generator] Creating local configuration files

      at SquadGenerator.log [as generate] (.aios-core/development/scripts/squad/squad-generator.js:824:15)

  console.log
    [squad-generator] Creating local configuration files

      at SquadGenerator.log [as generate] (.aios-core/development/scripts/squad/squad-generator.js:824:15)

  console.log
    [squad-generator] Detected 3 project config(s) in docs/framework/

      at SquadGenerator.log [as detectProjectConfigs] (.aios-core/development/scripts/squad/squad-generator.js:699:15)

  console.log
    [squad-generator] Using project-level configuration from docs/framework/

      at SquadGenerator.log [as generate] (.aios-core/development/scripts/squad/squad-generator.js:781:17)

  console.log
    [squad-generator] Skipping local config file creation (using project-level configs)

      at SquadGenerator.log [as generate] (.aios-core/development/scripts/squad/squad-generator.js:818:15)

  console.log
    [squad-generator] Detected 3 project config(s) in docs/framework/

      at SquadGenerator.log [as detectProjectConfigs] (.aios-core/development/scripts/squad/squad-generator.js:699:15)

  console.log
    [squad-generator] Using project-level configuration from docs/framework/

      at SquadGenerator.log [as generate] (.aios-core/development/scripts/squad/squad-generator.js:781:17)

  console.log
    [squad-generator] Skipping local config file creation (using project-level configs)

      at SquadGenerator.log [as generate] (.aios-core/development/scripts/squad/squad-generator.js:818:15)

  console.log
    [squad-generator] Detected 3 project config(s) in docs/framework/

      at SquadGenerator.log [as detectProjectConfigs] (.aios-core/development/scripts/squad/squad-generator.js:699:15)

  console.log
    [squad-generator] Using project-level configuration from docs/framework/

      at SquadGenerator.log [as generate] (.aios-core/development/scripts/squad/squad-generator.js:781:17)

  console.log
    [squad-generator] Skipping local config file creation (using project-level configs)

      at SquadGenerator.log [as generate] (.aios-core/development/scripts/squad/squad-generator.js:818:15)

  console.log
    [squad-generator] Detected 3 project config(s) in docs/framework/

      at SquadGenerator.log [as detectProjectConfigs] (.aios-core/development/scripts/squad/squad-generator.js:699:15)

  console.log
    [squad-generator] Using project-level configuration from docs/framework/

      at SquadGenerator.log [as generate] (.aios-core/development/scripts/squad/squad-generator.js:781:17)

  console.log
    [squad-generator] Skipping local config file creation (using project-level configs)

      at SquadGenerator.log [as generate] (.aios-core/development/scripts/squad/squad-generator.js:818:15)

  console.log
    [squad-generator] Detected 3 project config(s) in docs/framework/

      at SquadGenerator.log [as detectProjectConfigs] (.aios-core/development/scripts/squad/squad-generator.js:699:15)

  console.log
    [squad-generator] Using project-level configuration from docs/framework/

      at SquadGenerator.log [as generate] (.aios-core/development/scripts/squad/squad-generator.js:781:17)

  console.log
    [squad-generator] Skipping local config file creation (using project-level configs)

      at SquadGenerator.log [as generate] (.aios-core/development/scripts/squad/squad-generator.js:818:15)

  console.log
    [squad-generator] Detected 3 project config(s) in docs/framework/

      at SquadGenerator.log [as detectProjectConfigs] (.aios-core/development/scripts/squad/squad-generator.js:699:15)

  console.log
    [squad-generator] Using project-level configuration from docs/framework/

      at SquadGenerator.log [as generate] (.aios-core/development/scripts/squad/squad-generator.js:781:17)

  console.log
    [squad-generator] Skipping local config file creation (using project-level configs)

      at SquadGenerator.log [as generate] (.aios-core/development/scripts/squad/squad-generator.js:818:15)

  console.log
    [squad-generator] Detected 3 project config(s) in docs/framework/

      at SquadGenerator.log [as detectProjectConfigs] (.aios-core/development/scripts/squad/squad-generator.js:699:15)

  console.log
    [squad-generator] Using project-level configuration from docs/framework/

      at SquadGenerator.log [as generate] (.aios-core/development/scripts/squad/squad-generator.js:781:17)

  console.log
    [squad-generator] Skipping local config file creation (using project-level configs)

      at SquadGenerator.log [as generate] (.aios-core/development/scripts/squad/squad-generator.js:818:15)

  console.log
    [squad-generator] Detected 3 project config(s) in docs/framework/

      at SquadGenerator.log [as detectProjectConfigs] (.aios-core/development/scripts/squad/squad-generator.js:699:15)

  console.log
    [squad-generator] Using project-level configuration from docs/framework/

      at SquadGenerator.log [as generate] (.aios-core/development/scripts/squad/squad-generator.js:781:17)

  console.log
    [squad-generator] Skipping local config file creation (using project-level configs)

      at SquadGenerator.log [as generate] (.aios-core/development/scripts/squad/squad-generator.js:818:15)

  console.log
    [squad-generator] Detected 3 project config(s) in docs/framework/

      at SquadGenerator.log [as detectProjectConfigs] (.aios-core/development/scripts/squad/squad-generator.js:699:15)

  console.log
    [squad-generator] Detected 1 project config(s) in docs/framework/

      at SquadGenerator.log [as detectProjectConfigs] (.aios-core/development/scripts/squad/squad-generator.js:699:15)

  console.log
    [squad-generator] Detected 3 project config(s) in docs/framework/

      at SquadGenerator.log [as detectProjectConfigs] (.aios-core/development/scripts/squad/squad-generator.js:699:15)

  console.log
    [squad-generator] Using project-level configuration from docs/framework/

      at SquadGenerator.log [as generate] (.aios-core/development/scripts/squad/squad-generator.js:781:17)

  console.log
    [squad-generator] Skipping local config file creation (using project-level configs)

      at SquadGenerator.log [as generate] (.aios-core/development/scripts/squad/squad-generator.js:818:15)

  console.log
    [squad-generator] Creating local configuration files

      at SquadGenerator.log [as generate] (.aios-core/development/scripts/squad/squad-generator.js:824:15)

  console.log
    [squad-generator] Creating local configuration files

      at SquadGenerator.log [as generate] (.aios-core/development/scripts/squad/squad-generator.js:824:15)

PASS tests/unit/squad/squad-generator.test.js
  SquadGenerator
    Constants
      ÔêÜ should export AVAILABLE_TEMPLATES (2 ms)
      ÔêÜ should export AVAILABLE_LICENSES (1 ms)
      ÔêÜ should export CONFIG_MODES (2 ms)
      ÔêÜ should export GeneratorErrorCodes enum (1 ms)
    isValidSquadName()
      ÔêÜ should accept valid kebab-case names (1 ms)
      ÔêÜ should reject invalid names (2 ms)
    getGitUserName()
      ÔêÜ should return a string (52 ms)
      ÔêÜ should return "Unknown" when git is not configured (52 ms)
    Constructor
      ÔêÜ should use default squads path when not specified (1 ms)
      ÔêÜ should use custom squads path when specified (1 ms)
    SquadGeneratorError
      ÔêÜ should create error with correct properties (1 ms)
      ÔêÜ should create invalidName error with correct format (1 ms)
      ÔêÜ should create squadExists error with correct format (2 ms)
      ÔêÜ should create templateNotFound error with correct format (1 ms)
      ÔêÜ should create invalidConfigMode error with correct format (1 ms)
    generate()
      ÔêÜ should create complete squad structure (26 ms)
      ÔêÜ should create all required directories (79 ms)
      ÔêÜ should fail if squad already exists (136 ms)
      ÔêÜ should fail with invalid squad name (102 ms)
      ÔêÜ should fail without squad name (52 ms)
      ÔêÜ should fail with invalid template (50 ms)
      ÔêÜ should fail with invalid config mode (50 ms)
      ÔêÜ should use defaults when options not provided (69 ms)
      ÔêÜ should respect includeAgent option (70 ms)
      ÔêÜ should respect includeTask option (72 ms)
      ÔêÜ should generate .gitkeep in empty directories (72 ms)
    generate() with templates
      ÔêÜ should generate basic template correctly (93 ms)
      ÔêÜ should generate etl template with multiple agents and tasks (80 ms)
      ÔêÜ should generate agent-only template without tasks (74 ms)
    generate() config inheritance
      ÔêÜ should set extends mode correctly (70 ms)
      ÔêÜ should set override mode correctly (71 ms)
      ÔêÜ should set none mode correctly (73 ms)
    generate() creates valid squad
      ÔêÜ should generate squad.yaml that passes validation (95 ms)
    listLocal()
      ÔêÜ should return empty array when no squads exist (2 ms)
      ÔêÜ should list generated squads (153 ms)
      ÔêÜ should return squad info with name, version, description (77 ms)
      ÔêÜ should return empty array when squads path does not exist (1 ms)
    Performance
      ÔêÜ should generate squad within acceptable time (69 ms)
      ÔêÜ should list squads within acceptable time (216 ms)
    detectProjectConfigs() [SQS-10]
      ÔêÜ should return null when docs/framework/ does not exist (4 ms)
      ÔêÜ should detect project configs when docs/framework/ exists (10 ms)
      ÔêÜ should detect case-insensitive config files (8 ms)
      ÔêÜ should return null when docs/framework/ has no matching files (8 ms)
    generate() with project configs [SQS-10]
      ÔêÜ should reference project configs when configMode is extend and project configs exist (78 ms)
      ÔêÜ should create local configs when project configs do not exist (fallback) (75 ms)
      ÔêÜ should always create local configs when configMode is override (78 ms)

PASS tests/unit/decision-context.test.js
  DecisionContext
    constructor
      ÔêÜ should initialize with required fields (57 ms)
      ÔêÜ should initialize empty tracking arrays (52 ms)
      ÔêÜ should capture git commit hash (52 ms)
      ÔêÜ should handle disabled state (102 ms)
    recordDecision
      ÔêÜ should record decision with all fields (51 ms)
      ÔêÜ should handle empty alternatives array (53 ms)
      ÔêÜ should use default type and priority if not provided (55 ms)
      ÔêÜ should validate decision type (53 ms)
      ÔêÜ should validate priority level (50 ms)
      ÔêÜ should handle non-array alternatives (51 ms)
      ÔêÜ should return null when disabled (101 ms)
    trackFile
      ÔêÜ should track file with action (52 ms)
      ÔêÜ should use default action "modified" (53 ms)
      ÔêÜ should normalize file paths (51 ms)
      ÔêÜ should update existing file instead of duplicating (51 ms)
      ÔêÜ should not track when disabled (107 ms)
    trackTest
      ÔêÜ should track passing test (53 ms)
      ÔêÜ should track failing test with error (54 ms)
      ÔêÜ should handle missing duration (59 ms)
      ÔêÜ should not track when disabled (111 ms)
    updateMetrics
      ÔêÜ should update metrics (55 ms)
      ÔêÜ should merge new metrics with existing (59 ms)
      ÔêÜ should not update when disabled (110 ms)
    complete
      ÔêÜ should mark execution as complete (53 ms)
      ÔêÜ should use default status "completed" (54 ms)
      ÔêÜ should handle failed status (53 ms)
    toObject
      ÔêÜ should return context as plain object (55 ms)
    getSummary
      ÔêÜ should return summary statistics (90 ms)
      ÔêÜ should calculate duration for running context (58 ms)
    DECISION_TYPES constant
      ÔêÜ should have all required decision types (51 ms)
    PRIORITY_LEVELS constant
      ÔêÜ should have all required priority levels (54 ms)

PASS tests/unit/squad/squad-validator.test.js
  SquadValidator
    Constants
      ÔêÜ should export ValidationErrorCodes enum (44 ms)
      ÔêÜ should export TASK_REQUIRED_FIELDS with correct fields (30 ms)
    Constructor
      ÔêÜ should disable strict mode by default (42 ms)
      ÔêÜ should enable strict mode when specified (26 ms)
      ÔêÜ should disable verbose mode by default (36 ms)
      ÔêÜ should enable verbose mode when specified (27 ms)
      ÔêÜ should accept custom schema for testing (45 ms)
    validateManifest()
      ÔêÜ should pass for valid squad.yaml (AC 3.1) (39 ms)
      ÔêÜ should return MANIFEST_NOT_FOUND error when no manifest exists (AC 3.2) (36 ms)
      ÔêÜ should return YAML_PARSE_ERROR for malformed YAML (AC 3.3) (39 ms)
      ÔêÜ should warn on deprecated config.yaml (31 ms)
      ÔêÜ should return SCHEMA_ERROR for invalid patterns (AC 3.4) (30 ms)
      ÔêÜ should return SCHEMA_ERROR for missing required fields (AC 3.5) (29 ms)
      ÔêÜ should complete within 100ms (27 ms)
    validateStructure()
      ÔêÜ should warn on missing tasks/ directory (26 ms)
      ÔêÜ should warn on missing agents/ directory (27 ms)
      ÔêÜ should pass when tasks/ and agents/ exist (29 ms)
      ÔêÜ should error on referenced files that do not exist (30 ms)
    validateTasks()
      ÔêÜ should pass when tasks directory does not exist (25 ms)
      ÔêÜ should warn when tasks/ is empty (24 ms)
      ÔêÜ should warn on missing required task fields (TASK-FORMAT-SPECIFICATION-V1) (27 ms)
      ÔêÜ should pass for valid task with all required fields (27 ms)
      ÔêÜ should warn on invalid task filename (not kebab-case) (26 ms)
    validateAgents()
      ÔêÜ should pass when agents directory does not exist (28 ms)
      ÔêÜ should pass for valid agent with YAML frontmatter (28 ms)
      ÔêÜ should warn on agent without valid format (30 ms)
      ÔêÜ should warn on invalid agent filename (not kebab-case) (27 ms)
    validate()
      ÔêÜ should run all validations and merge results (38 ms)
      ÔêÜ should return valid: true for valid squad (32 ms)
      ÔêÜ should return valid: false for squad with errors (27 ms)
      ÔêÜ should treat warnings as errors in strict mode (30 ms)
      ÔêÜ should not treat warnings as errors in normal mode (29 ms)
      ÔêÜ should complete full validation within 500ms (30 ms)
    formatResult()
      ÔêÜ should format valid result correctly (31 ms)
      ÔêÜ should format invalid result with errors (25 ms)
      ÔêÜ should format result with warnings (30 ms)
      ÔêÜ should include suggestions in formatted output (29 ms)
    Verbose mode
      ÔêÜ should log when verbose is enabled (34 ms)
      ÔêÜ should not log when verbose is disabled (33 ms)
    Cross-platform path handling
      ÔêÜ should use path.join for all path operations (33 ms)
    Edge cases
      ÔêÜ should handle empty manifest gracefully (25 ms)
      ÔêÜ should handle special characters in file paths (34 ms)
    validateConfigReferences() [SQS-10]
      ÔêÜ should pass when no config section exists in manifest (31 ms)
      ÔêÜ should pass when local config files exist (33 ms)
      ÔêÜ should pass when project-level config files exist (AC10.4) (33 ms)
      ÔêÜ should warn when project-level config is missing (33 ms)
      ÔêÜ should error when local config is missing (30 ms)
    _resolveConfigPath() [SQS-10]
      ÔêÜ should return null for null/undefined config path (28 ms)
      ÔêÜ should resolve local config path (30 ms)
      ÔêÜ should resolve project-level config path with relative reference (31 ms)
      ÔêÜ should return null for non-existent path (27 ms)
    validate() integration with config references [SQS-10]
      ÔêÜ should include config validation in full validate() call (37 ms)

  console.log
    Generating manifest for aios-core v4.0.4...

      at log (scripts/generate-install-manifest.js:221:11)

  console.log
    Found 972 files to include in manifest

      at log (scripts/generate-install-manifest.js:244:11)

  console.log
      Processed 50/972 files...

      at log (scripts/generate-install-manifest.js:266:17)

  console.log
      Processed 100/972 files...

      at log (scripts/generate-install-manifest.js:266:17)

  console.log
      Processed 150/972 files...

      at log (scripts/generate-install-manifest.js:266:17)

  console.log
      Processed 200/972 files...

      at log (scripts/generate-install-manifest.js:266:17)

  console.log
      Processed 250/972 files...

      at log (scripts/generate-install-manifest.js:266:17)

  console.log
      Processed 300/972 files...

      at log (scripts/generate-install-manifest.js:266:17)

  console.log
      Processed 350/972 files...

      at log (scripts/generate-install-manifest.js:266:17)

  console.log
      Processed 400/972 files...

      at log (scripts/generate-install-manifest.js:266:17)

  console.log
      Processed 450/972 files...

      at log (scripts/generate-install-manifest.js:266:17)

  console.log
      Processed 500/972 files...

      at log (scripts/generate-install-manifest.js:266:17)

  console.log
      Processed 550/972 files...

      at log (scripts/generate-install-manifest.js:266:17)

  console.log
      Processed 600/972 files...

      at log (scripts/generate-install-manifest.js:266:17)

  console.log
      Processed 650/972 files...

      at log (scripts/generate-install-manifest.js:266:17)

  console.log
      Processed 700/972 files...

      at log (scripts/generate-install-manifest.js:266:17)

  console.log
      Processed 750/972 files...

      at log (scripts/generate-install-manifest.js:266:17)

  console.log
      Processed 800/972 files...

      at log (scripts/generate-install-manifest.js:266:17)

  console.log
      Processed 850/972 files...

      at log (scripts/generate-install-manifest.js:266:17)

  console.log
      Processed 900/972 files...

      at log (scripts/generate-install-manifest.js:266:17)

  console.log
      Processed 950/972 files...

      at log (scripts/generate-install-manifest.js:266:17)

  console.log
    Generating manifest for aios-core v4.0.4...

      at log (scripts/generate-install-manifest.js:221:11)

  console.log
    Found 972 files to include in manifest

      at log (scripts/generate-install-manifest.js:244:11)

  console.log
      Processed 50/972 files...

      at log (scripts/generate-install-manifest.js:266:17)

  console.log
      Processed 100/972 files...

      at log (scripts/generate-install-manifest.js:266:17)

  console.log
      Processed 150/972 files...

      at log (scripts/generate-install-manifest.js:266:17)

  console.log
      Processed 200/972 files...

      at log (scripts/generate-install-manifest.js:266:17)

  console.log
      Processed 250/972 files...

      at log (scripts/generate-install-manifest.js:266:17)

  console.log
      Processed 300/972 files...

      at log (scripts/generate-install-manifest.js:266:17)

  console.log
      Processed 350/972 files...

      at log (scripts/generate-install-manifest.js:266:17)

  console.log
      Processed 400/972 files...

      at log (scripts/generate-install-manifest.js:266:17)

  console.log
      Processed 450/972 files...

      at log (scripts/generate-install-manifest.js:266:17)

  console.log
      Processed 500/972 files...

      at log (scripts/generate-install-manifest.js:266:17)

  console.log
      Processed 550/972 files...

      at log (scripts/generate-install-manifest.js:266:17)

  console.log
      Processed 600/972 files...

      at log (scripts/generate-install-manifest.js:266:17)

  console.log
      Processed 650/972 files...

      at log (scripts/generate-install-manifest.js:266:17)

  console.log
      Processed 700/972 files...

      at log (scripts/generate-install-manifest.js:266:17)

  console.log
      Processed 750/972 files...

      at log (scripts/generate-install-manifest.js:266:17)

  console.log
      Processed 800/972 files...

      at log (scripts/generate-install-manifest.js:266:17)

  console.log
      Processed 850/972 files...

      at log (scripts/generate-install-manifest.js:266:17)

  console.log
      Processed 900/972 files...

      at log (scripts/generate-install-manifest.js:266:17)

  console.log
      Processed 950/972 files...

      at log (scripts/generate-install-manifest.js:266:17)

  console.log
    Generating manifest for aios-core v4.0.4...

      at log (scripts/generate-install-manifest.js:221:11)

  console.log
    Found 972 files to include in manifest

      at log (scripts/generate-install-manifest.js:244:11)

  console.log
      Processed 50/972 files...

      at log (scripts/generate-install-manifest.js:266:17)

  console.log
      Processed 100/972 files...

      at log (scripts/generate-install-manifest.js:266:17)

  console.log
      Processed 150/972 files...

      at log (scripts/generate-install-manifest.js:266:17)

  console.log
      Processed 200/972 files...

      at log (scripts/generate-install-manifest.js:266:17)

  console.log
      Processed 250/972 files...

      at log (scripts/generate-install-manifest.js:266:17)

  console.log
      Processed 300/972 files...

      at log (scripts/generate-install-manifest.js:266:17)

  console.log
      Processed 350/972 files...

      at log (scripts/generate-install-manifest.js:266:17)

  console.log
      Processed 400/972 files...

      at log (scripts/generate-install-manifest.js:266:17)

  console.log
      Processed 450/972 files...

      at log (scripts/generate-install-manifest.js:266:17)

  console.log
      Processed 500/972 files...

      at log (scripts/generate-install-manifest.js:266:17)

  console.log
      Processed 550/972 files...

      at log (scripts/generate-install-manifest.js:266:17)

  console.log
      Processed 600/972 files...

      at log (scripts/generate-install-manifest.js:266:17)

  console.log
      Processed 650/972 files...

      at log (scripts/generate-install-manifest.js:266:17)

  console.log
      Processed 700/972 files...

      at log (scripts/generate-install-manifest.js:266:17)

  console.log
      Processed 750/972 files...

      at log (scripts/generate-install-manifest.js:266:17)

  console.log
      Processed 800/972 files...

      at log (scripts/generate-install-manifest.js:266:17)

  console.log
      Processed 850/972 files...

      at log (scripts/generate-install-manifest.js:266:17)

  console.log
      Processed 900/972 files...

      at log (scripts/generate-install-manifest.js:266:17)

  console.log
      Processed 950/972 files...

      at log (scripts/generate-install-manifest.js:266:17)

  console.log
    Generating manifest for aios-core v4.0.4...

      at log (scripts/generate-install-manifest.js:221:11)

  console.log
    Found 972 files to include in manifest

      at log (scripts/generate-install-manifest.js:244:11)

  console.log
      Processed 50/972 files...

      at log (scripts/generate-install-manifest.js:266:17)

  console.log
      Processed 100/972 files...

      at log (scripts/generate-install-manifest.js:266:17)

  console.log
      Processed 150/972 files...

      at log (scripts/generate-install-manifest.js:266:17)

  console.log
      Processed 200/972 files...

      at log (scripts/generate-install-manifest.js:266:17)

  console.log
      Processed 250/972 files...

      at log (scripts/generate-install-manifest.js:266:17)

  console.log
      Processed 300/972 files...

      at log (scripts/generate-install-manifest.js:266:17)

  console.log
      Processed 350/972 files...

      at log (scripts/generate-install-manifest.js:266:17)

  console.log
      Processed 400/972 files...

      at log (scripts/generate-install-manifest.js:266:17)

  console.log
      Processed 450/972 files...

      at log (scripts/generate-install-manifest.js:266:17)

  console.log
      Processed 500/972 files...

      at log (scripts/generate-install-manifest.js:266:17)

  console.log
      Processed 550/972 files...

      at log (scripts/generate-install-manifest.js:266:17)

  console.log
      Processed 600/972 files...

      at log (scripts/generate-install-manifest.js:266:17)

  console.log
      Processed 650/972 files...

      at log (scripts/generate-install-manifest.js:266:17)

  console.log
      Processed 700/972 files...

      at log (scripts/generate-install-manifest.js:266:17)

  console.log
      Processed 750/972 files...

      at log (scripts/generate-install-manifest.js:266:17)

  console.log
      Processed 800/972 files...

      at log (scripts/generate-install-manifest.js:266:17)

  console.log
      Processed 850/972 files...

      at log (scripts/generate-install-manifest.js:266:17)

  console.log
      Processed 900/972 files...

      at log (scripts/generate-install-manifest.js:266:17)

  console.log
      Processed 950/972 files...

      at log (scripts/generate-install-manifest.js:266:17)

  console.log
    Generating manifest for aios-core v4.0.4...

      at log (scripts/generate-install-manifest.js:221:11)

  console.log
    Found 972 files to include in manifest

      at log (scripts/generate-install-manifest.js:244:11)

  console.log
      Processed 50/972 files...

      at log (scripts/generate-install-manifest.js:266:17)

  console.log
      Processed 100/972 files...

      at log (scripts/generate-install-manifest.js:266:17)

  console.log
      Processed 150/972 files...

      at log (scripts/generate-install-manifest.js:266:17)

  console.log
      Processed 200/972 files...

      at log (scripts/generate-install-manifest.js:266:17)

  console.log
      Processed 250/972 files...

      at log (scripts/generate-install-manifest.js:266:17)

  console.log
      Processed 300/972 files...

      at log (scripts/generate-install-manifest.js:266:17)

  console.log
      Processed 350/972 files...

      at log (scripts/generate-install-manifest.js:266:17)

  console.log
      Processed 400/972 files...

      at log (scripts/generate-install-manifest.js:266:17)

  console.log
      Processed 450/972 files...

      at log (scripts/generate-install-manifest.js:266:17)

  console.log
      Processed 500/972 files...

      at log (scripts/generate-install-manifest.js:266:17)

  console.log
      Processed 550/972 files...

      at log (scripts/generate-install-manifest.js:266:17)

  console.log
      Processed 600/972 files...

      at log (scripts/generate-install-manifest.js:266:17)

  console.log
      Processed 650/972 files...

      at log (scripts/generate-install-manifest.js:266:17)

  console.log
      Processed 700/972 files...

      at log (scripts/generate-install-manifest.js:266:17)

  console.log
      Processed 750/972 files...

      at log (scripts/generate-install-manifest.js:266:17)

  console.log
      Processed 800/972 files...

      at log (scripts/generate-install-manifest.js:266:17)

  console.log
      Processed 850/972 files...

      at log (scripts/generate-install-manifest.js:266:17)

  console.log
      Processed 900/972 files...

      at log (scripts/generate-install-manifest.js:266:17)

  console.log
      Processed 950/972 files...

      at log (scripts/generate-install-manifest.js:266:17)

  console.log
    Generating manifest for aios-core v4.0.4...

      at log (scripts/generate-install-manifest.js:221:11)

  console.log
    Found 972 files to include in manifest

      at log (scripts/generate-install-manifest.js:244:11)

  console.log
      Processed 50/972 files...

      at log (scripts/generate-install-manifest.js:266:17)

  console.log
      Processed 100/972 files...

      at log (scripts/generate-install-manifest.js:266:17)

  console.log
      Processed 150/972 files...

      at log (scripts/generate-install-manifest.js:266:17)

  console.log
      Processed 200/972 files...

      at log (scripts/generate-install-manifest.js:266:17)

  console.log
      Processed 250/972 files...

      at log (scripts/generate-install-manifest.js:266:17)

  console.log
      Processed 300/972 files...

      at log (scripts/generate-install-manifest.js:266:17)

  console.log
      Processed 350/972 files...

      at log (scripts/generate-install-manifest.js:266:17)

  console.log
      Processed 400/972 files...

      at log (scripts/generate-install-manifest.js:266:17)

  console.log
      Processed 450/972 files...

      at log (scripts/generate-install-manifest.js:266:17)

  console.log
      Processed 500/972 files...

      at log (scripts/generate-install-manifest.js:266:17)

  console.log
      Processed 550/972 files...

      at log (scripts/generate-install-manifest.js:266:17)

  console.log
      Processed 600/972 files...

      at log (scripts/generate-install-manifest.js:266:17)

  console.log
      Processed 650/972 files...

      at log (scripts/generate-install-manifest.js:266:17)

  console.log
      Processed 700/972 files...

      at log (scripts/generate-install-manifest.js:266:17)

  console.log
      Processed 750/972 files...

      at log (scripts/generate-install-manifest.js:266:17)

  console.log
      Processed 800/972 files...

      at log (scripts/generate-install-manifest.js:266:17)

  console.log
      Processed 850/972 files...

      at log (scripts/generate-install-manifest.js:266:17)

  console.log
      Processed 900/972 files...

      at log (scripts/generate-install-manifest.js:266:17)

  console.log
      Processed 950/972 files...

      at log (scripts/generate-install-manifest.js:266:17)

PASS tests/installer/generate-manifest.test.js
  generate-install-manifest
    FOLDERS_TO_COPY
      ÔêÜ should include v2.1 modular structure folders (1 ms)
      ÔêÜ should include v2.0 legacy folders (1 ms)
    ROOT_FILES_TO_COPY
      ÔêÜ should include essential root files (1 ms)
    getFileType
      ÔêÜ should identify agent files
      ÔêÜ should identify task files
      ÔêÜ should identify workflow files (1 ms)
      ÔêÜ should identify template files
      ÔêÜ should identify checklist files (1 ms)
      ÔêÜ should identify code files
      ÔêÜ should identify config files (1 ms)
      ÔêÜ should identify documentation files
      ÔêÜ should handle Windows-style paths (1 ms)
    scanDirectory
      ÔêÜ should find all files recursively (1 ms)
      ÔêÜ should return absolute paths (1 ms)
      ÔêÜ should return empty array for non-existent directory (1 ms)
      ÔêÜ should exclude node_modules (2 ms)
    generateManifest
      ÔêÜ should generate valid manifest structure (245 ms)
      ÔêÜ should include file metadata (225 ms)
      ÔêÜ should have hash with sha256 prefix (234 ms)
      ÔêÜ should use forward slashes in paths (250 ms)
      ÔêÜ should have files in consistent order (467 ms)

  console.log
    [19:12:45] [MasterOrchestrator]  MasterOrchestrator initialized

      at MasterOrchestrator.log [as _log] (.aios-core/core/orchestration/master-orchestrator.js:1470:13)

  console.log
    [19:12:45] [MasterOrchestrator]  MasterOrchestrator initialized

      at MasterOrchestrator.log [as _log] (.aios-core/core/orchestration/master-orchestrator.js:1470:13)

  console.log
    [19:12:45] [MasterOrchestrator]  MasterOrchestrator initialized

      at MasterOrchestrator.log [as _log] (.aios-core/core/orchestration/master-orchestrator.js:1470:13)

  console.log
    [19:12:45] [MasterOrchestrator]  MasterOrchestrator initialized

      at MasterOrchestrator.log [as _log] (.aios-core/core/orchestration/master-orchestrator.js:1470:13)

  console.log
    [19:12:45] [MasterOrchestrator]  MasterOrchestrator initialized

      at MasterOrchestrator.log [as _log] (.aios-core/core/orchestration/master-orchestrator.js:1470:13)

  console.log
    [19:12:45] [MasterOrchestrator]  MasterOrchestrator initialized

      at MasterOrchestrator.log [as _log] (.aios-core/core/orchestration/master-orchestrator.js:1470:13)

  console.log
    [19:12:45] [MasterOrchestrator]  MasterOrchestrator initialized

      at MasterOrchestrator.log [as _log] (.aios-core/core/orchestration/master-orchestrator.js:1470:13)

  console.log
    [19:12:45] [MasterOrchestrator]  Starting initialization...

      at MasterOrchestrator.log [as _log] (.aios-core/core/orchestration/master-orchestrator.js:1470:13)

  console.log
    [19:12:45] [MasterOrchestrator]  Running pre-flight tech stack detection...

      at MasterOrchestrator.log [as _log] (.aios-core/core/orchestration/master-orchestrator.js:1470:13)

  console.log
    [19:12:45] [MasterOrchestrator]  Tech stack detected: Frontend: react

      at MasterOrchestrator.log [as _log] (.aios-core/core/orchestration/master-orchestrator.js:1470:13)

  console.log
       ­ƒôè State: initialized ÔåÆ ready

      at MasterOrchestrator.log [as _defaultStateChange] (.aios-core/core/orchestration/master-orchestrator.js:1501:13)

  console.log
    [19:12:45] [MasterOrchestrator]  State transition: initialized ÔåÆ ready

      at MasterOrchestrator.log [as _log] (.aios-core/core/orchestration/master-orchestrator.js:1470:13)

  console.log
    [19:12:45] [MasterOrchestrator]  State saved successfully

      at MasterOrchestrator.log [as _log] (.aios-core/core/orchestration/master-orchestrator.js:1470:13)

  console.log
    [19:12:45] [MasterOrchestrator]  Initialization complete

      at MasterOrchestrator.log [as _log] (.aios-core/core/orchestration/master-orchestrator.js:1470:13)

  console.log
    [19:12:45] [MasterOrchestrator]  MasterOrchestrator initialized

      at MasterOrchestrator.log [as _log] (.aios-core/core/orchestration/master-orchestrator.js:1470:13)

  console.log
    [19:12:45] [MasterOrchestrator]  Starting initialization...

      at MasterOrchestrator.log [as _log] (.aios-core/core/orchestration/master-orchestrator.js:1470:13)

  console.log
    [19:12:45] [MasterOrchestrator]  Running pre-flight tech stack detection...

      at MasterOrchestrator.log [as _log] (.aios-core/core/orchestration/master-orchestrator.js:1470:13)

  console.log
    [19:12:45] [MasterOrchestrator]  Tech stack detected: Frontend: react

      at MasterOrchestrator.log [as _log] (.aios-core/core/orchestration/master-orchestrator.js:1470:13)

  console.log
       ­ƒôè State: initialized ÔåÆ ready

      at MasterOrchestrator.log [as _defaultStateChange] (.aios-core/core/orchestration/master-orchestrator.js:1501:13)

  console.log
    [19:12:45] [MasterOrchestrator]  State transition: initialized ÔåÆ ready

      at MasterOrchestrator.log [as _log] (.aios-core/core/orchestration/master-orchestrator.js:1470:13)

  console.log
    [19:12:45] [MasterOrchestrator]  State saved successfully

      at MasterOrchestrator.log [as _log] (.aios-core/core/orchestration/master-orchestrator.js:1470:13)

  console.log
    [19:12:45] [MasterOrchestrator]  Initialization complete

      at MasterOrchestrator.log [as _log] (.aios-core/core/orchestration/master-orchestrator.js:1470:13)

  console.log
    [19:12:45] [MasterOrchestrator]  MasterOrchestrator initialized

      at MasterOrchestrator.log [as _log] (.aios-core/core/orchestration/master-orchestrator.js:1470:13)

  console.log
    [19:12:45] [MasterOrchestrator]  MasterOrchestrator initialized

      at MasterOrchestrator.log [as _log] (.aios-core/core/orchestration/master-orchestrator.js:1470:13)

  console.log
    [19:12:45] [MasterOrchestrator]  Starting initialization...

      at MasterOrchestrator.log [as _log] (.aios-core/core/orchestration/master-orchestrator.js:1470:13)

  console.log
    [19:12:45] [MasterOrchestrator]  Running pre-flight tech stack detection...

      at MasterOrchestrator.log [as _log] (.aios-core/core/orchestration/master-orchestrator.js:1470:13)

  console.log
    [19:12:45] [MasterOrchestrator]  Tech stack detected: Frontend: react

      at MasterOrchestrator.log [as _log] (.aios-core/core/orchestration/master-orchestrator.js:1470:13)

  console.log
       ­ƒôè State: initialized ÔåÆ ready

      at MasterOrchestrator.log [as _defaultStateChange] (.aios-core/core/orchestration/master-orchestrator.js:1501:13)

  console.log
    [19:12:45] [MasterOrchestrator]  State transition: initialized ÔåÆ ready

      at MasterOrchestrator.log [as _log] (.aios-core/core/orchestration/master-orchestrator.js:1470:13)

  console.log
    [19:12:45] [MasterOrchestrator]  State saved successfully

      at MasterOrchestrator.log [as _log] (.aios-core/core/orchestration/master-orchestrator.js:1470:13)

  console.log
    [19:12:45] [MasterOrchestrator]  Initialization complete

      at MasterOrchestrator.log [as _log] (.aios-core/core/orchestration/master-orchestrator.js:1470:13)

  console.log
    [19:12:45] [MasterOrchestrator]  MasterOrchestrator initialized

      at MasterOrchestrator.log [as _log] (.aios-core/core/orchestration/master-orchestrator.js:1470:13)

  console.log
    [19:12:45] [MasterOrchestrator]  Starting initialization...

      at MasterOrchestrator.log [as _log] (.aios-core/core/orchestration/master-orchestrator.js:1470:13)

  console.log
    [19:12:45] [MasterOrchestrator]  Running pre-flight tech stack detection...

      at MasterOrchestrator.log [as _log] (.aios-core/core/orchestration/master-orchestrator.js:1470:13)

  console.log
    [19:12:45] [MasterOrchestrator]  Tech stack detected: Frontend: react

      at MasterOrchestrator.log [as _log] (.aios-core/core/orchestration/master-orchestrator.js:1470:13)

  console.log
       ­ƒôè State: initialized ÔåÆ ready

      at MasterOrchestrator.log [as _defaultStateChange] (.aios-core/core/orchestration/master-orchestrator.js:1501:13)

  console.log
    [19:12:45] [MasterOrchestrator]  State transition: initialized ÔåÆ ready

      at MasterOrchestrator.log [as _log] (.aios-core/core/orchestration/master-orchestrator.js:1470:13)

  console.log
    [19:12:45] [MasterOrchestrator]  State saved successfully

      at MasterOrchestrator.log [as _log] (.aios-core/core/orchestration/master-orchestrator.js:1470:13)

  console.log
    [19:12:45] [MasterOrchestrator]  Initialization complete

      at MasterOrchestrator.log [as _log] (.aios-core/core/orchestration/master-orchestrator.js:1470:13)

  console.log
    [19:12:45] [MasterOrchestrator]  MasterOrchestrator initialized

      at MasterOrchestrator.log [as _log] (.aios-core/core/orchestration/master-orchestrator.js:1470:13)

  console.log
    [19:12:45] [MasterOrchestrator]  Starting initialization...

      at MasterOrchestrator.log [as _log] (.aios-core/core/orchestration/master-orchestrator.js:1470:13)

  console.log
    [19:12:45] [MasterOrchestrator]  Running pre-flight tech stack detection...

      at MasterOrchestrator.log [as _log] (.aios-core/core/orchestration/master-orchestrator.js:1470:13)

  console.log
    [19:12:45] [MasterOrchestrator]  Tech stack detected: Frontend: react

      at MasterOrchestrator.log [as _log] (.aios-core/core/orchestration/master-orchestrator.js:1470:13)

  console.log
       ­ƒôè State: initialized ÔåÆ ready

      at MasterOrchestrator.log [as _defaultStateChange] (.aios-core/core/orchestration/master-orchestrator.js:1501:13)

  console.log
    [19:12:45] [MasterOrchestrator]  State transition: initialized ÔåÆ ready

      at MasterOrchestrator.log [as _log] (.aios-core/core/orchestration/master-orchestrator.js:1470:13)

  console.log
    [19:12:45] [MasterOrchestrator]  State saved successfully

      at MasterOrchestrator.log [as _log] (.aios-core/core/orchestration/master-orchestrator.js:1470:13)

  console.log
    [19:12:45] [MasterOrchestrator]  Initialization complete

      at MasterOrchestrator.log [as _log] (.aios-core/core/orchestration/master-orchestrator.js:1470:13)

  console.log
    [19:12:45] [MasterOrchestrator] ­ƒôØ Starting Epic 3: Spec Pipeline

      at MasterOrchestrator.log [as _log] (.aios-core/core/orchestration/master-orchestrator.js:1470:13)

  console.log
    
    ­ƒôØ Starting Epic 3: Spec Pipeline

      at MasterOrchestrator.log [as _defaultEpicStart] (.aios-core/core/orchestration/master-orchestrator.js:1483:13)

  console.log
       Requirements ÔåÆ Specification generation

      at MasterOrchestrator.log [as _defaultEpicStart] (.aios-core/core/orchestration/master-orchestrator.js:1484:13)

  console.log
    [19:12:45] [MasterOrchestrator]  [Epic3] Starting Epic 3 execution

      at MasterOrchestrator.log [as _log] (.aios-core/core/orchestration/master-orchestrator.js:1470:13)

  console.log
    [19:12:45] [MasterOrchestrator]  [Epic3] Executing Spec Pipeline for TEST-001

      at MasterOrchestrator.log [as _log] (.aios-core/core/orchestration/master-orchestrator.js:1470:13)

  console.log
    [19:12:45] [MasterOrchestrator]  [Epic3] Source: story, Tech Stack: detected

      at MasterOrchestrator.log [as _log] (.aios-core/core/orchestration/master-orchestrator.js:1470:13)

  console.log
    [19:12:45] [MasterOrchestrator]  [Epic3] Running phase: gather-requirements

      at MasterOrchestrator.log [as _log] (.aios-core/core/orchestration/master-orchestrator.js:1470:13)

  console.log
    [19:12:45] [MasterOrchestrator]  [Epic3] Task file not found: C:\Users\EDUCAC~1\AppData\Local\Temp\master-orchestrator-test-1773169965253\.aios-core\development\tasks\spec-gather-requirements.md

      at MasterOrchestrator.log [as _log] (.aios-core/core/orchestration/master-orchestrator.js:1470:13)

  console.log
    [19:12:45] [MasterOrchestrator]  [Epic3] Running phase: assess-complexity

      at MasterOrchestrator.log [as _log] (.aios-core/core/orchestration/master-orchestrator.js:1470:13)

  console.log
    [19:12:45] [MasterOrchestrator]  [Epic3] Task file not found: C:\Users\EDUCAC~1\AppData\Local\Temp\master-orchestrator-test-1773169965253\.aios-core\development\tasks\spec-assess-complexity.md

      at MasterOrchestrator.log [as _log] (.aios-core/core/orchestration/master-orchestrator.js:1470:13)

  console.log
    [19:12:45] [MasterOrchestrator]  [Epic3] Running phase: research-dependencies

      at MasterOrchestrator.log [as _log] (.aios-core/core/orchestration/master-orchestrator.js:1470:13)

  console.log
    [19:12:45] [MasterOrchestrator]  [Epic3] Task file not found: C:\Users\EDUCAC~1\AppData\Local\Temp\master-orchestrator-test-1773169965253\.aios-core\development\tasks\spec-research-dependencies.md

      at MasterOrchestrator.log [as _log] (.aios-core/core/orchestration/master-orchestrator.js:1470:13)

  console.log
    [19:12:45] [MasterOrchestrator]  [Epic3] Running phase: write-spec

      at MasterOrchestrator.log [as _log] (.aios-core/core/orchestration/master-orchestrator.js:1470:13)

  console.log
    [19:12:45] [MasterOrchestrator]  [Epic3] Task file not found: C:\Users\EDUCAC~1\AppData\Local\Temp\master-orchestrator-test-1773169965253\.aios-core\development\tasks\spec-write-spec.md

      at MasterOrchestrator.log [as _log] (.aios-core/core/orchestration/master-orchestrator.js:1470:13)

  console.log
    [19:12:45] [MasterOrchestrator]  [Epic3] Running phase: critique

      at MasterOrchestrator.log [as _log] (.aios-core/core/orchestration/master-orchestrator.js:1470:13)

  console.log
    [19:12:45] [MasterOrchestrator]  [Epic3] Task file not found: C:\Users\EDUCAC~1\AppData\Local\Temp\master-orchestrator-test-1773169965253\.aios-core\development\tasks\spec-critique.md

      at MasterOrchestrator.log [as _log] (.aios-core/core/orchestration/master-orchestrator.js:1470:13)

  console.log
    [19:12:45] [MasterOrchestrator]  [Epic3] Created stub spec (real spec generation requires agent invocation)

      at MasterOrchestrator.log [as _log] (.aios-core/core/orchestration/master-orchestrator.js:1470:13)

  console.log
    [19:12:45] [MasterOrchestrator]  [Epic3] Epic 3 completed successfully

      at MasterOrchestrator.log [as _log] (.aios-core/core/orchestration/master-orchestrator.js:1470:13)

  console.log
    [19:12:45] [MasterOrchestrator]  State saved successfully

      at MasterOrchestrator.log [as _log] (.aios-core/core/orchestration/master-orchestrator.js:1470:13)

  console.log
       Ô£à Epic 3 complete

      at MasterOrchestrator.log [as _defaultEpicComplete] (.aios-core/core/orchestration/master-orchestrator.js:1493:13)

  console.log
    [19:12:45] [MasterOrchestrator] Ô£à Epic 3 completed successfully

      at MasterOrchestrator.log [as _log] (.aios-core/core/orchestration/master-orchestrator.js:1470:13)

  console.log
    [19:12:45] [MasterOrchestrator]  MasterOrchestrator initialized

      at MasterOrchestrator.log [as _log] (.aios-core/core/orchestration/master-orchestrator.js:1470:13)

  console.log
    [19:12:45] [MasterOrchestrator]  Starting initialization...

      at MasterOrchestrator.log [as _log] (.aios-core/core/orchestration/master-orchestrator.js:1470:13)

  console.log
    [19:12:45] [MasterOrchestrator]  Running pre-flight tech stack detection...

      at MasterOrchestrator.log [as _log] (.aios-core/core/orchestration/master-orchestrator.js:1470:13)

  console.log
    [19:12:45] [MasterOrchestrator]  Tech stack detected: Frontend: react

      at MasterOrchestrator.log [as _log] (.aios-core/core/orchestration/master-orchestrator.js:1470:13)

  console.log
       ­ƒôè State: initialized ÔåÆ ready

      at MasterOrchestrator.log [as _defaultStateChange] (.aios-core/core/orchestration/master-orchestrator.js:1501:13)

  console.log
    [19:12:45] [MasterOrchestrator]  State transition: initialized ÔåÆ ready

      at MasterOrchestrator.log [as _log] (.aios-core/core/orchestration/master-orchestrator.js:1470:13)

  console.log
    [19:12:45] [MasterOrchestrator]  State saved successfully

      at MasterOrchestrator.log [as _log] (.aios-core/core/orchestration/master-orchestrator.js:1470:13)

  console.log
    [19:12:45] [MasterOrchestrator]  Initialization complete

      at MasterOrchestrator.log [as _log] (.aios-core/core/orchestration/master-orchestrator.js:1470:13)

  console.log
    [19:12:45] [MasterOrchestrator] ­ƒôØ Starting Epic 3: Spec Pipeline

      at MasterOrchestrator.log [as _log] (.aios-core/core/orchestration/master-orchestrator.js:1470:13)

  console.log
    
    ­ƒôØ Starting Epic 3: Spec Pipeline

      at MasterOrchestrator.log [as _defaultEpicStart] (.aios-core/core/orchestration/master-orchestrator.js:1483:13)

  console.log
       Requirements ÔåÆ Specification generation

      at MasterOrchestrator.log [as _defaultEpicStart] (.aios-core/core/orchestration/master-orchestrator.js:1484:13)

  console.log
    [19:12:45] [MasterOrchestrator]  [Epic3] Starting Epic 3 execution

      at MasterOrchestrator.log [as _log] (.aios-core/core/orchestration/master-orchestrator.js:1470:13)

  console.log
    [19:12:45] [MasterOrchestrator]  [Epic3] Executing Spec Pipeline for TEST-001

      at MasterOrchestrator.log [as _log] (.aios-core/core/orchestration/master-orchestrator.js:1470:13)

  console.log
    [19:12:45] [MasterOrchestrator]  [Epic3] Source: story, Tech Stack: detected

      at MasterOrchestrator.log [as _log] (.aios-core/core/orchestration/master-orchestrator.js:1470:13)

  console.log
    [19:12:45] [MasterOrchestrator]  [Epic3] Running phase: gather-requirements

      at MasterOrchestrator.log [as _log] (.aios-core/core/orchestration/master-orchestrator.js:1470:13)

  console.log
    [19:12:45] [MasterOrchestrator]  [Epic3] Task file not found: C:\Users\EDUCAC~1\AppData\Local\Temp\master-orchestrator-test-1773169965299\.aios-core\development\tasks\spec-gather-requirements.md

      at MasterOrchestrator.log [as _log] (.aios-core/core/orchestration/master-orchestrator.js:1470:13)

  console.log
    [19:12:45] [MasterOrchestrator]  [Epic3] Running phase: assess-complexity

      at MasterOrchestrator.log [as _log] (.aios-core/core/orchestration/master-orchestrator.js:1470:13)

  console.log
    [19:12:45] [MasterOrchestrator]  [Epic3] Task file not found: C:\Users\EDUCAC~1\AppData\Local\Temp\master-orchestrator-test-1773169965299\.aios-core\development\tasks\spec-assess-complexity.md

      at MasterOrchestrator.log [as _log] (.aios-core/core/orchestration/master-orchestrator.js:1470:13)

  console.log
    [19:12:45] [MasterOrchestrator]  [Epic3] Running phase: research-dependencies

      at MasterOrchestrator.log [as _log] (.aios-core/core/orchestration/master-orchestrator.js:1470:13)

  console.log
    [19:12:45] [MasterOrchestrator]  [Epic3] Task file not found: C:\Users\EDUCAC~1\AppData\Local\Temp\master-orchestrator-test-1773169965299\.aios-core\development\tasks\spec-research-dependencies.md

      at MasterOrchestrator.log [as _log] (.aios-core/core/orchestration/master-orchestrator.js:1470:13)

  console.log
    [19:12:45] [MasterOrchestrator]  [Epic3] Running phase: write-spec

      at MasterOrchestrator.log [as _log] (.aios-core/core/orchestration/master-orchestrator.js:1470:13)

  console.log
    [19:12:45] [MasterOrchestrator]  [Epic3] Task file not found: C:\Users\EDUCAC~1\AppData\Local\Temp\master-orchestrator-test-1773169965299\.aios-core\development\tasks\spec-write-spec.md

      at MasterOrchestrator.log [as _log] (.aios-core/core/orchestration/master-orchestrator.js:1470:13)

  console.log
    [19:12:45] [MasterOrchestrator]  [Epic3] Running phase: critique

      at MasterOrchestrator.log [as _log] (.aios-core/core/orchestration/master-orchestrator.js:1470:13)

  console.log
    [19:12:45] [MasterOrchestrator]  [Epic3] Task file not found: C:\Users\EDUCAC~1\AppData\Local\Temp\master-orchestrator-test-1773169965299\.aios-core\development\tasks\spec-critique.md

      at MasterOrchestrator.log [as _log] (.aios-core/core/orchestration/master-orchestrator.js:1470:13)

  console.log
    [19:12:45] [MasterOrchestrator]  [Epic3] Created stub spec (real spec generation requires agent invocation)

      at MasterOrchestrator.log [as _log] (.aios-core/core/orchestration/master-orchestrator.js:1470:13)

  console.log
    [19:12:45] [MasterOrchestrator]  [Epic3] Epic 3 completed successfully

      at MasterOrchestrator.log [as _log] (.aios-core/core/orchestration/master-orchestrator.js:1470:13)

  console.log
    [19:12:45] [MasterOrchestrator]  State saved successfully

      at MasterOrchestrator.log [as _log] (.aios-core/core/orchestration/master-orchestrator.js:1470:13)

  console.log
       Ô£à Epic 3 complete

      at MasterOrchestrator.log [as _defaultEpicComplete] (.aios-core/core/orchestration/master-orchestrator.js:1493:13)

  console.log
    [19:12:45] [MasterOrchestrator] Ô£à Epic 3 completed successfully

      at MasterOrchestrator.log [as _log] (.aios-core/core/orchestration/master-orchestrator.js:1470:13)

  console.log
    [19:12:45] [MasterOrchestrator]  MasterOrchestrator initialized

      at MasterOrchestrator.log [as _log] (.aios-core/core/orchestration/master-orchestrator.js:1470:13)

  console.log
    [19:12:45] [MasterOrchestrator]  Starting initialization...

      at MasterOrchestrator.log [as _log] (.aios-core/core/orchestration/master-orchestrator.js:1470:13)

  console.log
    [19:12:45] [MasterOrchestrator]  Running pre-flight tech stack detection...

      at MasterOrchestrator.log [as _log] (.aios-core/core/orchestration/master-orchestrator.js:1470:13)

  console.log
    [19:12:45] [MasterOrchestrator]  Tech stack detected: Frontend: react

      at MasterOrchestrator.log [as _log] (.aios-core/core/orchestration/master-orchestrator.js:1470:13)

  console.log
       ­ƒôè State: initialized ÔåÆ ready

      at MasterOrchestrator.log [as _defaultStateChange] (.aios-core/core/orchestration/master-orchestrator.js:1501:13)

  console.log
    [19:12:45] [MasterOrchestrator]  State transition: initialized ÔåÆ ready

      at MasterOrchestrator.log [as _log] (.aios-core/core/orchestration/master-orchestrator.js:1470:13)

  console.log
    [19:12:45] [MasterOrchestrator]  State saved successfully

      at MasterOrchestrator.log [as _log] (.aios-core/core/orchestration/master-orchestrator.js:1470:13)

  console.log
    [19:12:45] [MasterOrchestrator]  Initialization complete

      at MasterOrchestrator.log [as _log] (.aios-core/core/orchestration/master-orchestrator.js:1470:13)

  console.log
    [19:12:45] [MasterOrchestrator] ÔÜÖ´©Å Starting Epic 4: Execution Engine

      at MasterOrchestrator.log [as _log] (.aios-core/core/orchestration/master-orchestrator.js:1470:13)

  console.log
    
    ÔÜÖ´©Å Starting Epic 4: Execution Engine

      at MasterOrchestrator.log [as _defaultEpicStart] (.aios-core/core/orchestration/master-orchestrator.js:1483:13)

  console.log
       Plan tracking and subtask execution

      at MasterOrchestrator.log [as _defaultEpicStart] (.aios-core/core/orchestration/master-orchestrator.js:1484:13)

  console.log
    [19:12:45] [MasterOrchestrator]  [Epic4] Starting Epic 4 execution

      at MasterOrchestrator.log [as _log] (.aios-core/core/orchestration/master-orchestrator.js:1470:13)

  console.log
    [19:12:45] [MasterOrchestrator]  [Epic4] Executing for story: TEST-001

      at MasterOrchestrator.log [as _log] (.aios-core/core/orchestration/master-orchestrator.js:1470:13)

  console.log
    [19:12:45] [MasterOrchestrator]  [Epic4] Complexity: STANDARD

      at MasterOrchestrator.log [as _log] (.aios-core/core/orchestration/master-orchestrator.js:1470:13)

  console.log
    [19:12:45] [MasterOrchestrator]  [Epic4] Created stub implementation plan

      at MasterOrchestrator.log [as _log] (.aios-core/core/orchestration/master-orchestrator.js:1470:13)

  console.log
    [19:12:45] [MasterOrchestrator]  [Epic4] Using plan: C:\Users\EDUCAC~1\AppData\Local\Temp\master-orchestrator-test-1773169965345\docs\stories\TEST-001\plan\implementation.yaml

      at MasterOrchestrator.log [as _log] (.aios-core/core/orchestration/master-orchestrator.js:1470:13)

  console.log
    [19:12:45] [MasterOrchestrator]  [Epic4] PlanTracker not available: Cannot find module '../../infrastructure/scripts/plan-tracker' from '.aios-core/core/orchestration/executors/epic-4-executor.js'

      at MasterOrchestrator.log [as _log] (.aios-core/core/orchestration/master-orchestrator.js:1470:13)

  console.log
    [19:12:45] [MasterOrchestrator]  [Epic4] Epic 4 completed successfully

      at MasterOrchestrator.log [as _log] (.aios-core/core/orchestration/master-orchestrator.js:1470:13)

  console.log
    [19:12:45] [MasterOrchestrator]  State saved successfully

      at MasterOrchestrator.log [as _log] (.aios-core/core/orchestration/master-orchestrator.js:1470:13)

  console.log
       Ô£à Epic 4 complete

      at MasterOrchestrator.log [as _defaultEpicComplete] (.aios-core/core/orchestration/master-orchestrator.js:1493:13)

  console.log
    [19:12:45] [MasterOrchestrator] Ô£à Epic 4 completed successfully

      at MasterOrchestrator.log [as _log] (.aios-core/core/orchestration/master-orchestrator.js:1470:13)

  console.log
    [19:12:45] [MasterOrchestrator]  MasterOrchestrator initialized

      at MasterOrchestrator.log [as _log] (.aios-core/core/orchestration/master-orchestrator.js:1470:13)

  console.log
    [19:12:45] [MasterOrchestrator]  Starting initialization...

      at MasterOrchestrator.log [as _log] (.aios-core/core/orchestration/master-orchestrator.js:1470:13)

  console.log
    [19:12:45] [MasterOrchestrator]  Running pre-flight tech stack detection...

      at MasterOrchestrator.log [as _log] (.aios-core/core/orchestration/master-orchestrator.js:1470:13)

  console.log
    [19:12:45] [MasterOrchestrator]  Tech stack detected: Frontend: react

      at MasterOrchestrator.log [as _log] (.aios-core/core/orchestration/master-orchestrator.js:1470:13)

  console.log
       ­ƒôè State: initialized ÔåÆ ready

      at MasterOrchestrator.log [as _defaultStateChange] (.aios-core/core/orchestration/master-orchestrator.js:1501:13)

  console.log
    [19:12:45] [MasterOrchestrator]  State transition: initialized ÔåÆ ready

      at MasterOrchestrator.log [as _log] (.aios-core/core/orchestration/master-orchestrator.js:1470:13)

  console.log
    [19:12:45] [MasterOrchestrator]  State saved successfully

      at MasterOrchestrator.log [as _log] (.aios-core/core/orchestration/master-orchestrator.js:1470:13)

  console.log
    [19:12:45] [MasterOrchestrator]  Initialization complete

      at MasterOrchestrator.log [as _log] (.aios-core/core/orchestration/master-orchestrator.js:1470:13)

  console.log
    [19:12:45] [MasterOrchestrator]  MasterOrchestrator initialized

      at MasterOrchestrator.log [as _log] (.aios-core/core/orchestration/master-orchestrator.js:1470:13)

  console.log
    [19:12:45] [MasterOrchestrator]  Starting initialization...

      at MasterOrchestrator.log [as _log] (.aios-core/core/orchestration/master-orchestrator.js:1470:13)

  console.log
    [19:12:45] [MasterOrchestrator]  Running pre-flight tech stack detection...

      at MasterOrchestrator.log [as _log] (.aios-core/core/orchestration/master-orchestrator.js:1470:13)

  console.log
    [19:12:45] [MasterOrchestrator]  Tech stack detected: Frontend: react

      at MasterOrchestrator.log [as _log] (.aios-core/core/orchestration/master-orchestrator.js:1470:13)

  console.log
       ­ƒôè State: initialized ÔåÆ ready

      at MasterOrchestrator.log [as _defaultStateChange] (.aios-core/core/orchestration/master-orchestrator.js:1501:13)

  console.log
    [19:12:45] [MasterOrchestrator]  State transition: initialized ÔåÆ ready

      at MasterOrchestrator.log [as _log] (.aios-core/core/orchestration/master-orchestrator.js:1470:13)

  console.log
    [19:12:45] [MasterOrchestrator]  State saved successfully

      at MasterOrchestrator.log [as _log] (.aios-core/core/orchestration/master-orchestrator.js:1470:13)

  console.log
    [19:12:45] [MasterOrchestrator]  Initialization complete

      at MasterOrchestrator.log [as _log] (.aios-core/core/orchestration/master-orchestrator.js:1470:13)

  console.log
    [19:12:45] [MasterOrchestrator]  Starting full pipeline execution...

      at MasterOrchestrator.log [as _log] (.aios-core/core/orchestration/master-orchestrator.js:1470:13)

  console.log
       ­ƒôè State: ready ÔåÆ in_progress

      at MasterOrchestrator.log [as _defaultStateChange] (.aios-core/core/orchestration/master-orchestrator.js:1501:13)

  console.log
    [19:12:45] [MasterOrchestrator]  State transition: ready ÔåÆ in_progress

      at MasterOrchestrator.log [as _log] (.aios-core/core/orchestration/master-orchestrator.js:1470:13)

  console.log
    [19:12:45] [MasterOrchestrator] ­ƒôØ Starting Epic 3: Spec Pipeline

      at MasterOrchestrator.log [as _log] (.aios-core/core/orchestration/master-orchestrator.js:1470:13)

  console.log
    
    ­ƒôØ Starting Epic 3: Spec Pipeline

      at MasterOrchestrator.log [as _defaultEpicStart] (.aios-core/core/orchestration/master-orchestrator.js:1483:13)

  console.log
       Requirements ÔåÆ Specification generation

      at MasterOrchestrator.log [as _defaultEpicStart] (.aios-core/core/orchestration/master-orchestrator.js:1484:13)

  console.log
    [19:12:45] [MasterOrchestrator]  [Epic3] Starting Epic 3 execution

      at MasterOrchestrator.log [as _log] (.aios-core/core/orchestration/master-orchestrator.js:1470:13)

  console.log
    [19:12:45] [MasterOrchestrator]  [Epic3] Executing Spec Pipeline for TEST-001

      at MasterOrchestrator.log [as _log] (.aios-core/core/orchestration/master-orchestrator.js:1470:13)

  console.log
    [19:12:45] [MasterOrchestrator]  [Epic3] Source: story, Tech Stack: detected

      at MasterOrchestrator.log [as _log] (.aios-core/core/orchestration/master-orchestrator.js:1470:13)

  console.log
    [19:12:45] [MasterOrchestrator]  [Epic3] Running phase: gather-requirements

      at MasterOrchestrator.log [as _log] (.aios-core/core/orchestration/master-orchestrator.js:1470:13)

  console.log
    [19:12:45] [MasterOrchestrator]  [Epic3] Task file not found: C:\Users\EDUCAC~1\AppData\Local\Temp\master-orchestrator-test-1773169965441\.aios-core\development\tasks\spec-gather-requirements.md

      at MasterOrchestrator.log [as _log] (.aios-core/core/orchestration/master-orchestrator.js:1470:13)

  console.log
    [19:12:45] [MasterOrchestrator]  [Epic3] Running phase: assess-complexity

      at MasterOrchestrator.log [as _log] (.aios-core/core/orchestration/master-orchestrator.js:1470:13)

  console.log
    [19:12:45] [MasterOrchestrator]  [Epic3] Task file not found: C:\Users\EDUCAC~1\AppData\Local\Temp\master-orchestrator-test-1773169965441\.aios-core\development\tasks\spec-assess-complexity.md

      at MasterOrchestrator.log [as _log] (.aios-core/core/orchestration/master-orchestrator.js:1470:13)

  console.log
    [19:12:45] [MasterOrchestrator]  [Epic3] Running phase: research-dependencies

      at MasterOrchestrator.log [as _log] (.aios-core/core/orchestration/master-orchestrator.js:1470:13)

  console.log
    [19:12:45] [MasterOrchestrator]  [Epic3] Task file not found: C:\Users\EDUCAC~1\AppData\Local\Temp\master-orchestrator-test-1773169965441\.aios-core\development\tasks\spec-research-dependencies.md

      at MasterOrchestrator.log [as _log] (.aios-core/core/orchestration/master-orchestrator.js:1470:13)

  console.log
    [19:12:45] [MasterOrchestrator]  [Epic3] Running phase: write-spec

      at MasterOrchestrator.log [as _log] (.aios-core/core/orchestration/master-orchestrator.js:1470:13)

  console.log
    [19:12:45] [MasterOrchestrator]  [Epic3] Task file not found: C:\Users\EDUCAC~1\AppData\Local\Temp\master-orchestrator-test-1773169965441\.aios-core\development\tasks\spec-write-spec.md

      at MasterOrchestrator.log [as _log] (.aios-core/core/orchestration/master-orchestrator.js:1470:13)

  console.log
    [19:12:45] [MasterOrchestrator]  [Epic3] Running phase: critique

      at MasterOrchestrator.log [as _log] (.aios-core/core/orchestration/master-orchestrator.js:1470:13)

  console.log
    [19:12:45] [MasterOrchestrator]  [Epic3] Task file not found: C:\Users\EDUCAC~1\AppData\Local\Temp\master-orchestrator-test-1773169965441\.aios-core\development\tasks\spec-critique.md

      at MasterOrchestrator.log [as _log] (.aios-core/core/orchestration/master-orchestrator.js:1470:13)

  console.log
    [19:12:45] [MasterOrchestrator]  [Epic3] Created stub spec (real spec generation requires agent invocation)

      at MasterOrchestrator.log [as _log] (.aios-core/core/orchestration/master-orchestrator.js:1470:13)

  console.log
    [19:12:45] [MasterOrchestrator]  [Epic3] Epic 3 completed successfully

      at MasterOrchestrator.log [as _log] (.aios-core/core/orchestration/master-orchestrator.js:1470:13)

  console.log
    [19:12:45] [MasterOrchestrator] ­ƒÜª Evaluating gate: Epic 3 -> Epic 4

      at MasterOrchestrator.log [as _log] (.aios-core/core/orchestration/master-orchestrator.js:1470:13)

  console.log
    [19:12:45] [MasterOrchestrator]  Gate verdict: needs_revision (score: 3.3)

      at MasterOrchestrator.log [as _log] (.aios-core/core/orchestration/master-orchestrator.js:1470:13)

  console.log
    [19:12:45] [MasterOrchestrator]  State saved successfully

      at MasterOrchestrator.log [as _log] (.aios-core/core/orchestration/master-orchestrator.js:1470:13)

  console.log
       Ô£à Epic 3 complete

      at MasterOrchestrator.log [as _defaultEpicComplete] (.aios-core/core/orchestration/master-orchestrator.js:1493:13)

  console.log
    [19:12:45] [MasterOrchestrator] Ô£à Epic 3 completed successfully

      at MasterOrchestrator.log [as _log] (.aios-core/core/orchestration/master-orchestrator.js:1470:13)

  console.log
    [19:12:45] [MasterOrchestrator] ÔÜá´©Å Gate needs revision: epic3_to_epic4

      at MasterOrchestrator.log [as _log] (.aios-core/core/orchestration/master-orchestrator.js:1470:13)

  console.log
    [19:12:45] [MasterOrchestrator]  State saved successfully

      at MasterOrchestrator.log [as _log] (.aios-core/core/orchestration/master-orchestrator.js:1470:13)

  console.log
    [19:12:45] [MasterOrchestrator] ÔÜÖ´©Å Starting Epic 4: Execution Engine

      at MasterOrchestrator.log [as _log] (.aios-core/core/orchestration/master-orchestrator.js:1470:13)

  console.log
    
    ÔÜÖ´©Å Starting Epic 4: Execution Engine

      at MasterOrchestrator.log [as _defaultEpicStart] (.aios-core/core/orchestration/master-orchestrator.js:1483:13)

  console.log
       Plan tracking and subtask execution

      at MasterOrchestrator.log [as _defaultEpicStart] (.aios-core/core/orchestration/master-orchestrator.js:1484:13)

  console.log
    [19:12:45] [MasterOrchestrator]  [Epic4] Starting Epic 4 execution

      at MasterOrchestrator.log [as _log] (.aios-core/core/orchestration/master-orchestrator.js:1470:13)

  console.log
    [19:12:45] [MasterOrchestrator]  [Epic4] Executing for story: TEST-001

      at MasterOrchestrator.log [as _log] (.aios-core/core/orchestration/master-orchestrator.js:1470:13)

  console.log
    [19:12:45] [MasterOrchestrator]  [Epic4] Complexity: STANDARD

      at MasterOrchestrator.log [as _log] (.aios-core/core/orchestration/master-orchestrator.js:1470:13)

  console.log
    [19:12:45] [MasterOrchestrator]  [Epic4] Created stub implementation plan

      at MasterOrchestrator.log [as _log] (.aios-core/core/orchestration/master-orchestrator.js:1470:13)

  console.log
    [19:12:45] [MasterOrchestrator]  [Epic4] Using plan: C:\Users\EDUCAC~1\AppData\Local\Temp\master-orchestrator-test-1773169965441\docs\stories\TEST-001\plan\implementation.yaml

      at MasterOrchestrator.log [as _log] (.aios-core/core/orchestration/master-orchestrator.js:1470:13)

  console.log
    [19:12:45] [MasterOrchestrator]  [Epic4] PlanTracker not available: Cannot find module '../../infrastructure/scripts/plan-tracker' from '.aios-core/core/orchestration/executors/epic-4-executor.js'

      at MasterOrchestrator.log [as _log] (.aios-core/core/orchestration/master-orchestrator.js:1470:13)

  console.log
    [19:12:45] [MasterOrchestrator]  [Epic4] Epic 4 completed successfully

      at MasterOrchestrator.log [as _log] (.aios-core/core/orchestration/master-orchestrator.js:1470:13)

  console.log
    [19:12:45] [MasterOrchestrator] ­ƒÜª Evaluating gate: Epic 4 -> Epic 6

      at MasterOrchestrator.log [as _log] (.aios-core/core/orchestration/master-orchestrator.js:1470:13)

  console.log
    [19:12:45] [MasterOrchestrator]  Gate verdict: approved (score: 5.0)

      at MasterOrchestrator.log [as _log] (.aios-core/core/orchestration/master-orchestrator.js:1470:13)

  console.log
    [19:12:45] [MasterOrchestrator]  State saved successfully

      at MasterOrchestrator.log [as _log] (.aios-core/core/orchestration/master-orchestrator.js:1470:13)

  console.log
       Ô£à Epic 4 complete

      at MasterOrchestrator.log [as _defaultEpicComplete] (.aios-core/core/orchestration/master-orchestrator.js:1493:13)

  console.log
    [19:12:45] [MasterOrchestrator] Ô£à Epic 4 completed successfully

      at MasterOrchestrator.log [as _log] (.aios-core/core/orchestration/master-orchestrator.js:1470:13)

  console.log
    [19:12:45] [MasterOrchestrator]  State saved successfully

      at MasterOrchestrator.log [as _log] (.aios-core/core/orchestration/master-orchestrator.js:1470:13)

  console.log
    [19:12:45] [MasterOrchestrator] ­ƒöì Starting Epic 6: QA Loop

      at MasterOrchestrator.log [as _log] (.aios-core/core/orchestration/master-orchestrator.js:1470:13)

  console.log
    
    ­ƒöì Starting Epic 6: QA Loop

      at MasterOrchestrator.log [as _defaultEpicStart] (.aios-core/core/orchestration/master-orchestrator.js:1483:13)

  console.log
       Quality assurance and validation

      at MasterOrchestrator.log [as _defaultEpicStart] (.aios-core/core/orchestration/master-orchestrator.js:1484:13)

  console.log
    [19:12:45] [MasterOrchestrator]  [Epic6] Starting Epic 6 execution

      at MasterOrchestrator.log [as _log] (.aios-core/core/orchestration/master-orchestrator.js:1470:13)

  console.log
    [19:12:45] [MasterOrchestrator]  [Epic6] Starting QA loop for TEST-001

      at MasterOrchestrator.log [as _log] (.aios-core/core/orchestration/master-orchestrator.js:1470:13)

  console.log
    [19:12:45] [MasterOrchestrator]  [Epic6] QA iteration 1/3

      at MasterOrchestrator.log [as _log] (.aios-core/core/orchestration/master-orchestrator.js:1470:13)

  console.log
    [19:12:45] [MasterOrchestrator]  [Epic6] Running review cycle 1

      at MasterOrchestrator.log [as _log] (.aios-core/core/orchestration/master-orchestrator.js:1470:13)

  console.log
    [19:12:45] [MasterOrchestrator]  [Epic6] QA Loop Orchestrator not available: Cannot find module '../../infrastructure/scripts/qa-loop-orchestrator' from '.aios-core/core/orchestration/executors/epic-6-executor.js'

      at MasterOrchestrator.log [as _log] (.aios-core/core/orchestration/master-orchestrator.js:1470:13)

  console.log
    [19:12:45] [MasterOrchestrator]  [Epic6] Basic quality checks completed

      at MasterOrchestrator.log [as _log] (.aios-core/core/orchestration/master-orchestrator.js:1470:13)

  console.log
    [19:12:45] [MasterOrchestrator]  [Epic6] Review needs revision, applying fixes...

      at MasterOrchestrator.log [as _log] (.aios-core/core/orchestration/master-orchestrator.js:1470:13)

  console.log
    [19:12:45] [MasterOrchestrator]  [Epic6] Applying fixes for 1 issues

      at MasterOrchestrator.log [as _log] (.aios-core/core/orchestration/master-orchestrator.js:1470:13)

  console.log
    [19:12:45] [MasterOrchestrator]  [Epic6] Would fix: missing_tests - No tests directory found

      at MasterOrchestrator.log [as _log] (.aios-core/core/orchestration/master-orchestrator.js:1470:13)

  console.log
    [19:12:45] [MasterOrchestrator]  [Epic6] QA iteration 2/3

      at MasterOrchestrator.log [as _log] (.aios-core/core/orchestration/master-orchestrator.js:1470:13)

  console.log
    [19:12:45] [MasterOrchestrator]  [Epic6] Running review cycle 2

      at MasterOrchestrator.log [as _log] (.aios-core/core/orchestration/master-orchestrator.js:1470:13)

  console.log
    [19:12:45] [MasterOrchestrator]  [Epic6] QA Loop Orchestrator not available: Cannot find module '../../infrastructure/scripts/qa-loop-orchestrator' from '.aios-core/core/orchestration/executors/epic-6-executor.js'

      at MasterOrchestrator.log [as _log] (.aios-core/core/orchestration/master-orchestrator.js:1470:13)

  console.log
    [19:12:45] [MasterOrchestrator]  [Epic6] Basic quality checks completed

      at MasterOrchestrator.log [as _log] (.aios-core/core/orchestration/master-orchestrator.js:1470:13)

  console.log
    [19:12:45] [MasterOrchestrator]  [Epic6] Review needs revision, applying fixes...

      at MasterOrchestrator.log [as _log] (.aios-core/core/orchestration/master-orchestrator.js:1470:13)

  console.log
    [19:12:45] [MasterOrchestrator]  [Epic6] Applying fixes for 1 issues

      at MasterOrchestrator.log [as _log] (.aios-core/core/orchestration/master-orchestrator.js:1470:13)

  console.log
    [19:12:45] [MasterOrchestrator]  [Epic6] Would fix: missing_tests - No tests directory found

      at MasterOrchestrator.log [as _log] (.aios-core/core/orchestration/master-orchestrator.js:1470:13)

  console.log
    [19:12:45] [MasterOrchestrator]  [Epic6] QA iteration 3/3

      at MasterOrchestrator.log [as _log] (.aios-core/core/orchestration/master-orchestrator.js:1470:13)

  console.log
    [19:12:45] [MasterOrchestrator]  [Epic6] Running review cycle 3

      at MasterOrchestrator.log [as _log] (.aios-core/core/orchestration/master-orchestrator.js:1470:13)

  console.log
    [19:12:45] [MasterOrchestrator]  [Epic6] QA Loop Orchestrator not available: Cannot find module '../../infrastructure/scripts/qa-loop-orchestrator' from '.aios-core/core/orchestration/executors/epic-6-executor.js'

      at MasterOrchestrator.log [as _log] (.aios-core/core/orchestration/master-orchestrator.js:1470:13)

  console.log
    [19:12:45] [MasterOrchestrator]  [Epic6] Basic quality checks completed

      at MasterOrchestrator.log [as _log] (.aios-core/core/orchestration/master-orchestrator.js:1470:13)

  console.log
    [19:12:45] [MasterOrchestrator]  [Epic6] Epic 6 completed successfully

      at MasterOrchestrator.log [as _log] (.aios-core/core/orchestration/master-orchestrator.js:1470:13)

  console.log
    [19:12:45] [MasterOrchestrator] ­ƒÜª Evaluating gate: Epic 6 -> Epic 7

      at MasterOrchestrator.log [as _log] (.aios-core/core/orchestration/master-orchestrator.js:1470:13)

  console.log
    [19:12:45] [MasterOrchestrator]  Gate verdict: approved (score: 5.0)

      at MasterOrchestrator.log [as _log] (.aios-core/core/orchestration/master-orchestrator.js:1470:13)

  console.log
    [19:12:45] [MasterOrchestrator]  State saved successfully

      at MasterOrchestrator.log [as _log] (.aios-core/core/orchestration/master-orchestrator.js:1470:13)

  console.log
       Ô£à Epic 6 complete

      at MasterOrchestrator.log [as _defaultEpicComplete] (.aios-core/core/orchestration/master-orchestrator.js:1493:13)

  console.log
    [19:12:45] [MasterOrchestrator] Ô£à Epic 6 completed successfully

      at MasterOrchestrator.log [as _log] (.aios-core/core/orchestration/master-orchestrator.js:1470:13)

  console.log
    [19:12:45] [MasterOrchestrator]  State saved successfully

      at MasterOrchestrator.log [as _log] (.aios-core/core/orchestration/master-orchestrator.js:1470:13)

  console.log
       ­ƒôè State: in_progress ÔåÆ complete

      at MasterOrchestrator.log [as _defaultStateChange] (.aios-core/core/orchestration/master-orchestrator.js:1501:13)

  console.log
    [19:12:45] [MasterOrchestrator]  State transition: in_progress ÔåÆ complete

      at MasterOrchestrator.log [as _log] (.aios-core/core/orchestration/master-orchestrator.js:1470:13)

  console.log
    [19:12:45] [MasterOrchestrator]  State saved successfully

      at MasterOrchestrator.log [as _log] (.aios-core/core/orchestration/master-orchestrator.js:1470:13)

  console.log
    [19:12:45] [MasterOrchestrator]  MasterOrchestrator initialized

      at MasterOrchestrator.log [as _log] (.aios-core/core/orchestration/master-orchestrator.js:1470:13)

  console.log
    [19:12:45] [MasterOrchestrator]  Starting initialization...

      at MasterOrchestrator.log [as _log] (.aios-core/core/orchestration/master-orchestrator.js:1470:13)

  console.log
    [19:12:45] [MasterOrchestrator]  Running pre-flight tech stack detection...

      at MasterOrchestrator.log [as _log] (.aios-core/core/orchestration/master-orchestrator.js:1470:13)

  console.log
    [19:12:45] [MasterOrchestrator]  Tech stack detected: Frontend: react

      at MasterOrchestrator.log [as _log] (.aios-core/core/orchestration/master-orchestrator.js:1470:13)

  console.log
       ­ƒôè State: initialized ÔåÆ ready

      at MasterOrchestrator.log [as _defaultStateChange] (.aios-core/core/orchestration/master-orchestrator.js:1501:13)

  console.log
    [19:12:45] [MasterOrchestrator]  State transition: initialized ÔåÆ ready

      at MasterOrchestrator.log [as _log] (.aios-core/core/orchestration/master-orchestrator.js:1470:13)

  console.log
    [19:12:45] [MasterOrchestrator]  State saved successfully

      at MasterOrchestrator.log [as _log] (.aios-core/core/orchestration/master-orchestrator.js:1470:13)

  console.log
    [19:12:45] [MasterOrchestrator]  Initialization complete

      at MasterOrchestrator.log [as _log] (.aios-core/core/orchestration/master-orchestrator.js:1470:13)

  console.log
    [19:12:45] [MasterOrchestrator]  Starting full pipeline execution...

      at MasterOrchestrator.log [as _log] (.aios-core/core/orchestration/master-orchestrator.js:1470:13)

  console.log
       ­ƒôè State: ready ÔåÆ in_progress

      at MasterOrchestrator.log [as _defaultStateChange] (.aios-core/core/orchestration/master-orchestrator.js:1501:13)

  console.log
    [19:12:45] [MasterOrchestrator]  State transition: ready ÔåÆ in_progress

      at MasterOrchestrator.log [as _log] (.aios-core/core/orchestration/master-orchestrator.js:1470:13)

  console.log
    [19:12:45] [MasterOrchestrator] ­ƒôØ Starting Epic 3: Spec Pipeline

      at MasterOrchestrator.log [as _log] (.aios-core/core/orchestration/master-orchestrator.js:1470:13)

  console.log
    
    ­ƒôØ Starting Epic 3: Spec Pipeline

      at MasterOrchestrator.log [as _defaultEpicStart] (.aios-core/core/orchestration/master-orchestrator.js:1483:13)

  console.log
       Requirements ÔåÆ Specification generation

      at MasterOrchestrator.log [as _defaultEpicStart] (.aios-core/core/orchestration/master-orchestrator.js:1484:13)

  console.log
    [19:12:45] [MasterOrchestrator]  [Epic3] Starting Epic 3 execution

      at MasterOrchestrator.log [as _log] (.aios-core/core/orchestration/master-orchestrator.js:1470:13)

  console.log
    [19:12:45] [MasterOrchestrator]  [Epic3] Executing Spec Pipeline for TEST-001

      at MasterOrchestrator.log [as _log] (.aios-core/core/orchestration/master-orchestrator.js:1470:13)

  console.log
    [19:12:45] [MasterOrchestrator]  [Epic3] Source: story, Tech Stack: detected

      at MasterOrchestrator.log [as _log] (.aios-core/core/orchestration/master-orchestrator.js:1470:13)

  console.log
    [19:12:45] [MasterOrchestrator]  [Epic3] Running phase: gather-requirements

      at MasterOrchestrator.log [as _log] (.aios-core/core/orchestration/master-orchestrator.js:1470:13)

  console.log
    [19:12:45] [MasterOrchestrator]  [Epic3] Task file not found: C:\Users\EDUCAC~1\AppData\Local\Temp\master-orchestrator-test-1773169965546\.aios-core\development\tasks\spec-gather-requirements.md

      at MasterOrchestrator.log [as _log] (.aios-core/core/orchestration/master-orchestrator.js:1470:13)

  console.log
    [19:12:45] [MasterOrchestrator]  [Epic3] Running phase: assess-complexity

      at MasterOrchestrator.log [as _log] (.aios-core/core/orchestration/master-orchestrator.js:1470:13)

  console.log
    [19:12:45] [MasterOrchestrator]  [Epic3] Task file not found: C:\Users\EDUCAC~1\AppData\Local\Temp\master-orchestrator-test-1773169965546\.aios-core\development\tasks\spec-assess-complexity.md

      at MasterOrchestrator.log [as _log] (.aios-core/core/orchestration/master-orchestrator.js:1470:13)

  console.log
    [19:12:45] [MasterOrchestrator]  [Epic3] Running phase: research-dependencies

      at MasterOrchestrator.log [as _log] (.aios-core/core/orchestration/master-orchestrator.js:1470:13)

  console.log
    [19:12:45] [MasterOrchestrator]  [Epic3] Task file not found: C:\Users\EDUCAC~1\AppData\Local\Temp\master-orchestrator-test-1773169965546\.aios-core\development\tasks\spec-research-dependencies.md

      at MasterOrchestrator.log [as _log] (.aios-core/core/orchestration/master-orchestrator.js:1470:13)

  console.log
    [19:12:45] [MasterOrchestrator]  [Epic3] Running phase: write-spec

      at MasterOrchestrator.log [as _log] (.aios-core/core/orchestration/master-orchestrator.js:1470:13)

  console.log
    [19:12:45] [MasterOrchestrator]  [Epic3] Task file not found: C:\Users\EDUCAC~1\AppData\Local\Temp\master-orchestrator-test-1773169965546\.aios-core\development\tasks\spec-write-spec.md

      at MasterOrchestrator.log [as _log] (.aios-core/core/orchestration/master-orchestrator.js:1470:13)

  console.log
    [19:12:45] [MasterOrchestrator]  [Epic3] Running phase: critique

      at MasterOrchestrator.log [as _log] (.aios-core/core/orchestration/master-orchestrator.js:1470:13)

  console.log
    [19:12:45] [MasterOrchestrator]  [Epic3] Task file not found: C:\Users\EDUCAC~1\AppData\Local\Temp\master-orchestrator-test-1773169965546\.aios-core\development\tasks\spec-critique.md

      at MasterOrchestrator.log [as _log] (.aios-core/core/orchestration/master-orchestrator.js:1470:13)

  console.log
    [19:12:45] [MasterOrchestrator]  [Epic3] Created stub spec (real spec generation requires agent invocation)

      at MasterOrchestrator.log [as _log] (.aios-core/core/orchestration/master-orchestrator.js:1470:13)

  console.log
    [19:12:45] [MasterOrchestrator]  [Epic3] Epic 3 completed successfully

      at MasterOrchestrator.log [as _log] (.aios-core/core/orchestration/master-orchestrator.js:1470:13)

  console.log
    [19:12:45] [MasterOrchestrator] ­ƒÜª Evaluating gate: Epic 3 -> Epic 4

      at MasterOrchestrator.log [as _log] (.aios-core/core/orchestration/master-orchestrator.js:1470:13)

  console.log
    [19:12:45] [MasterOrchestrator]  Gate verdict: needs_revision (score: 3.3)

      at MasterOrchestrator.log [as _log] (.aios-core/core/orchestration/master-orchestrator.js:1470:13)

  console.log
    [19:12:45] [MasterOrchestrator]  State saved successfully

      at MasterOrchestrator.log [as _log] (.aios-core/core/orchestration/master-orchestrator.js:1470:13)

  console.log
       Ô£à Epic 3 complete

      at MasterOrchestrator.log [as _defaultEpicComplete] (.aios-core/core/orchestration/master-orchestrator.js:1493:13)

  console.log
    [19:12:45] [MasterOrchestrator] Ô£à Epic 3 completed successfully

      at MasterOrchestrator.log [as _log] (.aios-core/core/orchestration/master-orchestrator.js:1470:13)

  console.log
    [19:12:45] [MasterOrchestrator] ÔÜá´©Å Gate needs revision: epic3_to_epic4

      at MasterOrchestrator.log [as _log] (.aios-core/core/orchestration/master-orchestrator.js:1470:13)

  console.log
    [19:12:45] [MasterOrchestrator]  State saved successfully

      at MasterOrchestrator.log [as _log] (.aios-core/core/orchestration/master-orchestrator.js:1470:13)

  console.log
    [19:12:45] [MasterOrchestrator] ÔÜÖ´©Å Starting Epic 4: Execution Engine

      at MasterOrchestrator.log [as _log] (.aios-core/core/orchestration/master-orchestrator.js:1470:13)

  console.log
    
    ÔÜÖ´©Å Starting Epic 4: Execution Engine

      at MasterOrchestrator.log [as _defaultEpicStart] (.aios-core/core/orchestration/master-orchestrator.js:1483:13)

  console.log
       Plan tracking and subtask execution

      at MasterOrchestrator.log [as _defaultEpicStart] (.aios-core/core/orchestration/master-orchestrator.js:1484:13)

  console.log
    [19:12:45] [MasterOrchestrator]  [Epic4] Starting Epic 4 execution

      at MasterOrchestrator.log [as _log] (.aios-core/core/orchestration/master-orchestrator.js:1470:13)

  console.log
    [19:12:45] [MasterOrchestrator]  [Epic4] Executing for story: TEST-001

      at MasterOrchestrator.log [as _log] (.aios-core/core/orchestration/master-orchestrator.js:1470:13)

  console.log
    [19:12:45] [MasterOrchestrator]  [Epic4] Complexity: STANDARD

      at MasterOrchestrator.log [as _log] (.aios-core/core/orchestration/master-orchestrator.js:1470:13)

  console.log
    [19:12:45] [MasterOrchestrator]  [Epic4] Created stub implementation plan

      at MasterOrchestrator.log [as _log] (.aios-core/core/orchestration/master-orchestrator.js:1470:13)

  console.log
    [19:12:45] [MasterOrchestrator]  [Epic4] Using plan: C:\Users\EDUCAC~1\AppData\Local\Temp\master-orchestrator-test-1773169965546\docs\stories\TEST-001\plan\implementation.yaml

      at MasterOrchestrator.log [as _log] (.aios-core/core/orchestration/master-orchestrator.js:1470:13)

  console.log
    [19:12:45] [MasterOrchestrator]  [Epic4] PlanTracker not available: Cannot find module '../../infrastructure/scripts/plan-tracker' from '.aios-core/core/orchestration/executors/epic-4-executor.js'

      at MasterOrchestrator.log [as _log] (.aios-core/core/orchestration/master-orchestrator.js:1470:13)

  console.log
    [19:12:45] [MasterOrchestrator]  [Epic4] Epic 4 completed successfully

      at MasterOrchestrator.log [as _log] (.aios-core/core/orchestration/master-orchestrator.js:1470:13)

  console.log
    [19:12:45] [MasterOrchestrator] ­ƒÜª Evaluating gate: Epic 4 -> Epic 6

      at MasterOrchestrator.log [as _log] (.aios-core/core/orchestration/master-orchestrator.js:1470:13)

  console.log
    [19:12:45] [MasterOrchestrator]  Gate verdict: approved (score: 5.0)

      at MasterOrchestrator.log [as _log] (.aios-core/core/orchestration/master-orchestrator.js:1470:13)

  console.log
    [19:12:45] [MasterOrchestrator]  State saved successfully

      at MasterOrchestrator.log [as _log] (.aios-core/core/orchestration/master-orchestrator.js:1470:13)

  console.log
       Ô£à Epic 4 complete

      at MasterOrchestrator.log [as _defaultEpicComplete] (.aios-core/core/orchestration/master-orchestrator.js:1493:13)

  console.log
    [19:12:45] [MasterOrchestrator] Ô£à Epic 4 completed successfully

      at MasterOrchestrator.log [as _log] (.aios-core/core/orchestration/master-orchestrator.js:1470:13)

  console.log
    [19:12:45] [MasterOrchestrator]  State saved successfully

      at MasterOrchestrator.log [as _log] (.aios-core/core/orchestration/master-orchestrator.js:1470:13)

  console.log
    [19:12:45] [MasterOrchestrator] ­ƒöì Starting Epic 6: QA Loop

      at MasterOrchestrator.log [as _log] (.aios-core/core/orchestration/master-orchestrator.js:1470:13)

  console.log
    
    ­ƒöì Starting Epic 6: QA Loop

      at MasterOrchestrator.log [as _defaultEpicStart] (.aios-core/core/orchestration/master-orchestrator.js:1483:13)

  console.log
       Quality assurance and validation

      at MasterOrchestrator.log [as _defaultEpicStart] (.aios-core/core/orchestration/master-orchestrator.js:1484:13)

  console.log
    [19:12:45] [MasterOrchestrator]  [Epic6] Starting Epic 6 execution

      at MasterOrchestrator.log [as _log] (.aios-core/core/orchestration/master-orchestrator.js:1470:13)

  console.log
    [19:12:45] [MasterOrchestrator]  [Epic6] Starting QA loop for TEST-001

      at MasterOrchestrator.log [as _log] (.aios-core/core/orchestration/master-orchestrator.js:1470:13)

  console.log
    [19:12:45] [MasterOrchestrator]  [Epic6] QA iteration 1/3

      at MasterOrchestrator.log [as _log] (.aios-core/core/orchestration/master-orchestrator.js:1470:13)

  console.log
    [19:12:45] [MasterOrchestrator]  [Epic6] Running review cycle 1

      at MasterOrchestrator.log [as _log] (.aios-core/core/orchestration/master-orchestrator.js:1470:13)

  console.log
    [19:12:45] [MasterOrchestrator]  [Epic6] QA Loop Orchestrator not available: Cannot find module '../../infrastructure/scripts/qa-loop-orchestrator' from '.aios-core/core/orchestration/executors/epic-6-executor.js'

      at MasterOrchestrator.log [as _log] (.aios-core/core/orchestration/master-orchestrator.js:1470:13)

  console.log
    [19:12:45] [MasterOrchestrator]  [Epic6] Basic quality checks completed

      at MasterOrchestrator.log [as _log] (.aios-core/core/orchestration/master-orchestrator.js:1470:13)

  console.log
    [19:12:45] [MasterOrchestrator]  [Epic6] Review needs revision, applying fixes...

      at MasterOrchestrator.log [as _log] (.aios-core/core/orchestration/master-orchestrator.js:1470:13)

  console.log
    [19:12:45] [MasterOrchestrator]  [Epic6] Applying fixes for 1 issues

      at MasterOrchestrator.log [as _log] (.aios-core/core/orchestration/master-orchestrator.js:1470:13)

  console.log
    [19:12:45] [MasterOrchestrator]  [Epic6] Would fix: missing_tests - No tests directory found

      at MasterOrchestrator.log [as _log] (.aios-core/core/orchestration/master-orchestrator.js:1470:13)

  console.log
    [19:12:45] [MasterOrchestrator]  [Epic6] QA iteration 2/3

      at MasterOrchestrator.log [as _log] (.aios-core/core/orchestration/master-orchestrator.js:1470:13)

  console.log
    [19:12:45] [MasterOrchestrator]  [Epic6] Running review cycle 2

      at MasterOrchestrator.log [as _log] (.aios-core/core/orchestration/master-orchestrator.js:1470:13)

  console.log
    [19:12:45] [MasterOrchestrator]  [Epic6] QA Loop Orchestrator not available: Cannot find module '../../infrastructure/scripts/qa-loop-orchestrator' from '.aios-core/core/orchestration/executors/epic-6-executor.js'

      at MasterOrchestrator.log [as _log] (.aios-core/core/orchestration/master-orchestrator.js:1470:13)

  console.log
    [19:12:45] [MasterOrchestrator]  [Epic6] Basic quality checks completed

      at MasterOrchestrator.log [as _log] (.aios-core/core/orchestration/master-orchestrator.js:1470:13)

  console.log
    [19:12:45] [MasterOrchestrator]  [Epic6] Review needs revision, applying fixes...

      at MasterOrchestrator.log [as _log] (.aios-core/core/orchestration/master-orchestrator.js:1470:13)

  console.log
    [19:12:45] [MasterOrchestrator]  [Epic6] Applying fixes for 1 issues

      at MasterOrchestrator.log [as _log] (.aios-core/core/orchestration/master-orchestrator.js:1470:13)

  console.log
    [19:12:45] [MasterOrchestrator]  [Epic6] Would fix: missing_tests - No tests directory found

      at MasterOrchestrator.log [as _log] (.aios-core/core/orchestration/master-orchestrator.js:1470:13)

  console.log
    [19:12:45] [MasterOrchestrator]  [Epic6] QA iteration 3/3

      at MasterOrchestrator.log [as _log] (.aios-core/core/orchestration/master-orchestrator.js:1470:13)

  console.log
    [19:12:45] [MasterOrchestrator]  [Epic6] Running review cycle 3

      at MasterOrchestrator.log [as _log] (.aios-core/core/orchestration/master-orchestrator.js:1470:13)

  console.log
    [19:12:45] [MasterOrchestrator]  [Epic6] QA Loop Orchestrator not available: Cannot find module '../../infrastructure/scripts/qa-loop-orchestrator' from '.aios-core/core/orchestration/executors/epic-6-executor.js'

      at MasterOrchestrator.log [as _log] (.aios-core/core/orchestration/master-orchestrator.js:1470:13)

  console.log
    [19:12:45] [MasterOrchestrator]  [Epic6] Basic quality checks completed

      at MasterOrchestrator.log [as _log] (.aios-core/core/orchestration/master-orchestrator.js:1470:13)

  console.log
    [19:12:45] [MasterOrchestrator]  [Epic6] Epic 6 completed successfully

      at MasterOrchestrator.log [as _log] (.aios-core/core/orchestration/master-orchestrator.js:1470:13)

  console.log
    [19:12:45] [MasterOrchestrator] ­ƒÜª Evaluating gate: Epic 6 -> Epic 7

      at MasterOrchestrator.log [as _log] (.aios-core/core/orchestration/master-orchestrator.js:1470:13)

  console.log
    [19:12:45] [MasterOrchestrator]  Gate verdict: approved (score: 5.0)

      at MasterOrchestrator.log [as _log] (.aios-core/core/orchestration/master-orchestrator.js:1470:13)

  console.log
    [19:12:45] [MasterOrchestrator]  State saved successfully

      at MasterOrchestrator.log [as _log] (.aios-core/core/orchestration/master-orchestrator.js:1470:13)

  console.log
       Ô£à Epic 6 complete

      at MasterOrchestrator.log [as _defaultEpicComplete] (.aios-core/core/orchestration/master-orchestrator.js:1493:13)

  console.log
    [19:12:45] [MasterOrchestrator] Ô£à Epic 6 completed successfully

      at MasterOrchestrator.log [as _log] (.aios-core/core/orchestration/master-orchestrator.js:1470:13)

  console.log
    [19:12:45] [MasterOrchestrator]  State saved successfully

      at MasterOrchestrator.log [as _log] (.aios-core/core/orchestration/master-orchestrator.js:1470:13)

  console.log
       ­ƒôè State: in_progress ÔåÆ complete

      at MasterOrchestrator.log [as _defaultStateChange] (.aios-core/core/orchestration/master-orchestrator.js:1501:13)

  console.log
    [19:12:45] [MasterOrchestrator]  State transition: in_progress ÔåÆ complete

      at MasterOrchestrator.log [as _log] (.aios-core/core/orchestration/master-orchestrator.js:1470:13)

  console.log
    [19:12:45] [MasterOrchestrator]  State saved successfully

      at MasterOrchestrator.log [as _log] (.aios-core/core/orchestration/master-orchestrator.js:1470:13)

  console.log
    [19:12:45] [MasterOrchestrator]  MasterOrchestrator initialized

      at MasterOrchestrator.log [as _log] (.aios-core/core/orchestration/master-orchestrator.js:1470:13)

  console.log
    [19:12:45] [MasterOrchestrator]  Starting initialization...

      at MasterOrchestrator.log [as _log] (.aios-core/core/orchestration/master-orchestrator.js:1470:13)

  console.log
    [19:12:45] [MasterOrchestrator]  Running pre-flight tech stack detection...

      at MasterOrchestrator.log [as _log] (.aios-core/core/orchestration/master-orchestrator.js:1470:13)

  console.log
    [19:12:45] [MasterOrchestrator]  Tech stack detected: Frontend: react

      at MasterOrchestrator.log [as _log] (.aios-core/core/orchestration/master-orchestrator.js:1470:13)

  console.log
       ­ƒôè State: initialized ÔåÆ ready

      at MasterOrchestrator.log [as _defaultStateChange] (.aios-core/core/orchestration/master-orchestrator.js:1501:13)

  console.log
    [19:12:45] [MasterOrchestrator]  State transition: initialized ÔåÆ ready

      at MasterOrchestrator.log [as _log] (.aios-core/core/orchestration/master-orchestrator.js:1470:13)

  console.log
    [19:12:45] [MasterOrchestrator]  State saved successfully

      at MasterOrchestrator.log [as _log] (.aios-core/core/orchestration/master-orchestrator.js:1470:13)

  console.log
    [19:12:45] [MasterOrchestrator]  Initialization complete

      at MasterOrchestrator.log [as _log] (.aios-core/core/orchestration/master-orchestrator.js:1470:13)

  console.log
    [19:12:45] [MasterOrchestrator]  Starting full pipeline execution...

      at MasterOrchestrator.log [as _log] (.aios-core/core/orchestration/master-orchestrator.js:1470:13)

  console.log
       ­ƒôè State: ready ÔåÆ in_progress

      at MasterOrchestrator.log [as _defaultStateChange] (.aios-core/core/orchestration/master-orchestrator.js:1501:13)

  console.log
    [19:12:45] [MasterOrchestrator]  State transition: ready ÔåÆ in_progress

      at MasterOrchestrator.log [as _log] (.aios-core/core/orchestration/master-orchestrator.js:1470:13)

  console.log
    [19:12:45] [MasterOrchestrator] ­ƒôØ Starting Epic 3: Spec Pipeline

      at MasterOrchestrator.log [as _log] (.aios-core/core/orchestration/master-orchestrator.js:1470:13)

  console.log
    
    ­ƒôØ Starting Epic 3: Spec Pipeline

      at MasterOrchestrator.log [as _defaultEpicStart] (.aios-core/core/orchestration/master-orchestrator.js:1483:13)

  console.log
       Requirements ÔåÆ Specification generation

      at MasterOrchestrator.log [as _defaultEpicStart] (.aios-core/core/orchestration/master-orchestrator.js:1484:13)

  console.log
    [19:12:45] [MasterOrchestrator]  [Epic3] Starting Epic 3 execution

      at MasterOrchestrator.log [as _log] (.aios-core/core/orchestration/master-orchestrator.js:1470:13)

  console.log
    [19:12:45] [MasterOrchestrator]  [Epic3] Executing Spec Pipeline for TEST-001

      at MasterOrchestrator.log [as _log] (.aios-core/core/orchestration/master-orchestrator.js:1470:13)

  console.log
    [19:12:45] [MasterOrchestrator]  [Epic3] Source: story, Tech Stack: detected

      at MasterOrchestrator.log [as _log] (.aios-core/core/orchestration/master-orchestrator.js:1470:13)

  console.log
    [19:12:45] [MasterOrchestrator]  [Epic3] Running phase: gather-requirements

      at MasterOrchestrator.log [as _log] (.aios-core/core/orchestration/master-orchestrator.js:1470:13)

  console.log
    [19:12:45] [MasterOrchestrator]  [Epic3] Task file not found: C:\Users\EDUCAC~1\AppData\Local\Temp\master-orchestrator-test-1773169965639\.aios-core\development\tasks\spec-gather-requirements.md

      at MasterOrchestrator.log [as _log] (.aios-core/core/orchestration/master-orchestrator.js:1470:13)

  console.log
    [19:12:45] [MasterOrchestrator]  [Epic3] Running phase: assess-complexity

      at MasterOrchestrator.log [as _log] (.aios-core/core/orchestration/master-orchestrator.js:1470:13)

  console.log
    [19:12:45] [MasterOrchestrator]  [Epic3] Task file not found: C:\Users\EDUCAC~1\AppData\Local\Temp\master-orchestrator-test-1773169965639\.aios-core\development\tasks\spec-assess-complexity.md

      at MasterOrchestrator.log [as _log] (.aios-core/core/orchestration/master-orchestrator.js:1470:13)

  console.log
    [19:12:45] [MasterOrchestrator]  [Epic3] Running phase: research-dependencies

      at MasterOrchestrator.log [as _log] (.aios-core/core/orchestration/master-orchestrator.js:1470:13)

  console.log
    [19:12:45] [MasterOrchestrator]  [Epic3] Task file not found: C:\Users\EDUCAC~1\AppData\Local\Temp\master-orchestrator-test-1773169965639\.aios-core\development\tasks\spec-research-dependencies.md

      at MasterOrchestrator.log [as _log] (.aios-core/core/orchestration/master-orchestrator.js:1470:13)

  console.log
    [19:12:45] [MasterOrchestrator]  [Epic3] Running phase: write-spec

      at MasterOrchestrator.log [as _log] (.aios-core/core/orchestration/master-orchestrator.js:1470:13)

  console.log
    [19:12:45] [MasterOrchestrator]  [Epic3] Task file not found: C:\Users\EDUCAC~1\AppData\Local\Temp\master-orchestrator-test-1773169965639\.aios-core\development\tasks\spec-write-spec.md

      at MasterOrchestrator.log [as _log] (.aios-core/core/orchestration/master-orchestrator.js:1470:13)

  console.log
    [19:12:45] [MasterOrchestrator]  [Epic3] Running phase: critique

      at MasterOrchestrator.log [as _log] (.aios-core/core/orchestration/master-orchestrator.js:1470:13)

  console.log
    [19:12:45] [MasterOrchestrator]  [Epic3] Task file not found: C:\Users\EDUCAC~1\AppData\Local\Temp\master-orchestrator-test-1773169965639\.aios-core\development\tasks\spec-critique.md

      at MasterOrchestrator.log [as _log] (.aios-core/core/orchestration/master-orchestrator.js:1470:13)

  console.log
    [19:12:45] [MasterOrchestrator]  [Epic3] Created stub spec (real spec generation requires agent invocation)

      at MasterOrchestrator.log [as _log] (.aios-core/core/orchestration/master-orchestrator.js:1470:13)

  console.log
    [19:12:45] [MasterOrchestrator]  [Epic3] Epic 3 completed successfully

      at MasterOrchestrator.log [as _log] (.aios-core/core/orchestration/master-orchestrator.js:1470:13)

  console.log
    [19:12:45] [MasterOrchestrator] ­ƒÜª Evaluating gate: Epic 3 -> Epic 4

      at MasterOrchestrator.log [as _log] (.aios-core/core/orchestration/master-orchestrator.js:1470:13)

  console.log
    [19:12:45] [MasterOrchestrator]  Gate verdict: needs_revision (score: 3.3)

      at MasterOrchestrator.log [as _log] (.aios-core/core/orchestration/master-orchestrator.js:1470:13)

  console.log
    [19:12:45] [MasterOrchestrator]  State saved successfully

      at MasterOrchestrator.log [as _log] (.aios-core/core/orchestration/master-orchestrator.js:1470:13)

  console.log
       Ô£à Epic 3 complete

      at MasterOrchestrator.log [as _defaultEpicComplete] (.aios-core/core/orchestration/master-orchestrator.js:1493:13)

  console.log
    [19:12:45] [MasterOrchestrator] Ô£à Epic 3 completed successfully

      at MasterOrchestrator.log [as _log] (.aios-core/core/orchestration/master-orchestrator.js:1470:13)

  console.log
    [19:12:45] [MasterOrchestrator] ÔÜá´©Å Gate needs revision: epic3_to_epic4

      at MasterOrchestrator.log [as _log] (.aios-core/core/orchestration/master-orchestrator.js:1470:13)

  console.log
    [19:12:45] [MasterOrchestrator]  State saved successfully

      at MasterOrchestrator.log [as _log] (.aios-core/core/orchestration/master-orchestrator.js:1470:13)

  console.log
    [19:12:45] [MasterOrchestrator] ÔÜÖ´©Å Starting Epic 4: Execution Engine

      at MasterOrchestrator.log [as _log] (.aios-core/core/orchestration/master-orchestrator.js:1470:13)

  console.log
    
    ÔÜÖ´©Å Starting Epic 4: Execution Engine

      at MasterOrchestrator.log [as _defaultEpicStart] (.aios-core/core/orchestration/master-orchestrator.js:1483:13)

  console.log
       Plan tracking and subtask execution

      at MasterOrchestrator.log [as _defaultEpicStart] (.aios-core/core/orchestration/master-orchestrator.js:1484:13)

  console.log
    [19:12:45] [MasterOrchestrator]  [Epic4] Starting Epic 4 execution

      at MasterOrchestrator.log [as _log] (.aios-core/core/orchestration/master-orchestrator.js:1470:13)

  console.log
    [19:12:45] [MasterOrchestrator]  [Epic4] Executing for story: TEST-001

      at MasterOrchestrator.log [as _log] (.aios-core/core/orchestration/master-orchestrator.js:1470:13)

  console.log
    [19:12:45] [MasterOrchestrator]  [Epic4] Complexity: STANDARD

      at MasterOrchestrator.log [as _log] (.aios-core/core/orchestration/master-orchestrator.js:1470:13)

  console.log
    [19:12:45] [MasterOrchestrator]  [Epic4] Created stub implementation plan

      at MasterOrchestrator.log [as _log] (.aios-core/core/orchestration/master-orchestrator.js:1470:13)

  console.log
    [19:12:45] [MasterOrchestrator]  [Epic4] Using plan: C:\Users\EDUCAC~1\AppData\Local\Temp\master-orchestrator-test-1773169965639\docs\stories\TEST-001\plan\implementation.yaml

      at MasterOrchestrator.log [as _log] (.aios-core/core/orchestration/master-orchestrator.js:1470:13)

  console.log
    [19:12:45] [MasterOrchestrator]  [Epic4] PlanTracker not available: Cannot find module '../../infrastructure/scripts/plan-tracker' from '.aios-core/core/orchestration/executors/epic-4-executor.js'

      at MasterOrchestrator.log [as _log] (.aios-core/core/orchestration/master-orchestrator.js:1470:13)

  console.log
    [19:12:45] [MasterOrchestrator]  [Epic4] Epic 4 completed successfully

      at MasterOrchestrator.log [as _log] (.aios-core/core/orchestration/master-orchestrator.js:1470:13)

  console.log
    [19:12:45] [MasterOrchestrator] ­ƒÜª Evaluating gate: Epic 4 -> Epic 6

      at MasterOrchestrator.log [as _log] (.aios-core/core/orchestration/master-orchestrator.js:1470:13)

  console.log
    [19:12:45] [MasterOrchestrator]  Gate verdict: approved (score: 5.0)

      at MasterOrchestrator.log [as _log] (.aios-core/core/orchestration/master-orchestrator.js:1470:13)

  console.log
    [19:12:45] [MasterOrchestrator]  State saved successfully

      at MasterOrchestrator.log [as _log] (.aios-core/core/orchestration/master-orchestrator.js:1470:13)

  console.log
       Ô£à Epic 4 complete

      at MasterOrchestrator.log [as _defaultEpicComplete] (.aios-core/core/orchestration/master-orchestrator.js:1493:13)

  console.log
    [19:12:45] [MasterOrchestrator] Ô£à Epic 4 completed successfully

      at MasterOrchestrator.log [as _log] (.aios-core/core/orchestration/master-orchestrator.js:1470:13)

  console.log
    [19:12:45] [MasterOrchestrator]  State saved successfully

      at MasterOrchestrator.log [as _log] (.aios-core/core/orchestration/master-orchestrator.js:1470:13)

  console.log
    [19:12:45] [MasterOrchestrator] ­ƒöì Starting Epic 6: QA Loop

      at MasterOrchestrator.log [as _log] (.aios-core/core/orchestration/master-orchestrator.js:1470:13)

  console.log
    
    ­ƒöì Starting Epic 6: QA Loop

      at MasterOrchestrator.log [as _defaultEpicStart] (.aios-core/core/orchestration/master-orchestrator.js:1483:13)

  console.log
       Quality assurance and validation

      at MasterOrchestrator.log [as _defaultEpicStart] (.aios-core/core/orchestration/master-orchestrator.js:1484:13)

  console.log
    [19:12:45] [MasterOrchestrator]  [Epic6] Starting Epic 6 execution

      at MasterOrchestrator.log [as _log] (.aios-core/core/orchestration/master-orchestrator.js:1470:13)

  console.log
    [19:12:45] [MasterOrchestrator]  [Epic6] Starting QA loop for TEST-001

      at MasterOrchestrator.log [as _log] (.aios-core/core/orchestration/master-orchestrator.js:1470:13)

  console.log
    [19:12:45] [MasterOrchestrator]  [Epic6] QA iteration 1/3

      at MasterOrchestrator.log [as _log] (.aios-core/core/orchestration/master-orchestrator.js:1470:13)

  console.log
    [19:12:45] [MasterOrchestrator]  [Epic6] Running review cycle 1

      at MasterOrchestrator.log [as _log] (.aios-core/core/orchestration/master-orchestrator.js:1470:13)

  console.log
    [19:12:45] [MasterOrchestrator]  [Epic6] QA Loop Orchestrator not available: Cannot find module '../../infrastructure/scripts/qa-loop-orchestrator' from '.aios-core/core/orchestration/executors/epic-6-executor.js'

      at MasterOrchestrator.log [as _log] (.aios-core/core/orchestration/master-orchestrator.js:1470:13)

  console.log
    [19:12:45] [MasterOrchestrator]  [Epic6] Basic quality checks completed

      at MasterOrchestrator.log [as _log] (.aios-core/core/orchestration/master-orchestrator.js:1470:13)

  console.log
    [19:12:45] [MasterOrchestrator]  [Epic6] Review needs revision, applying fixes...

      at MasterOrchestrator.log [as _log] (.aios-core/core/orchestration/master-orchestrator.js:1470:13)

  console.log
    [19:12:45] [MasterOrchestrator]  [Epic6] Applying fixes for 1 issues

      at MasterOrchestrator.log [as _log] (.aios-core/core/orchestration/master-orchestrator.js:1470:13)

  console.log
    [19:12:45] [MasterOrchestrator]  [Epic6] Would fix: missing_tests - No tests directory found

      at MasterOrchestrator.log [as _log] (.aios-core/core/orchestration/master-orchestrator.js:1470:13)

  console.log
    [19:12:45] [MasterOrchestrator]  [Epic6] QA iteration 2/3

      at MasterOrchestrator.log [as _log] (.aios-core/core/orchestration/master-orchestrator.js:1470:13)

  console.log
    [19:12:45] [MasterOrchestrator]  [Epic6] Running review cycle 2

      at MasterOrchestrator.log [as _log] (.aios-core/core/orchestration/master-orchestrator.js:1470:13)

  console.log
    [19:12:45] [MasterOrchestrator]  [Epic6] QA Loop Orchestrator not available: Cannot find module '../../infrastructure/scripts/qa-loop-orchestrator' from '.aios-core/core/orchestration/executors/epic-6-executor.js'

      at MasterOrchestrator.log [as _log] (.aios-core/core/orchestration/master-orchestrator.js:1470:13)

  console.log
    [19:12:45] [MasterOrchestrator]  [Epic6] Basic quality checks completed

      at MasterOrchestrator.log [as _log] (.aios-core/core/orchestration/master-orchestrator.js:1470:13)

  console.log
    [19:12:45] [MasterOrchestrator]  [Epic6] Review needs revision, applying fixes...

      at MasterOrchestrator.log [as _log] (.aios-core/core/orchestration/master-orchestrator.js:1470:13)

  console.log
    [19:12:45] [MasterOrchestrator]  [Epic6] Applying fixes for 1 issues

      at MasterOrchestrator.log [as _log] (.aios-core/core/orchestration/master-orchestrator.js:1470:13)

  console.log
    [19:12:45] [MasterOrchestrator]  [Epic6] Would fix: missing_tests - No tests directory found

      at MasterOrchestrator.log [as _log] (.aios-core/core/orchestration/master-orchestrator.js:1470:13)

  console.log
    [19:12:45] [MasterOrchestrator]  [Epic6] QA iteration 3/3

      at MasterOrchestrator.log [as _log] (.aios-core/core/orchestration/master-orchestrator.js:1470:13)

  console.log
    [19:12:45] [MasterOrchestrator]  [Epic6] Running review cycle 3

      at MasterOrchestrator.log [as _log] (.aios-core/core/orchestration/master-orchestrator.js:1470:13)

  console.log
    [19:12:45] [MasterOrchestrator]  [Epic6] QA Loop Orchestrator not available: Cannot find module '../../infrastructure/scripts/qa-loop-orchestrator' from '.aios-core/core/orchestration/executors/epic-6-executor.js'

      at MasterOrchestrator.log [as _log] (.aios-core/core/orchestration/master-orchestrator.js:1470:13)

  console.log
    [19:12:45] [MasterOrchestrator]  [Epic6] Basic quality checks completed

      at MasterOrchestrator.log [as _log] (.aios-core/core/orchestration/master-orchestrator.js:1470:13)

  console.log
    [19:12:45] [MasterOrchestrator]  [Epic6] Epic 6 completed successfully

      at MasterOrchestrator.log [as _log] (.aios-core/core/orchestration/master-orchestrator.js:1470:13)

  console.log
    [19:12:45] [MasterOrchestrator] ­ƒÜª Evaluating gate: Epic 6 -> Epic 7

      at MasterOrchestrator.log [as _log] (.aios-core/core/orchestration/master-orchestrator.js:1470:13)

  console.log
    [19:12:45] [MasterOrchestrator]  Gate verdict: approved (score: 5.0)

      at MasterOrchestrator.log [as _log] (.aios-core/core/orchestration/master-orchestrator.js:1470:13)

  console.log
    [19:12:45] [MasterOrchestrator]  State saved successfully

      at MasterOrchestrator.log [as _log] (.aios-core/core/orchestration/master-orchestrator.js:1470:13)

  console.log
       Ô£à Epic 6 complete

      at MasterOrchestrator.log [as _defaultEpicComplete] (.aios-core/core/orchestration/master-orchestrator.js:1493:13)

  console.log
    [19:12:45] [MasterOrchestrator] Ô£à Epic 6 completed successfully

      at MasterOrchestrator.log [as _log] (.aios-core/core/orchestration/master-orchestrator.js:1470:13)

  console.log
    [19:12:45] [MasterOrchestrator]  State saved successfully

      at MasterOrchestrator.log [as _log] (.aios-core/core/orchestration/master-orchestrator.js:1470:13)

  console.log
       ­ƒôè State: in_progress ÔåÆ complete

      at MasterOrchestrator.log [as _defaultStateChange] (.aios-core/core/orchestration/master-orchestrator.js:1501:13)

  console.log
    [19:12:45] [MasterOrchestrator]  State transition: in_progress ÔåÆ complete

      at MasterOrchestrator.log [as _log] (.aios-core/core/orchestration/master-orchestrator.js:1470:13)

  console.log
    [19:12:45] [MasterOrchestrator]  State saved successfully

      at MasterOrchestrator.log [as _log] (.aios-core/core/orchestration/master-orchestrator.js:1470:13)

  console.log
    [19:12:45] [MasterOrchestrator]  MasterOrchestrator initialized

      at MasterOrchestrator.log [as _log] (.aios-core/core/orchestration/master-orchestrator.js:1470:13)

  console.log
    [19:12:45] [MasterOrchestrator]  Starting initialization...

      at MasterOrchestrator.log [as _log] (.aios-core/core/orchestration/master-orchestrator.js:1470:13)

  console.log
    [19:12:45] [MasterOrchestrator]  Running pre-flight tech stack detection...

      at MasterOrchestrator.log [as _log] (.aios-core/core/orchestration/master-orchestrator.js:1470:13)

  console.log
    [19:12:45] [MasterOrchestrator]  Tech stack detected: Frontend: react

      at MasterOrchestrator.log [as _log] (.aios-core/core/orchestration/master-orchestrator.js:1470:13)

  console.log
       ­ƒôè State: initialized ÔåÆ ready

      at MasterOrchestrator.log [as _defaultStateChange] (.aios-core/core/orchestration/master-orchestrator.js:1501:13)

  console.log
    [19:12:45] [MasterOrchestrator]  State transition: initialized ÔåÆ ready

      at MasterOrchestrator.log [as _log] (.aios-core/core/orchestration/master-orchestrator.js:1470:13)

  console.log
    [19:12:45] [MasterOrchestrator]  State saved successfully

      at MasterOrchestrator.log [as _log] (.aios-core/core/orchestration/master-orchestrator.js:1470:13)

  console.log
    [19:12:45] [MasterOrchestrator]  Initialization complete

      at MasterOrchestrator.log [as _log] (.aios-core/core/orchestration/master-orchestrator.js:1470:13)

  console.log
    [19:12:45] [MasterOrchestrator] ­ƒôØ Starting Epic 3: Spec Pipeline

      at MasterOrchestrator.log [as _log] (.aios-core/core/orchestration/master-orchestrator.js:1470:13)

  console.log
    
    ­ƒôØ Starting Epic 3: Spec Pipeline

      at MasterOrchestrator.log [as _defaultEpicStart] (.aios-core/core/orchestration/master-orchestrator.js:1483:13)

  console.log
       Requirements ÔåÆ Specification generation

      at MasterOrchestrator.log [as _defaultEpicStart] (.aios-core/core/orchestration/master-orchestrator.js:1484:13)

  console.log
    [19:12:45] [MasterOrchestrator]  [Epic3] Starting Epic 3 execution

      at MasterOrchestrator.log [as _log] (.aios-core/core/orchestration/master-orchestrator.js:1470:13)

  console.log
    [19:12:45] [MasterOrchestrator]  [Epic3] Executing Spec Pipeline for TEST-001

      at MasterOrchestrator.log [as _log] (.aios-core/core/orchestration/master-orchestrator.js:1470:13)

  console.log
    [19:12:45] [MasterOrchestrator]  [Epic3] Source: story, Tech Stack: detected

      at MasterOrchestrator.log [as _log] (.aios-core/core/orchestration/master-orchestrator.js:1470:13)

  console.log
    [19:12:45] [MasterOrchestrator]  [Epic3] Running phase: gather-requirements

      at MasterOrchestrator.log [as _log] (.aios-core/core/orchestration/master-orchestrator.js:1470:13)

  console.log
    [19:12:45] [MasterOrchestrator]  [Epic3] Task file not found: C:\Users\EDUCAC~1\AppData\Local\Temp\master-orchestrator-test-1773169965731\.aios-core\development\tasks\spec-gather-requirements.md

      at MasterOrchestrator.log [as _log] (.aios-core/core/orchestration/master-orchestrator.js:1470:13)

  console.log
    [19:12:45] [MasterOrchestrator]  [Epic3] Running phase: assess-complexity

      at MasterOrchestrator.log [as _log] (.aios-core/core/orchestration/master-orchestrator.js:1470:13)

  console.log
    [19:12:45] [MasterOrchestrator]  [Epic3] Task file not found: C:\Users\EDUCAC~1\AppData\Local\Temp\master-orchestrator-test-1773169965731\.aios-core\development\tasks\spec-assess-complexity.md

      at MasterOrchestrator.log [as _log] (.aios-core/core/orchestration/master-orchestrator.js:1470:13)

  console.log
    [19:12:45] [MasterOrchestrator]  [Epic3] Running phase: research-dependencies

      at MasterOrchestrator.log [as _log] (.aios-core/core/orchestration/master-orchestrator.js:1470:13)

  console.log
    [19:12:45] [MasterOrchestrator]  [Epic3] Task file not found: C:\Users\EDUCAC~1\AppData\Local\Temp\master-orchestrator-test-1773169965731\.aios-core\development\tasks\spec-research-dependencies.md

      at MasterOrchestrator.log [as _log] (.aios-core/core/orchestration/master-orchestrator.js:1470:13)

  console.log
    [19:12:45] [MasterOrchestrator]  [Epic3] Running phase: write-spec

      at MasterOrchestrator.log [as _log] (.aios-core/core/orchestration/master-orchestrator.js:1470:13)

  console.log
    [19:12:45] [MasterOrchestrator]  [Epic3] Task file not found: C:\Users\EDUCAC~1\AppData\Local\Temp\master-orchestrator-test-1773169965731\.aios-core\development\tasks\spec-write-spec.md

      at MasterOrchestrator.log [as _log] (.aios-core/core/orchestration/master-orchestrator.js:1470:13)

  console.log
    [19:12:45] [MasterOrchestrator]  [Epic3] Running phase: critique

      at MasterOrchestrator.log [as _log] (.aios-core/core/orchestration/master-orchestrator.js:1470:13)

  console.log
    [19:12:45] [MasterOrchestrator]  [Epic3] Task file not found: C:\Users\EDUCAC~1\AppData\Local\Temp\master-orchestrator-test-1773169965731\.aios-core\development\tasks\spec-critique.md

      at MasterOrchestrator.log [as _log] (.aios-core/core/orchestration/master-orchestrator.js:1470:13)

  console.log
    [19:12:45] [MasterOrchestrator]  [Epic3] Created stub spec (real spec generation requires agent invocation)

      at MasterOrchestrator.log [as _log] (.aios-core/core/orchestration/master-orchestrator.js:1470:13)

  console.log
    [19:12:45] [MasterOrchestrator]  [Epic3] Epic 3 completed successfully

      at MasterOrchestrator.log [as _log] (.aios-core/core/orchestration/master-orchestrator.js:1470:13)

  console.log
    [19:12:45] [MasterOrchestrator]  State saved successfully

      at MasterOrchestrator.log [as _log] (.aios-core/core/orchestration/master-orchestrator.js:1470:13)

  console.log
       Ô£à Epic 3 complete

      at MasterOrchestrator.log [as _defaultEpicComplete] (.aios-core/core/orchestration/master-orchestrator.js:1493:13)

  console.log
    [19:12:45] [MasterOrchestrator] Ô£à Epic 3 completed successfully

      at MasterOrchestrator.log [as _log] (.aios-core/core/orchestration/master-orchestrator.js:1470:13)

  console.log
    [19:12:45] [MasterOrchestrator] ÔÜÖ´©Å Starting Epic 4: Execution Engine

      at MasterOrchestrator.log [as _log] (.aios-core/core/orchestration/master-orchestrator.js:1470:13)

  console.log
    
    ÔÜÖ´©Å Starting Epic 4: Execution Engine

      at MasterOrchestrator.log [as _defaultEpicStart] (.aios-core/core/orchestration/master-orchestrator.js:1483:13)

  console.log
       Plan tracking and subtask execution

      at MasterOrchestrator.log [as _defaultEpicStart] (.aios-core/core/orchestration/master-orchestrator.js:1484:13)

  console.log
    [19:12:45] [MasterOrchestrator]  [Epic4] Starting Epic 4 execution

      at MasterOrchestrator.log [as _log] (.aios-core/core/orchestration/master-orchestrator.js:1470:13)

  console.log
    [19:12:45] [MasterOrchestrator]  [Epic4] Executing for story: TEST-001

      at MasterOrchestrator.log [as _log] (.aios-core/core/orchestration/master-orchestrator.js:1470:13)

  console.log
    [19:12:45] [MasterOrchestrator]  [Epic4] Complexity: STANDARD

      at MasterOrchestrator.log [as _log] (.aios-core/core/orchestration/master-orchestrator.js:1470:13)

  console.log
    [19:12:45] [MasterOrchestrator]  [Epic4] Created stub implementation plan

      at MasterOrchestrator.log [as _log] (.aios-core/core/orchestration/master-orchestrator.js:1470:13)

  console.log
    [19:12:45] [MasterOrchestrator]  [Epic4] Using plan: C:\Users\EDUCAC~1\AppData\Local\Temp\master-orchestrator-test-1773169965731\docs\stories\TEST-001\plan\implementation.yaml

      at MasterOrchestrator.log [as _log] (.aios-core/core/orchestration/master-orchestrator.js:1470:13)

  console.log
    [19:12:45] [MasterOrchestrator]  [Epic4] PlanTracker not available: Cannot find module '../../infrastructure/scripts/plan-tracker' from '.aios-core/core/orchestration/executors/epic-4-executor.js'

      at MasterOrchestrator.log [as _log] (.aios-core/core/orchestration/master-orchestrator.js:1470:13)

  console.log
    [19:12:45] [MasterOrchestrator]  [Epic4] Epic 4 completed successfully

      at MasterOrchestrator.log [as _log] (.aios-core/core/orchestration/master-orchestrator.js:1470:13)

  console.log
    [19:12:45] [MasterOrchestrator]  State saved successfully

      at MasterOrchestrator.log [as _log] (.aios-core/core/orchestration/master-orchestrator.js:1470:13)

  console.log
       Ô£à Epic 4 complete

      at MasterOrchestrator.log [as _defaultEpicComplete] (.aios-core/core/orchestration/master-orchestrator.js:1493:13)

  console.log
    [19:12:45] [MasterOrchestrator] Ô£à Epic 4 completed successfully

      at MasterOrchestrator.log [as _log] (.aios-core/core/orchestration/master-orchestrator.js:1470:13)

  console.log
    [19:12:45] [MasterOrchestrator]  Resuming from Epic 4...

      at MasterOrchestrator.log [as _log] (.aios-core/core/orchestration/master-orchestrator.js:1470:13)

  console.log
    [19:12:45] [MasterOrchestrator]  State loaded successfully

      at MasterOrchestrator.log [as _log] (.aios-core/core/orchestration/master-orchestrator.js:1470:13)

  console.log
    [19:12:45] [MasterOrchestrator]  Starting full pipeline execution...

      at MasterOrchestrator.log [as _log] (.aios-core/core/orchestration/master-orchestrator.js:1470:13)

  console.log
       ­ƒôè State: ready ÔåÆ in_progress

      at MasterOrchestrator.log [as _defaultStateChange] (.aios-core/core/orchestration/master-orchestrator.js:1501:13)

  console.log
    [19:12:45] [MasterOrchestrator]  State transition: ready ÔåÆ in_progress

      at MasterOrchestrator.log [as _log] (.aios-core/core/orchestration/master-orchestrator.js:1470:13)

  console.log
    [19:12:45] [MasterOrchestrator]  Epic 3 already completed, skipping...

      at MasterOrchestrator.log [as _log] (.aios-core/core/orchestration/master-orchestrator.js:1470:13)

  console.log
    [19:12:45] [MasterOrchestrator] ÔÜÖ´©Å Starting Epic 4: Execution Engine

      at MasterOrchestrator.log [as _log] (.aios-core/core/orchestration/master-orchestrator.js:1470:13)

  console.log
    
    ÔÜÖ´©Å Starting Epic 4: Execution Engine

      at MasterOrchestrator.log [as _defaultEpicStart] (.aios-core/core/orchestration/master-orchestrator.js:1483:13)

  console.log
       Plan tracking and subtask execution

      at MasterOrchestrator.log [as _defaultEpicStart] (.aios-core/core/orchestration/master-orchestrator.js:1484:13)

  console.log
    [19:12:45] [MasterOrchestrator]  [Epic4] Starting Epic 4 execution

      at MasterOrchestrator.log [as _log] (.aios-core/core/orchestration/master-orchestrator.js:1470:13)

  console.log
    [19:12:45] [MasterOrchestrator]  [Epic4] Executing for story: TEST-001

      at MasterOrchestrator.log [as _log] (.aios-core/core/orchestration/master-orchestrator.js:1470:13)

  console.log
    [19:12:45] [MasterOrchestrator]  [Epic4] Complexity: STANDARD

      at MasterOrchestrator.log [as _log] (.aios-core/core/orchestration/master-orchestrator.js:1470:13)

  console.log
    [19:12:45] [MasterOrchestrator]  [Epic4] Using plan: C:\Users\EDUCAC~1\AppData\Local\Temp\master-orchestrator-test-1773169965731\docs\stories\TEST-001\plan\implementation.yaml

      at MasterOrchestrator.log [as _log] (.aios-core/core/orchestration/master-orchestrator.js:1470:13)

  console.log
    [19:12:45] [MasterOrchestrator]  [Epic4] PlanTracker not available: Cannot find module '../../infrastructure/scripts/plan-tracker' from '.aios-core/core/orchestration/executors/epic-4-executor.js'

      at MasterOrchestrator.log [as _log] (.aios-core/core/orchestration/master-orchestrator.js:1470:13)

  console.log
    [19:12:45] [MasterOrchestrator]  [Epic4] Epic 4 completed successfully

      at MasterOrchestrator.log [as _log] (.aios-core/core/orchestration/master-orchestrator.js:1470:13)

  console.log
    [19:12:45] [MasterOrchestrator] ­ƒÜª Evaluating gate: Epic 4 -> Epic 6

      at MasterOrchestrator.log [as _log] (.aios-core/core/orchestration/master-orchestrator.js:1470:13)

  console.log
    [19:12:45] [MasterOrchestrator]  Gate verdict: approved (score: 5.0)

      at MasterOrchestrator.log [as _log] (.aios-core/core/orchestration/master-orchestrator.js:1470:13)

  console.log
    [19:12:45] [MasterOrchestrator]  State saved successfully

      at MasterOrchestrator.log [as _log] (.aios-core/core/orchestration/master-orchestrator.js:1470:13)

  console.log
       Ô£à Epic 4 complete

      at MasterOrchestrator.log [as _defaultEpicComplete] (.aios-core/core/orchestration/master-orchestrator.js:1493:13)

  console.log
    [19:12:45] [MasterOrchestrator] Ô£à Epic 4 completed successfully

      at MasterOrchestrator.log [as _log] (.aios-core/core/orchestration/master-orchestrator.js:1470:13)

  console.log
    [19:12:45] [MasterOrchestrator]  State saved successfully

      at MasterOrchestrator.log [as _log] (.aios-core/core/orchestration/master-orchestrator.js:1470:13)

  console.log
    [19:12:45] [MasterOrchestrator] ­ƒöì Starting Epic 6: QA Loop

      at MasterOrchestrator.log [as _log] (.aios-core/core/orchestration/master-orchestrator.js:1470:13)

  console.log
    
    ­ƒöì Starting Epic 6: QA Loop

      at MasterOrchestrator.log [as _defaultEpicStart] (.aios-core/core/orchestration/master-orchestrator.js:1483:13)

  console.log
       Quality assurance and validation

      at MasterOrchestrator.log [as _defaultEpicStart] (.aios-core/core/orchestration/master-orchestrator.js:1484:13)

  console.log
    [19:12:45] [MasterOrchestrator]  [Epic6] Starting Epic 6 execution

      at MasterOrchestrator.log [as _log] (.aios-core/core/orchestration/master-orchestrator.js:1470:13)

  console.log
    [19:12:45] [MasterOrchestrator]  [Epic6] Starting QA loop for TEST-001

      at MasterOrchestrator.log [as _log] (.aios-core/core/orchestration/master-orchestrator.js:1470:13)

  console.log
    [19:12:45] [MasterOrchestrator]  [Epic6] QA iteration 1/3

      at MasterOrchestrator.log [as _log] (.aios-core/core/orchestration/master-orchestrator.js:1470:13)

  console.log
    [19:12:45] [MasterOrchestrator]  [Epic6] Running review cycle 1

      at MasterOrchestrator.log [as _log] (.aios-core/core/orchestration/master-orchestrator.js:1470:13)

  console.log
    [19:12:45] [MasterOrchestrator]  [Epic6] QA Loop Orchestrator not available: Cannot find module '../../infrastructure/scripts/qa-loop-orchestrator' from '.aios-core/core/orchestration/executors/epic-6-executor.js'

      at MasterOrchestrator.log [as _log] (.aios-core/core/orchestration/master-orchestrator.js:1470:13)

  console.log
    [19:12:45] [MasterOrchestrator]  [Epic6] Basic quality checks completed

      at MasterOrchestrator.log [as _log] (.aios-core/core/orchestration/master-orchestrator.js:1470:13)

  console.log
    [19:12:45] [MasterOrchestrator]  [Epic6] Review needs revision, applying fixes...

      at MasterOrchestrator.log [as _log] (.aios-core/core/orchestration/master-orchestrator.js:1470:13)

  console.log
    [19:12:45] [MasterOrchestrator]  [Epic6] Applying fixes for 1 issues

      at MasterOrchestrator.log [as _log] (.aios-core/core/orchestration/master-orchestrator.js:1470:13)

  console.log
    [19:12:45] [MasterOrchestrator]  [Epic6] Would fix: missing_tests - No tests directory found

      at MasterOrchestrator.log [as _log] (.aios-core/core/orchestration/master-orchestrator.js:1470:13)

  console.log
    [19:12:45] [MasterOrchestrator]  [Epic6] QA iteration 2/3

      at MasterOrchestrator.log [as _log] (.aios-core/core/orchestration/master-orchestrator.js:1470:13)

  console.log
    [19:12:45] [MasterOrchestrator]  [Epic6] Running review cycle 2

      at MasterOrchestrator.log [as _log] (.aios-core/core/orchestration/master-orchestrator.js:1470:13)

  console.log
    [19:12:45] [MasterOrchestrator]  [Epic6] QA Loop Orchestrator not available: Cannot find module '../../infrastructure/scripts/qa-loop-orchestrator' from '.aios-core/core/orchestration/executors/epic-6-executor.js'

      at MasterOrchestrator.log [as _log] (.aios-core/core/orchestration/master-orchestrator.js:1470:13)

  console.log
    [19:12:45] [MasterOrchestrator]  [Epic6] Basic quality checks completed

      at MasterOrchestrator.log [as _log] (.aios-core/core/orchestration/master-orchestrator.js:1470:13)

  console.log
    [19:12:45] [MasterOrchestrator]  [Epic6] Review needs revision, applying fixes...

      at MasterOrchestrator.log [as _log] (.aios-core/core/orchestration/master-orchestrator.js:1470:13)

  console.log
    [19:12:45] [MasterOrchestrator]  [Epic6] Applying fixes for 1 issues

      at MasterOrchestrator.log [as _log] (.aios-core/core/orchestration/master-orchestrator.js:1470:13)

  console.log
    [19:12:45] [MasterOrchestrator]  [Epic6] Would fix: missing_tests - No tests directory found

      at MasterOrchestrator.log [as _log] (.aios-core/core/orchestration/master-orchestrator.js:1470:13)

  console.log
    [19:12:45] [MasterOrchestrator]  [Epic6] QA iteration 3/3

      at MasterOrchestrator.log [as _log] (.aios-core/core/orchestration/master-orchestrator.js:1470:13)

  console.log
    [19:12:45] [MasterOrchestrator]  [Epic6] Running review cycle 3

      at MasterOrchestrator.log [as _log] (.aios-core/core/orchestration/master-orchestrator.js:1470:13)

  console.log
    [19:12:45] [MasterOrchestrator]  [Epic6] QA Loop Orchestrator not available: Cannot find module '../../infrastructure/scripts/qa-loop-orchestrator' from '.aios-core/core/orchestration/executors/epic-6-executor.js'

      at MasterOrchestrator.log [as _log] (.aios-core/core/orchestration/master-orchestrator.js:1470:13)

  console.log
    [19:12:45] [MasterOrchestrator]  [Epic6] Basic quality checks completed

      at MasterOrchestrator.log [as _log] (.aios-core/core/orchestration/master-orchestrator.js:1470:13)

  console.log
    [19:12:45] [MasterOrchestrator]  [Epic6] Epic 6 completed successfully

      at MasterOrchestrator.log [as _log] (.aios-core/core/orchestration/master-orchestrator.js:1470:13)

  console.log
    [19:12:45] [MasterOrchestrator] ­ƒÜª Evaluating gate: Epic 6 -> Epic 7

      at MasterOrchestrator.log [as _log] (.aios-core/core/orchestration/master-orchestrator.js:1470:13)

  console.log
    [19:12:45] [MasterOrchestrator]  Gate verdict: approved (score: 5.0)

      at MasterOrchestrator.log [as _log] (.aios-core/core/orchestration/master-orchestrator.js:1470:13)

  console.log
    [19:12:45] [MasterOrchestrator]  State saved successfully

      at MasterOrchestrator.log [as _log] (.aios-core/core/orchestration/master-orchestrator.js:1470:13)

  console.log
       Ô£à Epic 6 complete

      at MasterOrchestrator.log [as _defaultEpicComplete] (.aios-core/core/orchestration/master-orchestrator.js:1493:13)

  console.log
    [19:12:45] [MasterOrchestrator] Ô£à Epic 6 completed successfully

      at MasterOrchestrator.log [as _log] (.aios-core/core/orchestration/master-orchestrator.js:1470:13)

  console.log
    [19:12:45] [MasterOrchestrator]  State saved successfully

      at MasterOrchestrator.log [as _log] (.aios-core/core/orchestration/master-orchestrator.js:1470:13)

  console.log
       ­ƒôè State: in_progress ÔåÆ complete

      at MasterOrchestrator.log [as _defaultStateChange] (.aios-core/core/orchestration/master-orchestrator.js:1501:13)

  console.log
    [19:12:45] [MasterOrchestrator]  State transition: in_progress ÔåÆ complete

      at MasterOrchestrator.log [as _log] (.aios-core/core/orchestration/master-orchestrator.js:1470:13)

  console.log
    [19:12:45] [MasterOrchestrator]  State saved successfully

      at MasterOrchestrator.log [as _log] (.aios-core/core/orchestration/master-orchestrator.js:1470:13)

  console.log
    [19:12:45] [MasterOrchestrator]  MasterOrchestrator initialized

      at MasterOrchestrator.log [as _log] (.aios-core/core/orchestration/master-orchestrator.js:1470:13)

  console.log
    [19:12:45] [MasterOrchestrator]  Starting initialization...

      at MasterOrchestrator.log [as _log] (.aios-core/core/orchestration/master-orchestrator.js:1470:13)

  console.log
    [19:12:45] [MasterOrchestrator]  Running pre-flight tech stack detection...

      at MasterOrchestrator.log [as _log] (.aios-core/core/orchestration/master-orchestrator.js:1470:13)

  console.log
    [19:12:45] [MasterOrchestrator]  Tech stack detected: Frontend: react

      at MasterOrchestrator.log [as _log] (.aios-core/core/orchestration/master-orchestrator.js:1470:13)

  console.log
       ­ƒôè State: initialized ÔåÆ ready

      at MasterOrchestrator.log [as _defaultStateChange] (.aios-core/core/orchestration/master-orchestrator.js:1501:13)

  console.log
    [19:12:45] [MasterOrchestrator]  State transition: initialized ÔåÆ ready

      at MasterOrchestrator.log [as _log] (.aios-core/core/orchestration/master-orchestrator.js:1470:13)

  console.log
    [19:12:45] [MasterOrchestrator]  State saved successfully

      at MasterOrchestrator.log [as _log] (.aios-core/core/orchestration/master-orchestrator.js:1470:13)

  console.log
    [19:12:45] [MasterOrchestrator]  Initialization complete

      at MasterOrchestrator.log [as _log] (.aios-core/core/orchestration/master-orchestrator.js:1470:13)

  console.log
    [19:12:45] [MasterOrchestrator] ­ƒôØ Starting Epic 3: Spec Pipeline

      at MasterOrchestrator.log [as _log] (.aios-core/core/orchestration/master-orchestrator.js:1470:13)

  console.log
    
    ­ƒôØ Starting Epic 3: Spec Pipeline

      at MasterOrchestrator.log [as _defaultEpicStart] (.aios-core/core/orchestration/master-orchestrator.js:1483:13)

  console.log
       Requirements ÔåÆ Specification generation

      at MasterOrchestrator.log [as _defaultEpicStart] (.aios-core/core/orchestration/master-orchestrator.js:1484:13)

  console.log
    [19:12:45] [MasterOrchestrator]  [Epic3] Starting Epic 3 execution

      at MasterOrchestrator.log [as _log] (.aios-core/core/orchestration/master-orchestrator.js:1470:13)

  console.log
    [19:12:45] [MasterOrchestrator]  [Epic3] Executing Spec Pipeline for TEST-001

      at MasterOrchestrator.log [as _log] (.aios-core/core/orchestration/master-orchestrator.js:1470:13)

  console.log
    [19:12:45] [MasterOrchestrator]  [Epic3] Source: story, Tech Stack: detected

      at MasterOrchestrator.log [as _log] (.aios-core/core/orchestration/master-orchestrator.js:1470:13)

  console.log
    [19:12:45] [MasterOrchestrator]  [Epic3] Running phase: gather-requirements

      at MasterOrchestrator.log [as _log] (.aios-core/core/orchestration/master-orchestrator.js:1470:13)

  console.log
    [19:12:45] [MasterOrchestrator]  [Epic3] Task file not found: C:\Users\EDUCAC~1\AppData\Local\Temp\master-orchestrator-test-1773169965825\.aios-core\development\tasks\spec-gather-requirements.md

      at MasterOrchestrator.log [as _log] (.aios-core/core/orchestration/master-orchestrator.js:1470:13)

  console.log
    [19:12:45] [MasterOrchestrator]  [Epic3] Running phase: assess-complexity

      at MasterOrchestrator.log [as _log] (.aios-core/core/orchestration/master-orchestrator.js:1470:13)

  console.log
    [19:12:45] [MasterOrchestrator]  [Epic3] Task file not found: C:\Users\EDUCAC~1\AppData\Local\Temp\master-orchestrator-test-1773169965825\.aios-core\development\tasks\spec-assess-complexity.md

      at MasterOrchestrator.log [as _log] (.aios-core/core/orchestration/master-orchestrator.js:1470:13)

  console.log
    [19:12:45] [MasterOrchestrator]  [Epic3] Running phase: research-dependencies

      at MasterOrchestrator.log [as _log] (.aios-core/core/orchestration/master-orchestrator.js:1470:13)

  console.log
    [19:12:45] [MasterOrchestrator]  [Epic3] Task file not found: C:\Users\EDUCAC~1\AppData\Local\Temp\master-orchestrator-test-1773169965825\.aios-core\development\tasks\spec-research-dependencies.md

      at MasterOrchestrator.log [as _log] (.aios-core/core/orchestration/master-orchestrator.js:1470:13)

  console.log
    [19:12:45] [MasterOrchestrator]  [Epic3] Running phase: write-spec

      at MasterOrchestrator.log [as _log] (.aios-core/core/orchestration/master-orchestrator.js:1470:13)

  console.log
    [19:12:45] [MasterOrchestrator]  [Epic3] Task file not found: C:\Users\EDUCAC~1\AppData\Local\Temp\master-orchestrator-test-1773169965825\.aios-core\development\tasks\spec-write-spec.md

      at MasterOrchestrator.log [as _log] (.aios-core/core/orchestration/master-orchestrator.js:1470:13)

  console.log
    [19:12:45] [MasterOrchestrator]  [Epic3] Running phase: critique

      at MasterOrchestrator.log [as _log] (.aios-core/core/orchestration/master-orchestrator.js:1470:13)

  console.log
    [19:12:45] [MasterOrchestrator]  [Epic3] Task file not found: C:\Users\EDUCAC~1\AppData\Local\Temp\master-orchestrator-test-1773169965825\.aios-core\development\tasks\spec-critique.md

      at MasterOrchestrator.log [as _log] (.aios-core/core/orchestration/master-orchestrator.js:1470:13)

  console.log
    [19:12:45] [MasterOrchestrator]  [Epic3] Created stub spec (real spec generation requires agent invocation)

      at MasterOrchestrator.log [as _log] (.aios-core/core/orchestration/master-orchestrator.js:1470:13)

  console.log
    [19:12:45] [MasterOrchestrator]  [Epic3] Epic 3 completed successfully

      at MasterOrchestrator.log [as _log] (.aios-core/core/orchestration/master-orchestrator.js:1470:13)

  console.log
    [19:12:45] [MasterOrchestrator]  State saved successfully

      at MasterOrchestrator.log [as _log] (.aios-core/core/orchestration/master-orchestrator.js:1470:13)

  console.log
       Ô£à Epic 3 complete

      at MasterOrchestrator.log [as _defaultEpicComplete] (.aios-core/core/orchestration/master-orchestrator.js:1493:13)

  console.log
    [19:12:45] [MasterOrchestrator] Ô£à Epic 3 completed successfully

      at MasterOrchestrator.log [as _log] (.aios-core/core/orchestration/master-orchestrator.js:1470:13)

  console.log
    [19:12:45] [MasterOrchestrator] ÔÜÖ´©Å Starting Epic 4: Execution Engine

      at MasterOrchestrator.log [as _log] (.aios-core/core/orchestration/master-orchestrator.js:1470:13)

  console.log
    
    ÔÜÖ´©Å Starting Epic 4: Execution Engine

      at MasterOrchestrator.log [as _defaultEpicStart] (.aios-core/core/orchestration/master-orchestrator.js:1483:13)

  console.log
       Plan tracking and subtask execution

      at MasterOrchestrator.log [as _defaultEpicStart] (.aios-core/core/orchestration/master-orchestrator.js:1484:13)

  console.log
    [19:12:45] [MasterOrchestrator]  [Epic4] Starting Epic 4 execution

      at MasterOrchestrator.log [as _log] (.aios-core/core/orchestration/master-orchestrator.js:1470:13)

  console.log
    [19:12:45] [MasterOrchestrator]  [Epic4] Executing for story: TEST-001

      at MasterOrchestrator.log [as _log] (.aios-core/core/orchestration/master-orchestrator.js:1470:13)

  console.log
    [19:12:45] [MasterOrchestrator]  [Epic4] Complexity: STANDARD

      at MasterOrchestrator.log [as _log] (.aios-core/core/orchestration/master-orchestrator.js:1470:13)

  console.log
    [19:12:45] [MasterOrchestrator]  [Epic4] Created stub implementation plan

      at MasterOrchestrator.log [as _log] (.aios-core/core/orchestration/master-orchestrator.js:1470:13)

  console.log
    [19:12:45] [MasterOrchestrator]  [Epic4] Using plan: C:\Users\EDUCAC~1\AppData\Local\Temp\master-orchestrator-test-1773169965825\docs\stories\TEST-001\plan\implementation.yaml

      at MasterOrchestrator.log [as _log] (.aios-core/core/orchestration/master-orchestrator.js:1470:13)

  console.log
    [19:12:45] [MasterOrchestrator]  [Epic4] PlanTracker not available: Cannot find module '../../infrastructure/scripts/plan-tracker' from '.aios-core/core/orchestration/executors/epic-4-executor.js'

      at MasterOrchestrator.log [as _log] (.aios-core/core/orchestration/master-orchestrator.js:1470:13)

  console.log
    [19:12:45] [MasterOrchestrator]  [Epic4] Epic 4 completed successfully

      at MasterOrchestrator.log [as _log] (.aios-core/core/orchestration/master-orchestrator.js:1470:13)

  console.log
    [19:12:45] [MasterOrchestrator]  State saved successfully

      at MasterOrchestrator.log [as _log] (.aios-core/core/orchestration/master-orchestrator.js:1470:13)

  console.log
       Ô£à Epic 4 complete

      at MasterOrchestrator.log [as _defaultEpicComplete] (.aios-core/core/orchestration/master-orchestrator.js:1493:13)

  console.log
    [19:12:45] [MasterOrchestrator] Ô£à Epic 4 completed successfully

      at MasterOrchestrator.log [as _log] (.aios-core/core/orchestration/master-orchestrator.js:1470:13)

  console.log
    [19:12:45] [MasterOrchestrator]  Resuming from Epic 6...

      at MasterOrchestrator.log [as _log] (.aios-core/core/orchestration/master-orchestrator.js:1470:13)

  console.log
    [19:12:45] [MasterOrchestrator]  State loaded successfully

      at MasterOrchestrator.log [as _log] (.aios-core/core/orchestration/master-orchestrator.js:1470:13)

  console.log
    [19:12:45] [MasterOrchestrator]  Starting full pipeline execution...

      at MasterOrchestrator.log [as _log] (.aios-core/core/orchestration/master-orchestrator.js:1470:13)

  console.log
       ­ƒôè State: ready ÔåÆ in_progress

      at MasterOrchestrator.log [as _defaultStateChange] (.aios-core/core/orchestration/master-orchestrator.js:1501:13)

  console.log
    [19:12:45] [MasterOrchestrator]  State transition: ready ÔåÆ in_progress

      at MasterOrchestrator.log [as _log] (.aios-core/core/orchestration/master-orchestrator.js:1470:13)

  console.log
    [19:12:45] [MasterOrchestrator]  Epic 3 already completed, skipping...

      at MasterOrchestrator.log [as _log] (.aios-core/core/orchestration/master-orchestrator.js:1470:13)

  console.log
    [19:12:45] [MasterOrchestrator]  Epic 4 already completed, skipping...

      at MasterOrchestrator.log [as _log] (.aios-core/core/orchestration/master-orchestrator.js:1470:13)

  console.log
    [19:12:45] [MasterOrchestrator] ­ƒöì Starting Epic 6: QA Loop

      at MasterOrchestrator.log [as _log] (.aios-core/core/orchestration/master-orchestrator.js:1470:13)

  console.log
    
    ­ƒöì Starting Epic 6: QA Loop

      at MasterOrchestrator.log [as _defaultEpicStart] (.aios-core/core/orchestration/master-orchestrator.js:1483:13)

  console.log
       Quality assurance and validation

      at MasterOrchestrator.log [as _defaultEpicStart] (.aios-core/core/orchestration/master-orchestrator.js:1484:13)

  console.log
    [19:12:45] [MasterOrchestrator]  [Epic6] Starting Epic 6 execution

      at MasterOrchestrator.log [as _log] (.aios-core/core/orchestration/master-orchestrator.js:1470:13)

  console.log
    [19:12:45] [MasterOrchestrator]  [Epic6] Starting QA loop for TEST-001

      at MasterOrchestrator.log [as _log] (.aios-core/core/orchestration/master-orchestrator.js:1470:13)

  console.log
    [19:12:45] [MasterOrchestrator]  [Epic6] QA iteration 1/3

      at MasterOrchestrator.log [as _log] (.aios-core/core/orchestration/master-orchestrator.js:1470:13)

  console.log
    [19:12:45] [MasterOrchestrator]  [Epic6] Running review cycle 1

      at MasterOrchestrator.log [as _log] (.aios-core/core/orchestration/master-orchestrator.js:1470:13)

  console.log
    [19:12:45] [MasterOrchestrator]  [Epic6] QA Loop Orchestrator not available: Cannot find module '../../infrastructure/scripts/qa-loop-orchestrator' from '.aios-core/core/orchestration/executors/epic-6-executor.js'

      at MasterOrchestrator.log [as _log] (.aios-core/core/orchestration/master-orchestrator.js:1470:13)

  console.log
    [19:12:45] [MasterOrchestrator]  [Epic6] Basic quality checks completed

      at MasterOrchestrator.log [as _log] (.aios-core/core/orchestration/master-orchestrator.js:1470:13)

  console.log
    [19:12:45] [MasterOrchestrator]  [Epic6] Review needs revision, applying fixes...

      at MasterOrchestrator.log [as _log] (.aios-core/core/orchestration/master-orchestrator.js:1470:13)

  console.log
    [19:12:45] [MasterOrchestrator]  [Epic6] Applying fixes for 1 issues

      at MasterOrchestrator.log [as _log] (.aios-core/core/orchestration/master-orchestrator.js:1470:13)

  console.log
    [19:12:45] [MasterOrchestrator]  [Epic6] Would fix: missing_tests - No tests directory found

      at MasterOrchestrator.log [as _log] (.aios-core/core/orchestration/master-orchestrator.js:1470:13)

  console.log
    [19:12:45] [MasterOrchestrator]  [Epic6] QA iteration 2/3

      at MasterOrchestrator.log [as _log] (.aios-core/core/orchestration/master-orchestrator.js:1470:13)

  console.log
    [19:12:45] [MasterOrchestrator]  [Epic6] Running review cycle 2

      at MasterOrchestrator.log [as _log] (.aios-core/core/orchestration/master-orchestrator.js:1470:13)

  console.log
    [19:12:45] [MasterOrchestrator]  [Epic6] QA Loop Orchestrator not available: Cannot find module '../../infrastructure/scripts/qa-loop-orchestrator' from '.aios-core/core/orchestration/executors/epic-6-executor.js'

      at MasterOrchestrator.log [as _log] (.aios-core/core/orchestration/master-orchestrator.js:1470:13)

  console.log
    [19:12:45] [MasterOrchestrator]  [Epic6] Basic quality checks completed

      at MasterOrchestrator.log [as _log] (.aios-core/core/orchestration/master-orchestrator.js:1470:13)

  console.log
    [19:12:45] [MasterOrchestrator]  [Epic6] Review needs revision, applying fixes...

      at MasterOrchestrator.log [as _log] (.aios-core/core/orchestration/master-orchestrator.js:1470:13)

  console.log
    [19:12:45] [MasterOrchestrator]  [Epic6] Applying fixes for 1 issues

      at MasterOrchestrator.log [as _log] (.aios-core/core/orchestration/master-orchestrator.js:1470:13)

  console.log
    [19:12:45] [MasterOrchestrator]  [Epic6] Would fix: missing_tests - No tests directory found

      at MasterOrchestrator.log [as _log] (.aios-core/core/orchestration/master-orchestrator.js:1470:13)

  console.log
    [19:12:45] [MasterOrchestrator]  [Epic6] QA iteration 3/3

      at MasterOrchestrator.log [as _log] (.aios-core/core/orchestration/master-orchestrator.js:1470:13)

  console.log
    [19:12:45] [MasterOrchestrator]  [Epic6] Running review cycle 3

      at MasterOrchestrator.log [as _log] (.aios-core/core/orchestration/master-orchestrator.js:1470:13)

  console.log
    [19:12:45] [MasterOrchestrator]  [Epic6] QA Loop Orchestrator not available: Cannot find module '../../infrastructure/scripts/qa-loop-orchestrator' from '.aios-core/core/orchestration/executors/epic-6-executor.js'

      at MasterOrchestrator.log [as _log] (.aios-core/core/orchestration/master-orchestrator.js:1470:13)

  console.log
    [19:12:45] [MasterOrchestrator]  [Epic6] Basic quality checks completed

      at MasterOrchestrator.log [as _log] (.aios-core/core/orchestration/master-orchestrator.js:1470:13)

  console.log
    [19:12:45] [MasterOrchestrator]  [Epic6] Epic 6 completed successfully

      at MasterOrchestrator.log [as _log] (.aios-core/core/orchestration/master-orchestrator.js:1470:13)

  console.log
    [19:12:45] [MasterOrchestrator] ­ƒÜª Evaluating gate: Epic 6 -> Epic 7

      at MasterOrchestrator.log [as _log] (.aios-core/core/orchestration/master-orchestrator.js:1470:13)

  console.log
    [19:12:45] [MasterOrchestrator]  Gate verdict: approved (score: 5.0)

      at MasterOrchestrator.log [as _log] (.aios-core/core/orchestration/master-orchestrator.js:1470:13)

  console.log
    [19:12:45] [MasterOrchestrator]  State saved successfully

      at MasterOrchestrator.log [as _log] (.aios-core/core/orchestration/master-orchestrator.js:1470:13)

  console.log
       Ô£à Epic 6 complete

      at MasterOrchestrator.log [as _defaultEpicComplete] (.aios-core/core/orchestration/master-orchestrator.js:1493:13)

  console.log
    [19:12:45] [MasterOrchestrator] Ô£à Epic 6 completed successfully

      at MasterOrchestrator.log [as _log] (.aios-core/core/orchestration/master-orchestrator.js:1470:13)

  console.log
    [19:12:45] [MasterOrchestrator]  State saved successfully

      at MasterOrchestrator.log [as _log] (.aios-core/core/orchestration/master-orchestrator.js:1470:13)

  console.log
       ­ƒôè State: in_progress ÔåÆ complete

      at MasterOrchestrator.log [as _defaultStateChange] (.aios-core/core/orchestration/master-orchestrator.js:1501:13)

  console.log
    [19:12:45] [MasterOrchestrator]  State transition: in_progress ÔåÆ complete

      at MasterOrchestrator.log [as _log] (.aios-core/core/orchestration/master-orchestrator.js:1470:13)

  console.log
    [19:12:45] [MasterOrchestrator]  State saved successfully

      at MasterOrchestrator.log [as _log] (.aios-core/core/orchestration/master-orchestrator.js:1470:13)

  console.log
    [19:12:45] [MasterOrchestrator]  MasterOrchestrator initialized

      at MasterOrchestrator.log [as _log] (.aios-core/core/orchestration/master-orchestrator.js:1470:13)

  console.log
    [19:12:45] [MasterOrchestrator]  Starting initialization...

      at MasterOrchestrator.log [as _log] (.aios-core/core/orchestration/master-orchestrator.js:1470:13)

  console.log
    [19:12:45] [MasterOrchestrator]  Running pre-flight tech stack detection...

      at MasterOrchestrator.log [as _log] (.aios-core/core/orchestration/master-orchestrator.js:1470:13)

  console.log
    [19:12:45] [MasterOrchestrator]  Tech stack detected: Frontend: react

      at MasterOrchestrator.log [as _log] (.aios-core/core/orchestration/master-orchestrator.js:1470:13)

  console.log
       ­ƒôè State: initialized ÔåÆ ready

      at MasterOrchestrator.log [as _defaultStateChange] (.aios-core/core/orchestration/master-orchestrator.js:1501:13)

  console.log
    [19:12:45] [MasterOrchestrator]  State transition: initialized ÔåÆ ready

      at MasterOrchestrator.log [as _log] (.aios-core/core/orchestration/master-orchestrator.js:1470:13)

  console.log
    [19:12:45] [MasterOrchestrator]  State saved successfully

      at MasterOrchestrator.log [as _log] (.aios-core/core/orchestration/master-orchestrator.js:1470:13)

  console.log
    [19:12:45] [MasterOrchestrator]  Initialization complete

      at MasterOrchestrator.log [as _log] (.aios-core/core/orchestration/master-orchestrator.js:1470:13)

  console.log
    [19:12:45] [MasterOrchestrator] ­ƒôØ Starting Epic 3: Spec Pipeline

      at MasterOrchestrator.log [as _log] (.aios-core/core/orchestration/master-orchestrator.js:1470:13)

  console.log
    
    ­ƒôØ Starting Epic 3: Spec Pipeline

      at MasterOrchestrator.log [as _defaultEpicStart] (.aios-core/core/orchestration/master-orchestrator.js:1483:13)

  console.log
       Requirements ÔåÆ Specification generation

      at MasterOrchestrator.log [as _defaultEpicStart] (.aios-core/core/orchestration/master-orchestrator.js:1484:13)

  console.log
    [19:12:45] [MasterOrchestrator]  [Epic3] Starting Epic 3 execution

      at MasterOrchestrator.log [as _log] (.aios-core/core/orchestration/master-orchestrator.js:1470:13)

  console.log
    [19:12:45] [MasterOrchestrator]  [Epic3] Executing Spec Pipeline for TEST-001

      at MasterOrchestrator.log [as _log] (.aios-core/core/orchestration/master-orchestrator.js:1470:13)

  console.log
    [19:12:45] [MasterOrchestrator]  [Epic3] Source: story, Tech Stack: detected

      at MasterOrchestrator.log [as _log] (.aios-core/core/orchestration/master-orchestrator.js:1470:13)

  console.log
    [19:12:45] [MasterOrchestrator]  [Epic3] Running phase: gather-requirements

      at MasterOrchestrator.log [as _log] (.aios-core/core/orchestration/master-orchestrator.js:1470:13)

  console.log
    [19:12:45] [MasterOrchestrator]  [Epic3] Task file not found: C:\Users\EDUCAC~1\AppData\Local\Temp\master-orchestrator-test-1773169965914\.aios-core\development\tasks\spec-gather-requirements.md

      at MasterOrchestrator.log [as _log] (.aios-core/core/orchestration/master-orchestrator.js:1470:13)

  console.log
    [19:12:45] [MasterOrchestrator]  [Epic3] Running phase: assess-complexity

      at MasterOrchestrator.log [as _log] (.aios-core/core/orchestration/master-orchestrator.js:1470:13)

  console.log
    [19:12:45] [MasterOrchestrator]  [Epic3] Task file not found: C:\Users\EDUCAC~1\AppData\Local\Temp\master-orchestrator-test-1773169965914\.aios-core\development\tasks\spec-assess-complexity.md

      at MasterOrchestrator.log [as _log] (.aios-core/core/orchestration/master-orchestrator.js:1470:13)

  console.log
    [19:12:45] [MasterOrchestrator]  [Epic3] Running phase: research-dependencies

      at MasterOrchestrator.log [as _log] (.aios-core/core/orchestration/master-orchestrator.js:1470:13)

  console.log
    [19:12:45] [MasterOrchestrator]  [Epic3] Task file not found: C:\Users\EDUCAC~1\AppData\Local\Temp\master-orchestrator-test-1773169965914\.aios-core\development\tasks\spec-research-dependencies.md

      at MasterOrchestrator.log [as _log] (.aios-core/core/orchestration/master-orchestrator.js:1470:13)

  console.log
    [19:12:45] [MasterOrchestrator]  [Epic3] Running phase: write-spec

      at MasterOrchestrator.log [as _log] (.aios-core/core/orchestration/master-orchestrator.js:1470:13)

  console.log
    [19:12:45] [MasterOrchestrator]  [Epic3] Task file not found: C:\Users\EDUCAC~1\AppData\Local\Temp\master-orchestrator-test-1773169965914\.aios-core\development\tasks\spec-write-spec.md

      at MasterOrchestrator.log [as _log] (.aios-core/core/orchestration/master-orchestrator.js:1470:13)

  console.log
    [19:12:45] [MasterOrchestrator]  [Epic3] Running phase: critique

      at MasterOrchestrator.log [as _log] (.aios-core/core/orchestration/master-orchestrator.js:1470:13)

  console.log
    [19:12:45] [MasterOrchestrator]  [Epic3] Task file not found: C:\Users\EDUCAC~1\AppData\Local\Temp\master-orchestrator-test-1773169965914\.aios-core\development\tasks\spec-critique.md

      at MasterOrchestrator.log [as _log] (.aios-core/core/orchestration/master-orchestrator.js:1470:13)

  console.log
    [19:12:45] [MasterOrchestrator]  [Epic3] Created stub spec (real spec generation requires agent invocation)

      at MasterOrchestrator.log [as _log] (.aios-core/core/orchestration/master-orchestrator.js:1470:13)

  console.log
    [19:12:45] [MasterOrchestrator]  [Epic3] Epic 3 completed successfully

      at MasterOrchestrator.log [as _log] (.aios-core/core/orchestration/master-orchestrator.js:1470:13)

  console.log
    [19:12:45] [MasterOrchestrator]  State saved successfully

      at MasterOrchestrator.log [as _log] (.aios-core/core/orchestration/master-orchestrator.js:1470:13)

  console.log
       Ô£à Epic 3 complete

      at MasterOrchestrator.log [as _defaultEpicComplete] (.aios-core/core/orchestration/master-orchestrator.js:1493:13)

  console.log
    [19:12:45] [MasterOrchestrator] Ô£à Epic 3 completed successfully

      at MasterOrchestrator.log [as _log] (.aios-core/core/orchestration/master-orchestrator.js:1470:13)

  console.log
    [19:12:45] [MasterOrchestrator]  MasterOrchestrator initialized

      at MasterOrchestrator.log [as _log] (.aios-core/core/orchestration/master-orchestrator.js:1470:13)

  console.log
    [19:12:45] [MasterOrchestrator]  Starting initialization...

      at MasterOrchestrator.log [as _log] (.aios-core/core/orchestration/master-orchestrator.js:1470:13)

  console.log
    [19:12:45] [MasterOrchestrator]  Running pre-flight tech stack detection...

      at MasterOrchestrator.log [as _log] (.aios-core/core/orchestration/master-orchestrator.js:1470:13)

  console.log
    [19:12:45] [MasterOrchestrator]  Tech stack detected: Frontend: react

      at MasterOrchestrator.log [as _log] (.aios-core/core/orchestration/master-orchestrator.js:1470:13)

  console.log
       ­ƒôè State: initialized ÔåÆ ready

      at MasterOrchestrator.log [as _defaultStateChange] (.aios-core/core/orchestration/master-orchestrator.js:1501:13)

  console.log
    [19:12:45] [MasterOrchestrator]  State transition: initialized ÔåÆ ready

      at MasterOrchestrator.log [as _log] (.aios-core/core/orchestration/master-orchestrator.js:1470:13)

  console.log
    [19:12:45] [MasterOrchestrator]  State saved successfully

      at MasterOrchestrator.log [as _log] (.aios-core/core/orchestration/master-orchestrator.js:1470:13)

  console.log
    [19:12:45] [MasterOrchestrator]  Initialization complete

      at MasterOrchestrator.log [as _log] (.aios-core/core/orchestration/master-orchestrator.js:1470:13)

  console.log
    [19:12:45] [MasterOrchestrator]  State saved successfully

      at MasterOrchestrator.log [as _log] (.aios-core/core/orchestration/master-orchestrator.js:1470:13)

  console.log
    [19:12:45] [MasterOrchestrator]  MasterOrchestrator initialized

      at MasterOrchestrator.log [as _log] (.aios-core/core/orchestration/master-orchestrator.js:1470:13)

  console.log
    [19:12:45] [MasterOrchestrator]  Starting initialization...

      at MasterOrchestrator.log [as _log] (.aios-core/core/orchestration/master-orchestrator.js:1470:13)

  console.log
    [19:12:45] [MasterOrchestrator]  Running pre-flight tech stack detection...

      at MasterOrchestrator.log [as _log] (.aios-core/core/orchestration/master-orchestrator.js:1470:13)

  console.log
    [19:12:45] [MasterOrchestrator]  Tech stack detected: Frontend: react

      at MasterOrchestrator.log [as _log] (.aios-core/core/orchestration/master-orchestrator.js:1470:13)

  console.log
       ­ƒôè State: initialized ÔåÆ ready

      at MasterOrchestrator.log [as _defaultStateChange] (.aios-core/core/orchestration/master-orchestrator.js:1501:13)

  console.log
    [19:12:45] [MasterOrchestrator]  State transition: initialized ÔåÆ ready

      at MasterOrchestrator.log [as _log] (.aios-core/core/orchestration/master-orchestrator.js:1470:13)

  console.log
    [19:12:45] [MasterOrchestrator]  State saved successfully

      at MasterOrchestrator.log [as _log] (.aios-core/core/orchestration/master-orchestrator.js:1470:13)

  console.log
    [19:12:45] [MasterOrchestrator]  Initialization complete

      at MasterOrchestrator.log [as _log] (.aios-core/core/orchestration/master-orchestrator.js:1470:13)

  console.log
    [19:12:45] [MasterOrchestrator] ­ƒôØ Starting Epic 3: Spec Pipeline

      at MasterOrchestrator.log [as _log] (.aios-core/core/orchestration/master-orchestrator.js:1470:13)

  console.log
    
    ­ƒôØ Starting Epic 3: Spec Pipeline

      at MasterOrchestrator.log [as _defaultEpicStart] (.aios-core/core/orchestration/master-orchestrator.js:1483:13)

  console.log
       Requirements ÔåÆ Specification generation

      at MasterOrchestrator.log [as _defaultEpicStart] (.aios-core/core/orchestration/master-orchestrator.js:1484:13)

  console.log
    [19:12:45] [MasterOrchestrator]  [Epic3] Starting Epic 3 execution

      at MasterOrchestrator.log [as _log] (.aios-core/core/orchestration/master-orchestrator.js:1470:13)

  console.log
    [19:12:45] [MasterOrchestrator]  [Epic3] Executing Spec Pipeline for TEST-001

      at MasterOrchestrator.log [as _log] (.aios-core/core/orchestration/master-orchestrator.js:1470:13)

  console.log
    [19:12:45] [MasterOrchestrator]  [Epic3] Source: story, Tech Stack: detected

      at MasterOrchestrator.log [as _log] (.aios-core/core/orchestration/master-orchestrator.js:1470:13)

  console.log
    [19:12:45] [MasterOrchestrator]  [Epic3] Running phase: gather-requirements

      at MasterOrchestrator.log [as _log] (.aios-core/core/orchestration/master-orchestrator.js:1470:13)

  console.log
    [19:12:45] [MasterOrchestrator]  [Epic3] Task file not found: C:\Users\EDUCAC~1\AppData\Local\Temp\master-orchestrator-test-1773169965971\.aios-core\development\tasks\spec-gather-requirements.md

      at MasterOrchestrator.log [as _log] (.aios-core/core/orchestration/master-orchestrator.js:1470:13)

  console.log
    [19:12:45] [MasterOrchestrator]  [Epic3] Running phase: assess-complexity

      at MasterOrchestrator.log [as _log] (.aios-core/core/orchestration/master-orchestrator.js:1470:13)

  console.log
    [19:12:45] [MasterOrchestrator]  [Epic3] Task file not found: C:\Users\EDUCAC~1\AppData\Local\Temp\master-orchestrator-test-1773169965971\.aios-core\development\tasks\spec-assess-complexity.md

      at MasterOrchestrator.log [as _log] (.aios-core/core/orchestration/master-orchestrator.js:1470:13)

  console.log
    [19:12:45] [MasterOrchestrator]  [Epic3] Running phase: research-dependencies

      at MasterOrchestrator.log [as _log] (.aios-core/core/orchestration/master-orchestrator.js:1470:13)

  console.log
    [19:12:45] [MasterOrchestrator]  [Epic3] Task file not found: C:\Users\EDUCAC~1\AppData\Local\Temp\master-orchestrator-test-1773169965971\.aios-core\development\tasks\spec-research-dependencies.md

      at MasterOrchestrator.log [as _log] (.aios-core/core/orchestration/master-orchestrator.js:1470:13)

  console.log
    [19:12:45] [MasterOrchestrator]  [Epic3] Running phase: write-spec

      at MasterOrchestrator.log [as _log] (.aios-core/core/orchestration/master-orchestrator.js:1470:13)

  console.log
    [19:12:45] [MasterOrchestrator]  [Epic3] Task file not found: C:\Users\EDUCAC~1\AppData\Local\Temp\master-orchestrator-test-1773169965971\.aios-core\development\tasks\spec-write-spec.md

      at MasterOrchestrator.log [as _log] (.aios-core/core/orchestration/master-orchestrator.js:1470:13)

  console.log
    [19:12:45] [MasterOrchestrator]  [Epic3] Running phase: critique

      at MasterOrchestrator.log [as _log] (.aios-core/core/orchestration/master-orchestrator.js:1470:13)

  console.log
    [19:12:45] [MasterOrchestrator]  [Epic3] Task file not found: C:\Users\EDUCAC~1\AppData\Local\Temp\master-orchestrator-test-1773169965971\.aios-core\development\tasks\spec-critique.md

      at MasterOrchestrator.log [as _log] (.aios-core/core/orchestration/master-orchestrator.js:1470:13)

  console.log
    [19:12:45] [MasterOrchestrator]  [Epic3] Created stub spec (real spec generation requires agent invocation)

      at MasterOrchestrator.log [as _log] (.aios-core/core/orchestration/master-orchestrator.js:1470:13)

  console.log
    [19:12:45] [MasterOrchestrator]  [Epic3] Epic 3 completed successfully

      at MasterOrchestrator.log [as _log] (.aios-core/core/orchestration/master-orchestrator.js:1470:13)

  console.log
    [19:12:45] [MasterOrchestrator]  State saved successfully

      at MasterOrchestrator.log [as _log] (.aios-core/core/orchestration/master-orchestrator.js:1470:13)

  console.log
       Ô£à Epic 3 complete

      at MasterOrchestrator.log [as _defaultEpicComplete] (.aios-core/core/orchestration/master-orchestrator.js:1493:13)

  console.log
    [19:12:45] [MasterOrchestrator] Ô£à Epic 3 completed successfully

      at MasterOrchestrator.log [as _log] (.aios-core/core/orchestration/master-orchestrator.js:1470:13)

  console.log
    [19:12:46] [MasterOrchestrator]  MasterOrchestrator initialized

      at MasterOrchestrator.log [as _log] (.aios-core/core/orchestration/master-orchestrator.js:1470:13)

  console.log
    [19:12:46] [MasterOrchestrator]  Starting initialization...

      at MasterOrchestrator.log [as _log] (.aios-core/core/orchestration/master-orchestrator.js:1470:13)

  console.log
    [19:12:46] [MasterOrchestrator]  Running pre-flight tech stack detection...

      at MasterOrchestrator.log [as _log] (.aios-core/core/orchestration/master-orchestrator.js:1470:13)

  console.log
    [19:12:46] [MasterOrchestrator]  Tech stack detected: Frontend: react

      at MasterOrchestrator.log [as _log] (.aios-core/core/orchestration/master-orchestrator.js:1470:13)

  console.log
       ­ƒôè State: initialized ÔåÆ ready

      at MasterOrchestrator.log [as _defaultStateChange] (.aios-core/core/orchestration/master-orchestrator.js:1501:13)

  console.log
    [19:12:46] [MasterOrchestrator]  State transition: initialized ÔåÆ ready

      at MasterOrchestrator.log [as _log] (.aios-core/core/orchestration/master-orchestrator.js:1470:13)

  console.log
    [19:12:46] [MasterOrchestrator]  State saved successfully

      at MasterOrchestrator.log [as _log] (.aios-core/core/orchestration/master-orchestrator.js:1470:13)

  console.log
    [19:12:46] [MasterOrchestrator]  Initialization complete

      at MasterOrchestrator.log [as _log] (.aios-core/core/orchestration/master-orchestrator.js:1470:13)

  console.log
    [19:12:46] [MasterOrchestrator]  MasterOrchestrator initialized

      at MasterOrchestrator.log [as _log] (.aios-core/core/orchestration/master-orchestrator.js:1470:13)

  console.log
    [19:12:46] [MasterOrchestrator]  Starting initialization...

      at MasterOrchestrator.log [as _log] (.aios-core/core/orchestration/master-orchestrator.js:1470:13)

  console.log
    [19:12:46] [MasterOrchestrator]  Running pre-flight tech stack detection...

      at MasterOrchestrator.log [as _log] (.aios-core/core/orchestration/master-orchestrator.js:1470:13)

  console.log
    [19:12:46] [MasterOrchestrator]  Tech stack detected: Frontend: react

      at MasterOrchestrator.log [as _log] (.aios-core/core/orchestration/master-orchestrator.js:1470:13)

  console.log
       ­ƒôè State: initialized ÔåÆ ready

      at MasterOrchestrator.log [as _defaultStateChange] (.aios-core/core/orchestration/master-orchestrator.js:1501:13)

  console.log
    [19:12:46] [MasterOrchestrator]  State transition: initialized ÔåÆ ready

      at MasterOrchestrator.log [as _log] (.aios-core/core/orchestration/master-orchestrator.js:1470:13)

  console.log
    [19:12:46] [MasterOrchestrator]  State saved successfully

      at MasterOrchestrator.log [as _log] (.aios-core/core/orchestration/master-orchestrator.js:1470:13)

  console.log
    [19:12:46] [MasterOrchestrator]  Initialization complete

      at MasterOrchestrator.log [as _log] (.aios-core/core/orchestration/master-orchestrator.js:1470:13)

  console.log
    [19:12:46] [MasterOrchestrator]  MasterOrchestrator initialized

      at MasterOrchestrator.log [as _log] (.aios-core/core/orchestration/master-orchestrator.js:1470:13)

  console.log
    [19:12:46] [MasterOrchestrator]  Starting initialization...

      at MasterOrchestrator.log [as _log] (.aios-core/core/orchestration/master-orchestrator.js:1470:13)

  console.log
    [19:12:46] [MasterOrchestrator]  Running pre-flight tech stack detection...

      at MasterOrchestrator.log [as _log] (.aios-core/core/orchestration/master-orchestrator.js:1470:13)

  console.log
    [19:12:46] [MasterOrchestrator]  Tech stack detected: Frontend: react

      at MasterOrchestrator.log [as _log] (.aios-core/core/orchestration/master-orchestrator.js:1470:13)

  console.log
       ­ƒôè State: initialized ÔåÆ ready

      at MasterOrchestrator.log [as _defaultStateChange] (.aios-core/core/orchestration/master-orchestrator.js:1501:13)

  console.log
    [19:12:46] [MasterOrchestrator]  State transition: initialized ÔåÆ ready

      at MasterOrchestrator.log [as _log] (.aios-core/core/orchestration/master-orchestrator.js:1470:13)

  console.log
    [19:12:46] [MasterOrchestrator]  State saved successfully

      at MasterOrchestrator.log [as _log] (.aios-core/core/orchestration/master-orchestrator.js:1470:13)

  console.log
    [19:12:46] [MasterOrchestrator]  Initialization complete

      at MasterOrchestrator.log [as _log] (.aios-core/core/orchestration/master-orchestrator.js:1470:13)

  console.log
    [19:12:46] [MasterOrchestrator] ­ƒôØ Starting Epic 3: Spec Pipeline

      at MasterOrchestrator.log [as _log] (.aios-core/core/orchestration/master-orchestrator.js:1470:13)

  console.log
    
    ­ƒôØ Starting Epic 3: Spec Pipeline

      at MasterOrchestrator.log [as _defaultEpicStart] (.aios-core/core/orchestration/master-orchestrator.js:1483:13)

  console.log
       Requirements ÔåÆ Specification generation

      at MasterOrchestrator.log [as _defaultEpicStart] (.aios-core/core/orchestration/master-orchestrator.js:1484:13)

  console.log
    [19:12:46] [MasterOrchestrator]  [Epic3] Starting Epic 3 execution

      at MasterOrchestrator.log [as _log] (.aios-core/core/orchestration/master-orchestrator.js:1470:13)

  console.log
    [19:12:46] [MasterOrchestrator]  [Epic3] Executing Spec Pipeline for TEST-001

      at MasterOrchestrator.log [as _log] (.aios-core/core/orchestration/master-orchestrator.js:1470:13)

  console.log
    [19:12:46] [MasterOrchestrator]  [Epic3] Source: story, Tech Stack: detected

      at MasterOrchestrator.log [as _log] (.aios-core/core/orchestration/master-orchestrator.js:1470:13)

  console.log
    [19:12:46] [MasterOrchestrator]  [Epic3] Running phase: gather-requirements

      at MasterOrchestrator.log [as _log] (.aios-core/core/orchestration/master-orchestrator.js:1470:13)

  console.log
    [19:12:46] [MasterOrchestrator]  [Epic3] Task file not found: C:\Users\EDUCAC~1\AppData\Local\Temp\master-orchestrator-test-1773169966043\.aios-core\development\tasks\spec-gather-requirements.md

      at MasterOrchestrator.log [as _log] (.aios-core/core/orchestration/master-orchestrator.js:1470:13)

  console.log
    [19:12:46] [MasterOrchestrator]  [Epic3] Running phase: assess-complexity

      at MasterOrchestrator.log [as _log] (.aios-core/core/orchestration/master-orchestrator.js:1470:13)

  console.log
    [19:12:46] [MasterOrchestrator]  [Epic3] Task file not found: C:\Users\EDUCAC~1\AppData\Local\Temp\master-orchestrator-test-1773169966043\.aios-core\development\tasks\spec-assess-complexity.md

      at MasterOrchestrator.log [as _log] (.aios-core/core/orchestration/master-orchestrator.js:1470:13)

  console.log
    [19:12:46] [MasterOrchestrator]  [Epic3] Running phase: research-dependencies

      at MasterOrchestrator.log [as _log] (.aios-core/core/orchestration/master-orchestrator.js:1470:13)

  console.log
    [19:12:46] [MasterOrchestrator]  [Epic3] Task file not found: C:\Users\EDUCAC~1\AppData\Local\Temp\master-orchestrator-test-1773169966043\.aios-core\development\tasks\spec-research-dependencies.md

      at MasterOrchestrator.log [as _log] (.aios-core/core/orchestration/master-orchestrator.js:1470:13)

  console.log
    [19:12:46] [MasterOrchestrator]  [Epic3] Running phase: write-spec

      at MasterOrchestrator.log [as _log] (.aios-core/core/orchestration/master-orchestrator.js:1470:13)

  console.log
    [19:12:46] [MasterOrchestrator]  [Epic3] Task file not found: C:\Users\EDUCAC~1\AppData\Local\Temp\master-orchestrator-test-1773169966043\.aios-core\development\tasks\spec-write-spec.md

      at MasterOrchestrator.log [as _log] (.aios-core/core/orchestration/master-orchestrator.js:1470:13)

  console.log
    [19:12:46] [MasterOrchestrator]  [Epic3] Running phase: critique

      at MasterOrchestrator.log [as _log] (.aios-core/core/orchestration/master-orchestrator.js:1470:13)

  console.log
    [19:12:46] [MasterOrchestrator]  [Epic3] Task file not found: C:\Users\EDUCAC~1\AppData\Local\Temp\master-orchestrator-test-1773169966043\.aios-core\development\tasks\spec-critique.md

      at MasterOrchestrator.log [as _log] (.aios-core/core/orchestration/master-orchestrator.js:1470:13)

  console.log
    [19:12:46] [MasterOrchestrator]  [Epic3] Created stub spec (real spec generation requires agent invocation)

      at MasterOrchestrator.log [as _log] (.aios-core/core/orchestration/master-orchestrator.js:1470:13)

  console.log
    [19:12:46] [MasterOrchestrator]  [Epic3] Epic 3 completed successfully

      at MasterOrchestrator.log [as _log] (.aios-core/core/orchestration/master-orchestrator.js:1470:13)

  console.log
    [19:12:46] [MasterOrchestrator]  State saved successfully

      at MasterOrchestrator.log [as _log] (.aios-core/core/orchestration/master-orchestrator.js:1470:13)

  console.log
       Ô£à Epic 3 complete

      at MasterOrchestrator.log [as _defaultEpicComplete] (.aios-core/core/orchestration/master-orchestrator.js:1493:13)

  console.log
    [19:12:46] [MasterOrchestrator] Ô£à Epic 3 completed successfully

      at MasterOrchestrator.log [as _log] (.aios-core/core/orchestration/master-orchestrator.js:1470:13)

  console.log
    [19:12:46] [MasterOrchestrator]  State loaded successfully

      at MasterOrchestrator.log [as _log] (.aios-core/core/orchestration/master-orchestrator.js:1470:13)

  console.log
    [19:12:46] [MasterOrchestrator]  MasterOrchestrator initialized

      at MasterOrchestrator.log [as _log] (.aios-core/core/orchestration/master-orchestrator.js:1470:13)

  console.log
    [19:12:46] [MasterOrchestrator]  Starting initialization...

      at MasterOrchestrator.log [as _log] (.aios-core/core/orchestration/master-orchestrator.js:1470:13)

  console.log
    [19:12:46] [MasterOrchestrator]  Running pre-flight tech stack detection...

      at MasterOrchestrator.log [as _log] (.aios-core/core/orchestration/master-orchestrator.js:1470:13)

  console.log
    [19:12:46] [MasterOrchestrator]  Tech stack detected: Frontend: react

      at MasterOrchestrator.log [as _log] (.aios-core/core/orchestration/master-orchestrator.js:1470:13)

  console.log
       ­ƒôè State: initialized ÔåÆ ready

      at MasterOrchestrator.log [as _defaultStateChange] (.aios-core/core/orchestration/master-orchestrator.js:1501:13)

  console.log
    [19:12:46] [MasterOrchestrator]  State transition: initialized ÔåÆ ready

      at MasterOrchestrator.log [as _log] (.aios-core/core/orchestration/master-orchestrator.js:1470:13)

  console.log
    [19:12:46] [MasterOrchestrator]  State saved successfully

      at MasterOrchestrator.log [as _log] (.aios-core/core/orchestration/master-orchestrator.js:1470:13)

  console.log
    [19:12:46] [MasterOrchestrator]  Initialization complete

      at MasterOrchestrator.log [as _log] (.aios-core/core/orchestration/master-orchestrator.js:1470:13)

  console.log
    [19:12:46] [MasterOrchestrator] ­ƒôØ Starting Epic 3: Spec Pipeline

      at MasterOrchestrator.log [as _log] (.aios-core/core/orchestration/master-orchestrator.js:1470:13)

  console.log
    
    ­ƒôØ Starting Epic 3: Spec Pipeline

      at MasterOrchestrator.log [as _defaultEpicStart] (.aios-core/core/orchestration/master-orchestrator.js:1483:13)

  console.log
       Requirements ÔåÆ Specification generation

      at MasterOrchestrator.log [as _defaultEpicStart] (.aios-core/core/orchestration/master-orchestrator.js:1484:13)

  console.log
    [19:12:46] [MasterOrchestrator]  [Epic3] Starting Epic 3 execution

      at MasterOrchestrator.log [as _log] (.aios-core/core/orchestration/master-orchestrator.js:1470:13)

  console.log
    [19:12:46] [MasterOrchestrator]  [Epic3] Executing Spec Pipeline for TEST-001

      at MasterOrchestrator.log [as _log] (.aios-core/core/orchestration/master-orchestrator.js:1470:13)

  console.log
    [19:12:46] [MasterOrchestrator]  [Epic3] Source: story, Tech Stack: detected

      at MasterOrchestrator.log [as _log] (.aios-core/core/orchestration/master-orchestrator.js:1470:13)

  console.log
    [19:12:46] [MasterOrchestrator]  [Epic3] Running phase: gather-requirements

      at MasterOrchestrator.log [as _log] (.aios-core/core/orchestration/master-orchestrator.js:1470:13)

  console.log
    [19:12:46] [MasterOrchestrator]  [Epic3] Task file not found: C:\Users\EDUCAC~1\AppData\Local\Temp\master-orchestrator-test-1773169966078\.aios-core\development\tasks\spec-gather-requirements.md

      at MasterOrchestrator.log [as _log] (.aios-core/core/orchestration/master-orchestrator.js:1470:13)

  console.log
    [19:12:46] [MasterOrchestrator]  [Epic3] Running phase: assess-complexity

      at MasterOrchestrator.log [as _log] (.aios-core/core/orchestration/master-orchestrator.js:1470:13)

  console.log
    [19:12:46] [MasterOrchestrator]  [Epic3] Task file not found: C:\Users\EDUCAC~1\AppData\Local\Temp\master-orchestrator-test-1773169966078\.aios-core\development\tasks\spec-assess-complexity.md

      at MasterOrchestrator.log [as _log] (.aios-core/core/orchestration/master-orchestrator.js:1470:13)

  console.log
    [19:12:46] [MasterOrchestrator]  [Epic3] Running phase: research-dependencies

      at MasterOrchestrator.log [as _log] (.aios-core/core/orchestration/master-orchestrator.js:1470:13)

  console.log
    [19:12:46] [MasterOrchestrator]  [Epic3] Task file not found: C:\Users\EDUCAC~1\AppData\Local\Temp\master-orchestrator-test-1773169966078\.aios-core\development\tasks\spec-research-dependencies.md

      at MasterOrchestrator.log [as _log] (.aios-core/core/orchestration/master-orchestrator.js:1470:13)

  console.log
    [19:12:46] [MasterOrchestrator]  [Epic3] Running phase: write-spec

      at MasterOrchestrator.log [as _log] (.aios-core/core/orchestration/master-orchestrator.js:1470:13)

  console.log
    [19:12:46] [MasterOrchestrator]  [Epic3] Task file not found: C:\Users\EDUCAC~1\AppData\Local\Temp\master-orchestrator-test-1773169966078\.aios-core\development\tasks\spec-write-spec.md

      at MasterOrchestrator.log [as _log] (.aios-core/core/orchestration/master-orchestrator.js:1470:13)

  console.log
    [19:12:46] [MasterOrchestrator]  [Epic3] Running phase: critique

      at MasterOrchestrator.log [as _log] (.aios-core/core/orchestration/master-orchestrator.js:1470:13)

  console.log
    [19:12:46] [MasterOrchestrator]  [Epic3] Task file not found: C:\Users\EDUCAC~1\AppData\Local\Temp\master-orchestrator-test-1773169966078\.aios-core\development\tasks\spec-critique.md

      at MasterOrchestrator.log [as _log] (.aios-core/core/orchestration/master-orchestrator.js:1470:13)

  console.log
    [19:12:46] [MasterOrchestrator]  [Epic3] Created stub spec (real spec generation requires agent invocation)

      at MasterOrchestrator.log [as _log] (.aios-core/core/orchestration/master-orchestrator.js:1470:13)

  console.log
    [19:12:46] [MasterOrchestrator]  [Epic3] Epic 3 completed successfully

      at MasterOrchestrator.log [as _log] (.aios-core/core/orchestration/master-orchestrator.js:1470:13)

  console.log
    [19:12:46] [MasterOrchestrator]  State saved successfully

      at MasterOrchestrator.log [as _log] (.aios-core/core/orchestration/master-orchestrator.js:1470:13)

  console.log
       Ô£à Epic 3 complete

      at MasterOrchestrator.log [as _defaultEpicComplete] (.aios-core/core/orchestration/master-orchestrator.js:1493:13)

  console.log
    [19:12:46] [MasterOrchestrator] Ô£à Epic 3 completed successfully

      at MasterOrchestrator.log [as _log] (.aios-core/core/orchestration/master-orchestrator.js:1470:13)

  console.log
    [19:12:46] [MasterOrchestrator]  MasterOrchestrator initialized

      at MasterOrchestrator.log [as _log] (.aios-core/core/orchestration/master-orchestrator.js:1470:13)

  console.log
    [19:12:46] [MasterOrchestrator]  State loaded successfully

      at MasterOrchestrator.log [as _log] (.aios-core/core/orchestration/master-orchestrator.js:1470:13)

  console.log
    [19:12:46] [MasterOrchestrator]  MasterOrchestrator initialized

      at MasterOrchestrator.log [as _log] (.aios-core/core/orchestration/master-orchestrator.js:1470:13)

  console.log
    [19:12:46] [MasterOrchestrator]  MasterOrchestrator initialized

      at MasterOrchestrator.log [as _log] (.aios-core/core/orchestration/master-orchestrator.js:1470:13)

  console.log
    [19:12:46] [MasterOrchestrator]  Starting initialization...

      at MasterOrchestrator.log [as _log] (.aios-core/core/orchestration/master-orchestrator.js:1470:13)

  console.log
    [19:12:46] [MasterOrchestrator]  Running pre-flight tech stack detection...

      at MasterOrchestrator.log [as _log] (.aios-core/core/orchestration/master-orchestrator.js:1470:13)

  console.log
    [19:12:46] [MasterOrchestrator]  Tech stack detected: Frontend: react

      at MasterOrchestrator.log [as _log] (.aios-core/core/orchestration/master-orchestrator.js:1470:13)

  console.log
       ­ƒôè State: initialized ÔåÆ ready

      at MasterOrchestrator.log [as _defaultStateChange] (.aios-core/core/orchestration/master-orchestrator.js:1501:13)

  console.log
    [19:12:46] [MasterOrchestrator]  State transition: initialized ÔåÆ ready

      at MasterOrchestrator.log [as _log] (.aios-core/core/orchestration/master-orchestrator.js:1470:13)

  console.log
    [19:12:46] [MasterOrchestrator]  State saved successfully

      at MasterOrchestrator.log [as _log] (.aios-core/core/orchestration/master-orchestrator.js:1470:13)

  console.log
    [19:12:46] [MasterOrchestrator]  Initialization complete

      at MasterOrchestrator.log [as _log] (.aios-core/core/orchestration/master-orchestrator.js:1470:13)

  console.log
    [19:12:46] [MasterOrchestrator] ­ƒôØ Starting Epic 3: Spec Pipeline

      at MasterOrchestrator.log [as _log] (.aios-core/core/orchestration/master-orchestrator.js:1470:13)

  console.log
    
    ­ƒôØ Starting Epic 3: Spec Pipeline

      at MasterOrchestrator.log [as _defaultEpicStart] (.aios-core/core/orchestration/master-orchestrator.js:1483:13)

  console.log
       Requirements ÔåÆ Specification generation

      at MasterOrchestrator.log [as _defaultEpicStart] (.aios-core/core/orchestration/master-orchestrator.js:1484:13)

  console.log
    [19:12:46] [MasterOrchestrator]  [Epic3] Starting Epic 3 execution

      at MasterOrchestrator.log [as _log] (.aios-core/core/orchestration/master-orchestrator.js:1470:13)

  console.log
    [19:12:46] [MasterOrchestrator]  [Epic3] Executing Spec Pipeline for TEST-001

      at MasterOrchestrator.log [as _log] (.aios-core/core/orchestration/master-orchestrator.js:1470:13)

  console.log
    [19:12:46] [MasterOrchestrator]  [Epic3] Source: story, Tech Stack: detected

      at MasterOrchestrator.log [as _log] (.aios-core/core/orchestration/master-orchestrator.js:1470:13)

  console.log
    [19:12:46] [MasterOrchestrator]  [Epic3] Running phase: gather-requirements

      at MasterOrchestrator.log [as _log] (.aios-core/core/orchestration/master-orchestrator.js:1470:13)

  console.log
    [19:12:46] [MasterOrchestrator]  [Epic3] Task file not found: C:\Users\EDUCAC~1\AppData\Local\Temp\master-orchestrator-test-1773169966122\.aios-core\development\tasks\spec-gather-requirements.md

      at MasterOrchestrator.log [as _log] (.aios-core/core/orchestration/master-orchestrator.js:1470:13)

  console.log
    [19:12:46] [MasterOrchestrator]  [Epic3] Running phase: assess-complexity

      at MasterOrchestrator.log [as _log] (.aios-core/core/orchestration/master-orchestrator.js:1470:13)

  console.log
    [19:12:46] [MasterOrchestrator]  [Epic3] Task file not found: C:\Users\EDUCAC~1\AppData\Local\Temp\master-orchestrator-test-1773169966122\.aios-core\development\tasks\spec-assess-complexity.md

      at MasterOrchestrator.log [as _log] (.aios-core/core/orchestration/master-orchestrator.js:1470:13)

  console.log
    [19:12:46] [MasterOrchestrator]  [Epic3] Running phase: research-dependencies

      at MasterOrchestrator.log [as _log] (.aios-core/core/orchestration/master-orchestrator.js:1470:13)

  console.log
    [19:12:46] [MasterOrchestrator]  [Epic3] Task file not found: C:\Users\EDUCAC~1\AppData\Local\Temp\master-orchestrator-test-1773169966122\.aios-core\development\tasks\spec-research-dependencies.md

      at MasterOrchestrator.log [as _log] (.aios-core/core/orchestration/master-orchestrator.js:1470:13)

  console.log
    [19:12:46] [MasterOrchestrator]  [Epic3] Running phase: write-spec

      at MasterOrchestrator.log [as _log] (.aios-core/core/orchestration/master-orchestrator.js:1470:13)

  console.log
    [19:12:46] [MasterOrchestrator]  [Epic3] Task file not found: C:\Users\EDUCAC~1\AppData\Local\Temp\master-orchestrator-test-1773169966122\.aios-core\development\tasks\spec-write-spec.md

      at MasterOrchestrator.log [as _log] (.aios-core/core/orchestration/master-orchestrator.js:1470:13)

  console.log
    [19:12:46] [MasterOrchestrator]  [Epic3] Running phase: critique

      at MasterOrchestrator.log [as _log] (.aios-core/core/orchestration/master-orchestrator.js:1470:13)

  console.log
    [19:12:46] [MasterOrchestrator]  [Epic3] Task file not found: C:\Users\EDUCAC~1\AppData\Local\Temp\master-orchestrator-test-1773169966122\.aios-core\development\tasks\spec-critique.md

      at MasterOrchestrator.log [as _log] (.aios-core/core/orchestration/master-orchestrator.js:1470:13)

  console.log
    [19:12:46] [MasterOrchestrator]  [Epic3] Created stub spec (real spec generation requires agent invocation)

      at MasterOrchestrator.log [as _log] (.aios-core/core/orchestration/master-orchestrator.js:1470:13)

  console.log
    [19:12:46] [MasterOrchestrator]  [Epic3] Epic 3 completed successfully

      at MasterOrchestrator.log [as _log] (.aios-core/core/orchestration/master-orchestrator.js:1470:13)

  console.log
    [19:12:46] [MasterOrchestrator]  State saved successfully

      at MasterOrchestrator.log [as _log] (.aios-core/core/orchestration/master-orchestrator.js:1470:13)

  console.log
       Ô£à Epic 3 complete

      at MasterOrchestrator.log [as _defaultEpicComplete] (.aios-core/core/orchestration/master-orchestrator.js:1493:13)

  console.log
    [19:12:46] [MasterOrchestrator] Ô£à Epic 3 completed successfully

      at MasterOrchestrator.log [as _log] (.aios-core/core/orchestration/master-orchestrator.js:1470:13)

  console.log
    [19:12:46] [MasterOrchestrator]  MasterOrchestrator initialized

      at MasterOrchestrator.log [as _log] (.aios-core/core/orchestration/master-orchestrator.js:1470:13)

  console.log
    [19:12:46] [MasterOrchestrator]  Starting initialization...

      at MasterOrchestrator.log [as _log] (.aios-core/core/orchestration/master-orchestrator.js:1470:13)

  console.log
    [19:12:46] [MasterOrchestrator]  State loaded successfully

      at MasterOrchestrator.log [as _log] (.aios-core/core/orchestration/master-orchestrator.js:1470:13)

  console.log
    [19:12:46] [MasterOrchestrator]  Found existing state, resuming...

      at MasterOrchestrator.log [as _log] (.aios-core/core/orchestration/master-orchestrator.js:1470:13)

  console.log
    [19:12:46] [MasterOrchestrator]  Running pre-flight tech stack detection...

      at MasterOrchestrator.log [as _log] (.aios-core/core/orchestration/master-orchestrator.js:1470:13)

  console.log
    [19:12:46] [MasterOrchestrator]  Tech stack detected: Frontend: react

      at MasterOrchestrator.log [as _log] (.aios-core/core/orchestration/master-orchestrator.js:1470:13)

  console.log
       ­ƒôè State: ready ÔåÆ ready

      at MasterOrchestrator.log [as _defaultStateChange] (.aios-core/core/orchestration/master-orchestrator.js:1501:13)

  console.log
    [19:12:46] [MasterOrchestrator]  State transition: ready ÔåÆ ready

      at MasterOrchestrator.log [as _log] (.aios-core/core/orchestration/master-orchestrator.js:1470:13)

  console.log
    [19:12:46] [MasterOrchestrator]  State saved successfully

      at MasterOrchestrator.log [as _log] (.aios-core/core/orchestration/master-orchestrator.js:1470:13)

  console.log
    [19:12:46] [MasterOrchestrator]  Initialization complete

      at MasterOrchestrator.log [as _log] (.aios-core/core/orchestration/master-orchestrator.js:1470:13)

  console.log
    [19:12:46] [MasterOrchestrator]  MasterOrchestrator initialized

      at MasterOrchestrator.log [as _log] (.aios-core/core/orchestration/master-orchestrator.js:1470:13)

  console.log
    [19:12:46] [MasterOrchestrator]  Starting initialization...

      at MasterOrchestrator.log [as _log] (.aios-core/core/orchestration/master-orchestrator.js:1470:13)

  console.log
    [19:12:46] [MasterOrchestrator]  Running pre-flight tech stack detection...

      at MasterOrchestrator.log [as _log] (.aios-core/core/orchestration/master-orchestrator.js:1470:13)

  console.log
    [19:12:46] [MasterOrchestrator]  Tech stack detected: Frontend: react

      at MasterOrchestrator.log [as _log] (.aios-core/core/orchestration/master-orchestrator.js:1470:13)

  console.log
       ­ƒôè State: initialized ÔåÆ ready

      at MasterOrchestrator.log [as _defaultStateChange] (.aios-core/core/orchestration/master-orchestrator.js:1501:13)

  console.log
    [19:12:46] [MasterOrchestrator]  State transition: initialized ÔåÆ ready

      at MasterOrchestrator.log [as _log] (.aios-core/core/orchestration/master-orchestrator.js:1470:13)

  console.log
    [19:12:46] [MasterOrchestrator]  State saved successfully

      at MasterOrchestrator.log [as _log] (.aios-core/core/orchestration/master-orchestrator.js:1470:13)

  console.log
    [19:12:46] [MasterOrchestrator]  Initialization complete

      at MasterOrchestrator.log [as _log] (.aios-core/core/orchestration/master-orchestrator.js:1470:13)

  console.log
    [19:12:46] [MasterOrchestrator] ­ƒôØ Starting Epic 3: Spec Pipeline

      at MasterOrchestrator.log [as _log] (.aios-core/core/orchestration/master-orchestrator.js:1470:13)

  console.log
    
    ­ƒôØ Starting Epic 3: Spec Pipeline

      at MasterOrchestrator.log [as _defaultEpicStart] (.aios-core/core/orchestration/master-orchestrator.js:1483:13)

  console.log
       Requirements ÔåÆ Specification generation

      at MasterOrchestrator.log [as _defaultEpicStart] (.aios-core/core/orchestration/master-orchestrator.js:1484:13)

  console.log
    [19:12:46] [MasterOrchestrator]  [Epic3] Starting Epic 3 execution

      at MasterOrchestrator.log [as _log] (.aios-core/core/orchestration/master-orchestrator.js:1470:13)

  console.log
    [19:12:46] [MasterOrchestrator]  [Epic3] Executing Spec Pipeline for TEST-001

      at MasterOrchestrator.log [as _log] (.aios-core/core/orchestration/master-orchestrator.js:1470:13)

  console.log
    [19:12:46] [MasterOrchestrator]  [Epic3] Source: story, Tech Stack: detected

      at MasterOrchestrator.log [as _log] (.aios-core/core/orchestration/master-orchestrator.js:1470:13)

  console.log
    [19:12:46] [MasterOrchestrator]  [Epic3] Running phase: gather-requirements

      at MasterOrchestrator.log [as _log] (.aios-core/core/orchestration/master-orchestrator.js:1470:13)

  console.log
    [19:12:46] [MasterOrchestrator]  [Epic3] Task file not found: C:\Users\EDUCAC~1\AppData\Local\Temp\master-orchestrator-test-1773169966168\.aios-core\development\tasks\spec-gather-requirements.md

      at MasterOrchestrator.log [as _log] (.aios-core/core/orchestration/master-orchestrator.js:1470:13)

  console.log
    [19:12:46] [MasterOrchestrator]  [Epic3] Running phase: assess-complexity

      at MasterOrchestrator.log [as _log] (.aios-core/core/orchestration/master-orchestrator.js:1470:13)

  console.log
    [19:12:46] [MasterOrchestrator]  [Epic3] Task file not found: C:\Users\EDUCAC~1\AppData\Local\Temp\master-orchestrator-test-1773169966168\.aios-core\development\tasks\spec-assess-complexity.md

      at MasterOrchestrator.log [as _log] (.aios-core/core/orchestration/master-orchestrator.js:1470:13)

  console.log
    [19:12:46] [MasterOrchestrator]  [Epic3] Running phase: research-dependencies

      at MasterOrchestrator.log [as _log] (.aios-core/core/orchestration/master-orchestrator.js:1470:13)

  console.log
    [19:12:46] [MasterOrchestrator]  [Epic3] Task file not found: C:\Users\EDUCAC~1\AppData\Local\Temp\master-orchestrator-test-1773169966168\.aios-core\development\tasks\spec-research-dependencies.md

      at MasterOrchestrator.log [as _log] (.aios-core/core/orchestration/master-orchestrator.js:1470:13)

  console.log
    [19:12:46] [MasterOrchestrator]  [Epic3] Running phase: write-spec

      at MasterOrchestrator.log [as _log] (.aios-core/core/orchestration/master-orchestrator.js:1470:13)

  console.log
    [19:12:46] [MasterOrchestrator]  [Epic3] Task file not found: C:\Users\EDUCAC~1\AppData\Local\Temp\master-orchestrator-test-1773169966168\.aios-core\development\tasks\spec-write-spec.md

      at MasterOrchestrator.log [as _log] (.aios-core/core/orchestration/master-orchestrator.js:1470:13)

  console.log
    [19:12:46] [MasterOrchestrator]  [Epic3] Running phase: critique

      at MasterOrchestrator.log [as _log] (.aios-core/core/orchestration/master-orchestrator.js:1470:13)

  console.log
    [19:12:46] [MasterOrchestrator]  [Epic3] Task file not found: C:\Users\EDUCAC~1\AppData\Local\Temp\master-orchestrator-test-1773169966168\.aios-core\development\tasks\spec-critique.md

      at MasterOrchestrator.log [as _log] (.aios-core/core/orchestration/master-orchestrator.js:1470:13)

  console.log
    [19:12:46] [MasterOrchestrator]  [Epic3] Created stub spec (real spec generation requires agent invocation)

      at MasterOrchestrator.log [as _log] (.aios-core/core/orchestration/master-orchestrator.js:1470:13)

  console.log
    [19:12:46] [MasterOrchestrator]  [Epic3] Epic 3 completed successfully

      at MasterOrchestrator.log [as _log] (.aios-core/core/orchestration/master-orchestrator.js:1470:13)

  console.log
    [19:12:46] [MasterOrchestrator]  State saved successfully

      at MasterOrchestrator.log [as _log] (.aios-core/core/orchestration/master-orchestrator.js:1470:13)

  console.log
       Ô£à Epic 3 complete

      at MasterOrchestrator.log [as _defaultEpicComplete] (.aios-core/core/orchestration/master-orchestrator.js:1493:13)

  console.log
    [19:12:46] [MasterOrchestrator] Ô£à Epic 3 completed successfully

      at MasterOrchestrator.log [as _log] (.aios-core/core/orchestration/master-orchestrator.js:1470:13)

  console.log
    [19:12:46] [MasterOrchestrator]  MasterOrchestrator initialized

      at MasterOrchestrator.log [as _log] (.aios-core/core/orchestration/master-orchestrator.js:1470:13)

  console.log
    [19:12:46] [MasterOrchestrator]  Starting initialization...

      at MasterOrchestrator.log [as _log] (.aios-core/core/orchestration/master-orchestrator.js:1470:13)

  console.log
    [19:12:46] [MasterOrchestrator]  Running pre-flight tech stack detection...

      at MasterOrchestrator.log [as _log] (.aios-core/core/orchestration/master-orchestrator.js:1470:13)

  console.log
    [19:12:46] [MasterOrchestrator]  Tech stack detected: Frontend: react

      at MasterOrchestrator.log [as _log] (.aios-core/core/orchestration/master-orchestrator.js:1470:13)

  console.log
       ­ƒôè State: initialized ÔåÆ ready

      at MasterOrchestrator.log [as _defaultStateChange] (.aios-core/core/orchestration/master-orchestrator.js:1501:13)

  console.log
    [19:12:46] [MasterOrchestrator]  State transition: initialized ÔåÆ ready

      at MasterOrchestrator.log [as _log] (.aios-core/core/orchestration/master-orchestrator.js:1470:13)

  console.log
    [19:12:46] [MasterOrchestrator]  State saved successfully

      at MasterOrchestrator.log [as _log] (.aios-core/core/orchestration/master-orchestrator.js:1470:13)

  console.log
    [19:12:46] [MasterOrchestrator]  Initialization complete

      at MasterOrchestrator.log [as _log] (.aios-core/core/orchestration/master-orchestrator.js:1470:13)

  console.log
    [19:12:46] [MasterOrchestrator]  Found 2 resumable state(s), using most recent

      at MasterOrchestrator.log [as _log] (.aios-core/core/orchestration/master-orchestrator.js:1470:13)

  console.log
    [19:12:46] [MasterOrchestrator]  MasterOrchestrator initialized

      at MasterOrchestrator.log [as _log] (.aios-core/core/orchestration/master-orchestrator.js:1470:13)

  console.log
    [19:12:46] [MasterOrchestrator]  Starting initialization...

      at MasterOrchestrator.log [as _log] (.aios-core/core/orchestration/master-orchestrator.js:1470:13)

  console.log
    [19:12:46] [MasterOrchestrator]  Running pre-flight tech stack detection...

      at MasterOrchestrator.log [as _log] (.aios-core/core/orchestration/master-orchestrator.js:1470:13)

  console.log
    [19:12:46] [MasterOrchestrator]  Tech stack detected: Frontend: react

      at MasterOrchestrator.log [as _log] (.aios-core/core/orchestration/master-orchestrator.js:1470:13)

  console.log
       ­ƒôè State: initialized ÔåÆ ready

      at MasterOrchestrator.log [as _defaultStateChange] (.aios-core/core/orchestration/master-orchestrator.js:1501:13)

  console.log
    [19:12:46] [MasterOrchestrator]  State transition: initialized ÔåÆ ready

      at MasterOrchestrator.log [as _log] (.aios-core/core/orchestration/master-orchestrator.js:1470:13)

  console.log
    [19:12:46] [MasterOrchestrator]  State saved successfully

      at MasterOrchestrator.log [as _log] (.aios-core/core/orchestration/master-orchestrator.js:1470:13)

  console.log
    [19:12:46] [MasterOrchestrator]  Initialization complete

      at MasterOrchestrator.log [as _log] (.aios-core/core/orchestration/master-orchestrator.js:1470:13)

  console.log
    [19:12:46] [MasterOrchestrator]  Starting full pipeline execution...

      at MasterOrchestrator.log [as _log] (.aios-core/core/orchestration/master-orchestrator.js:1470:13)

  console.log
       ­ƒôè State: ready ÔåÆ in_progress

      at MasterOrchestrator.log [as _defaultStateChange] (.aios-core/core/orchestration/master-orchestrator.js:1501:13)

  console.log
    [19:12:46] [MasterOrchestrator]  State transition: ready ÔåÆ in_progress

      at MasterOrchestrator.log [as _log] (.aios-core/core/orchestration/master-orchestrator.js:1470:13)

  console.log
    [19:12:46] [MasterOrchestrator] ­ƒôØ Starting Epic 3: Spec Pipeline

      at MasterOrchestrator.log [as _log] (.aios-core/core/orchestration/master-orchestrator.js:1470:13)

  console.log
    
    ­ƒôØ Starting Epic 3: Spec Pipeline

      at MasterOrchestrator.log [as _defaultEpicStart] (.aios-core/core/orchestration/master-orchestrator.js:1483:13)

  console.log
       Requirements ÔåÆ Specification generation

      at MasterOrchestrator.log [as _defaultEpicStart] (.aios-core/core/orchestration/master-orchestrator.js:1484:13)

  console.log
    [19:12:46] [MasterOrchestrator]  [Epic3] Starting Epic 3 execution

      at MasterOrchestrator.log [as _log] (.aios-core/core/orchestration/master-orchestrator.js:1470:13)

  console.log
    [19:12:46] [MasterOrchestrator]  [Epic3] Executing Spec Pipeline for TEST-001

      at MasterOrchestrator.log [as _log] (.aios-core/core/orchestration/master-orchestrator.js:1470:13)

  console.log
    [19:12:46] [MasterOrchestrator]  [Epic3] Source: story, Tech Stack: detected

      at MasterOrchestrator.log [as _log] (.aios-core/core/orchestration/master-orchestrator.js:1470:13)

  console.log
    [19:12:46] [MasterOrchestrator]  [Epic3] Running phase: gather-requirements

      at MasterOrchestrator.log [as _log] (.aios-core/core/orchestration/master-orchestrator.js:1470:13)

  console.log
    [19:12:46] [MasterOrchestrator]  [Epic3] Task file not found: C:\Users\EDUCAC~1\AppData\Local\Temp\master-orchestrator-test-1773169966218\.aios-core\development\tasks\spec-gather-requirements.md

      at MasterOrchestrator.log [as _log] (.aios-core/core/orchestration/master-orchestrator.js:1470:13)

  console.log
    [19:12:46] [MasterOrchestrator]  [Epic3] Running phase: assess-complexity

      at MasterOrchestrator.log [as _log] (.aios-core/core/orchestration/master-orchestrator.js:1470:13)

  console.log
    [19:12:46] [MasterOrchestrator]  [Epic3] Task file not found: C:\Users\EDUCAC~1\AppData\Local\Temp\master-orchestrator-test-1773169966218\.aios-core\development\tasks\spec-assess-complexity.md

      at MasterOrchestrator.log [as _log] (.aios-core/core/orchestration/master-orchestrator.js:1470:13)

  console.log
    [19:12:46] [MasterOrchestrator]  [Epic3] Running phase: research-dependencies

      at MasterOrchestrator.log [as _log] (.aios-core/core/orchestration/master-orchestrator.js:1470:13)

  console.log
    [19:12:46] [MasterOrchestrator]  [Epic3] Task file not found: C:\Users\EDUCAC~1\AppData\Local\Temp\master-orchestrator-test-1773169966218\.aios-core\development\tasks\spec-research-dependencies.md

      at MasterOrchestrator.log [as _log] (.aios-core/core/orchestration/master-orchestrator.js:1470:13)

  console.log
    [19:12:46] [MasterOrchestrator]  [Epic3] Running phase: write-spec

      at MasterOrchestrator.log [as _log] (.aios-core/core/orchestration/master-orchestrator.js:1470:13)

  console.log
    [19:12:46] [MasterOrchestrator]  [Epic3] Task file not found: C:\Users\EDUCAC~1\AppData\Local\Temp\master-orchestrator-test-1773169966218\.aios-core\development\tasks\spec-write-spec.md

      at MasterOrchestrator.log [as _log] (.aios-core/core/orchestration/master-orchestrator.js:1470:13)

  console.log
    [19:12:46] [MasterOrchestrator]  [Epic3] Running phase: critique

      at MasterOrchestrator.log [as _log] (.aios-core/core/orchestration/master-orchestrator.js:1470:13)

  console.log
    [19:12:46] [MasterOrchestrator]  [Epic3] Task file not found: C:\Users\EDUCAC~1\AppData\Local\Temp\master-orchestrator-test-1773169966218\.aios-core\development\tasks\spec-critique.md

      at MasterOrchestrator.log [as _log] (.aios-core/core/orchestration/master-orchestrator.js:1470:13)

  console.log
    [19:12:46] [MasterOrchestrator]  [Epic3] Created stub spec (real spec generation requires agent invocation)

      at MasterOrchestrator.log [as _log] (.aios-core/core/orchestration/master-orchestrator.js:1470:13)

  console.log
    [19:12:46] [MasterOrchestrator]  [Epic3] Epic 3 completed successfully

      at MasterOrchestrator.log [as _log] (.aios-core/core/orchestration/master-orchestrator.js:1470:13)

  console.log
    [19:12:46] [MasterOrchestrator] ­ƒÜª Evaluating gate: Epic 3 -> Epic 4

      at MasterOrchestrator.log [as _log] (.aios-core/core/orchestration/master-orchestrator.js:1470:13)

  console.log
    [19:12:46] [MasterOrchestrator]  Gate verdict: needs_revision (score: 3.3)

      at MasterOrchestrator.log [as _log] (.aios-core/core/orchestration/master-orchestrator.js:1470:13)

  console.log
    [19:12:46] [MasterOrchestrator]  State saved successfully

      at MasterOrchestrator.log [as _log] (.aios-core/core/orchestration/master-orchestrator.js:1470:13)

  console.log
       Ô£à Epic 3 complete

      at MasterOrchestrator.log [as _defaultEpicComplete] (.aios-core/core/orchestration/master-orchestrator.js:1493:13)

  console.log
    [19:12:46] [MasterOrchestrator] Ô£à Epic 3 completed successfully

      at MasterOrchestrator.log [as _log] (.aios-core/core/orchestration/master-orchestrator.js:1470:13)

  console.log
    [19:12:46] [MasterOrchestrator] ÔÜá´©Å Gate needs revision: epic3_to_epic4

      at MasterOrchestrator.log [as _log] (.aios-core/core/orchestration/master-orchestrator.js:1470:13)

  console.log
    [19:12:46] [MasterOrchestrator]  State saved successfully

      at MasterOrchestrator.log [as _log] (.aios-core/core/orchestration/master-orchestrator.js:1470:13)

  console.log
    [19:12:46] [MasterOrchestrator] ÔÜÖ´©Å Starting Epic 4: Execution Engine

      at MasterOrchestrator.log [as _log] (.aios-core/core/orchestration/master-orchestrator.js:1470:13)

  console.log
    
    ÔÜÖ´©Å Starting Epic 4: Execution Engine

      at MasterOrchestrator.log [as _defaultEpicStart] (.aios-core/core/orchestration/master-orchestrator.js:1483:13)

  console.log
       Plan tracking and subtask execution

      at MasterOrchestrator.log [as _defaultEpicStart] (.aios-core/core/orchestration/master-orchestrator.js:1484:13)

  console.log
    [19:12:46] [MasterOrchestrator]  [Epic4] Starting Epic 4 execution

      at MasterOrchestrator.log [as _log] (.aios-core/core/orchestration/master-orchestrator.js:1470:13)

  console.log
    [19:12:46] [MasterOrchestrator]  [Epic4] Executing for story: TEST-001

      at MasterOrchestrator.log [as _log] (.aios-core/core/orchestration/master-orchestrator.js:1470:13)

  console.log
    [19:12:46] [MasterOrchestrator]  [Epic4] Complexity: STANDARD

      at MasterOrchestrator.log [as _log] (.aios-core/core/orchestration/master-orchestrator.js:1470:13)

  console.log
    [19:12:46] [MasterOrchestrator]  [Epic4] Created stub implementation plan

      at MasterOrchestrator.log [as _log] (.aios-core/core/orchestration/master-orchestrator.js:1470:13)

  console.log
    [19:12:46] [MasterOrchestrator]  [Epic4] Using plan: C:\Users\EDUCAC~1\AppData\Local\Temp\master-orchestrator-test-1773169966218\docs\stories\TEST-001\plan\implementation.yaml

      at MasterOrchestrator.log [as _log] (.aios-core/core/orchestration/master-orchestrator.js:1470:13)

  console.log
    [19:12:46] [MasterOrchestrator]  [Epic4] PlanTracker not available: Cannot find module '../../infrastructure/scripts/plan-tracker' from '.aios-core/core/orchestration/executors/epic-4-executor.js'

      at MasterOrchestrator.log [as _log] (.aios-core/core/orchestration/master-orchestrator.js:1470:13)

  console.log
    [19:12:46] [MasterOrchestrator]  [Epic4] Epic 4 completed successfully

      at MasterOrchestrator.log [as _log] (.aios-core/core/orchestration/master-orchestrator.js:1470:13)

  console.log
    [19:12:46] [MasterOrchestrator] ­ƒÜª Evaluating gate: Epic 4 -> Epic 6

      at MasterOrchestrator.log [as _log] (.aios-core/core/orchestration/master-orchestrator.js:1470:13)

  console.log
    [19:12:46] [MasterOrchestrator]  Gate verdict: approved (score: 5.0)

      at MasterOrchestrator.log [as _log] (.aios-core/core/orchestration/master-orchestrator.js:1470:13)

  console.log
    [19:12:46] [MasterOrchestrator]  State saved successfully

      at MasterOrchestrator.log [as _log] (.aios-core/core/orchestration/master-orchestrator.js:1470:13)

  console.log
       Ô£à Epic 4 complete

      at MasterOrchestrator.log [as _defaultEpicComplete] (.aios-core/core/orchestration/master-orchestrator.js:1493:13)

  console.log
    [19:12:46] [MasterOrchestrator] Ô£à Epic 4 completed successfully

      at MasterOrchestrator.log [as _log] (.aios-core/core/orchestration/master-orchestrator.js:1470:13)

  console.log
    [19:12:46] [MasterOrchestrator]  State saved successfully

      at MasterOrchestrator.log [as _log] (.aios-core/core/orchestration/master-orchestrator.js:1470:13)

  console.log
    [19:12:46] [MasterOrchestrator] ­ƒöì Starting Epic 6: QA Loop

      at MasterOrchestrator.log [as _log] (.aios-core/core/orchestration/master-orchestrator.js:1470:13)

  console.log
    
    ­ƒöì Starting Epic 6: QA Loop

      at MasterOrchestrator.log [as _defaultEpicStart] (.aios-core/core/orchestration/master-orchestrator.js:1483:13)

  console.log
       Quality assurance and validation

      at MasterOrchestrator.log [as _defaultEpicStart] (.aios-core/core/orchestration/master-orchestrator.js:1484:13)

  console.log
    [19:12:46] [MasterOrchestrator]  [Epic6] Starting Epic 6 execution

      at MasterOrchestrator.log [as _log] (.aios-core/core/orchestration/master-orchestrator.js:1470:13)

  console.log
    [19:12:46] [MasterOrchestrator]  [Epic6] Starting QA loop for TEST-001

      at MasterOrchestrator.log [as _log] (.aios-core/core/orchestration/master-orchestrator.js:1470:13)

  console.log
    [19:12:46] [MasterOrchestrator]  [Epic6] QA iteration 1/3

      at MasterOrchestrator.log [as _log] (.aios-core/core/orchestration/master-orchestrator.js:1470:13)

  console.log
    [19:12:46] [MasterOrchestrator]  [Epic6] Running review cycle 1

      at MasterOrchestrator.log [as _log] (.aios-core/core/orchestration/master-orchestrator.js:1470:13)

  console.log
    [19:12:46] [MasterOrchestrator]  [Epic6] QA Loop Orchestrator not available: Cannot find module '../../infrastructure/scripts/qa-loop-orchestrator' from '.aios-core/core/orchestration/executors/epic-6-executor.js'

      at MasterOrchestrator.log [as _log] (.aios-core/core/orchestration/master-orchestrator.js:1470:13)

  console.log
    [19:12:46] [MasterOrchestrator]  [Epic6] Basic quality checks completed

      at MasterOrchestrator.log [as _log] (.aios-core/core/orchestration/master-orchestrator.js:1470:13)

  console.log
    [19:12:46] [MasterOrchestrator]  [Epic6] Review needs revision, applying fixes...

      at MasterOrchestrator.log [as _log] (.aios-core/core/orchestration/master-orchestrator.js:1470:13)

  console.log
    [19:12:46] [MasterOrchestrator]  [Epic6] Applying fixes for 1 issues

      at MasterOrchestrator.log [as _log] (.aios-core/core/orchestration/master-orchestrator.js:1470:13)

  console.log
    [19:12:46] [MasterOrchestrator]  [Epic6] Would fix: missing_tests - No tests directory found

      at MasterOrchestrator.log [as _log] (.aios-core/core/orchestration/master-orchestrator.js:1470:13)

  console.log
    [19:12:46] [MasterOrchestrator]  [Epic6] QA iteration 2/3

      at MasterOrchestrator.log [as _log] (.aios-core/core/orchestration/master-orchestrator.js:1470:13)

  console.log
    [19:12:46] [MasterOrchestrator]  [Epic6] Running review cycle 2

      at MasterOrchestrator.log [as _log] (.aios-core/core/orchestration/master-orchestrator.js:1470:13)

  console.log
    [19:12:46] [MasterOrchestrator]  [Epic6] QA Loop Orchestrator not available: Cannot find module '../../infrastructure/scripts/qa-loop-orchestrator' from '.aios-core/core/orchestration/executors/epic-6-executor.js'

      at MasterOrchestrator.log [as _log] (.aios-core/core/orchestration/master-orchestrator.js:1470:13)

  console.log
    [19:12:46] [MasterOrchestrator]  [Epic6] Basic quality checks completed

      at MasterOrchestrator.log [as _log] (.aios-core/core/orchestration/master-orchestrator.js:1470:13)

  console.log
    [19:12:46] [MasterOrchestrator]  [Epic6] Review needs revision, applying fixes...

      at MasterOrchestrator.log [as _log] (.aios-core/core/orchestration/master-orchestrator.js:1470:13)

  console.log
    [19:12:46] [MasterOrchestrator]  [Epic6] Applying fixes for 1 issues

      at MasterOrchestrator.log [as _log] (.aios-core/core/orchestration/master-orchestrator.js:1470:13)

  console.log
    [19:12:46] [MasterOrchestrator]  [Epic6] Would fix: missing_tests - No tests directory found

      at MasterOrchestrator.log [as _log] (.aios-core/core/orchestration/master-orchestrator.js:1470:13)

  console.log
    [19:12:46] [MasterOrchestrator]  [Epic6] QA iteration 3/3

      at MasterOrchestrator.log [as _log] (.aios-core/core/orchestration/master-orchestrator.js:1470:13)

  console.log
    [19:12:46] [MasterOrchestrator]  [Epic6] Running review cycle 3

      at MasterOrchestrator.log [as _log] (.aios-core/core/orchestration/master-orchestrator.js:1470:13)

  console.log
    [19:12:46] [MasterOrchestrator]  [Epic6] QA Loop Orchestrator not available: Cannot find module '../../infrastructure/scripts/qa-loop-orchestrator' from '.aios-core/core/orchestration/executors/epic-6-executor.js'

      at MasterOrchestrator.log [as _log] (.aios-core/core/orchestration/master-orchestrator.js:1470:13)

  console.log
    [19:12:46] [MasterOrchestrator]  [Epic6] Basic quality checks completed

      at MasterOrchestrator.log [as _log] (.aios-core/core/orchestration/master-orchestrator.js:1470:13)

  console.log
    [19:12:46] [MasterOrchestrator]  [Epic6] Epic 6 completed successfully

      at MasterOrchestrator.log [as _log] (.aios-core/core/orchestration/master-orchestrator.js:1470:13)

  console.log
    [19:12:46] [MasterOrchestrator] ­ƒÜª Evaluating gate: Epic 6 -> Epic 7

      at MasterOrchestrator.log [as _log] (.aios-core/core/orchestration/master-orchestrator.js:1470:13)

  console.log
    [19:12:46] [MasterOrchestrator]  Gate verdict: approved (score: 5.0)

      at MasterOrchestrator.log [as _log] (.aios-core/core/orchestration/master-orchestrator.js:1470:13)

  console.log
    [19:12:46] [MasterOrchestrator]  State saved successfully

      at MasterOrchestrator.log [as _log] (.aios-core/core/orchestration/master-orchestrator.js:1470:13)

  console.log
       Ô£à Epic 6 complete

      at MasterOrchestrator.log [as _defaultEpicComplete] (.aios-core/core/orchestration/master-orchestrator.js:1493:13)

  console.log
    [19:12:46] [MasterOrchestrator] Ô£à Epic 6 completed successfully

      at MasterOrchestrator.log [as _log] (.aios-core/core/orchestration/master-orchestrator.js:1470:13)

  console.log
    [19:12:46] [MasterOrchestrator]  State saved successfully

      at MasterOrchestrator.log [as _log] (.aios-core/core/orchestration/master-orchestrator.js:1470:13)

  console.log
       ­ƒôè State: in_progress ÔåÆ complete

      at MasterOrchestrator.log [as _defaultStateChange] (.aios-core/core/orchestration/master-orchestrator.js:1501:13)

  console.log
    [19:12:46] [MasterOrchestrator]  State transition: in_progress ÔåÆ complete

      at MasterOrchestrator.log [as _log] (.aios-core/core/orchestration/master-orchestrator.js:1470:13)

  console.log
    [19:12:46] [MasterOrchestrator]  State saved successfully

      at MasterOrchestrator.log [as _log] (.aios-core/core/orchestration/master-orchestrator.js:1470:13)

  console.log
    [19:12:46] [MasterOrchestrator]  MasterOrchestrator initialized

      at MasterOrchestrator.log [as _log] (.aios-core/core/orchestration/master-orchestrator.js:1470:13)

  console.log
    [19:12:46] [MasterOrchestrator]  Starting initialization...

      at MasterOrchestrator.log [as _log] (.aios-core/core/orchestration/master-orchestrator.js:1470:13)

  console.log
    [19:12:46] [MasterOrchestrator]  State loaded successfully

      at MasterOrchestrator.log [as _log] (.aios-core/core/orchestration/master-orchestrator.js:1470:13)

  console.log
    [19:12:46] [MasterOrchestrator]  Running pre-flight tech stack detection...

      at MasterOrchestrator.log [as _log] (.aios-core/core/orchestration/master-orchestrator.js:1470:13)

  console.log
    [19:12:46] [MasterOrchestrator]  Tech stack detected: Frontend: react

      at MasterOrchestrator.log [as _log] (.aios-core/core/orchestration/master-orchestrator.js:1470:13)

  console.log
       ­ƒôè State: initialized ÔåÆ ready

      at MasterOrchestrator.log [as _defaultStateChange] (.aios-core/core/orchestration/master-orchestrator.js:1501:13)

  console.log
    [19:12:46] [MasterOrchestrator]  State transition: initialized ÔåÆ ready

      at MasterOrchestrator.log [as _log] (.aios-core/core/orchestration/master-orchestrator.js:1470:13)

  console.log
    [19:12:46] [MasterOrchestrator]  State saved successfully

      at MasterOrchestrator.log [as _log] (.aios-core/core/orchestration/master-orchestrator.js:1470:13)

  console.log
    [19:12:46] [MasterOrchestrator]  Initialization complete

      at MasterOrchestrator.log [as _log] (.aios-core/core/orchestration/master-orchestrator.js:1470:13)

  console.log
    [19:12:46] [MasterOrchestrator]  MasterOrchestrator initialized

      at MasterOrchestrator.log [as _log] (.aios-core/core/orchestration/master-orchestrator.js:1470:13)

  console.log
    [19:12:46] [MasterOrchestrator]  Starting initialization...

      at MasterOrchestrator.log [as _log] (.aios-core/core/orchestration/master-orchestrator.js:1470:13)

  console.log
    [19:12:46] [MasterOrchestrator]  Running pre-flight tech stack detection...

      at MasterOrchestrator.log [as _log] (.aios-core/core/orchestration/master-orchestrator.js:1470:13)

  console.log
    [19:12:46] [MasterOrchestrator]  Tech stack detected: Frontend: react

      at MasterOrchestrator.log [as _log] (.aios-core/core/orchestration/master-orchestrator.js:1470:13)

  console.log
       ­ƒôè State: initialized ÔåÆ ready

      at MasterOrchestrator.log [as _defaultStateChange] (.aios-core/core/orchestration/master-orchestrator.js:1501:13)

  console.log
    [19:12:46] [MasterOrchestrator]  State transition: initialized ÔåÆ ready

      at MasterOrchestrator.log [as _log] (.aios-core/core/orchestration/master-orchestrator.js:1470:13)

  console.log
    [19:12:46] [MasterOrchestrator]  State saved successfully

      at MasterOrchestrator.log [as _log] (.aios-core/core/orchestration/master-orchestrator.js:1470:13)

  console.log
    [19:12:46] [MasterOrchestrator]  Initialization complete

      at MasterOrchestrator.log [as _log] (.aios-core/core/orchestration/master-orchestrator.js:1470:13)

  console.log
    [19:12:46] [MasterOrchestrator]  State saved successfully

      at MasterOrchestrator.log [as _log] (.aios-core/core/orchestration/master-orchestrator.js:1470:13)

  console.log
    [19:12:46] [MasterOrchestrator]  State cleared

      at MasterOrchestrator.log [as _log] (.aios-core/core/orchestration/master-orchestrator.js:1470:13)

  console.log
    [19:12:46] [MasterOrchestrator]  MasterOrchestrator initialized

      at MasterOrchestrator.log [as _log] (.aios-core/core/orchestration/master-orchestrator.js:1470:13)

  console.log
    [19:12:46] [MasterOrchestrator]  Starting initialization...

      at MasterOrchestrator.log [as _log] (.aios-core/core/orchestration/master-orchestrator.js:1470:13)

  console.log
    [19:12:46] [MasterOrchestrator]  Running pre-flight tech stack detection...

      at MasterOrchestrator.log [as _log] (.aios-core/core/orchestration/master-orchestrator.js:1470:13)

  console.log
    [19:12:46] [MasterOrchestrator]  Tech stack detected: Frontend: react

      at MasterOrchestrator.log [as _log] (.aios-core/core/orchestration/master-orchestrator.js:1470:13)

  console.log
       ­ƒôè State: initialized ÔåÆ ready

      at MasterOrchestrator.log [as _defaultStateChange] (.aios-core/core/orchestration/master-orchestrator.js:1501:13)

  console.log
    [19:12:46] [MasterOrchestrator]  State transition: initialized ÔåÆ ready

      at MasterOrchestrator.log [as _log] (.aios-core/core/orchestration/master-orchestrator.js:1470:13)

  console.log
    [19:12:46] [MasterOrchestrator]  State saved successfully

      at MasterOrchestrator.log [as _log] (.aios-core/core/orchestration/master-orchestrator.js:1470:13)

  console.log
    [19:12:46] [MasterOrchestrator]  Initialization complete

      at MasterOrchestrator.log [as _log] (.aios-core/core/orchestration/master-orchestrator.js:1470:13)

  console.log
    [19:12:46] [MasterOrchestrator] ­ƒôØ Starting Epic 3: Spec Pipeline

      at MasterOrchestrator.log [as _log] (.aios-core/core/orchestration/master-orchestrator.js:1470:13)

  console.log
    
    ­ƒôØ Starting Epic 3: Spec Pipeline

      at MasterOrchestrator.log [as _defaultEpicStart] (.aios-core/core/orchestration/master-orchestrator.js:1483:13)

  console.log
       Requirements ÔåÆ Specification generation

      at MasterOrchestrator.log [as _defaultEpicStart] (.aios-core/core/orchestration/master-orchestrator.js:1484:13)

  console.log
    [19:12:46] [MasterOrchestrator]  [Epic3] Starting Epic 3 execution

      at MasterOrchestrator.log [as _log] (.aios-core/core/orchestration/master-orchestrator.js:1470:13)

  console.log
    [19:12:46] [MasterOrchestrator]  [Epic3] Executing Spec Pipeline for TEST-001

      at MasterOrchestrator.log [as _log] (.aios-core/core/orchestration/master-orchestrator.js:1470:13)

  console.log
    [19:12:46] [MasterOrchestrator]  [Epic3] Source: story, Tech Stack: detected

      at MasterOrchestrator.log [as _log] (.aios-core/core/orchestration/master-orchestrator.js:1470:13)

  console.log
    [19:12:46] [MasterOrchestrator]  [Epic3] Running phase: gather-requirements

      at MasterOrchestrator.log [as _log] (.aios-core/core/orchestration/master-orchestrator.js:1470:13)

  console.log
    [19:12:46] [MasterOrchestrator]  [Epic3] Task file not found: C:\Users\EDUCAC~1\AppData\Local\Temp\master-orchestrator-test-1773169966343\.aios-core\development\tasks\spec-gather-requirements.md

      at MasterOrchestrator.log [as _log] (.aios-core/core/orchestration/master-orchestrator.js:1470:13)

  console.log
    [19:12:46] [MasterOrchestrator]  [Epic3] Running phase: assess-complexity

      at MasterOrchestrator.log [as _log] (.aios-core/core/orchestration/master-orchestrator.js:1470:13)

  console.log
    [19:12:46] [MasterOrchestrator]  [Epic3] Task file not found: C:\Users\EDUCAC~1\AppData\Local\Temp\master-orchestrator-test-1773169966343\.aios-core\development\tasks\spec-assess-complexity.md

      at MasterOrchestrator.log [as _log] (.aios-core/core/orchestration/master-orchestrator.js:1470:13)

  console.log
    [19:12:46] [MasterOrchestrator]  [Epic3] Running phase: research-dependencies

      at MasterOrchestrator.log [as _log] (.aios-core/core/orchestration/master-orchestrator.js:1470:13)

  console.log
    [19:12:46] [MasterOrchestrator]  [Epic3] Task file not found: C:\Users\EDUCAC~1\AppData\Local\Temp\master-orchestrator-test-1773169966343\.aios-core\development\tasks\spec-research-dependencies.md

      at MasterOrchestrator.log [as _log] (.aios-core/core/orchestration/master-orchestrator.js:1470:13)

  console.log
    [19:12:46] [MasterOrchestrator]  [Epic3] Running phase: write-spec

      at MasterOrchestrator.log [as _log] (.aios-core/core/orchestration/master-orchestrator.js:1470:13)

  console.log
    [19:12:46] [MasterOrchestrator]  [Epic3] Task file not found: C:\Users\EDUCAC~1\AppData\Local\Temp\master-orchestrator-test-1773169966343\.aios-core\development\tasks\spec-write-spec.md

      at MasterOrchestrator.log [as _log] (.aios-core/core/orchestration/master-orchestrator.js:1470:13)

  console.log
    [19:12:46] [MasterOrchestrator]  [Epic3] Running phase: critique

      at MasterOrchestrator.log [as _log] (.aios-core/core/orchestration/master-orchestrator.js:1470:13)

  console.log
    [19:12:46] [MasterOrchestrator]  [Epic3] Task file not found: C:\Users\EDUCAC~1\AppData\Local\Temp\master-orchestrator-test-1773169966343\.aios-core\development\tasks\spec-critique.md

      at MasterOrchestrator.log [as _log] (.aios-core/core/orchestration/master-orchestrator.js:1470:13)

  console.log
    [19:12:46] [MasterOrchestrator]  [Epic3] Created stub spec (real spec generation requires agent invocation)

      at MasterOrchestrator.log [as _log] (.aios-core/core/orchestration/master-orchestrator.js:1470:13)

  console.log
    [19:12:46] [MasterOrchestrator]  [Epic3] Epic 3 completed successfully

      at MasterOrchestrator.log [as _log] (.aios-core/core/orchestration/master-orchestrator.js:1470:13)

  console.log
    [19:12:46] [MasterOrchestrator]  State saved successfully

      at MasterOrchestrator.log [as _log] (.aios-core/core/orchestration/master-orchestrator.js:1470:13)

  console.log
       Ô£à Epic 3 complete

      at MasterOrchestrator.log [as _defaultEpicComplete] (.aios-core/core/orchestration/master-orchestrator.js:1493:13)

  console.log
    [19:12:46] [MasterOrchestrator] Ô£à Epic 3 completed successfully

      at MasterOrchestrator.log [as _log] (.aios-core/core/orchestration/master-orchestrator.js:1470:13)

  console.log
    [19:12:46] [MasterOrchestrator]  MasterOrchestrator initialized

      at MasterOrchestrator.log [as _log] (.aios-core/core/orchestration/master-orchestrator.js:1470:13)

  console.log
    [19:12:46] [MasterOrchestrator]  Starting initialization...

      at MasterOrchestrator.log [as _log] (.aios-core/core/orchestration/master-orchestrator.js:1470:13)

  console.log
    [19:12:46] [MasterOrchestrator]  Running pre-flight tech stack detection...

      at MasterOrchestrator.log [as _log] (.aios-core/core/orchestration/master-orchestrator.js:1470:13)

  console.log
    [19:12:46] [MasterOrchestrator]  Tech stack detected: Frontend: react

      at MasterOrchestrator.log [as _log] (.aios-core/core/orchestration/master-orchestrator.js:1470:13)

  console.log
       ­ƒôè State: initialized ÔåÆ ready

      at MasterOrchestrator.log [as _defaultStateChange] (.aios-core/core/orchestration/master-orchestrator.js:1501:13)

  console.log
    [19:12:46] [MasterOrchestrator]  State transition: initialized ÔåÆ ready

      at MasterOrchestrator.log [as _log] (.aios-core/core/orchestration/master-orchestrator.js:1470:13)

  console.log
    [19:12:46] [MasterOrchestrator]  State saved successfully

      at MasterOrchestrator.log [as _log] (.aios-core/core/orchestration/master-orchestrator.js:1470:13)

  console.log
    [19:12:46] [MasterOrchestrator]  Initialization complete

      at MasterOrchestrator.log [as _log] (.aios-core/core/orchestration/master-orchestrator.js:1470:13)

  console.log
    [19:12:46] [MasterOrchestrator]  MasterOrchestrator initialized

      at MasterOrchestrator.log [as _log] (.aios-core/core/orchestration/master-orchestrator.js:1470:13)

  console.log
    [19:12:46] [MasterOrchestrator]  Starting initialization...

      at MasterOrchestrator.log [as _log] (.aios-core/core/orchestration/master-orchestrator.js:1470:13)

  console.log
    [19:12:46] [MasterOrchestrator]  Running pre-flight tech stack detection...

      at MasterOrchestrator.log [as _log] (.aios-core/core/orchestration/master-orchestrator.js:1470:13)

  console.log
    [19:12:46] [MasterOrchestrator]  Tech stack detected: Frontend: react

      at MasterOrchestrator.log [as _log] (.aios-core/core/orchestration/master-orchestrator.js:1470:13)

  console.log
       ­ƒôè State: initialized ÔåÆ ready

      at MasterOrchestrator.log [as _defaultStateChange] (.aios-core/core/orchestration/master-orchestrator.js:1501:13)

  console.log
    [19:12:46] [MasterOrchestrator]  State transition: initialized ÔåÆ ready

      at MasterOrchestrator.log [as _log] (.aios-core/core/orchestration/master-orchestrator.js:1470:13)

  console.log
    [19:12:46] [MasterOrchestrator]  State saved successfully

      at MasterOrchestrator.log [as _log] (.aios-core/core/orchestration/master-orchestrator.js:1470:13)

  console.log
    [19:12:46] [MasterOrchestrator]  Initialization complete

      at MasterOrchestrator.log [as _log] (.aios-core/core/orchestration/master-orchestrator.js:1470:13)

  console.log
    [19:12:46] [MasterOrchestrator] ­ƒôØ Starting Epic 3: Spec Pipeline

      at MasterOrchestrator.log [as _log] (.aios-core/core/orchestration/master-orchestrator.js:1470:13)

  console.log
    
    ­ƒôØ Starting Epic 3: Spec Pipeline

      at MasterOrchestrator.log [as _defaultEpicStart] (.aios-core/core/orchestration/master-orchestrator.js:1483:13)

  console.log
       Requirements ÔåÆ Specification generation

      at MasterOrchestrator.log [as _defaultEpicStart] (.aios-core/core/orchestration/master-orchestrator.js:1484:13)

  console.log
    [19:12:46] [MasterOrchestrator]  [Epic3] Starting Epic 3 execution

      at MasterOrchestrator.log [as _log] (.aios-core/core/orchestration/master-orchestrator.js:1470:13)

  console.log
    [19:12:46] [MasterOrchestrator]  [Epic3] Executing Spec Pipeline for TEST-001

      at MasterOrchestrator.log [as _log] (.aios-core/core/orchestration/master-orchestrator.js:1470:13)

  console.log
    [19:12:46] [MasterOrchestrator]  [Epic3] Source: story, Tech Stack: detected

      at MasterOrchestrator.log [as _log] (.aios-core/core/orchestration/master-orchestrator.js:1470:13)

  console.log
    [19:12:46] [MasterOrchestrator]  [Epic3] Running phase: gather-requirements

      at MasterOrchestrator.log [as _log] (.aios-core/core/orchestration/master-orchestrator.js:1470:13)

  console.log
    [19:12:46] [MasterOrchestrator]  [Epic3] Task file not found: C:\Users\EDUCAC~1\AppData\Local\Temp\master-orchestrator-test-1773169966390\.aios-core\development\tasks\spec-gather-requirements.md

      at MasterOrchestrator.log [as _log] (.aios-core/core/orchestration/master-orchestrator.js:1470:13)

  console.log
    [19:12:46] [MasterOrchestrator]  [Epic3] Running phase: assess-complexity

      at MasterOrchestrator.log [as _log] (.aios-core/core/orchestration/master-orchestrator.js:1470:13)

  console.log
    [19:12:46] [MasterOrchestrator]  [Epic3] Task file not found: C:\Users\EDUCAC~1\AppData\Local\Temp\master-orchestrator-test-1773169966390\.aios-core\development\tasks\spec-assess-complexity.md

      at MasterOrchestrator.log [as _log] (.aios-core/core/orchestration/master-orchestrator.js:1470:13)

  console.log
    [19:12:46] [MasterOrchestrator]  [Epic3] Running phase: research-dependencies

      at MasterOrchestrator.log [as _log] (.aios-core/core/orchestration/master-orchestrator.js:1470:13)

  console.log
    [19:12:46] [MasterOrchestrator]  [Epic3] Task file not found: C:\Users\EDUCAC~1\AppData\Local\Temp\master-orchestrator-test-1773169966390\.aios-core\development\tasks\spec-research-dependencies.md

      at MasterOrchestrator.log [as _log] (.aios-core/core/orchestration/master-orchestrator.js:1470:13)

  console.log
    [19:12:46] [MasterOrchestrator]  [Epic3] Running phase: write-spec

      at MasterOrchestrator.log [as _log] (.aios-core/core/orchestration/master-orchestrator.js:1470:13)

  console.log
    [19:12:46] [MasterOrchestrator]  [Epic3] Task file not found: C:\Users\EDUCAC~1\AppData\Local\Temp\master-orchestrator-test-1773169966390\.aios-core\development\tasks\spec-write-spec.md

      at MasterOrchestrator.log [as _log] (.aios-core/core/orchestration/master-orchestrator.js:1470:13)

  console.log
    [19:12:46] [MasterOrchestrator]  [Epic3] Running phase: critique

      at MasterOrchestrator.log [as _log] (.aios-core/core/orchestration/master-orchestrator.js:1470:13)

  console.log
    [19:12:46] [MasterOrchestrator]  [Epic3] Task file not found: C:\Users\EDUCAC~1\AppData\Local\Temp\master-orchestrator-test-1773169966390\.aios-core\development\tasks\spec-critique.md

      at MasterOrchestrator.log [as _log] (.aios-core/core/orchestration/master-orchestrator.js:1470:13)

  console.log
    [19:12:46] [MasterOrchestrator]  [Epic3] Created stub spec (real spec generation requires agent invocation)

      at MasterOrchestrator.log [as _log] (.aios-core/core/orchestration/master-orchestrator.js:1470:13)

  console.log
    [19:12:46] [MasterOrchestrator]  [Epic3] Epic 3 completed successfully

      at MasterOrchestrator.log [as _log] (.aios-core/core/orchestration/master-orchestrator.js:1470:13)

  console.log
    [19:12:46] [MasterOrchestrator]  State saved successfully

      at MasterOrchestrator.log [as _log] (.aios-core/core/orchestration/master-orchestrator.js:1470:13)

  console.log
       Ô£à Epic 3 complete

      at MasterOrchestrator.log [as _defaultEpicComplete] (.aios-core/core/orchestration/master-orchestrator.js:1493:13)

  console.log
    [19:12:46] [MasterOrchestrator] Ô£à Epic 3 completed successfully

      at MasterOrchestrator.log [as _log] (.aios-core/core/orchestration/master-orchestrator.js:1470:13)

  console.log
    [19:12:46] [MasterOrchestrator] ÔÜÖ´©Å Starting Epic 4: Execution Engine

      at MasterOrchestrator.log [as _log] (.aios-core/core/orchestration/master-orchestrator.js:1470:13)

  console.log
    
    ÔÜÖ´©Å Starting Epic 4: Execution Engine

      at MasterOrchestrator.log [as _defaultEpicStart] (.aios-core/core/orchestration/master-orchestrator.js:1483:13)

  console.log
       Plan tracking and subtask execution

      at MasterOrchestrator.log [as _defaultEpicStart] (.aios-core/core/orchestration/master-orchestrator.js:1484:13)

  console.log
    [19:12:46] [MasterOrchestrator]  [Epic4] Starting Epic 4 execution

      at MasterOrchestrator.log [as _log] (.aios-core/core/orchestration/master-orchestrator.js:1470:13)

  console.log
    [19:12:46] [MasterOrchestrator]  [Epic4] Executing for story: TEST-001

      at MasterOrchestrator.log [as _log] (.aios-core/core/orchestration/master-orchestrator.js:1470:13)

  console.log
    [19:12:46] [MasterOrchestrator]  [Epic4] Complexity: STANDARD

      at MasterOrchestrator.log [as _log] (.aios-core/core/orchestration/master-orchestrator.js:1470:13)

  console.log
    [19:12:46] [MasterOrchestrator]  [Epic4] Created stub implementation plan

      at MasterOrchestrator.log [as _log] (.aios-core/core/orchestration/master-orchestrator.js:1470:13)

  console.log
    [19:12:46] [MasterOrchestrator]  [Epic4] Using plan: C:\Users\EDUCAC~1\AppData\Local\Temp\master-orchestrator-test-1773169966390\docs\stories\TEST-001\plan\implementation.yaml

      at MasterOrchestrator.log [as _log] (.aios-core/core/orchestration/master-orchestrator.js:1470:13)

  console.log
    [19:12:46] [MasterOrchestrator]  [Epic4] PlanTracker not available: Cannot find module '../../infrastructure/scripts/plan-tracker' from '.aios-core/core/orchestration/executors/epic-4-executor.js'

      at MasterOrchestrator.log [as _log] (.aios-core/core/orchestration/master-orchestrator.js:1470:13)

  console.log
    [19:12:46] [MasterOrchestrator]  [Epic4] Epic 4 completed successfully

      at MasterOrchestrator.log [as _log] (.aios-core/core/orchestration/master-orchestrator.js:1470:13)

  console.log
    [19:12:46] [MasterOrchestrator]  State saved successfully

      at MasterOrchestrator.log [as _log] (.aios-core/core/orchestration/master-orchestrator.js:1470:13)

  console.log
       Ô£à Epic 4 complete

      at MasterOrchestrator.log [as _defaultEpicComplete] (.aios-core/core/orchestration/master-orchestrator.js:1493:13)

  console.log
    [19:12:46] [MasterOrchestrator] Ô£à Epic 4 completed successfully

      at MasterOrchestrator.log [as _log] (.aios-core/core/orchestration/master-orchestrator.js:1470:13)

  console.log
    [19:12:46] [MasterOrchestrator]  MasterOrchestrator initialized

      at MasterOrchestrator.log [as _log] (.aios-core/core/orchestration/master-orchestrator.js:1470:13)

  console.log
    [19:12:46] [MasterOrchestrator]  Starting initialization...

      at MasterOrchestrator.log [as _log] (.aios-core/core/orchestration/master-orchestrator.js:1470:13)

  console.log
    [19:12:46] [MasterOrchestrator]  Running pre-flight tech stack detection...

      at MasterOrchestrator.log [as _log] (.aios-core/core/orchestration/master-orchestrator.js:1470:13)

  console.log
    [19:12:46] [MasterOrchestrator]  Tech stack detected: Frontend: react

      at MasterOrchestrator.log [as _log] (.aios-core/core/orchestration/master-orchestrator.js:1470:13)

  console.log
       ­ƒôè State: initialized ÔåÆ ready

      at MasterOrchestrator.log [as _defaultStateChange] (.aios-core/core/orchestration/master-orchestrator.js:1501:13)

  console.log
    [19:12:46] [MasterOrchestrator]  State transition: initialized ÔåÆ ready

      at MasterOrchestrator.log [as _log] (.aios-core/core/orchestration/master-orchestrator.js:1470:13)

  console.log
    [19:12:46] [MasterOrchestrator]  State saved successfully

      at MasterOrchestrator.log [as _log] (.aios-core/core/orchestration/master-orchestrator.js:1470:13)

  console.log
    [19:12:46] [MasterOrchestrator]  Initialization complete

      at MasterOrchestrator.log [as _log] (.aios-core/core/orchestration/master-orchestrator.js:1470:13)

  console.log
    [19:12:46] [MasterOrchestrator] ­ƒôØ Starting Epic 3: Spec Pipeline

      at MasterOrchestrator.log [as _log] (.aios-core/core/orchestration/master-orchestrator.js:1470:13)

  console.log
    
    ­ƒôØ Starting Epic 3: Spec Pipeline

      at MasterOrchestrator.log [as _defaultEpicStart] (.aios-core/core/orchestration/master-orchestrator.js:1483:13)

  console.log
       Requirements ÔåÆ Specification generation

      at MasterOrchestrator.log [as _defaultEpicStart] (.aios-core/core/orchestration/master-orchestrator.js:1484:13)

  console.log
    [19:12:46] [MasterOrchestrator]  [Epic3] Starting Epic 3 execution

      at MasterOrchestrator.log [as _log] (.aios-core/core/orchestration/master-orchestrator.js:1470:13)

  console.log
    [19:12:46] [MasterOrchestrator]  [Epic3] Executing Spec Pipeline for TEST-001

      at MasterOrchestrator.log [as _log] (.aios-core/core/orchestration/master-orchestrator.js:1470:13)

  console.log
    [19:12:46] [MasterOrchestrator]  [Epic3] Source: story, Tech Stack: detected

      at MasterOrchestrator.log [as _log] (.aios-core/core/orchestration/master-orchestrator.js:1470:13)

  console.log
    [19:12:46] [MasterOrchestrator]  [Epic3] Running phase: gather-requirements

      at MasterOrchestrator.log [as _log] (.aios-core/core/orchestration/master-orchestrator.js:1470:13)

  console.log
    [19:12:46] [MasterOrchestrator]  [Epic3] Task file not found: C:\Users\EDUCAC~1\AppData\Local\Temp\master-orchestrator-test-1773169966439\.aios-core\development\tasks\spec-gather-requirements.md

      at MasterOrchestrator.log [as _log] (.aios-core/core/orchestration/master-orchestrator.js:1470:13)

  console.log
    [19:12:46] [MasterOrchestrator]  [Epic3] Running phase: assess-complexity

      at MasterOrchestrator.log [as _log] (.aios-core/core/orchestration/master-orchestrator.js:1470:13)

  console.log
    [19:12:46] [MasterOrchestrator]  [Epic3] Task file not found: C:\Users\EDUCAC~1\AppData\Local\Temp\master-orchestrator-test-1773169966439\.aios-core\development\tasks\spec-assess-complexity.md

      at MasterOrchestrator.log [as _log] (.aios-core/core/orchestration/master-orchestrator.js:1470:13)

  console.log
    [19:12:46] [MasterOrchestrator]  [Epic3] Running phase: research-dependencies

      at MasterOrchestrator.log [as _log] (.aios-core/core/orchestration/master-orchestrator.js:1470:13)

  console.log
    [19:12:46] [MasterOrchestrator]  [Epic3] Task file not found: C:\Users\EDUCAC~1\AppData\Local\Temp\master-orchestrator-test-1773169966439\.aios-core\development\tasks\spec-research-dependencies.md

      at MasterOrchestrator.log [as _log] (.aios-core/core/orchestration/master-orchestrator.js:1470:13)

  console.log
    [19:12:46] [MasterOrchestrator]  [Epic3] Running phase: write-spec

      at MasterOrchestrator.log [as _log] (.aios-core/core/orchestration/master-orchestrator.js:1470:13)

  console.log
    [19:12:46] [MasterOrchestrator]  [Epic3] Task file not found: C:\Users\EDUCAC~1\AppData\Local\Temp\master-orchestrator-test-1773169966439\.aios-core\development\tasks\spec-write-spec.md

      at MasterOrchestrator.log [as _log] (.aios-core/core/orchestration/master-orchestrator.js:1470:13)

  console.log
    [19:12:46] [MasterOrchestrator]  [Epic3] Running phase: critique

      at MasterOrchestrator.log [as _log] (.aios-core/core/orchestration/master-orchestrator.js:1470:13)

  console.log
    [19:12:46] [MasterOrchestrator]  [Epic3] Task file not found: C:\Users\EDUCAC~1\AppData\Local\Temp\master-orchestrator-test-1773169966439\.aios-core\development\tasks\spec-critique.md

      at MasterOrchestrator.log [as _log] (.aios-core/core/orchestration/master-orchestrator.js:1470:13)

  console.log
    [19:12:46] [MasterOrchestrator]  [Epic3] Created stub spec (real spec generation requires agent invocation)

      at MasterOrchestrator.log [as _log] (.aios-core/core/orchestration/master-orchestrator.js:1470:13)

  console.log
    [19:12:46] [MasterOrchestrator]  [Epic3] Epic 3 completed successfully

      at MasterOrchestrator.log [as _log] (.aios-core/core/orchestration/master-orchestrator.js:1470:13)

  console.log
    [19:12:46] [MasterOrchestrator]  State saved successfully

      at MasterOrchestrator.log [as _log] (.aios-core/core/orchestration/master-orchestrator.js:1470:13)

  console.log
       Ô£à Epic 3 complete

      at MasterOrchestrator.log [as _defaultEpicComplete] (.aios-core/core/orchestration/master-orchestrator.js:1493:13)

  console.log
    [19:12:46] [MasterOrchestrator] Ô£à Epic 3 completed successfully

      at MasterOrchestrator.log [as _log] (.aios-core/core/orchestration/master-orchestrator.js:1470:13)

  console.log
    [19:12:46] [MasterOrchestrator] ÔÜÖ´©Å Starting Epic 4: Execution Engine

      at MasterOrchestrator.log [as _log] (.aios-core/core/orchestration/master-orchestrator.js:1470:13)

  console.log
    
    ÔÜÖ´©Å Starting Epic 4: Execution Engine

      at MasterOrchestrator.log [as _defaultEpicStart] (.aios-core/core/orchestration/master-orchestrator.js:1483:13)

  console.log
       Plan tracking and subtask execution

      at MasterOrchestrator.log [as _defaultEpicStart] (.aios-core/core/orchestration/master-orchestrator.js:1484:13)

  console.log
    [19:12:46] [MasterOrchestrator]  [Epic4] Starting Epic 4 execution

      at MasterOrchestrator.log [as _log] (.aios-core/core/orchestration/master-orchestrator.js:1470:13)

  console.log
    [19:12:46] [MasterOrchestrator]  [Epic4] Executing for story: TEST-001

      at MasterOrchestrator.log [as _log] (.aios-core/core/orchestration/master-orchestrator.js:1470:13)

  console.log
    [19:12:46] [MasterOrchestrator]  [Epic4] Complexity: STANDARD

      at MasterOrchestrator.log [as _log] (.aios-core/core/orchestration/master-orchestrator.js:1470:13)

  console.log
    [19:12:46] [MasterOrchestrator]  [Epic4] Created stub implementation plan

      at MasterOrchestrator.log [as _log] (.aios-core/core/orchestration/master-orchestrator.js:1470:13)

  console.log
    [19:12:46] [MasterOrchestrator]  [Epic4] Using plan: C:\Users\EDUCAC~1\AppData\Local\Temp\master-orchestrator-test-1773169966439\docs\stories\TEST-001\plan\implementation.yaml

      at MasterOrchestrator.log [as _log] (.aios-core/core/orchestration/master-orchestrator.js:1470:13)

  console.log
    [19:12:46] [MasterOrchestrator]  [Epic4] PlanTracker not available: Cannot find module '../../infrastructure/scripts/plan-tracker' from '.aios-core/core/orchestration/executors/epic-4-executor.js'

      at MasterOrchestrator.log [as _log] (.aios-core/core/orchestration/master-orchestrator.js:1470:13)

  console.log
    [19:12:46] [MasterOrchestrator]  [Epic4] Epic 4 completed successfully

      at MasterOrchestrator.log [as _log] (.aios-core/core/orchestration/master-orchestrator.js:1470:13)

  console.log
    [19:12:46] [MasterOrchestrator]  State saved successfully

      at MasterOrchestrator.log [as _log] (.aios-core/core/orchestration/master-orchestrator.js:1470:13)

  console.log
       Ô£à Epic 4 complete

      at MasterOrchestrator.log [as _defaultEpicComplete] (.aios-core/core/orchestration/master-orchestrator.js:1493:13)

  console.log
    [19:12:46] [MasterOrchestrator] Ô£à Epic 4 completed successfully

      at MasterOrchestrator.log [as _log] (.aios-core/core/orchestration/master-orchestrator.js:1470:13)

  console.log
    [19:12:46] [MasterOrchestrator]  MasterOrchestrator initialized

      at MasterOrchestrator.log [as _log] (.aios-core/core/orchestration/master-orchestrator.js:1470:13)

  console.log
    [19:12:46] [MasterOrchestrator]  Starting initialization...

      at MasterOrchestrator.log [as _log] (.aios-core/core/orchestration/master-orchestrator.js:1470:13)

  console.log
    [19:12:46] [MasterOrchestrator]  Running pre-flight tech stack detection...

      at MasterOrchestrator.log [as _log] (.aios-core/core/orchestration/master-orchestrator.js:1470:13)

  console.log
    [19:12:46] [MasterOrchestrator]  Tech stack detected: Frontend: react

      at MasterOrchestrator.log [as _log] (.aios-core/core/orchestration/master-orchestrator.js:1470:13)

  console.log
       ­ƒôè State: initialized ÔåÆ ready

      at MasterOrchestrator.log [as _defaultStateChange] (.aios-core/core/orchestration/master-orchestrator.js:1501:13)

  console.log
    [19:12:46] [MasterOrchestrator]  State transition: initialized ÔåÆ ready

      at MasterOrchestrator.log [as _log] (.aios-core/core/orchestration/master-orchestrator.js:1470:13)

  console.log
    [19:12:46] [MasterOrchestrator]  State saved successfully

      at MasterOrchestrator.log [as _log] (.aios-core/core/orchestration/master-orchestrator.js:1470:13)

  console.log
    [19:12:46] [MasterOrchestrator]  Initialization complete

      at MasterOrchestrator.log [as _log] (.aios-core/core/orchestration/master-orchestrator.js:1470:13)

  console.log
    [19:12:46] [MasterOrchestrator] ­ƒôØ Starting Epic 3: Spec Pipeline

      at MasterOrchestrator.log [as _log] (.aios-core/core/orchestration/master-orchestrator.js:1470:13)

  console.log
    
    ­ƒôØ Starting Epic 3: Spec Pipeline

      at MasterOrchestrator.log [as _defaultEpicStart] (.aios-core/core/orchestration/master-orchestrator.js:1483:13)

  console.log
       Requirements ÔåÆ Specification generation

      at MasterOrchestrator.log [as _defaultEpicStart] (.aios-core/core/orchestration/master-orchestrator.js:1484:13)

  console.log
    [19:12:46] [MasterOrchestrator]  [Epic3] Starting Epic 3 execution

      at MasterOrchestrator.log [as _log] (.aios-core/core/orchestration/master-orchestrator.js:1470:13)

  console.log
    [19:12:46] [MasterOrchestrator]  [Epic3] Executing Spec Pipeline for TEST-001

      at MasterOrchestrator.log [as _log] (.aios-core/core/orchestration/master-orchestrator.js:1470:13)

  console.log
    [19:12:46] [MasterOrchestrator]  [Epic3] Source: story, Tech Stack: detected

      at MasterOrchestrator.log [as _log] (.aios-core/core/orchestration/master-orchestrator.js:1470:13)

  console.log
    [19:12:46] [MasterOrchestrator]  [Epic3] Running phase: gather-requirements

      at MasterOrchestrator.log [as _log] (.aios-core/core/orchestration/master-orchestrator.js:1470:13)

  console.log
    [19:12:46] [MasterOrchestrator]  [Epic3] Task file not found: C:\Users\EDUCAC~1\AppData\Local\Temp\master-orchestrator-test-1773169966487\.aios-core\development\tasks\spec-gather-requirements.md

      at MasterOrchestrator.log [as _log] (.aios-core/core/orchestration/master-orchestrator.js:1470:13)

  console.log
    [19:12:46] [MasterOrchestrator]  [Epic3] Running phase: assess-complexity

      at MasterOrchestrator.log [as _log] (.aios-core/core/orchestration/master-orchestrator.js:1470:13)

  console.log
    [19:12:46] [MasterOrchestrator]  [Epic3] Task file not found: C:\Users\EDUCAC~1\AppData\Local\Temp\master-orchestrator-test-1773169966487\.aios-core\development\tasks\spec-assess-complexity.md

      at MasterOrchestrator.log [as _log] (.aios-core/core/orchestration/master-orchestrator.js:1470:13)

  console.log
    [19:12:46] [MasterOrchestrator]  [Epic3] Running phase: research-dependencies

      at MasterOrchestrator.log [as _log] (.aios-core/core/orchestration/master-orchestrator.js:1470:13)

  console.log
    [19:12:46] [MasterOrchestrator]  [Epic3] Task file not found: C:\Users\EDUCAC~1\AppData\Local\Temp\master-orchestrator-test-1773169966487\.aios-core\development\tasks\spec-research-dependencies.md

      at MasterOrchestrator.log [as _log] (.aios-core/core/orchestration/master-orchestrator.js:1470:13)

  console.log
    [19:12:46] [MasterOrchestrator]  [Epic3] Running phase: write-spec

      at MasterOrchestrator.log [as _log] (.aios-core/core/orchestration/master-orchestrator.js:1470:13)

  console.log
    [19:12:46] [MasterOrchestrator]  [Epic3] Task file not found: C:\Users\EDUCAC~1\AppData\Local\Temp\master-orchestrator-test-1773169966487\.aios-core\development\tasks\spec-write-spec.md

      at MasterOrchestrator.log [as _log] (.aios-core/core/orchestration/master-orchestrator.js:1470:13)

  console.log
    [19:12:46] [MasterOrchestrator]  [Epic3] Running phase: critique

      at MasterOrchestrator.log [as _log] (.aios-core/core/orchestration/master-orchestrator.js:1470:13)

  console.log
    [19:12:46] [MasterOrchestrator]  [Epic3] Task file not found: C:\Users\EDUCAC~1\AppData\Local\Temp\master-orchestrator-test-1773169966487\.aios-core\development\tasks\spec-critique.md

      at MasterOrchestrator.log [as _log] (.aios-core/core/orchestration/master-orchestrator.js:1470:13)

  console.log
    [19:12:46] [MasterOrchestrator]  [Epic3] Created stub spec (real spec generation requires agent invocation)

      at MasterOrchestrator.log [as _log] (.aios-core/core/orchestration/master-orchestrator.js:1470:13)

  console.log
    [19:12:46] [MasterOrchestrator]  [Epic3] Epic 3 completed successfully

      at MasterOrchestrator.log [as _log] (.aios-core/core/orchestration/master-orchestrator.js:1470:13)

  console.log
    [19:12:46] [MasterOrchestrator]  State saved successfully

      at MasterOrchestrator.log [as _log] (.aios-core/core/orchestration/master-orchestrator.js:1470:13)

  console.log
       Ô£à Epic 3 complete

      at MasterOrchestrator.log [as _defaultEpicComplete] (.aios-core/core/orchestration/master-orchestrator.js:1493:13)

  console.log
    [19:12:46] [MasterOrchestrator] Ô£à Epic 3 completed successfully

      at MasterOrchestrator.log [as _log] (.aios-core/core/orchestration/master-orchestrator.js:1470:13)

  console.log
    [19:12:46] [MasterOrchestrator]  MasterOrchestrator initialized

      at MasterOrchestrator.log [as _log] (.aios-core/core/orchestration/master-orchestrator.js:1470:13)

  console.log
    [19:12:46] [MasterOrchestrator]  MasterOrchestrator initialized

      at MasterOrchestrator.log [as _log] (.aios-core/core/orchestration/master-orchestrator.js:1470:13)

  console.log
    [19:12:46] [MasterOrchestrator]  MasterOrchestrator initialized

      at MasterOrchestrator.log [as _log] (.aios-core/core/orchestration/master-orchestrator.js:1470:13)

  console.log
    [19:12:46] [MasterOrchestrator]  MasterOrchestrator initialized

      at MasterOrchestrator.log [as _log] (.aios-core/core/orchestration/master-orchestrator.js:1470:13)

  console.log
    [19:12:46] [MasterOrchestrator]  Starting initialization...

      at MasterOrchestrator.log [as _log] (.aios-core/core/orchestration/master-orchestrator.js:1470:13)

  console.log
    [19:12:46] [MasterOrchestrator]  Running pre-flight tech stack detection...

      at MasterOrchestrator.log [as _log] (.aios-core/core/orchestration/master-orchestrator.js:1470:13)

  console.log
    [19:12:46] [MasterOrchestrator]  Tech stack detected: Frontend: react

      at MasterOrchestrator.log [as _log] (.aios-core/core/orchestration/master-orchestrator.js:1470:13)

  console.log
       ­ƒôè State: initialized ÔåÆ ready

      at MasterOrchestrator.log [as _defaultStateChange] (.aios-core/core/orchestration/master-orchestrator.js:1501:13)

  console.log
    [19:12:46] [MasterOrchestrator]  State transition: initialized ÔåÆ ready

      at MasterOrchestrator.log [as _log] (.aios-core/core/orchestration/master-orchestrator.js:1470:13)

  console.log
    [19:12:46] [MasterOrchestrator]  State saved successfully

      at MasterOrchestrator.log [as _log] (.aios-core/core/orchestration/master-orchestrator.js:1470:13)

  console.log
    [19:12:46] [MasterOrchestrator]  Initialization complete

      at MasterOrchestrator.log [as _log] (.aios-core/core/orchestration/master-orchestrator.js:1470:13)

  console.log
    [19:12:46] [MasterOrchestrator]  MasterOrchestrator initialized

      at MasterOrchestrator.log [as _log] (.aios-core/core/orchestration/master-orchestrator.js:1470:13)

  console.log
    [19:12:46] [MasterOrchestrator]  Starting initialization...

      at MasterOrchestrator.log [as _log] (.aios-core/core/orchestration/master-orchestrator.js:1470:13)

  console.log
    [19:12:46] [MasterOrchestrator]  Running pre-flight tech stack detection...

      at MasterOrchestrator.log [as _log] (.aios-core/core/orchestration/master-orchestrator.js:1470:13)

  console.log
    [19:12:46] [MasterOrchestrator]  Tech stack detected: Frontend: react

      at MasterOrchestrator.log [as _log] (.aios-core/core/orchestration/master-orchestrator.js:1470:13)

  console.log
       ­ƒôè State: initialized ÔåÆ ready

      at MasterOrchestrator.log [as _defaultStateChange] (.aios-core/core/orchestration/master-orchestrator.js:1501:13)

  console.log
    [19:12:46] [MasterOrchestrator]  State transition: initialized ÔåÆ ready

      at MasterOrchestrator.log [as _log] (.aios-core/core/orchestration/master-orchestrator.js:1470:13)

  console.log
    [19:12:46] [MasterOrchestrator]  State saved successfully

      at MasterOrchestrator.log [as _log] (.aios-core/core/orchestration/master-orchestrator.js:1470:13)

  console.log
    [19:12:46] [MasterOrchestrator]  Initialization complete

      at MasterOrchestrator.log [as _log] (.aios-core/core/orchestration/master-orchestrator.js:1470:13)

  console.log
    [19:12:46] [MasterOrchestrator]  MasterOrchestrator initialized

      at MasterOrchestrator.log [as _log] (.aios-core/core/orchestration/master-orchestrator.js:1470:13)

  console.log
    [19:12:46] [MasterOrchestrator]  Starting initialization...

      at MasterOrchestrator.log [as _log] (.aios-core/core/orchestration/master-orchestrator.js:1470:13)

  console.log
    [19:12:46] [MasterOrchestrator]  Running pre-flight tech stack detection...

      at MasterOrchestrator.log [as _log] (.aios-core/core/orchestration/master-orchestrator.js:1470:13)

  console.log
    [19:12:46] [MasterOrchestrator]  Tech stack detected: Frontend: react

      at MasterOrchestrator.log [as _log] (.aios-core/core/orchestration/master-orchestrator.js:1470:13)

  console.log
       ­ƒôè State: initialized ÔåÆ ready

      at MasterOrchestrator.log [as _defaultStateChange] (.aios-core/core/orchestration/master-orchestrator.js:1501:13)

  console.log
    [19:12:46] [MasterOrchestrator]  State transition: initialized ÔåÆ ready

      at MasterOrchestrator.log [as _log] (.aios-core/core/orchestration/master-orchestrator.js:1470:13)

  console.log
    [19:12:46] [MasterOrchestrator]  State saved successfully

      at MasterOrchestrator.log [as _log] (.aios-core/core/orchestration/master-orchestrator.js:1470:13)

  console.log
    [19:12:46] [MasterOrchestrator]  Initialization complete

      at MasterOrchestrator.log [as _log] (.aios-core/core/orchestration/master-orchestrator.js:1470:13)

  console.log
    [19:12:46] [MasterOrchestrator]  MasterOrchestrator initialized

      at MasterOrchestrator.log [as _log] (.aios-core/core/orchestration/master-orchestrator.js:1470:13)

  console.log
    [19:12:46] [MasterOrchestrator]  Starting initialization...

      at MasterOrchestrator.log [as _log] (.aios-core/core/orchestration/master-orchestrator.js:1470:13)

  console.log
    [19:12:46] [MasterOrchestrator]  State loaded successfully

      at MasterOrchestrator.log [as _log] (.aios-core/core/orchestration/master-orchestrator.js:1470:13)

  console.log
    [19:12:46] [MasterOrchestrator]  Found existing state, resuming...

      at MasterOrchestrator.log [as _log] (.aios-core/core/orchestration/master-orchestrator.js:1470:13)

  console.log
    [19:12:46] [MasterOrchestrator]  Running pre-flight tech stack detection...

      at MasterOrchestrator.log [as _log] (.aios-core/core/orchestration/master-orchestrator.js:1470:13)

  console.log
    [19:12:46] [MasterOrchestrator]  Tech stack detected: Frontend: react

      at MasterOrchestrator.log [as _log] (.aios-core/core/orchestration/master-orchestrator.js:1470:13)

  console.log
       ­ƒôè State: ready ÔåÆ ready

      at MasterOrchestrator.log [as _defaultStateChange] (.aios-core/core/orchestration/master-orchestrator.js:1501:13)

  console.log
    [19:12:46] [MasterOrchestrator]  State transition: ready ÔåÆ ready

      at MasterOrchestrator.log [as _log] (.aios-core/core/orchestration/master-orchestrator.js:1470:13)

  console.log
    [19:12:46] [MasterOrchestrator]  State saved successfully

      at MasterOrchestrator.log [as _log] (.aios-core/core/orchestration/master-orchestrator.js:1470:13)

  console.log
    [19:12:46] [MasterOrchestrator]  Initialization complete

      at MasterOrchestrator.log [as _log] (.aios-core/core/orchestration/master-orchestrator.js:1470:13)

  console.log
    [19:12:46] [MasterOrchestrator]  MasterOrchestrator initialized

      at MasterOrchestrator.log [as _log] (.aios-core/core/orchestration/master-orchestrator.js:1470:13)

  console.log
    [19:12:46] [MasterOrchestrator]  Starting initialization...

      at MasterOrchestrator.log [as _log] (.aios-core/core/orchestration/master-orchestrator.js:1470:13)

  console.log
    [19:12:46] [MasterOrchestrator]  Running pre-flight tech stack detection...

      at MasterOrchestrator.log [as _log] (.aios-core/core/orchestration/master-orchestrator.js:1470:13)

  console.log
    [19:12:46] [MasterOrchestrator]  Tech stack detected: Frontend: react

      at MasterOrchestrator.log [as _log] (.aios-core/core/orchestration/master-orchestrator.js:1470:13)

  console.log
       ­ƒôè State: initialized ÔåÆ ready

      at MasterOrchestrator.log [as _defaultStateChange] (.aios-core/core/orchestration/master-orchestrator.js:1501:13)

  console.log
    [19:12:46] [MasterOrchestrator]  State transition: initialized ÔåÆ ready

      at MasterOrchestrator.log [as _log] (.aios-core/core/orchestration/master-orchestrator.js:1470:13)

  console.log
    [19:12:46] [MasterOrchestrator]  State saved successfully

      at MasterOrchestrator.log [as _log] (.aios-core/core/orchestration/master-orchestrator.js:1470:13)

  console.log
    [19:12:46] [MasterOrchestrator]  Initialization complete

      at MasterOrchestrator.log [as _log] (.aios-core/core/orchestration/master-orchestrator.js:1470:13)

  console.log
    [19:12:46] [MasterOrchestrator]  MasterOrchestrator initialized

      at MasterOrchestrator.log [as _log] (.aios-core/core/orchestration/master-orchestrator.js:1470:13)

  console.log
    [19:12:46] [MasterOrchestrator]  Starting initialization...

      at MasterOrchestrator.log [as _log] (.aios-core/core/orchestration/master-orchestrator.js:1470:13)

  console.log
    [19:12:46] [MasterOrchestrator]  Running pre-flight tech stack detection...

      at MasterOrchestrator.log [as _log] (.aios-core/core/orchestration/master-orchestrator.js:1470:13)

  console.log
    [19:12:46] [MasterOrchestrator]  Tech stack detected: Frontend: react

      at MasterOrchestrator.log [as _log] (.aios-core/core/orchestration/master-orchestrator.js:1470:13)

  console.log
       ­ƒôè State: initialized ÔåÆ ready

      at MasterOrchestrator.log [as _defaultStateChange] (.aios-core/core/orchestration/master-orchestrator.js:1501:13)

  console.log
    [19:12:46] [MasterOrchestrator]  State transition: initialized ÔåÆ ready

      at MasterOrchestrator.log [as _log] (.aios-core/core/orchestration/master-orchestrator.js:1470:13)

  console.log
    [19:12:46] [MasterOrchestrator]  State saved successfully

      at MasterOrchestrator.log [as _log] (.aios-core/core/orchestration/master-orchestrator.js:1470:13)

  console.log
    [19:12:46] [MasterOrchestrator]  Initialization complete

      at MasterOrchestrator.log [as _log] (.aios-core/core/orchestration/master-orchestrator.js:1470:13)

  console.log
    [19:12:46] [MasterOrchestrator]  MasterOrchestrator initialized

      at MasterOrchestrator.log [as _log] (.aios-core/core/orchestration/master-orchestrator.js:1470:13)

  console.log
    [19:12:46] [MasterOrchestrator]  Starting initialization...

      at MasterOrchestrator.log [as _log] (.aios-core/core/orchestration/master-orchestrator.js:1470:13)

  console.log
    [19:12:46] [MasterOrchestrator]  Running pre-flight tech stack detection...

      at MasterOrchestrator.log [as _log] (.aios-core/core/orchestration/master-orchestrator.js:1470:13)

  console.log
    [19:12:46] [MasterOrchestrator]  Tech stack detected: Frontend: react

      at MasterOrchestrator.log [as _log] (.aios-core/core/orchestration/master-orchestrator.js:1470:13)

  console.log
       ­ƒôè State: initialized ÔåÆ ready

      at MasterOrchestrator.log [as _defaultStateChange] (.aios-core/core/orchestration/master-orchestrator.js:1501:13)

  console.log
    [19:12:46] [MasterOrchestrator]  State transition: initialized ÔåÆ ready

      at MasterOrchestrator.log [as _log] (.aios-core/core/orchestration/master-orchestrator.js:1470:13)

  console.log
    [19:12:46] [MasterOrchestrator]  State saved successfully

      at MasterOrchestrator.log [as _log] (.aios-core/core/orchestration/master-orchestrator.js:1470:13)

  console.log
    [19:12:46] [MasterOrchestrator]  Initialization complete

      at MasterOrchestrator.log [as _log] (.aios-core/core/orchestration/master-orchestrator.js:1470:13)

  console.log
    [19:12:46] [MasterOrchestrator]  MasterOrchestrator initialized

      at MasterOrchestrator.log [as _log] (.aios-core/core/orchestration/master-orchestrator.js:1470:13)

  console.log
    [19:12:46] [MasterOrchestrator]  Starting initialization...

      at MasterOrchestrator.log [as _log] (.aios-core/core/orchestration/master-orchestrator.js:1470:13)

  console.log
    [19:12:46] [MasterOrchestrator]  Running pre-flight tech stack detection...

      at MasterOrchestrator.log [as _log] (.aios-core/core/orchestration/master-orchestrator.js:1470:13)

  console.log
    [19:12:46] [MasterOrchestrator]  Tech stack detected: Frontend: react

      at MasterOrchestrator.log [as _log] (.aios-core/core/orchestration/master-orchestrator.js:1470:13)

  console.log
       ­ƒôè State: initialized ÔåÆ ready

      at MasterOrchestrator.log [as _defaultStateChange] (.aios-core/core/orchestration/master-orchestrator.js:1501:13)

  console.log
    [19:12:46] [MasterOrchestrator]  State transition: initialized ÔåÆ ready

      at MasterOrchestrator.log [as _log] (.aios-core/core/orchestration/master-orchestrator.js:1470:13)

  console.log
    [19:12:46] [MasterOrchestrator]  State saved successfully

      at MasterOrchestrator.log [as _log] (.aios-core/core/orchestration/master-orchestrator.js:1470:13)

  console.log
    [19:12:46] [MasterOrchestrator]  Initialization complete

      at MasterOrchestrator.log [as _log] (.aios-core/core/orchestration/master-orchestrator.js:1470:13)

  console.log
    [19:12:46] [MasterOrchestrator]  MasterOrchestrator initialized

      at MasterOrchestrator.log [as _log] (.aios-core/core/orchestration/master-orchestrator.js:1470:13)

  console.log
    [19:12:46] [MasterOrchestrator]  Starting initialization...

      at MasterOrchestrator.log [as _log] (.aios-core/core/orchestration/master-orchestrator.js:1470:13)

  console.log
    [19:12:46] [MasterOrchestrator]  Running pre-flight tech stack detection...

      at MasterOrchestrator.log [as _log] (.aios-core/core/orchestration/master-orchestrator.js:1470:13)

  console.log
    [19:12:46] [MasterOrchestrator]  Tech stack detected: Frontend: react

      at MasterOrchestrator.log [as _log] (.aios-core/core/orchestration/master-orchestrator.js:1470:13)

  console.log
       ­ƒôè State: initialized ÔåÆ ready

      at MasterOrchestrator.log [as _defaultStateChange] (.aios-core/core/orchestration/master-orchestrator.js:1501:13)

  console.log
    [19:12:46] [MasterOrchestrator]  State transition: initialized ÔåÆ ready

      at MasterOrchestrator.log [as _log] (.aios-core/core/orchestration/master-orchestrator.js:1470:13)

  console.log
    [19:12:46] [MasterOrchestrator]  State saved successfully

      at MasterOrchestrator.log [as _log] (.aios-core/core/orchestration/master-orchestrator.js:1470:13)

  console.log
    [19:12:46] [MasterOrchestrator]  Initialization complete

      at MasterOrchestrator.log [as _log] (.aios-core/core/orchestration/master-orchestrator.js:1470:13)

  console.log
    [19:12:46] [MasterOrchestrator]  MasterOrchestrator initialized

      at MasterOrchestrator.log [as _log] (.aios-core/core/orchestration/master-orchestrator.js:1470:13)

  console.log
    [19:12:46] [MasterOrchestrator]  Starting initialization...

      at MasterOrchestrator.log [as _log] (.aios-core/core/orchestration/master-orchestrator.js:1470:13)

  console.log
    [19:12:46] [MasterOrchestrator]  Running pre-flight tech stack detection...

      at MasterOrchestrator.log [as _log] (.aios-core/core/orchestration/master-orchestrator.js:1470:13)

  console.log
    [19:12:46] [MasterOrchestrator]  Tech stack detected: Frontend: react

      at MasterOrchestrator.log [as _log] (.aios-core/core/orchestration/master-orchestrator.js:1470:13)

  console.log
       ­ƒôè State: initialized ÔåÆ ready

      at MasterOrchestrator.log [as _defaultStateChange] (.aios-core/core/orchestration/master-orchestrator.js:1501:13)

  console.log
    [19:12:46] [MasterOrchestrator]  State transition: initialized ÔåÆ ready

      at MasterOrchestrator.log [as _log] (.aios-core/core/orchestration/master-orchestrator.js:1470:13)

  console.log
    [19:12:46] [MasterOrchestrator]  State saved successfully

      at MasterOrchestrator.log [as _log] (.aios-core/core/orchestration/master-orchestrator.js:1470:13)

  console.log
    [19:12:46] [MasterOrchestrator]  Initialization complete

      at MasterOrchestrator.log [as _log] (.aios-core/core/orchestration/master-orchestrator.js:1470:13)

PASS tests/core/master-orchestrator.test.js
  MasterOrchestrator
    Constructor (AC2)
      ÔêÜ should create instance with default options (17 ms)
      ÔêÜ should create instance with custom options (7 ms)
      ÔêÜ should initialize execution state (6 ms)
      ÔêÜ should have all epics in pending state initially (7 ms)
    State Machine (AC6)
      ÔêÜ should start in INITIALIZED state (7 ms)
      ÔêÜ should transition to READY after initialize() (26 ms)
      ÔêÜ should emit stateChange event on transition (16 ms)
      ÔêÜ should have all valid state enum values (6 ms)
    TechStackDetector Integration (AC7)
      ÔêÜ should detect tech stack during initialize() (22 ms)
      ÔêÜ should store tech stack profile in state (18 ms)
    executeEpic (AC4)
      ÔêÜ should execute a single epic (46 ms)
      ÔêÜ should update epic state during execution (45 ms)
      ÔêÜ should emit epicStart and epicComplete events (52 ms)
      ÔêÜ should throw error for unknown epic (42 ms)
    executeFullPipeline (AC3)
      ÔêÜ should execute epics in sequence 3ÔåÆ4ÔåÆ6 (105 ms)
      ÔêÜ should transition to COMPLETE on success (94 ms)
      ÔêÜ should return finalized result (91 ms)
    resumeFromEpic (AC5)
      ÔêÜ should reset epics from specified point (94 ms)
      ÔêÜ should continue full pipeline from resume point (89 ms)
    State Persistence (Story 0.2)
      saveState (AC1, AC3)
        ÔêÜ should save state to correct path (36 ms)
        ÔêÜ should return success status (19 ms)
      State Schema (AC2, AC6, AC7)
        ÔêÜ should include all required fields (34 ms)
        ÔêÜ should include schema version (17 ms)
        ÔêÜ should include context with options (21 ms)
      loadState (AC4)
        ÔêÜ should load state for current storyId (35 ms)
        ÔêÜ should load state for specific storyId (36 ms)
        ÔêÜ should return null for non-existent state (7 ms)
      Resume Detection (AC5)
        ÔêÜ should load existing state on initialize (45 ms)
        ÔêÜ should find latest valid state (50 ms)
        ÔêÜ should not resume completed states (100 ms)
      State Management
        ÔêÜ should clear state (25 ms)
        ÔêÜ should list saved states (48 ms)
        ÔêÜ should calculate progress from state (48 ms)
    Progress Tracking
      ÔêÜ should calculate progress percentage (48 ms)
      ÔêÜ should return status summary (34 ms)
    EPIC_CONFIG
      ÔêÜ should have configuration for all epics (7 ms)
      ÔêÜ should mark Epic 5 as on-demand (6 ms)
      ÔêÜ should have correct epic names (7 ms)
    Context Building (Story 0.4)
      ÔêÜ AC1: should have _buildContextForEpic method (17 ms)
      ÔêÜ should build context with base properties for all epics (17 ms)
      ÔêÜ AC2: Epic 3 should receive storyId, source, prdPath (29 ms)
      ÔêÜ AC3: Epic 4 should receive specPath, complexity, requirements, techStack (21 ms)
      ÔêÜ AC4: Epic 5 should receive implementationPath, errors, attempts (19 ms)
      ÔêÜ AC5: Epic 6 should receive buildResult, testResults, codeChanges (19 ms)
      ÔêÜ AC7: TechStackProfile should be injected in all contexts (19 ms)
      ÔêÜ should include previousGates in all contexts (19 ms)
      ÔêÜ should collect session insights correctly (20 ms)
  EpicStatus Enum
    ÔêÜ should have all required status values (1 ms)
  Module Exports
    ÔêÜ should export MasterOrchestrator class
    ÔêÜ should export OrchestratorState
    ÔêÜ should export EpicStatus (1 ms)
    ÔêÜ should export EPIC_CONFIG

  console.log
    [19:12:48] [MasterOrchestrator]  MasterOrchestrator initialized

      at MasterOrchestrator.log [as _log] (.aios-core/core/orchestration/master-orchestrator.js:1470:13)

  console.log
    [19:12:48] [MasterOrchestrator]  MasterOrchestrator initialized

      at MasterOrchestrator.log [as _log] (.aios-core/core/orchestration/master-orchestrator.js:1470:13)

  console.log
    [19:12:48] [MasterOrchestrator]  MasterOrchestrator initialized

      at MasterOrchestrator.log [as _log] (.aios-core/core/orchestration/master-orchestrator.js:1470:13)

  console.log
    [19:12:48] [MasterOrchestrator]  MasterOrchestrator initialized

      at MasterOrchestrator.log [as _log] (.aios-core/core/orchestration/master-orchestrator.js:1470:13)

PASS tests/core/agent-invoker.test.js
  Agent Invoker (Story 0.7)
    SUPPORTED_AGENTS (AC2)
      ÔêÜ should include all required agents (10 ms)
      ÔêÜ should have correct agent structure (13 ms)
    InvocationStatus Enum
      ÔêÜ should have all required statuses (8 ms)
    Constructor
      ÔêÜ should initialize with default options (7 ms)
      ÔêÜ should accept custom options (8 ms)
    invokeAgent (AC1)
      ÔêÜ should invoke agent and return result (11 ms)
      ÔêÜ should handle agent name with @ prefix (9 ms)
      ÔêÜ should fail for unknown agent (7 ms)
      ÔêÜ should fail for non-existent task (9 ms)
    Agent Support (AC2)
      ÔêÜ getSupportedAgents should return all agents (7 ms)
      ÔêÜ isAgentSupported should return true for supported agents (8 ms)
      ÔêÜ isAgentSupported should return false for unsupported agents (7 ms)
    Context Building (AC3)
      ÔêÜ should pass inputs to task (9 ms)
    Timeout Handling (AC4)
      ÔêÜ should respect timeout setting (7 ms)
      ÔêÜ should timeout on long execution with custom executor (124 ms)
    Output Validation (AC5)
      ÔêÜ should validate output when schema exists (20 ms)
    Retry Logic (AC6)
      ÔêÜ should retry on transient errors (1019 ms)
      ÔêÜ should not retry on non-transient errors (9 ms)
    Logging and Audit (AC7)
      ÔêÜ should track all invocations (12 ms)
      ÔêÜ should get invocation by ID (9 ms)
      ÔêÜ should get invocations for specific agent (13 ms)
      ÔêÜ should generate invocation summary (10 ms)
      ÔêÜ should track logs (9 ms)
      ÔêÜ should clear invocation history (9 ms)
    Event Emitter
      ÔêÜ should emit invocationComplete event (10 ms)
      ÔêÜ should emit invocationFailed event (7 ms)
  Integration with MasterOrchestrator
    ÔêÜ should integrate AgentInvoker with MasterOrchestrator (53 ms)
    ÔêÜ should expose getAgentInvoker method (8 ms)
    ÔêÜ should expose getSupportedAgents method (10 ms)
    ÔêÜ should invoke agent through orchestrator (10 ms)

  console.log
    [squad-generator] Detected 3 project config(s) in docs/framework/

      at SquadGenerator.log [as detectProjectConfigs] (.aios-core/development/scripts/squad/squad-generator.js:699:15)

  console.log
    [squad-generator] Using project-level configuration from docs/framework/

      at SquadGenerator.log [as generate] (.aios-core/development/scripts/squad/squad-generator.js:781:17)

  console.log
    [squad-generator] Skipping local config file creation (using project-level configs)

      at SquadGenerator.log [as generate] (.aios-core/development/scripts/squad/squad-generator.js:818:15)

  console.log
    [squad-generator] Detected 3 project config(s) in docs/framework/

      at SquadGenerator.log [as detectProjectConfigs] (.aios-core/development/scripts/squad/squad-generator.js:699:15)

  console.log
    [squad-generator] Using project-level configuration from docs/framework/

      at SquadGenerator.log [as generate] (.aios-core/development/scripts/squad/squad-generator.js:781:17)

  console.log
    [squad-generator] Skipping local config file creation (using project-level configs)

      at SquadGenerator.log [as generate] (.aios-core/development/scripts/squad/squad-generator.js:818:15)

  console.log
    [squad-generator] Detected 3 project config(s) in docs/framework/

      at SquadGenerator.log [as detectProjectConfigs] (.aios-core/development/scripts/squad/squad-generator.js:699:15)

  console.log
    [squad-generator] Using project-level configuration from docs/framework/

      at SquadGenerator.log [as generate] (.aios-core/development/scripts/squad/squad-generator.js:781:17)

  console.log
    [squad-generator] Skipping local config file creation (using project-level configs)

      at SquadGenerator.log [as generate] (.aios-core/development/scripts/squad/squad-generator.js:818:15)

  console.log
    [squad-generator] Detected 3 project config(s) in docs/framework/

      at SquadGenerator.log [as detectProjectConfigs] (.aios-core/development/scripts/squad/squad-generator.js:699:15)

  console.log
    [squad-generator] Using project-level configuration from docs/framework/

      at SquadGenerator.log [as generate] (.aios-core/development/scripts/squad/squad-generator.js:781:17)

  console.log
    [squad-generator] Skipping local config file creation (using project-level configs)

      at SquadGenerator.log [as generate] (.aios-core/development/scripts/squad/squad-generator.js:818:15)

  console.log
    [squad-generator] Detected 3 project config(s) in docs/framework/

      at SquadGenerator.log [as detectProjectConfigs] (.aios-core/development/scripts/squad/squad-generator.js:699:15)

  console.log
    [squad-generator] Using project-level configuration from docs/framework/

      at SquadGenerator.log [as generate] (.aios-core/development/scripts/squad/squad-generator.js:781:17)

  console.log
    [squad-generator] Skipping local config file creation (using project-level configs)

      at SquadGenerator.log [as generate] (.aios-core/development/scripts/squad/squad-generator.js:818:15)

  console.log
    [squad-generator] Detected 3 project config(s) in docs/framework/

      at SquadGenerator.log [as detectProjectConfigs] (.aios-core/development/scripts/squad/squad-generator.js:699:15)

  console.log
    [squad-generator] Using project-level configuration from docs/framework/

      at SquadGenerator.log [as generate] (.aios-core/development/scripts/squad/squad-generator.js:781:17)

  console.log
    [squad-generator] Skipping local config file creation (using project-level configs)

      at SquadGenerator.log [as generate] (.aios-core/development/scripts/squad/squad-generator.js:818:15)

  console.log
    [squad-generator] Detected 3 project config(s) in docs/framework/

      at SquadGenerator.log [as detectProjectConfigs] (.aios-core/development/scripts/squad/squad-generator.js:699:15)

  console.log
    [squad-generator] Using project-level configuration from docs/framework/

      at SquadGenerator.log [as generate] (.aios-core/development/scripts/squad/squad-generator.js:781:17)

  console.log
    [squad-generator] Skipping local config file creation (using project-level configs)

      at SquadGenerator.log [as generate] (.aios-core/development/scripts/squad/squad-generator.js:818:15)

  console.log
    [squad-generator] Creating local configuration files

      at SquadGenerator.log [as generate] (.aios-core/development/scripts/squad/squad-generator.js:824:15)

  console.log
    [squad-generator] Creating local configuration files

      at SquadGenerator.log [as generate] (.aios-core/development/scripts/squad/squad-generator.js:824:15)

  console.log
    [squad-generator] Creating local configuration files

      at SquadGenerator.log [as generate] (.aios-core/development/scripts/squad/squad-generator.js:824:15)

  console.log
    [squad-generator] Detected 3 project config(s) in docs/framework/

      at SquadGenerator.log [as detectProjectConfigs] (.aios-core/development/scripts/squad/squad-generator.js:699:15)

  console.log
    [squad-generator] Using project-level configuration from docs/framework/

      at SquadGenerator.log [as generate] (.aios-core/development/scripts/squad/squad-generator.js:781:17)

  console.log
    [squad-generator] Skipping local config file creation (using project-level configs)

      at SquadGenerator.log [as generate] (.aios-core/development/scripts/squad/squad-generator.js:818:15)

  console.log
    [squad-generator] Detected 3 project config(s) in docs/framework/

      at SquadGenerator.log [as detectProjectConfigs] (.aios-core/development/scripts/squad/squad-generator.js:699:15)

  console.log
    [squad-generator] Using project-level configuration from docs/framework/

      at SquadGenerator.log [as generate] (.aios-core/development/scripts/squad/squad-generator.js:781:17)

  console.log
    [squad-generator] Skipping local config file creation (using project-level configs)

      at SquadGenerator.log [as generate] (.aios-core/development/scripts/squad/squad-generator.js:818:15)

  console.log
    [squad-generator] Detected 3 project config(s) in docs/framework/

      at SquadGenerator.log [as detectProjectConfigs] (.aios-core/development/scripts/squad/squad-generator.js:699:15)

  console.log
    [squad-generator] Using project-level configuration from docs/framework/

      at SquadGenerator.log [as generate] (.aios-core/development/scripts/squad/squad-generator.js:781:17)

  console.log
    [squad-generator] Skipping local config file creation (using project-level configs)

      at SquadGenerator.log [as generate] (.aios-core/development/scripts/squad/squad-generator.js:818:15)

  console.log
    [squad-generator] Detected 3 project config(s) in docs/framework/

      at SquadGenerator.log [as detectProjectConfigs] (.aios-core/development/scripts/squad/squad-generator.js:699:15)

  console.log
    [squad-generator] Using project-level configuration from docs/framework/

      at SquadGenerator.log [as generate] (.aios-core/development/scripts/squad/squad-generator.js:781:17)

  console.log
    [squad-generator] Skipping local config file creation (using project-level configs)

      at SquadGenerator.log [as generate] (.aios-core/development/scripts/squad/squad-generator.js:818:15)

  console.log
    [squad-generator] Detected 3 project config(s) in docs/framework/

      at SquadGenerator.log [as detectProjectConfigs] (.aios-core/development/scripts/squad/squad-generator.js:699:15)

  console.log
    [squad-generator] Using project-level configuration from docs/framework/

      at SquadGenerator.log [as generate] (.aios-core/development/scripts/squad/squad-generator.js:781:17)

  console.log
    [squad-generator] Skipping local config file creation (using project-level configs)

      at SquadGenerator.log [as generate] (.aios-core/development/scripts/squad/squad-generator.js:818:15)

  console.log
    [squad-generator] Detected 3 project config(s) in docs/framework/

      at SquadGenerator.log [as detectProjectConfigs] (.aios-core/development/scripts/squad/squad-generator.js:699:15)

  console.log
    [squad-generator] Using project-level configuration from docs/framework/

      at SquadGenerator.log [as generate] (.aios-core/development/scripts/squad/squad-generator.js:781:17)

  console.log
    [squad-generator] Skipping local config file creation (using project-level configs)

      at SquadGenerator.log [as generate] (.aios-core/development/scripts/squad/squad-generator.js:818:15)

  console.log
    [squad-generator] Creating local configuration files

      at SquadGenerator.log [as generate] (.aios-core/development/scripts/squad/squad-generator.js:824:15)

  console.log
    [squad-generator] Creating local configuration files

      at SquadGenerator.log [as generate] (.aios-core/development/scripts/squad/squad-generator.js:824:15)

PASS tests/unit/squad/squad-generator-integration.test.js
  SquadGenerator Integration Tests
    Create ÔåÆ Validate Flow
      ÔêÜ should create and validate basic template (106 ms)
      ÔêÜ should create and validate etl template (100 ms)
      ÔêÜ should create and validate agent-only template (103 ms)
    Create ÔåÆ List Flow
      ÔêÜ should create multiple squads and list all (333 ms)
      ÔêÜ should list squads with correct metadata (35 ms)
    Config Inheritance Integration
      ÔêÜ should generate valid extend mode configuration (97 ms)
      ÔêÜ should generate valid override mode configuration (88 ms)
      ÔêÜ should generate valid none mode configuration (90 ms)
    Loader Integration
      ÔêÜ should resolve generated squad with loader (90 ms)
      ÔêÜ should load manifest of generated squad (41 ms)
    End-to-End Workflow
      ÔêÜ should complete full workflow: create ÔåÆ load ÔåÆ validate ÔåÆ list (101 ms)
      ÔêÜ should support multiple squads in project (318 ms)
    File Structure Validation
      ÔêÜ should create all expected files for basic template (86 ms)
      ÔêÜ should create .gitkeep in empty directories (89 ms)

  console.warn
    [UnifiedActivationPipeline] agentConfig error: Agent config error

    [0m [90m 377 |[39m       [36mconst[39m status [33m=[39m error[33m.[39mmessage[33m.[39mincludes([32m'timeout'[39m) [33m?[39m [32m'timeout'[39m [33m:[39m [32m'error'[39m[33m;[39m
     [90m 378 |[39m       metrics[33m.[39mloaders[name] [33m=[39m { duration[33m,[39m status[33m,[39m start[33m,[39m end[33m:[39m start [33m+[39m duration[33m,[39m error[33m:[39m error[33m.[39mmessage }[33m;[39m
    [31m[1m>[22m[39m[90m 379 |[39m       console[33m.[39mwarn([32m`[UnifiedActivationPipeline] ${name} ${status}: ${error.message}`[39m)[33m;[39m
     [90m     |[39m               [31m[1m^[22m[39m
     [90m 380 |[39m       [36mreturn[39m [36mnull[39m[33m;[39m
     [90m 381 |[39m     }
     [90m 382 |[39m   }[0m

      at UnifiedActivationPipeline.warn [as _profileLoader] (.aios-core/development/scripts/unified-activation-pipeline.js:379:15)
      at UnifiedActivationPipeline._runPipeline (.aios-core/development/scripts/unified-activation-pipeline.js:207:27)
      at UnifiedActivationPipeline.activate (.aios-core/development/scripts/unified-activation-pipeline.js:160:22)
      at Object.<anonymous> (tests/core/unified-activation-pipeline.test.js:432:22)

  console.warn
    [UnifiedActivationPipeline] sessionContext error: Session error

    [0m [90m 377 |[39m       [36mconst[39m status [33m=[39m error[33m.[39mmessage[33m.[39mincludes([32m'timeout'[39m) [33m?[39m [32m'timeout'[39m [33m:[39m [32m'error'[39m[33m;[39m
     [90m 378 |[39m       metrics[33m.[39mloaders[name] [33m=[39m { duration[33m,[39m status[33m,[39m start[33m,[39m end[33m:[39m start [33m+[39m duration[33m,[39m error[33m:[39m error[33m.[39mmessage }[33m;[39m
    [31m[1m>[22m[39m[90m 379 |[39m       console[33m.[39mwarn([32m`[UnifiedActivationPipeline] ${name} ${status}: ${error.message}`[39m)[33m;[39m
     [90m     |[39m               [31m[1m^[22m[39m
     [90m 380 |[39m       [36mreturn[39m [36mnull[39m[33m;[39m
     [90m 381 |[39m     }
     [90m 382 |[39m   }[0m

      at UnifiedActivationPipeline.warn [as _profileLoader] (.aios-core/development/scripts/unified-activation-pipeline.js:379:15)
      at UnifiedActivationPipeline._profileLoader [as _runPipeline] (.aios-core/development/scripts/unified-activation-pipeline.js:279:12)
      at UnifiedActivationPipeline.activate (.aios-core/development/scripts/unified-activation-pipeline.js:160:22)
      at Object.<anonymous> (tests/core/unified-activation-pipeline.test.js:442:22)

  console.warn
    [UnifiedActivationPipeline] projectStatus error: Project status error

    [0m [90m 377 |[39m       [36mconst[39m status [33m=[39m error[33m.[39mmessage[33m.[39mincludes([32m'timeout'[39m) [33m?[39m [32m'timeout'[39m [33m:[39m [32m'error'[39m[33m;[39m
     [90m 378 |[39m       metrics[33m.[39mloaders[name] [33m=[39m { duration[33m,[39m status[33m,[39m start[33m,[39m end[33m:[39m start [33m+[39m duration[33m,[39m error[33m:[39m error[33m.[39mmessage }[33m;[39m
    [31m[1m>[22m[39m[90m 379 |[39m       console[33m.[39mwarn([32m`[UnifiedActivationPipeline] ${name} ${status}: ${error.message}`[39m)[33m;[39m
     [90m     |[39m               [31m[1m^[22m[39m
     [90m 380 |[39m       [36mreturn[39m [36mnull[39m[33m;[39m
     [90m 381 |[39m     }
     [90m 382 |[39m   }[0m

      at UnifiedActivationPipeline.warn [as _profileLoader] (.aios-core/development/scripts/unified-activation-pipeline.js:379:15)
          at async Promise.all (index 1)
      at UnifiedActivationPipeline._runPipeline (.aios-core/development/scripts/unified-activation-pipeline.js:278:45)
      at UnifiedActivationPipeline.activate (.aios-core/development/scripts/unified-activation-pipeline.js:160:22)
      at Object.<anonymous> (tests/core/unified-activation-pipeline.test.js:449:22)

  console.warn
    [GreetingBuilder] Project status load failed: Project status error

    [0m [90m 1352 |[39m       [36mreturn[39m [36mawait[39m loadProjectStatus()[33m;[39m
     [90m 1353 |[39m     } [36mcatch[39m (error) {
    [31m[1m>[22m[39m[90m 1354 |[39m       console[33m.[39mwarn([32m'[GreetingBuilder] Project status load failed:'[39m[33m,[39m error[33m.[39mmessage)[33m;[39m
     [90m      |[39m               [31m[1m^[22m[39m
     [90m 1355 |[39m       [36mreturn[39m [36mnull[39m[33m;[39m
     [90m 1356 |[39m     }
     [90m 1357 |[39m   }[0m

      at GreetingBuilder.warn [as _safeLoadProjectStatus] (.aios-core/development/scripts/greeting-builder.js:1354:15)
      at GreetingBuilder._buildContextualGreeting (.aios-core/development/scripts/greeting-builder.js:183:53)
      at GreetingBuilder.buildGreeting (.aios-core/development/scripts/greeting-builder.js:160:14)
      at UnifiedActivationPipeline._runPipeline (.aios-core/development/scripts/unified-activation-pipeline.js:327:22)
      at UnifiedActivationPipeline.activate (.aios-core/development/scripts/unified-activation-pipeline.js:160:22)
      at Object.<anonymous> (tests/core/unified-activation-pipeline.test.js:449:22)

  console.warn
    [UnifiedActivationPipeline] permissionMode error: Permission error

    [0m [90m 377 |[39m       [36mconst[39m status [33m=[39m error[33m.[39mmessage[33m.[39mincludes([32m'timeout'[39m) [33m?[39m [32m'timeout'[39m [33m:[39m [32m'error'[39m[33m;[39m
     [90m 378 |[39m       metrics[33m.[39mloaders[name] [33m=[39m { duration[33m,[39m status[33m,[39m start[33m,[39m end[33m:[39m start [33m+[39m duration[33m,[39m error[33m:[39m error[33m.[39mmessage }[33m;[39m
    [31m[1m>[22m[39m[90m 379 |[39m       console[33m.[39mwarn([32m`[UnifiedActivationPipeline] ${name} ${status}: ${error.message}`[39m)[33m;[39m
     [90m     |[39m               [31m[1m^[22m[39m
     [90m 380 |[39m       [36mreturn[39m [36mnull[39m[33m;[39m
     [90m 381 |[39m     }
     [90m 382 |[39m   }[0m

      at UnifiedActivationPipeline.warn [as _profileLoader] (.aios-core/development/scripts/unified-activation-pipeline.js:379:15)
          at async Promise.all (index 0)
      at UnifiedActivationPipeline._runPipeline (.aios-core/development/scripts/unified-activation-pipeline.js:232:41)
      at UnifiedActivationPipeline.activate (.aios-core/development/scripts/unified-activation-pipeline.js:160:22)
      at Object.<anonymous> (tests/core/unified-activation-pipeline.test.js:470:22)

  console.warn
    [UnifiedActivationPipeline] agentConfig error: fail

    [0m [90m 377 |[39m       [36mconst[39m status [33m=[39m error[33m.[39mmessage[33m.[39mincludes([32m'timeout'[39m) [33m?[39m [32m'timeout'[39m [33m:[39m [32m'error'[39m[33m;[39m
     [90m 378 |[39m       metrics[33m.[39mloaders[name] [33m=[39m { duration[33m,[39m status[33m,[39m start[33m,[39m end[33m:[39m start [33m+[39m duration[33m,[39m error[33m:[39m error[33m.[39mmessage }[33m;[39m
    [31m[1m>[22m[39m[90m 379 |[39m       console[33m.[39mwarn([32m`[UnifiedActivationPipeline] ${name} ${status}: ${error.message}`[39m)[33m;[39m
     [90m     |[39m               [31m[1m^[22m[39m
     [90m 380 |[39m       [36mreturn[39m [36mnull[39m[33m;[39m
     [90m 381 |[39m     }
     [90m 382 |[39m   }[0m

      at UnifiedActivationPipeline.warn [as _profileLoader] (.aios-core/development/scripts/unified-activation-pipeline.js:379:15)
      at UnifiedActivationPipeline._runPipeline (.aios-core/development/scripts/unified-activation-pipeline.js:207:27)
      at UnifiedActivationPipeline.activate (.aios-core/development/scripts/unified-activation-pipeline.js:160:22)
      at Object.<anonymous> (tests/core/unified-activation-pipeline.test.js:492:22)

  console.warn
    [UnifiedActivationPipeline] agentConfig timeout: agentConfig timeout (80ms)

    [0m [90m 377 |[39m       [36mconst[39m status [33m=[39m error[33m.[39mmessage[33m.[39mincludes([32m'timeout'[39m) [33m?[39m [32m'timeout'[39m [33m:[39m [32m'error'[39m[33m;[39m
     [90m 378 |[39m       metrics[33m.[39mloaders[name] [33m=[39m { duration[33m,[39m status[33m,[39m start[33m,[39m end[33m:[39m start [33m+[39m duration[33m,[39m error[33m:[39m error[33m.[39mmessage }[33m;[39m
    [31m[1m>[22m[39m[90m 379 |[39m       console[33m.[39mwarn([32m`[UnifiedActivationPipeline] ${name} ${status}: ${error.message}`[39m)[33m;[39m
     [90m     |[39m               [31m[1m^[22m[39m
     [90m 380 |[39m       [36mreturn[39m [36mnull[39m[33m;[39m
     [90m 381 |[39m     }
     [90m 382 |[39m   }[0m

      at UnifiedActivationPipeline.warn [as _profileLoader] (.aios-core/development/scripts/unified-activation-pipeline.js:379:15)
      at UnifiedActivationPipeline._runPipeline (.aios-core/development/scripts/unified-activation-pipeline.js:207:27)
      at UnifiedActivationPipeline.activate (.aios-core/development/scripts/unified-activation-pipeline.js:160:22)
      at Object.<anonymous> (tests/core/unified-activation-pipeline.test.js:513:22)

  console.warn
    [UnifiedActivationPipeline] agentConfig error: Agent not found

    [0m [90m 377 |[39m       [36mconst[39m status [33m=[39m error[33m.[39mmessage[33m.[39mincludes([32m'timeout'[39m) [33m?[39m [32m'timeout'[39m [33m:[39m [32m'error'[39m[33m;[39m
     [90m 378 |[39m       metrics[33m.[39mloaders[name] [33m=[39m { duration[33m,[39m status[33m,[39m start[33m,[39m end[33m:[39m start [33m+[39m duration[33m,[39m error[33m:[39m error[33m.[39mmessage }[33m;[39m
    [31m[1m>[22m[39m[90m 379 |[39m       console[33m.[39mwarn([32m`[UnifiedActivationPipeline] ${name} ${status}: ${error.message}`[39m)[33m;[39m
     [90m     |[39m               [31m[1m^[22m[39m
     [90m 380 |[39m       [36mreturn[39m [36mnull[39m[33m;[39m
     [90m 381 |[39m     }
     [90m 382 |[39m   }[0m

      at UnifiedActivationPipeline.warn [as _profileLoader] (.aios-core/development/scripts/unified-activation-pipeline.js:379:15)
      at UnifiedActivationPipeline._runPipeline (.aios-core/development/scripts/unified-activation-pipeline.js:207:27)
      at UnifiedActivationPipeline.activate (.aios-core/development/scripts/unified-activation-pipeline.js:160:22)
      at Object.<anonymous> (tests/core/unified-activation-pipeline.test.js:629:22)

  console.warn
    [UnifiedActivationPipeline] test error: fail

    [0m [90m 377 |[39m       [36mconst[39m status [33m=[39m error[33m.[39mmessage[33m.[39mincludes([32m'timeout'[39m) [33m?[39m [32m'timeout'[39m [33m:[39m [32m'error'[39m[33m;[39m
     [90m 378 |[39m       metrics[33m.[39mloaders[name] [33m=[39m { duration[33m,[39m status[33m,[39m start[33m,[39m end[33m:[39m start [33m+[39m duration[33m,[39m error[33m:[39m error[33m.[39mmessage }[33m;[39m
    [31m[1m>[22m[39m[90m 379 |[39m       console[33m.[39mwarn([32m`[UnifiedActivationPipeline] ${name} ${status}: ${error.message}`[39m)[33m;[39m
     [90m     |[39m               [31m[1m^[22m[39m
     [90m 380 |[39m       [36mreturn[39m [36mnull[39m[33m;[39m
     [90m 381 |[39m     }
     [90m 382 |[39m   }[0m

      at UnifiedActivationPipeline.warn [as _profileLoader] (.aios-core/development/scripts/unified-activation-pipeline.js:379:15)
      at Object.<anonymous> (tests/core/unified-activation-pipeline.test.js:842:22)

  console.warn
    [UnifiedActivationPipeline] test timeout: test timeout (10ms)

    [0m [90m 377 |[39m       [36mconst[39m status [33m=[39m error[33m.[39mmessage[33m.[39mincludes([32m'timeout'[39m) [33m?[39m [32m'timeout'[39m [33m:[39m [32m'error'[39m[33m;[39m
     [90m 378 |[39m       metrics[33m.[39mloaders[name] [33m=[39m { duration[33m,[39m status[33m,[39m start[33m,[39m end[33m:[39m start [33m+[39m duration[33m,[39m error[33m:[39m error[33m.[39mmessage }[33m;[39m
    [31m[1m>[22m[39m[90m 379 |[39m       console[33m.[39mwarn([32m`[UnifiedActivationPipeline] ${name} ${status}: ${error.message}`[39m)[33m;[39m
     [90m     |[39m               [31m[1m^[22m[39m
     [90m 380 |[39m       [36mreturn[39m [36mnull[39m[33m;[39m
     [90m 381 |[39m     }
     [90m 382 |[39m   }[0m

      at UnifiedActivationPipeline.warn [as _profileLoader] (.aios-core/development/scripts/unified-activation-pipeline.js:379:15)
      at Object.<anonymous> (tests/core/unified-activation-pipeline.test.js:850:22)

  console.warn
    [UnifiedActivationPipeline] agentConfig error: Agent config error

    [0m [90m 377 |[39m       [36mconst[39m status [33m=[39m error[33m.[39mmessage[33m.[39mincludes([32m'timeout'[39m) [33m?[39m [32m'timeout'[39m [33m:[39m [32m'error'[39m[33m;[39m
     [90m 378 |[39m       metrics[33m.[39mloaders[name] [33m=[39m { duration[33m,[39m status[33m,[39m start[33m,[39m end[33m:[39m start [33m+[39m duration[33m,[39m error[33m:[39m error[33m.[39mmessage }[33m;[39m
    [31m[1m>[22m[39m[90m 379 |[39m       console[33m.[39mwarn([32m`[UnifiedActivationPipeline] ${name} ${status}: ${error.message}`[39m)[33m;[39m
     [90m     |[39m               [31m[1m^[22m[39m
     [90m 380 |[39m       [36mreturn[39m [36mnull[39m[33m;[39m
     [90m 381 |[39m     }
     [90m 382 |[39m   }[0m

      at UnifiedActivationPipeline.warn [as _profileLoader] (.aios-core/development/scripts/unified-activation-pipeline.js:379:15)
      at UnifiedActivationPipeline._runPipeline (.aios-core/development/scripts/unified-activation-pipeline.js:207:27)
      at UnifiedActivationPipeline.activate (.aios-core/development/scripts/unified-activation-pipeline.js:160:22)
      at Object.<anonymous> (tests/core/unified-activation-pipeline.test.js:931:22)

  console.warn
    [UnifiedActivationPipeline] gitConfig error: git error

    [0m [90m 377 |[39m       [36mconst[39m status [33m=[39m error[33m.[39mmessage[33m.[39mincludes([32m'timeout'[39m) [33m?[39m [32m'timeout'[39m [33m:[39m [32m'error'[39m[33m;[39m
     [90m 378 |[39m       metrics[33m.[39mloaders[name] [33m=[39m { duration[33m,[39m status[33m,[39m start[33m,[39m end[33m:[39m start [33m+[39m duration[33m,[39m error[33m:[39m error[33m.[39mmessage }[33m;[39m
    [31m[1m>[22m[39m[90m 379 |[39m       console[33m.[39mwarn([32m`[UnifiedActivationPipeline] ${name} ${status}: ${error.message}`[39m)[33m;[39m
     [90m     |[39m               [31m[1m^[22m[39m
     [90m 380 |[39m       [36mreturn[39m [36mnull[39m[33m;[39m
     [90m 381 |[39m     }
     [90m 382 |[39m   }[0m

      at UnifiedActivationPipeline.warn [as _profileLoader] (.aios-core/development/scripts/unified-activation-pipeline.js:379:15)
      at UnifiedActivationPipeline._profileLoader [as _runPipeline] (.aios-core/development/scripts/unified-activation-pipeline.js:238:12)
      at UnifiedActivationPipeline.activate (.aios-core/development/scripts/unified-activation-pipeline.js:160:22)
      at Object.<anonymous> (tests/core/unified-activation-pipeline.test.js:943:22)

  console.warn
    [UnifiedActivationPipeline] projectStatus timeout: git timeout

    [0m [90m 377 |[39m       [36mconst[39m status [33m=[39m error[33m.[39mmessage[33m.[39mincludes([32m'timeout'[39m) [33m?[39m [32m'timeout'[39m [33m:[39m [32m'error'[39m[33m;[39m
     [90m 378 |[39m       metrics[33m.[39mloaders[name] [33m=[39m { duration[33m,[39m status[33m,[39m start[33m,[39m end[33m:[39m start [33m+[39m duration[33m,[39m error[33m:[39m error[33m.[39mmessage }[33m;[39m
    [31m[1m>[22m[39m[90m 379 |[39m       console[33m.[39mwarn([32m`[UnifiedActivationPipeline] ${name} ${status}: ${error.message}`[39m)[33m;[39m
     [90m     |[39m               [31m[1m^[22m[39m
     [90m 380 |[39m       [36mreturn[39m [36mnull[39m[33m;[39m
     [90m 381 |[39m     }
     [90m 382 |[39m   }[0m

      at UnifiedActivationPipeline.warn [as _profileLoader] (.aios-core/development/scripts/unified-activation-pipeline.js:379:15)
          at async Promise.all (index 1)
      at UnifiedActivationPipeline._runPipeline (.aios-core/development/scripts/unified-activation-pipeline.js:278:45)
      at UnifiedActivationPipeline.activate (.aios-core/development/scripts/unified-activation-pipeline.js:160:22)
      at Object.<anonymous> (tests/core/unified-activation-pipeline.test.js:943:22)

  console.warn
    [GreetingBuilder] Project status load failed: git timeout

    [0m [90m 1352 |[39m       [36mreturn[39m [36mawait[39m loadProjectStatus()[33m;[39m
     [90m 1353 |[39m     } [36mcatch[39m (error) {
    [31m[1m>[22m[39m[90m 1354 |[39m       console[33m.[39mwarn([32m'[GreetingBuilder] Project status load failed:'[39m[33m,[39m error[33m.[39mmessage)[33m;[39m
     [90m      |[39m               [31m[1m^[22m[39m
     [90m 1355 |[39m       [36mreturn[39m [36mnull[39m[33m;[39m
     [90m 1356 |[39m     }
     [90m 1357 |[39m   }[0m

      at GreetingBuilder.warn [as _safeLoadProjectStatus] (.aios-core/development/scripts/greeting-builder.js:1354:15)
      at GreetingBuilder._buildContextualGreeting (.aios-core/development/scripts/greeting-builder.js:183:53)
      at GreetingBuilder.buildGreeting (.aios-core/development/scripts/greeting-builder.js:160:14)
      at UnifiedActivationPipeline._runPipeline (.aios-core/development/scripts/unified-activation-pipeline.js:327:22)
      at UnifiedActivationPipeline.activate (.aios-core/development/scripts/unified-activation-pipeline.js:160:22)
      at Object.<anonymous> (tests/core/unified-activation-pipeline.test.js:943:22)

  console.warn
    [UnifiedActivationPipeline] projectStatus timeout: projectStatus timeout (179ms)

    [0m [90m 377 |[39m       [36mconst[39m status [33m=[39m error[33m.[39mmessage[33m.[39mincludes([32m'timeout'[39m) [33m?[39m [32m'timeout'[39m [33m:[39m [32m'error'[39m[33m;[39m
     [90m 378 |[39m       metrics[33m.[39mloaders[name] [33m=[39m { duration[33m,[39m status[33m,[39m start[33m,[39m end[33m:[39m start [33m+[39m duration[33m,[39m error[33m:[39m error[33m.[39mmessage }[33m;[39m
    [31m[1m>[22m[39m[90m 379 |[39m       console[33m.[39mwarn([32m`[UnifiedActivationPipeline] ${name} ${status}: ${error.message}`[39m)[33m;[39m
     [90m     |[39m               [31m[1m^[22m[39m
     [90m 380 |[39m       [36mreturn[39m [36mnull[39m[33m;[39m
     [90m 381 |[39m     }
     [90m 382 |[39m   }[0m

      at UnifiedActivationPipeline.warn [as _profileLoader] (.aios-core/development/scripts/unified-activation-pipeline.js:379:15)
          at async Promise.all (index 1)
      at UnifiedActivationPipeline._runPipeline (.aios-core/development/scripts/unified-activation-pipeline.js:278:45)
      at UnifiedActivationPipeline.activate (.aios-core/development/scripts/unified-activation-pipeline.js:160:22)
      at Object.<anonymous> (tests/core/unified-activation-pipeline.test.js:959:22)

  console.warn
    [GreetingBuilder] Fallback to simple greeting: Greeting timeout

    [0m [90m 160 |[39m       [36mreturn[39m [36mawait[39m [33mPromise[39m[33m.[39mrace([greetingPromise[33m,[39m timeoutPromise])[33m;[39m
     [90m 161 |[39m     } [36mcatch[39m (error) {
    [31m[1m>[22m[39m[90m 162 |[39m       console[33m.[39mwarn([32m'[GreetingBuilder] Fallback to simple greeting:'[39m[33m,[39m error[33m.[39mmessage)[33m;[39m
     [90m     |[39m               [31m[1m^[22m[39m
     [90m 163 |[39m       [36mreturn[39m fallbackGreeting[33m;[39m
     [90m 164 |[39m     }
     [90m 165 |[39m   }[0m

      at GreetingBuilder.warn [as buildGreeting] (.aios-core/development/scripts/greeting-builder.js:162:15)
      at UnifiedActivationPipeline._runPipeline (.aios-core/development/scripts/unified-activation-pipeline.js:327:22)
      at UnifiedActivationPipeline.activate (.aios-core/development/scripts/unified-activation-pipeline.js:160:22)
      at Object.<anonymous> (tests/core/unified-activation-pipeline.test.js:959:22)

  console.warn
    [UnifiedActivationPipeline] projectStatus error: git status failed

    [0m [90m 377 |[39m       [36mconst[39m status [33m=[39m error[33m.[39mmessage[33m.[39mincludes([32m'timeout'[39m) [33m?[39m [32m'timeout'[39m [33m:[39m [32m'error'[39m[33m;[39m
     [90m 378 |[39m       metrics[33m.[39mloaders[name] [33m=[39m { duration[33m,[39m status[33m,[39m start[33m,[39m end[33m:[39m start [33m+[39m duration[33m,[39m error[33m:[39m error[33m.[39mmessage }[33m;[39m
    [31m[1m>[22m[39m[90m 379 |[39m       console[33m.[39mwarn([32m`[UnifiedActivationPipeline] ${name} ${status}: ${error.message}`[39m)[33m;[39m
     [90m     |[39m               [31m[1m^[22m[39m
     [90m 380 |[39m       [36mreturn[39m [36mnull[39m[33m;[39m
     [90m 381 |[39m     }
     [90m 382 |[39m   }[0m

      at UnifiedActivationPipeline.warn [as _profileLoader] (.aios-core/development/scripts/unified-activation-pipeline.js:379:15)
          at async Promise.all (index 1)
      at UnifiedActivationPipeline._runPipeline (.aios-core/development/scripts/unified-activation-pipeline.js:278:45)
      at UnifiedActivationPipeline.activate (.aios-core/development/scripts/unified-activation-pipeline.js:160:22)
      at Object.<anonymous> (tests/core/unified-activation-pipeline.test.js:1001:22)

  console.warn
    [GreetingBuilder] Project status load failed: git status failed

    [0m [90m 1352 |[39m       [36mreturn[39m [36mawait[39m loadProjectStatus()[33m;[39m
     [90m 1353 |[39m     } [36mcatch[39m (error) {
    [31m[1m>[22m[39m[90m 1354 |[39m       console[33m.[39mwarn([32m'[GreetingBuilder] Project status load failed:'[39m[33m,[39m error[33m.[39mmessage)[33m;[39m
     [90m      |[39m               [31m[1m^[22m[39m
     [90m 1355 |[39m       [36mreturn[39m [36mnull[39m[33m;[39m
     [90m 1356 |[39m     }
     [90m 1357 |[39m   }[0m

      at GreetingBuilder.warn [as _safeLoadProjectStatus] (.aios-core/development/scripts/greeting-builder.js:1354:15)
      at GreetingBuilder._buildContextualGreeting (.aios-core/development/scripts/greeting-builder.js:183:53)
      at GreetingBuilder.buildGreeting (.aios-core/development/scripts/greeting-builder.js:160:14)
      at UnifiedActivationPipeline._runPipeline (.aios-core/development/scripts/unified-activation-pipeline.js:327:22)
      at UnifiedActivationPipeline.activate (.aios-core/development/scripts/unified-activation-pipeline.js:160:22)
      at Object.<anonymous> (tests/core/unified-activation-pipeline.test.js:1001:22)

  console.warn
    [UnifiedActivationPipeline] projectStatus timeout: projectStatus timeout (180ms)

    [0m [90m 377 |[39m       [36mconst[39m status [33m=[39m error[33m.[39mmessage[33m.[39mincludes([32m'timeout'[39m) [33m?[39m [32m'timeout'[39m [33m:[39m [32m'error'[39m[33m;[39m
     [90m 378 |[39m       metrics[33m.[39mloaders[name] [33m=[39m { duration[33m,[39m status[33m,[39m start[33m,[39m end[33m:[39m start [33m+[39m duration[33m,[39m error[33m:[39m error[33m.[39mmessage }[33m;[39m
    [31m[1m>[22m[39m[90m 379 |[39m       console[33m.[39mwarn([32m`[UnifiedActivationPipeline] ${name} ${status}: ${error.message}`[39m)[33m;[39m
     [90m     |[39m               [31m[1m^[22m[39m
     [90m 380 |[39m       [36mreturn[39m [36mnull[39m[33m;[39m
     [90m 381 |[39m     }
     [90m 382 |[39m   }[0m

      at UnifiedActivationPipeline.warn [as _profileLoader] (.aios-core/development/scripts/unified-activation-pipeline.js:379:15)
          at async Promise.all (index 1)
      at UnifiedActivationPipeline._runPipeline (.aios-core/development/scripts/unified-activation-pipeline.js:278:45)
      at UnifiedActivationPipeline.activate (.aios-core/development/scripts/unified-activation-pipeline.js:160:22)
      at Object.<anonymous> (tests/core/unified-activation-pipeline.test.js:1136:22)

  console.warn
    [GreetingBuilder] Fallback to simple greeting: Greeting timeout

    [0m [90m 160 |[39m       [36mreturn[39m [36mawait[39m [33mPromise[39m[33m.[39mrace([greetingPromise[33m,[39m timeoutPromise])[33m;[39m
     [90m 161 |[39m     } [36mcatch[39m (error) {
    [31m[1m>[22m[39m[90m 162 |[39m       console[33m.[39mwarn([32m'[GreetingBuilder] Fallback to simple greeting:'[39m[33m,[39m error[33m.[39mmessage)[33m;[39m
     [90m     |[39m               [31m[1m^[22m[39m
     [90m 163 |[39m       [36mreturn[39m fallbackGreeting[33m;[39m
     [90m 164 |[39m     }
     [90m 165 |[39m   }[0m

      at GreetingBuilder.warn [as buildGreeting] (.aios-core/development/scripts/greeting-builder.js:162:15)
      at UnifiedActivationPipeline._runPipeline (.aios-core/development/scripts/unified-activation-pipeline.js:327:22)
      at UnifiedActivationPipeline.activate (.aios-core/development/scripts/unified-activation-pipeline.js:160:22)
      at Object.<anonymous> (tests/core/unified-activation-pipeline.test.js:1136:22)

  console.warn
    [UnifiedActivationPipeline] agentConfig timeout: agentConfig timeout (80ms)

    [0m [90m 377 |[39m       [36mconst[39m status [33m=[39m error[33m.[39mmessage[33m.[39mincludes([32m'timeout'[39m) [33m?[39m [32m'timeout'[39m [33m:[39m [32m'error'[39m[33m;[39m
     [90m 378 |[39m       metrics[33m.[39mloaders[name] [33m=[39m { duration[33m,[39m status[33m,[39m start[33m,[39m end[33m:[39m start [33m+[39m duration[33m,[39m error[33m:[39m error[33m.[39mmessage }[33m;[39m
    [31m[1m>[22m[39m[90m 379 |[39m       console[33m.[39mwarn([32m`[UnifiedActivationPipeline] ${name} ${status}: ${error.message}`[39m)[33m;[39m
     [90m     |[39m               [31m[1m^[22m[39m
     [90m 380 |[39m       [36mreturn[39m [36mnull[39m[33m;[39m
     [90m 381 |[39m     }
     [90m 382 |[39m   }[0m

      at UnifiedActivationPipeline.warn [as _profileLoader] (.aios-core/development/scripts/unified-activation-pipeline.js:379:15)
      at UnifiedActivationPipeline._runPipeline (.aios-core/development/scripts/unified-activation-pipeline.js:207:27)
      at UnifiedActivationPipeline.activate (.aios-core/development/scripts/unified-activation-pipeline.js:160:22)
      at Object.<anonymous> (tests/core/unified-activation-pipeline.test.js:1155:22)

  console.warn
    [UnifiedActivationPipeline] agentConfig timeout: agentConfig timeout (80ms)

    [0m [90m 377 |[39m       [36mconst[39m status [33m=[39m error[33m.[39mmessage[33m.[39mincludes([32m'timeout'[39m) [33m?[39m [32m'timeout'[39m [33m:[39m [32m'error'[39m[33m;[39m
     [90m 378 |[39m       metrics[33m.[39mloaders[name] [33m=[39m { duration[33m,[39m status[33m,[39m start[33m,[39m end[33m:[39m start [33m+[39m duration[33m,[39m error[33m:[39m error[33m.[39mmessage }[33m;[39m
    [31m[1m>[22m[39m[90m 379 |[39m       console[33m.[39mwarn([32m`[UnifiedActivationPipeline] ${name} ${status}: ${error.message}`[39m)[33m;[39m
     [90m     |[39m               [31m[1m^[22m[39m
     [90m 380 |[39m       [36mreturn[39m [36mnull[39m[33m;[39m
     [90m 381 |[39m     }
     [90m 382 |[39m   }[0m

      at UnifiedActivationPipeline.warn [as _profileLoader] (.aios-core/development/scripts/unified-activation-pipeline.js:379:15)
      at UnifiedActivationPipeline._runPipeline (.aios-core/development/scripts/unified-activation-pipeline.js:207:27)
      at UnifiedActivationPipeline.activate (.aios-core/development/scripts/unified-activation-pipeline.js:160:22)
      at Object.<anonymous> (tests/core/unified-activation-pipeline.test.js:1186:22)

  console.warn
    [UnifiedActivationPipeline] agentConfig error: fail

    [0m [90m 377 |[39m       [36mconst[39m status [33m=[39m error[33m.[39mmessage[33m.[39mincludes([32m'timeout'[39m) [33m?[39m [32m'timeout'[39m [33m:[39m [32m'error'[39m[33m;[39m
     [90m 378 |[39m       metrics[33m.[39mloaders[name] [33m=[39m { duration[33m,[39m status[33m,[39m start[33m,[39m end[33m:[39m start [33m+[39m duration[33m,[39m error[33m:[39m error[33m.[39mmessage }[33m;[39m
    [31m[1m>[22m[39m[90m 379 |[39m       console[33m.[39mwarn([32m`[UnifiedActivationPipeline] ${name} ${status}: ${error.message}`[39m)[33m;[39m
     [90m     |[39m               [31m[1m^[22m[39m
     [90m 380 |[39m       [36mreturn[39m [36mnull[39m[33m;[39m
     [90m 381 |[39m     }
     [90m 382 |[39m   }[0m

      at UnifiedActivationPipeline.warn [as _profileLoader] (.aios-core/development/scripts/unified-activation-pipeline.js:379:15)
      at UnifiedActivationPipeline._runPipeline (.aios-core/development/scripts/unified-activation-pipeline.js:207:27)
      at UnifiedActivationPipeline.activate (.aios-core/development/scripts/unified-activation-pipeline.js:160:22)
      at Object.<anonymous> (tests/core/unified-activation-pipeline.test.js:1212:22)

PASS tests/core/unified-activation-pipeline.test.js
  UnifiedActivationPipeline
    activate()
      ÔêÜ should activate an agent and return greeting + context + duration (10 ms)
      ÔêÜ should return a non-empty greeting string (4 ms)
      ÔêÜ should include duration in response (3 ms)
    all 12 agents produce identical context structure
      ÔêÜ should produce correct context structure for @dev (4 ms)
      ÔêÜ should produce correct context structure for @qa (3 ms)
      ÔêÜ should produce correct context structure for @architect (3 ms)
      ÔêÜ should produce correct context structure for @pm (3 ms)
      ÔêÜ should produce correct context structure for @po (3 ms)
      ÔêÜ should produce correct context structure for @sm (3 ms)
      ÔêÜ should produce correct context structure for @analyst (3 ms)
      ÔêÜ should produce correct context structure for @data-engineer (3 ms)
      ÔêÜ should produce correct context structure for @ux-design-expert (3 ms)
      ÔêÜ should produce correct context structure for @devops (8 ms)
      ÔêÜ should produce correct context structure for @aios-master (3 ms)
      ÔêÜ should produce correct context structure for @squad-creator (3 ms)
      ÔêÜ should produce contexts with the exact same keys for all agents (16 ms)
    parallel loading
      ÔêÜ should call all 5 loaders (3 ms)
      ÔêÜ should load all 5 loaders even if one is slow (59 ms)
    error isolation
      ÔêÜ should still produce greeting when AgentConfigLoader fails (5 ms)
      ÔêÜ should still produce greeting when SessionContextLoader fails (5 ms)
      ÔêÜ should still produce greeting when ProjectStatusLoader fails (10 ms)
      ÔêÜ should still produce greeting when GitConfigDetector fails (3 ms)
      ÔêÜ should still produce greeting when PermissionMode fails (5 ms)
      ÔêÜ should use fallback when ALL loaders fail (4 ms)
    timeout protection
      ÔêÜ should return fallback greeting if pipeline exceeds timeout (94 ms)
    enriched context shape
      ÔêÜ should include agent definition in context (2 ms)
      ÔêÜ should include session info in context (3 ms)
      ÔêÜ should include project status in context (2 ms)
      ÔêÜ should include git config in context (2 ms)
      ÔêÜ should include permission data in context (2 ms)
      ÔêÜ should include user profile in context (3 ms)
      ÔêÜ should include preference in context (3 ms)
      ÔêÜ should include workflow state (null for new session) (2 ms)
      ÔêÜ should include backward-compatible legacy fields (2 ms)
    session type detection
      ÔêÜ should detect new session type (2 ms)
      ÔêÜ should use session type from SessionContextLoader when available (2 ms)
      ÔêÜ should prefer conversation history over session context for detection (2 ms)
    fallback greeting
      ÔêÜ should produce a valid fallback for unknown agents (4 ms)
      ÔêÜ should include the agent ID in fallback greeting (2 ms)
    static methods
      ÔêÜ getAllAgentIds() should return all 12 agent IDs (1 ms)
      ÔêÜ isValidAgentId() should return true for valid IDs (2 ms)
      ÔêÜ isValidAgentId() should return false for invalid IDs (1 ms)
    default icon mapping
      ÔêÜ should return correct icons for known agents (1 ms)
      ÔêÜ should return default robot icon for unknown agents (1 ms)
    default context
      ÔêÜ _getDefaultContext should return complete structure (2 ms)
      ÔêÜ _getDefaultSessionContext should return new session defaults (1 ms)
    agent definition building
      ÔêÜ should build from loaded config data (1 ms)
      ÔêÜ should return fallback definition when loader returns null (2 ms)
    preference resolution
      ÔêÜ should bypass bob mode restriction for PM agent (1 ms)
      ÔêÜ should apply bob mode restriction for non-PM agents (1 ms)
      ÔêÜ should pass through advanced profile without changes (1 ms)
    workflow state detection
      ÔêÜ should return null for non-workflow sessions (2 ms)
      ÔêÜ should return null when session context is null (1 ms)
      ÔêÜ should return null when no command history (1 ms)
      ÔêÜ should attempt detection for workflow sessions with commands (1 ms)
    generate-greeting.js backward compatibility
      ÔêÜ should export generateGreeting function (4 ms)
    performance
      ÔêÜ should complete activation within 500ms (mocked loaders) (4 ms)
      ÔêÜ should report duration in result (3 ms)
    _profileLoader
      ÔêÜ should return result on success and record metrics (1 ms)
      ÔêÜ should return null on error and record error status (5 ms)
      ÔêÜ should return null on timeout and record timeout status (16 ms)
    constructor options
      ÔêÜ should accept custom projectRoot (2 ms)
      ÔêÜ should use cwd as default projectRoot (1 ms)
      ÔêÜ should accept custom greetingBuilder (2 ms)
    ALL_AGENT_IDS
      ÔêÜ should contain exactly 12 agents (1 ms)
      ÔêÜ should not have duplicates (1 ms)
      ÔêÜ should include the formerly Path-B agents (2 ms)
    ACT-11: tiered loading
      ÔêÜ should export LOADER_TIERS with correct tier structure (1 ms)
      ÔêÜ should return quality "full" when all loaders succeed (3 ms)
      ÔêÜ should return quality "fallback" when Tier 1 (agentConfig) fails (4 ms)
      ÔêÜ should return quality "partial" when Tier 2/3 loaders fail but Tier 1 succeeds (13 ms)
      ÔêÜ should still return greeting when only ProjectStatus times out (346 ms)
    ACT-11: loader profiling
      ÔêÜ should include metrics in activation result (3 ms)
      ÔêÜ should record timing data for all 5 loaders (2 ms)
      ÔêÜ should record duration and status for each loader (3 ms)
      ÔêÜ should record error message on loader failure (11 ms)
    ACT-12: fallback phrase
      ÔêÜ should export FALLBACK_PHRASE as a string (2 ms)
      ÔêÜ should generate English fallback greeting (2 ms)
    ACT-11: configurable timeout
      ÔêÜ should export DEFAULT_PIPELINE_TIMEOUT_MS (1 ms)
      ÔêÜ should use default timeout when no config or env override (1 ms)
      ÔêÜ should use config timeout when specified (2 ms)
      ÔêÜ should use env var over config value (2 ms)
      ÔêÜ should ignore invalid env var values (1 ms)
    ACT-11: quality determination
      ÔêÜ should return "full" when all loaders are ok (2 ms)
      ÔêÜ should return "fallback" when agentConfig failed (2 ms)
      ÔêÜ should return "partial" when agentConfig ok but others failed (1 ms)
    ACT-11: timeout simulation
      ÔêÜ all loaders fast ÔåÆ full greeting (2 ms)
      ÔêÜ ProjectStatus slow ÔåÆ partial greeting (everything else present) (347 ms)
      ÔêÜ AgentConfig slow ÔåÆ fallback greeting (Tier 1 failure) (94 ms)
      ÔêÜ all loaders slow ÔåÆ fallback via pipeline timeout (92 ms)
    ACT-11: backward compatibility
      ÔêÜ should still return fallback boolean field (3 ms)
      ÔêÜ fallback=false when quality is full or partial (2 ms)
      ÔêÜ fallback=true only when quality is fallback (4 ms)
    ACT-11: all 12 agents non-fallback
      ÔêÜ @dev should not produce fallback greeting (2 ms)
      ÔêÜ @qa should not produce fallback greeting (2 ms)
      ÔêÜ @architect should not produce fallback greeting (3 ms)
      ÔêÜ @pm should not produce fallback greeting (2 ms)
      ÔêÜ @po should not produce fallback greeting (2 ms)
      ÔêÜ @sm should not produce fallback greeting (3 ms)
      ÔêÜ @analyst should not produce fallback greeting (3 ms)
      ÔêÜ @data-engineer should not produce fallback greeting (3 ms)
      ÔêÜ @ux-design-expert should not produce fallback greeting (2 ms)
      ÔêÜ @devops should not produce fallback greeting (2 ms)
      ÔêÜ @aios-master should not produce fallback greeting (2 ms)
      ÔêÜ @squad-creator should not produce fallback greeting (2 ms)

PASS tests/synapse/hook-entry.test.js
  SYNAPSE Hook Entry Point (synapse-engine.js)
    stdin/stdout JSON protocol
      ÔêÜ valid input produces valid JSON output on stdout (62 ms)
      ÔêÜ additionalContext contains engine XML output (55 ms)
      ÔêÜ output is a single JSON object (no trailing data) (59 ms)
    silent exit when .synapse/ missing
      ÔêÜ exits with code 0 when .synapse/ does not exist (52 ms)
      ÔêÜ produces zero stdout when .synapse/ does not exist (53 ms)
      ÔêÜ produces zero stderr when .synapse/ does not exist (57 ms)
    global error handling
      ÔêÜ exits silently with code 0 on invalid JSON input (54 ms)
      ÔêÜ logs error to stderr with [synapse-hook] prefix on invalid JSON (50 ms)
      ÔêÜ exits silently when engine.process() throws (55 ms)
      ÔêÜ exits silently when SynapseEngine constructor throws (59 ms)
      ÔêÜ exits silently when session-manager module is missing (58 ms)
      ÔêÜ exits silently on empty stdin (51 ms)
    output format
      ÔêÜ output matches { hookSpecificOutput: { additionalContext: string } } (58 ms)
      ÔêÜ additionalContext is empty string when engine returns no xml (54 ms)
    engine delegation
      ÔêÜ engine.process() receives prompt and session arguments (54 ms)
      ÔêÜ uses fallback session { prompt_count: 0 } when loadSession returns null (56 ms)
      ÔêÜ SynapseEngine receives .synapse path as constructor argument (65 ms)
    performance
      ÔêÜ hook completes within 2000ms (including spawn overhead) (69 ms)
      ÔêÜ startup check (.synapse/ missing) completes within 1500ms (63 ms)
    hook registration
      ÔêÜ hook file exists at expected path (1 ms)
      ÔêÜ hook file is less than 100 lines (1 ms)
      ÔêÜ hook file uses CommonJS (no import/export) (1 ms)
      ÔêÜ settings.local.json has SYNAPSE hook registered (1 ms)
    direct module exports (Jest coverage)
      ÔêÜ exports readStdin function (1 ms)
      ÔêÜ exports main function (1 ms)
      ÔêÜ exports HOOK_TIMEOUT_MS constant set to 5000 (1 ms)
      ÔêÜ readStdin rejects on invalid JSON from stream (7 ms)
      ÔêÜ readStdin resolves valid JSON from stream (2 ms)
      ÔêÜ main() processes input and writes to stdout in-process (191 ms)
      ÔêÜ main() returns silently when .synapse/ is missing (9 ms)
      ÔêÜ main() uses fallback session when loadSession returns null in-process (40 ms)
    run() entry point
      ÔêÜ run() sets safety timeout, catches errors, and exits with 0 (60 ms)
      ÔêÜ HOOK_TIMEOUT_MS is 5000 (defense-in-depth) (1 ms)
    gitignore entries
      ÔêÜ .gitignore contains .synapse/sessions/ (1 ms)
      ÔêÜ .gitignore contains .synapse/cache/ (1 ms)
      ÔêÜ .gitignore has exception for synapse-engine.js hook (1 ms)

  console.log
    [IDS-Updater] Removed entity: test-task (.aios-core/development/tasks/test-task.md)

      at RegistryUpdater.log [as _handleFileDelete] (.aios-core/core/ids/registry-updater.js:375:17)

  console.log
    [IDS-Updater] Removed entity: dependent-task (.aios-core/development/tasks/dependent-task.md)

      at RegistryUpdater.log [as _handleFileDelete] (.aios-core/core/ids/registry-updater.js:375:17)

  console.log
    [IDS-Updater] Removed entity: test-task (.aios-core/development/tasks/test-task.md)

      at RegistryUpdater.log [as _handleFileDelete] (.aios-core/core/ids/registry-updater.js:375:17)

  console.log
    [IDS-Updater] Removed entity: test-task (.aios-core/development/tasks/test-task.md)

      at RegistryUpdater.log [as _handleFileDelete] (.aios-core/core/ids/registry-updater.js:375:17)

PASS tests/core/ids/registry-updater.test.js
  RegistryUpdater
    constructor
      ÔêÜ creates instance with default options (4 ms)
    processChanges()
      ÔêÜ returns zero updates for empty changes (3 ms)
      ÔêÜ returns zero updates for null changes (3 ms)
    File creation handling (AC: 2)
      ÔêÜ adds new entity to registry when file is created (20 ms)
      ÔêÜ sets correct adaptability score by entity type (11 ms)
      ÔêÜ extracts keywords from file content (10 ms)
      ÔêÜ detects dependencies from require statements (10 ms)
      ÔêÜ creates category if it does not exist (10 ms)
    File modification handling (AC: 3)
      ÔêÜ updates checksum when file content changes (10 ms)
      ÔêÜ updates lastVerified timestamp on modification (9 ms)
      ÔêÜ creates entity if modified file was not in registry (10 ms)
      ÔêÜ re-extracts keywords when content changes (9 ms)
    File deletion handling (AC: 4)
      ÔêÜ removes entity from registry when file is deleted (19 ms)
      ÔêÜ cleans up usedBy references when entity is deleted (11 ms)
      ÔêÜ handles deletion of non-existent entity gracefully (9 ms)
      ÔêÜ updates entity count after deletion (10 ms)
    Batch operations (AC: 8)
      ÔêÜ processes multiple changes in a single registry write (14 ms)
    Excluded patterns
      ÔêÜ ignores test files (*.test.js) (5 ms)
      ÔêÜ ignores node_modules (5 ms)
      ÔêÜ ignores README.md files (4 ms)
      ÔêÜ ignores files outside watched paths (4 ms)
      ÔêÜ ignores unsupported file extensions (5 ms)
    Permission errors (AC: edge case)
      ÔêÜ handles EACCES error gracefully during file read (10 ms)
    Agent task completion hook (AC: 6)
      ÔêÜ processes artifacts from agent task completion (10 ms)
      ÔêÜ handles deleted artifacts in task completion (8 ms)
      ÔêÜ returns zero updates for empty artifacts (3 ms)
    Metadata updates
      ÔêÜ updates lastUpdated timestamp after changes (10 ms)
      ÔêÜ updates entity count after changes (9 ms)
    getStats()
      ÔêÜ tracks total updates across multiple processChanges calls (15 ms)
    Relationship resolution
      ÔêÜ rebuilds usedBy after changes (10 ms)
    Audit logging (AC: 9)
      ÔêÜ writes JSONL entries on processChanges (8 ms)
      ÔêÜ filters audit log entries by action (13 ms)
      ÔêÜ filters audit log entries by path (11 ms)
      ÔêÜ returns empty array when no audit log exists (3 ms)
      ÔêÜ rotates audit log when exceeding 5MB (28 ms)
    Concurrent updates (AC: 10)
      ÔêÜ handles parallel processChanges without corruption (745 ms)
      ÔêÜ handles two updater instances with shared registry (124 ms)
    Performance (AC: 7)
      ÔêÜ processes single file update in <5 seconds (9 ms)
      ÔêÜ processes batch of 10 files in <5 seconds (20 ms)

PASS tests/core/ids/verification-gates.test.js
  CircuitBreaker
    constructor
      ÔêÜ uses default values when no options provided (2 ms)
      ÔêÜ accepts custom thresholds (1 ms)
    CLOSED state
      ÔêÜ allows requests when closed (1 ms)
      ÔêÜ resets failure count on success (1 ms)
      ÔêÜ opens after reaching failure threshold
      ÔêÜ stays closed if failures are below threshold
    OPEN state
      ÔêÜ blocks requests when open (1 ms)
      ÔêÜ transitions to HALF_OPEN after reset timeout (157 ms)
      ÔêÜ reports correct stats (2 ms)
    HALF_OPEN state
      ÔêÜ blocks additional requests while probe is in-flight (156 ms)
      ÔêÜ allows new probe after success resets in-flight flag (155 ms)
      ÔêÜ closes circuit after success threshold reached (156 ms)
      ÔêÜ re-opens on any failure (156 ms)
      ÔêÜ stays half-open if not enough successes (153 ms)
    reset()
      ÔêÜ resets to CLOSED state (1 ms)
    exported constants
      ÔêÜ exports state constants (1 ms)
      ÔêÜ exports default configuration values (1 ms)
  VerificationGate
    constructor
      ÔêÜ requires gateId (15 ms)
      ÔêÜ requires agent (1 ms)
      ÔêÜ initializes with correct defaults (1 ms)
    verify()
      ÔêÜ returns a valid GateResult structure (2 ms)
      ÔêÜ increments invocation count (1 ms)
      ÔêÜ stores last result (1 ms)
      ÔêÜ logs invocation (1 ms)
      ÔêÜ passes context to _doVerify (1 ms)
      ÔêÜ surfaces warnings from _doVerify (1 ms)
      ÔêÜ surfaces opportunities from _doVerify (1 ms)
    timeout handling
      ÔêÜ returns warn-and-proceed on timeout (65 ms)
      ÔêÜ returns normal result when within timeout (1 ms)
    error handling (graceful degradation)
      ÔêÜ returns warn-and-proceed on error (1 ms)
      ÔêÜ logs warning on error (1 ms)
      ÔêÜ records failure in circuit breaker on error (1 ms)
    circuit breaker integration
      ÔêÜ skips gate when circuit breaker is open (2 ms)
      ÔêÜ records success in circuit breaker on successful verify (1 ms)
      ÔêÜ exposes circuit breaker stats (1 ms)
    abstract _doVerify
      ÔêÜ throws when not overridden (1 ms)
    createGateResult()
      ÔêÜ creates result with defaults (2 ms)
      ÔêÜ creates result with custom fields (1 ms)
    exported constants
      ÔêÜ exports DEFAULT_TIMEOUT_MS
  G1EpicCreationGate
    constructor
      ÔêÜ requires decisionEngine (2 ms)
      ÔêÜ creates gate with correct config
    verify()
      ÔêÜ returns passed=true with empty intent (1 ms)
      ÔêÜ calls decisionEngine.analyze with intent (1 ms)
      ÔêÜ combines epicTitle with intent (1 ms)
      ÔêÜ surfaces opportunities from analysis (1 ms)
      ÔêÜ reports warning when opportunities found (1 ms)
      ÔêÜ always passes (advisory gate) (1 ms)
      ÔêÜ passes type/category context to analyze (1 ms)
      ÔêÜ forwards analysis warnings (1 ms)
  G2StoryCreationGate
    constructor
      ÔêÜ requires decisionEngine (2 ms)
      ÔêÜ creates gate with correct config (1 ms)
    verify()
      ÔêÜ returns passed=true with empty intent (1 ms)
      ÔêÜ queries for tasks and templates separately (2 ms)
      ÔêÜ enriches intent with acceptance criteria (1 ms)
      ÔêÜ reports task matches as opportunities (1 ms)
      ÔêÜ reports template matches as opportunities (2 ms)
      ÔêÜ sorts opportunities by relevance descending (1 ms)
      ÔêÜ always passes (advisory gate) (1 ms)
  G3StoryValidationGate
    constructor
      ÔêÜ requires decisionEngine (2 ms)
      ÔêÜ requires registryLoader (1 ms)
      ÔêÜ creates gate with correct config (1 ms)
    verify()
      ÔêÜ returns passed=true with empty intent (1 ms)
      ÔêÜ validates referenced artifacts exist in registry (1 ms)
      ÔêÜ soft blocks when references are invalid (no override) (1 ms)
      ÔêÜ passes when override provided (1 ms)
      ÔêÜ detects potential duplication (relevance >= 0.8) (1 ms)
      ÔêÜ passes when no duplication and references valid (1 ms)
      ÔêÜ surfaces all opportunities regardless of blocking (10 ms)
  G4DevContextGate
    constructor
      ÔêÜ requires decisionEngine (2 ms)
      ÔêÜ creates gate with correct config (1 ms)
      ÔêÜ defaults to 2s timeout (1 ms)
    verify()
      ÔêÜ returns passed=true with empty intent (1 ms)
      ÔêÜ calls decisionEngine.analyze with intent (1 ms)
      ÔêÜ enriches intent with file path keywords (1 ms)
      ÔêÜ surfaces relevant artifacts as opportunities (1 ms)
      ÔêÜ always passes and never blocks (1 ms)
      ÔêÜ records metrics for every invocation (1 ms)
      ÔêÜ uses "unknown" storyId when not provided (1 ms)
      ÔêÜ clears metrics log (2 ms)
    performance
      ÔêÜ executes within 2s timeout for normal operations (1 ms)
  Graceful Degradation (Integration)
    ÔêÜ gate never blocks even with repeated failures (1 ms)
    ÔêÜ circuit breaker prevents cascading failures (1 ms)
    ÔêÜ timeout does not block execution (65 ms)
    ÔêÜ all G1-G4 gates degrade gracefully on engine error (2 ms)

  console.log
    ÔÜá´©Å Terminal visual indispon├¡vel. Executando inline. [VS Code integrated terminal detected]

      at Object.log [as spawnAgent] (.aios-core/core/orchestration/terminal-spawner.js:511:13)

  console.log
    ÔÜá´©Å Terminal visual indispon├¡vel. Executando inline. [VS Code integrated terminal detected]

      at Object.log [as spawnAgent] (.aios-core/core/orchestration/terminal-spawner.js:511:13)

  console.log
    ÔÜá´©Å Terminal visual indispon├¡vel. Executando inline. [VS Code integrated terminal detected]

      at Object.log [as spawnAgent] (.aios-core/core/orchestration/terminal-spawner.js:511:13)

  console.log
    ÔÜá´©Å Terminal visual indispon├¡vel. Executando inline. [VS Code integrated terminal detected]

      at Object.log [as spawnAgent] (.aios-core/core/orchestration/terminal-spawner.js:511:13)

PASS tests/core/terminal-spawner.test.js
  TerminalSpawner
    Module Structure
      ÔêÜ should export all required functions (1 ms)
      ÔêÜ should export constants
    Platform Detection
      ÔêÜ isSpawnerAvailable should return true on supported platforms (1 ms)
      ÔêÜ getPlatform should return valid platform name (1 ms)
      ÔêÜ getPlatform should match process.platform
    Script Path
      ÔêÜ getScriptPath should return absolute path
      ÔêÜ getScriptPath should point to pm.sh (1 ms)
      ÔêÜ pm.sh should exist at script path (2 ms)
    createContextFile
      ÔêÜ should return empty string for null context (1 ms)
      ÔêÜ should create valid JSON file (5 ms)
      ÔêÜ should handle context with missing fields (3 ms)
      ÔêÜ should handle empty context object (3 ms)
    pollForOutput
      ÔêÜ should return output when lock file is missing (3 ms)
      ÔêÜ should return "No output captured" if file does not exist and no lock (1 ms)
      ÔêÜ should timeout when lock file persists (1034 ms)
      ÔêÜ should return output after lock is removed (3 ms)
    cleanupOldFiles
      ÔêÜ should clean old AIOS temp files (9 ms)
      ÔêÜ should not clean recent files (8 ms)
      ÔêÜ should handle non-existent directory gracefully (1 ms)
    spawnAgent Validation
      ÔêÜ should reject invalid agent ID (2 ms)
      ÔêÜ should reject invalid task
      ÔêÜ should reject agent ID with invalid characters (1 ms)
      ÔêÜ should reject task with invalid characters (1 ms)
      ÔêÜ should accept valid agent ID formats (12 ms)
    Index Integration
      ÔêÜ should be exported from orchestration index (20 ms)
      ÔêÜ exported functions should be callable
  pm.sh Script
    Ôùï skipped should display help with --help flag
    Ôùï skipped should display version with --version flag
    Ôùï skipped should fail with missing arguments
    Ôùï skipped should fail with only agent argument
    Ôùï skipped should fail with non-existent context file

  console.log
    Ô£à Created .env file

      at log (packages/installer/src/config/configure-environment.js:150:15)

  console.log
    Ô£à Created .env.example file

      at log (packages/installer/src/config/configure-environment.js:163:13)

  console.log
    Ô£à Updated .gitignore

      at log (packages/installer/src/config/configure-environment.js:168:13)

  console.log
    Ô£à Created .aios-core/core-config.yaml

      at log (packages/installer/src/config/configure-environment.js:199:13)

  console.log
    Ô£à Created .env file

      at log (packages/installer/src/config/configure-environment.js:150:15)

  console.log
    Ô£à Created .env.example file

      at log (packages/installer/src/config/configure-environment.js:163:13)

  console.log
    Ô£à Updated .gitignore

      at log (packages/installer/src/config/configure-environment.js:168:13)

  console.log
    Ô£à Created .aios-core/core-config.yaml

      at log (packages/installer/src/config/configure-environment.js:199:13)

  console.log
    Ô£à Created .env file

      at log (packages/installer/src/config/configure-environment.js:150:15)

  console.log
    Ô£à Created .env.example file

      at log (packages/installer/src/config/configure-environment.js:163:13)

  console.log
    Ô£à Updated .gitignore

      at log (packages/installer/src/config/configure-environment.js:168:13)

  console.log
    Ô£à Created .aios-core/core-config.yaml

      at log (packages/installer/src/config/configure-environment.js:199:13)

  console.log
    Ô£à Created .env file

      at log (packages/installer/src/config/configure-environment.js:150:15)

  console.log
    Ô£à Created .env.example file

      at log (packages/installer/src/config/configure-environment.js:163:13)

  console.log
    Ô£à Updated .gitignore

      at log (packages/installer/src/config/configure-environment.js:168:13)

  console.log
    Ô£à Created .aios-core/core-config.yaml

      at log (packages/installer/src/config/configure-environment.js:199:13)

  console.log
    Ô£à Created .env file

      at log (packages/installer/src/config/configure-environment.js:150:15)

  console.log
    Ô£à Created .env.example file

      at log (packages/installer/src/config/configure-environment.js:163:13)

  console.log
    Ô£à Updated .gitignore

      at log (packages/installer/src/config/configure-environment.js:168:13)

  console.log
    Ô£à Created .aios-core/core-config.yaml

      at log (packages/installer/src/config/configure-environment.js:199:13)

  console.log
    Ô£à Created .env file

      at log (packages/installer/src/config/configure-environment.js:150:15)

  console.log
    Ô£à Created .env.example file

      at log (packages/installer/src/config/configure-environment.js:163:13)

  console.log
    Ô£à Updated .gitignore

      at log (packages/installer/src/config/configure-environment.js:168:13)

  console.log
    Ô£à Created .aios-core/core-config.yaml

      at log (packages/installer/src/config/configure-environment.js:199:13)

  console.log
    Ô£à Created .env file

      at log (packages/installer/src/config/configure-environment.js:150:15)

  console.log
    Ô£à Created .env.example file

      at log (packages/installer/src/config/configure-environment.js:163:13)

  console.log
    Ô£à Updated .gitignore

      at log (packages/installer/src/config/configure-environment.js:168:13)

  console.log
    Ô£à Created .aios-core/core-config.yaml

      at log (packages/installer/src/config/configure-environment.js:199:13)

  console.log
    Ô£à Created .env file

      at log (packages/installer/src/config/configure-environment.js:150:15)

  console.log
    Ô£à Created .env.example file

      at log (packages/installer/src/config/configure-environment.js:163:13)

  console.log
    Ô£à Updated .gitignore

      at log (packages/installer/src/config/configure-environment.js:168:13)

  console.log
    Ô£à Created .aios-core/core-config.yaml

      at log (packages/installer/src/config/configure-environment.js:199:13)

  console.log
    Ô£à Created .env file

      at log (packages/installer/src/config/configure-environment.js:150:15)

  console.log
    Ô£à Created .env.example file

      at log (packages/installer/src/config/configure-environment.js:163:13)

  console.log
    Ô£à Updated .gitignore

      at log (packages/installer/src/config/configure-environment.js:168:13)

  console.log
    Ô£à Created .aios-core/core-config.yaml

      at log (packages/installer/src/config/configure-environment.js:199:13)

  console.log
    Ô£à Created .env file

      at log (packages/installer/src/config/configure-environment.js:150:15)

  console.log
    Ô£à Created .env.example file

      at log (packages/installer/src/config/configure-environment.js:163:13)

  console.log
    Ô£à Updated .gitignore

      at log (packages/installer/src/config/configure-environment.js:168:13)

  console.log
    Ô£à Created .aios-core/core-config.yaml

      at log (packages/installer/src/config/configure-environment.js:199:13)

PASS packages/installer/tests/integration/environment-configuration.test.js
  Environment Configuration Integration
    configureEnvironment
      ÔêÜ should create .env file with skip prompts (85 ms)
      ÔêÜ should create .env.example file (77 ms)
      ÔêÜ should create core-config.yaml (78 ms)
      ÔêÜ should update .gitignore (79 ms)
      ÔêÜ should set .env file permissions on Unix (59 ms)
      ÔêÜ should create backup of existing .env in non-prompt mode (65 ms)
      ÔêÜ should handle errors gracefully (61 ms)
    updateGitignore
      ÔêÜ should create .gitignore if not exists (62 ms)
      ÔêÜ should append to existing .gitignore (62 ms)
      ÔêÜ should not duplicate .env entry (62 ms)
      ÔêÜ should recognize existing .env entry with slash (62 ms)
    Wizard Integration
      ÔêÜ should integrate with wizard state from previous stories (79 ms)
    Cross-Platform Compatibility
      ÔêÜ should handle Windows paths (77 ms)
      ÔêÜ should create valid YAML on all platforms (78 ms)
    File Structure
      ÔêÜ should create correct directory structure (76 ms)
      ÔêÜ should create .aios-core directory if missing (77 ms)

PASS tests/unit/migration-backup.test.js
  Migration Backup Module
    createBackupDirName
      ÔêÜ should create backup directory name with date format (71 ms)
      ÔêÜ should use current date (59 ms)
    calculateChecksum
      ÔêÜ should calculate MD5 checksum for a file (62 ms)
      ÔêÜ should produce different checksums for different content (64 ms)
    copyFileWithMetadata
      ÔêÜ should copy file and preserve content (62 ms)
      ÔêÜ should create destination directory if needed (63 ms)
    getAllFiles
      ÔêÜ should get all files recursively (61 ms)
      ÔêÜ should return empty array for empty directory (60 ms)
    createBackup
      ÔêÜ should create backup of .aios-core directory (81 ms)
      ÔêÜ should fail if .aios-core does not exist (73 ms)
      ÔêÜ should include backup manifest (68 ms)
    verifyBackup
      ÔêÜ should verify valid backup (75 ms)
      ÔêÜ should detect corrupted files (77 ms)
    findLatestBackup
      ÔêÜ should find the most recent backup (79 ms)
      ÔêÜ should return null if no backups exist (59 ms)
    listBackups
      ÔêÜ should list all backups (66 ms)

PASS tests/core/ids/incremental-decision-engine.test.js
  IncrementalDecisionEngine
    constructor
      ÔêÜ requires a RegistryLoader instance (17 ms)
      ÔêÜ creates engine with valid loader (1 ms)
    analyze()
      ÔêÜ returns result structure with recommendations and summary (3 ms)
      ÔêÜ returns recommendations sorted by relevance score (1 ms)
      ÔêÜ recommendations include required fields (1 ms)
      ÔêÜ supports context filtering by type (2 ms)
      ÔêÜ supports context filtering by category (1 ms)
    edge cases ÔÇö invalid input
      ÔêÜ handles null intent (1 ms)
      ÔêÜ handles empty string intent (1 ms)
      ÔêÜ handles whitespace-only intent (2 ms)
      ÔêÜ handles non-string intent (1 ms)
    edge cases ÔÇö empty registry
      ÔêÜ returns CREATE with empty registry rationale when 0 entities (1 ms)
      ÔêÜ returns CREATE justification for empty registry (2 ms)
    edge cases ÔÇö sparse registry (<10 entities)
      ÔêÜ adds sparse registry warning when <10 entities (1 ms)
    edge cases ÔÇö no matches above threshold
      ÔêÜ returns CREATE when no matches exceed minimum threshold (1 ms)
    _extractKeywords()
      ÔêÜ extracts meaningful keywords from text (1 ms)
      ÔêÜ filters stop words (1 ms)
      ÔêÜ filters short words (< 3 chars) (1 ms)
      ÔêÜ returns empty array for null input (1 ms)
      ÔêÜ handles special characters (1 ms)
      ÔêÜ converts to lowercase (1 ms)
      ÔêÜ limits to MAX_KEYWORDS_PER_ENTITY (1 ms)
    semantic matching accuracy
      ÔêÜ finds entities matching keywords from intent (1 ms)
      ÔêÜ finds entities matching purpose description (1 ms)
      ÔêÜ ranks better matches higher (1 ms)
    _applyDecisionMatrix()
      ÔêÜ returns REUSE for relevance >= 90% (1 ms)
      ÔêÜ returns REUSE at exactly 90% boundary (1 ms)
      ÔêÜ returns ADAPT for 60-89% with high adaptability and low impact (1 ms)
      ÔêÜ returns ADAPT with high confidence when relevance >= 80% (1 ms)
      ÔêÜ returns CREATE at 59% boundary (below ADAPT threshold) (1 ms)
      ÔêÜ returns CREATE at exactly 60% with low adaptability (1 ms)
      ÔêÜ returns CREATE at 60% with high adaptation impact (1 ms)
      ÔêÜ returns ADAPT at exactly 60% boundary with all conditions met
      ÔêÜ returns REUSE at 100%
      ÔêÜ returns CREATE at 89% when adaptability is 0.59
      ÔêÜ returns CREATE at 89% when impact is exactly 30%
    _calculateImpact()
      ÔêÜ calculates direct consumers from usedBy (1 ms)
      ÔêÜ returns zero impact for entity with no consumers (1 ms)
      ÔêÜ calculates percentage relative to total entities (1 ms)
      ÔêÜ handles entity with no usedBy field (1 ms)
      ÔêÜ traverses indirect impacts via BFS (1 ms)
    rationale generation
      ÔêÜ generates rationale for REUSE decision (1 ms)
      ÔêÜ generates rationale for ADAPT decision with extension points (1 ms)
      ÔêÜ generates rationale for CREATE decision (1 ms)
      ÔêÜ explains low adaptability when relevance is adequate (1 ms)
      ÔêÜ generates overall rationale with match counts (1 ms)
    performance (AC: 9)
      ÔêÜ completes analysis in <500ms for typical queries (2 ms)
      ÔêÜ benefits from caching on repeated queries (1 ms)
      ÔêÜ returns same result from cache (1 ms)
      ÔêÜ clearCache invalidates all caches (1 ms)
    all matches scenario
      ÔêÜ handles query matching many entities (1 ms)
    CREATE justification (AC: 11)
      ÔêÜ includes justification when decision is CREATE (1 ms)
      ÔêÜ evaluated_patterns is an array of entity IDs (1 ms)
      ÔêÜ rejection_reasons maps entity IDs to reason strings (2 ms)
      ÔêÜ review_scheduled is 30 days from now (1 ms)
      ÔêÜ new_capability contains the original intent (1 ms)
    reviewCreateDecisions() (AC: 12)
      ÔêÜ returns review report structure (1 ms)
      ÔêÜ handles registry with no CREATE justification metadata (1 ms)
    getPromotionStatus() (Task 9.6)
      ÔêÜ returns promotion-candidate for 3+ usedBy (1 ms)
      ÔêÜ returns monitoring for 1-2 usedBy (1 ms)
      ÔêÜ returns monitoring for 2 usedBy (1 ms)
      ÔêÜ returns deprecation-review for 0 usedBy after 60 days (1 ms)
      ÔêÜ returns monitoring for 0 usedBy within 60 days
      ÔêÜ returns unknown for null entity
    exported constants
      ÔêÜ exports all configuration constants (1 ms)
      ÔêÜ STOP_WORDS is a Set with expected entries (7 ms)
    CLI command integration
      ÔêÜ shows help when called without arguments (125 ms)
      ÔêÜ returns JSON output with --json flag (150 ms)
      ÔêÜ returns formatted output for query (147 ms)
      ÔêÜ handles create-review command (141 ms)
      ÔêÜ returns error for missing intent (124 ms)

  console.log
    Ô£à Decision logging initialized for story: docs/stories/test.md

      at log (.aios-core/development/scripts/decision-recorder.js:49:11)

  console.log
    Decision logging disabled by configuration

      at log (.aios-core/development/scripts/decision-recorder.js:44:13)

  console.log
    Ô£à Decision logging initialized for story: test.md

      at log (.aios-core/development/scripts/decision-recorder.js:49:11)

  console.log
    
    ­ƒôè Decision Log Summary:

      at log (.aios-core/development/scripts/decision-recorder.js:124:13)

  console.log
      Decisions: 0

      at log (.aios-core/development/scripts/decision-recorder.js:125:13)

  console.log
      Files Modified: 0

      at log (.aios-core/development/scripts/decision-recorder.js:126:13)

  console.log
      Tests Run: 0 (0 passed, 0 failed)

      at log (.aios-core/development/scripts/decision-recorder.js:127:13)

  console.log
      Duration: 0.0s

      at log (.aios-core/development/scripts/decision-recorder.js:128:13)

  console.log
      Status: completed

      at log (.aios-core/development/scripts/decision-recorder.js:129:13)

  console.log
      Log: .ai/decision-log-test.md

      at log (.aios-core/development/scripts/decision-recorder.js:130:13)

  console.log
    Ô£à Decision log index updated: .ai\decision-logs-index.md

      at log (.aios-core/development/scripts/decision-log-indexer.js:205:13)

  console.log
    Ô£à Decision logging initialized for story: test.md

      at log (.aios-core/development/scripts/decision-recorder.js:49:11)

  console.log
    
    ­ƒôè Decision Log Summary:

      at log (.aios-core/development/scripts/decision-recorder.js:124:13)

  console.log
      Decisions: 1

      at log (.aios-core/development/scripts/decision-recorder.js:125:13)

  console.log
      Files Modified: 0

      at log (.aios-core/development/scripts/decision-recorder.js:126:13)

  console.log
      Tests Run: 0 (0 passed, 0 failed)

      at log (.aios-core/development/scripts/decision-recorder.js:127:13)

  console.log
      Duration: 0.0s

      at log (.aios-core/development/scripts/decision-recorder.js:128:13)

  console.log
      Status: completed

      at log (.aios-core/development/scripts/decision-recorder.js:129:13)

  console.log
      Log: .ai/decision-log-test.md

      at log (.aios-core/development/scripts/decision-recorder.js:130:13)

  console.log
    Ô£à Decision log index updated: .ai\decision-logs-index.md

      at log (.aios-core/development/scripts/decision-log-indexer.js:205:13)

  console.log
    Ô£à Decision logging initialized for story: test.md

      at log (.aios-core/development/scripts/decision-recorder.js:49:11)

  console.log
    Ô£à Decision logging initialized for story: test.md

      at log (.aios-core/development/scripts/decision-recorder.js:49:11)

  console.log
    Ô£à Decision logging initialized for story: test.md

      at log (.aios-core/development/scripts/decision-recorder.js:49:11)

  console.log
    Ô£à Decision logging initialized for story: test.md

      at log (.aios-core/development/scripts/decision-recorder.js:49:11)

  console.log
    
    ­ƒôè Decision Log Summary:

      at log (.aios-core/development/scripts/decision-recorder.js:124:13)

  console.log
      Decisions: 1

      at log (.aios-core/development/scripts/decision-recorder.js:125:13)

  console.log
      Files Modified: 1

      at log (.aios-core/development/scripts/decision-recorder.js:126:13)

  console.log
      Tests Run: 1 (1 passed, 0 failed)

      at log (.aios-core/development/scripts/decision-recorder.js:127:13)

  console.log
      Duration: 60.0s

      at log (.aios-core/development/scripts/decision-recorder.js:128:13)

  console.log
      Status: completed

      at log (.aios-core/development/scripts/decision-recorder.js:129:13)

  console.log
      Log: .ai/decision-log-test.md

      at log (.aios-core/development/scripts/decision-recorder.js:130:13)

  console.log
    Ô£à Decision log index updated: .ai\decision-logs-index.md

      at log (.aios-core/development/scripts/decision-log-indexer.js:205:13)

  console.log
    Ô£à Decision logging initialized for story: test.md

      at log (.aios-core/development/scripts/decision-recorder.js:49:11)

  console.log
    
    ­ƒôè Decision Log Summary:

      at log (.aios-core/development/scripts/decision-recorder.js:124:13)

  console.log
      Decisions: 0

      at log (.aios-core/development/scripts/decision-recorder.js:125:13)

  console.log
      Files Modified: 0

      at log (.aios-core/development/scripts/decision-recorder.js:126:13)

  console.log
      Tests Run: 0 (0 passed, 0 failed)

      at log (.aios-core/development/scripts/decision-recorder.js:127:13)

  console.log
      Duration: 0.0s

      at log (.aios-core/development/scripts/decision-recorder.js:128:13)

  console.log
      Status: completed

      at log (.aios-core/development/scripts/decision-recorder.js:129:13)

  console.log
      Log: .ai/decision-log-test.md

      at log (.aios-core/development/scripts/decision-recorder.js:130:13)

  console.log
    Ô£à Decision log index updated: .ai\decision-logs-index.md

      at log (.aios-core/development/scripts/decision-log-indexer.js:205:13)

  console.log
    Decision logging not initialized, skipping log generation

      at log (.aios-core/development/scripts/decision-recorder.js:114:13)

  console.log
    Ô£à Decision logging initialized for story: test.md

      at log (.aios-core/development/scripts/decision-recorder.js:49:11)

  console.error
    Error generating decision log: Error: File system error
        at Object.<anonymous> (C:\Users\Educacross\Documents\Projetos Educacross\-Book-de-Resultados\tests\unit\decision-recorder.test.js:195:49)
        at Promise.finally.completed (C:\Users\Educacross\Documents\Projetos Educacross\-Book-de-Resultados\node_modules\jest-circus\build\jestAdapterInit.js:1557:28)
        at new Promise (<anonymous>)
        at callAsyncCircusFn (C:\Users\Educacross\Documents\Projetos Educacross\-Book-de-Resultados\node_modules\jest-circus\build\jestAdapterInit.js:1497:10)
        at _callCircusTest (C:\Users\Educacross\Documents\Projetos Educacross\-Book-de-Resultados\node_modules\jest-circus\build\jestAdapterInit.js:1007:40)
        at _runTest (C:\Users\Educacross\Documents\Projetos Educacross\-Book-de-Resultados\node_modules\jest-circus\build\jestAdapterInit.js:947:3)
        at C:\Users\Educacross\Documents\Projetos Educacross\-Book-de-Resultados\node_modules\jest-circus\build\jestAdapterInit.js:849:7
        at _runTestsForDescribeBlock (C:\Users\Educacross\Documents\Projetos Educacross\-Book-de-Resultados\node_modules\jest-circus\build\jestAdapterInit.js:862:11)
        at _runTestsForDescribeBlock (C:\Users\Educacross\Documents\Projetos Educacross\-Book-de-Resultados\node_modules\jest-circus\build\jestAdapterInit.js:857:11)
        at _runTestsForDescribeBlock (C:\Users\Educacross\Documents\Projetos Educacross\-Book-de-Resultados\node_modules\jest-circus\build\jestAdapterInit.js:857:11)
        at run (C:\Users\Educacross\Documents\Projetos Educacross\-Book-de-Resultados\node_modules\jest-circus\build\jestAdapterInit.js:761:3)
        at runAndTransformResultsToJestFormat (C:\Users\Educacross\Documents\Projetos Educacross\-Book-de-Resultados\node_modules\jest-circus\build\jestAdapterInit.js:1918:21)
        at jestAdapter (C:\Users\Educacross\Documents\Projetos Educacross\-Book-de-Resultados\node_modules\jest-circus\build\runner.js:101:19)
        at runTestInternal (C:\Users\Educacross\Documents\Projetos Educacross\-Book-de-Resultados\node_modules\jest-runner\build\index.js:275:16)
        at runTest (C:\Users\Educacross\Documents\Projetos Educacross\-Book-de-Resultados\node_modules\jest-runner\build\index.js:343:7)

    [0m [90m 144 |[39m     [36mreturn[39m logPath[33m;[39m
     [90m 145 |[39m   } [36mcatch[39m (error) {
    [31m[1m>[22m[39m[90m 146 |[39m     console[33m.[39merror([32m'Error generating decision log:'[39m[33m,[39m error)[33m;[39m
     [90m     |[39m             [31m[1m^[22m[39m
     [90m 147 |[39m     [36mthrow[39m error[33m;[39m
     [90m 148 |[39m   }
     [90m 149 |[39m }[0m

      at error (.aios-core/development/scripts/decision-recorder.js:146:13)
      at Object.<anonymous> (tests/unit/decision-recorder.test.js:199:7)

  console.log
    Ô£à Decision logging initialized for story: test.md

      at log (.aios-core/development/scripts/decision-recorder.js:49:11)

  console.log
    
    ­ƒôè Decision Log Summary:

      at log (.aios-core/development/scripts/decision-recorder.js:124:13)

  console.log
      Decisions: 0

      at log (.aios-core/development/scripts/decision-recorder.js:125:13)

  console.log
      Files Modified: 0

      at log (.aios-core/development/scripts/decision-recorder.js:126:13)

  console.log
      Tests Run: 0 (0 passed, 0 failed)

      at log (.aios-core/development/scripts/decision-recorder.js:127:13)

  console.log
      Duration: 0.0s

      at log (.aios-core/development/scripts/decision-recorder.js:128:13)

  console.log
      Status: completed

      at log (.aios-core/development/scripts/decision-recorder.js:129:13)

  console.log
      Log: .ai/decision-log-test.md

      at log (.aios-core/development/scripts/decision-recorder.js:130:13)

  console.log
    Ô£à Decision log index updated: .ai\decision-logs-index.md

      at log (.aios-core/development/scripts/decision-log-indexer.js:205:13)

  console.log
    Ô£à Decision logging initialized for story: test.md

      at log (.aios-core/development/scripts/decision-recorder.js:49:11)

  console.log
    Ô£à Decision logging initialized for story: docs/stories/story-6.1.2.6.2.md

      at log (.aios-core/development/scripts/decision-recorder.js:49:11)

  console.log
    
    ­ƒôè Decision Log Summary:

      at log (.aios-core/development/scripts/decision-recorder.js:124:13)

  console.log
      Decisions: 2

      at log (.aios-core/development/scripts/decision-recorder.js:125:13)

  console.log
      Files Modified: 2

      at log (.aios-core/development/scripts/decision-recorder.js:126:13)

  console.log
      Tests Run: 2 (2 passed, 0 failed)

      at log (.aios-core/development/scripts/decision-recorder.js:127:13)

  console.log
      Duration: 300.0s

      at log (.aios-core/development/scripts/decision-recorder.js:128:13)

  console.log
      Status: completed

      at log (.aios-core/development/scripts/decision-recorder.js:129:13)

  console.log
      Log: .ai/decision-log-test.md

      at log (.aios-core/development/scripts/decision-recorder.js:130:13)

  console.log
    Ô£à Decision log index updated: .ai\decision-logs-index.md

      at log (.aios-core/development/scripts/decision-log-indexer.js:205:13)

PASS tests/unit/decision-recorder.test.js
  decision-recorder
    initializeDecisionLogging
      ÔêÜ should initialize decision logging context (57 ms)
      ÔêÜ should respect enabled option (4 ms)
      ÔêÜ should pass agent load time to context (57 ms)
    recordDecision
      ÔêÜ should record decision after initialization (65 ms)
      ÔêÜ should warn if not initialized (8 ms)
    trackFile
      ÔêÜ should track file after initialization (55 ms)
      ÔêÜ should handle not initialized gracefully (1 ms)
    trackTest
      ÔêÜ should track test after initialization (58 ms)
      ÔêÜ should handle not initialized gracefully (1 ms)
    updateMetrics
      ÔêÜ should update metrics after initialization (56 ms)
      ÔêÜ should handle not initialized gracefully
    completeDecisionLogging
      ÔêÜ should complete logging and generate log file (62 ms)
      ÔêÜ should reset global context after completion (61 ms)
      ÔêÜ should handle not initialized gracefully (2 ms)
      ÔêÜ should handle errors during log generation (63 ms)
      ÔêÜ should use default status "completed" (61 ms)
      ÔêÜ should display summary after logging (63 ms)
    getCurrentContext
      ÔêÜ should return null when not initialized (1 ms)
      ÔêÜ should return current context when initialized (53 ms)
    integration workflow
      ÔêÜ should support full yolo mode workflow (60 ms)

  console.log
    [squad-generator] Detected 3 project config(s) in docs/framework/

      at SquadGenerator.log [as detectProjectConfigs] (.aios-core/development/scripts/squad/squad-generator.js:699:15)

  console.log
    [squad-generator] Using project-level configuration from docs/framework/

      at SquadGenerator.log [as generate] (.aios-core/development/scripts/squad/squad-generator.js:781:17)

  console.log
    [squad-generator] Skipping local config file creation (using project-level configs)

      at SquadGenerator.log [as generate] (.aios-core/development/scripts/squad/squad-generator.js:818:15)

  console.log
    [squad-generator] Detected 3 project config(s) in docs/framework/

      at SquadGenerator.log [as detectProjectConfigs] (.aios-core/development/scripts/squad/squad-generator.js:699:15)

  console.log
    [squad-generator] Using project-level configuration from docs/framework/

      at SquadGenerator.log [as generate] (.aios-core/development/scripts/squad/squad-generator.js:781:17)

  console.log
    [squad-generator] Skipping local config file creation (using project-level configs)

      at SquadGenerator.log [as generate] (.aios-core/development/scripts/squad/squad-generator.js:818:15)

  console.log
    [squad-generator] Detected 3 project config(s) in docs/framework/

      at SquadGenerator.log [as detectProjectConfigs] (.aios-core/development/scripts/squad/squad-generator.js:699:15)

  console.log
    [squad-generator] Using project-level configuration from docs/framework/

      at SquadGenerator.log [as generate] (.aios-core/development/scripts/squad/squad-generator.js:781:17)

  console.log
    [squad-generator] Skipping local config file creation (using project-level configs)

      at SquadGenerator.log [as generate] (.aios-core/development/scripts/squad/squad-generator.js:818:15)

  console.log
    [squad-generator] Detected 3 project config(s) in docs/framework/

      at SquadGenerator.log [as detectProjectConfigs] (.aios-core/development/scripts/squad/squad-generator.js:699:15)

  console.log
    [squad-generator] Using project-level configuration from docs/framework/

      at SquadGenerator.log [as generate] (.aios-core/development/scripts/squad/squad-generator.js:781:17)

  console.log
    [squad-generator] Skipping local config file creation (using project-level configs)

      at SquadGenerator.log [as generate] (.aios-core/development/scripts/squad/squad-generator.js:818:15)

  console.log
    [squad-generator] Detected 3 project config(s) in docs/framework/

      at SquadGenerator.log [as detectProjectConfigs] (.aios-core/development/scripts/squad/squad-generator.js:699:15)

  console.log
    [squad-generator] Using project-level configuration from docs/framework/

      at SquadGenerator.log [as generate] (.aios-core/development/scripts/squad/squad-generator.js:781:17)

  console.log
    [squad-generator] Skipping local config file creation (using project-level configs)

      at SquadGenerator.log [as generate] (.aios-core/development/scripts/squad/squad-generator.js:818:15)

  console.log
    [squad-generator] Detected 3 project config(s) in docs/framework/

      at SquadGenerator.log [as detectProjectConfigs] (.aios-core/development/scripts/squad/squad-generator.js:699:15)

  console.log
    [squad-generator] Using project-level configuration from docs/framework/

      at SquadGenerator.log [as generate] (.aios-core/development/scripts/squad/squad-generator.js:781:17)

  console.log
    [squad-generator] Skipping local config file creation (using project-level configs)

      at SquadGenerator.log [as generate] (.aios-core/development/scripts/squad/squad-generator.js:818:15)

  console.log
    [squad-generator] Detected 3 project config(s) in docs/framework/

      at SquadGenerator.log [as detectProjectConfigs] (.aios-core/development/scripts/squad/squad-generator.js:699:15)

  console.log
    [squad-generator] Using project-level configuration from docs/framework/

      at SquadGenerator.log [as generate] (.aios-core/development/scripts/squad/squad-generator.js:781:17)

  console.log
    [squad-generator] Skipping local config file creation (using project-level configs)

      at SquadGenerator.log [as generate] (.aios-core/development/scripts/squad/squad-generator.js:818:15)

  console.log
    [squad-generator] Detected 3 project config(s) in docs/framework/

      at SquadGenerator.log [as detectProjectConfigs] (.aios-core/development/scripts/squad/squad-generator.js:699:15)

  console.log
    [squad-generator] Using project-level configuration from docs/framework/

      at SquadGenerator.log [as generate] (.aios-core/development/scripts/squad/squad-generator.js:781:17)

  console.log
    [squad-generator] Skipping local config file creation (using project-level configs)

      at SquadGenerator.log [as generate] (.aios-core/development/scripts/squad/squad-generator.js:818:15)

  console.log
    [squad-generator] Detected 3 project config(s) in docs/framework/

      at SquadGenerator.log [as detectProjectConfigs] (.aios-core/development/scripts/squad/squad-generator.js:699:15)

  console.log
    [squad-generator] Using project-level configuration from docs/framework/

      at SquadGenerator.log [as generate] (.aios-core/development/scripts/squad/squad-generator.js:781:17)

  console.log
    [squad-generator] Skipping local config file creation (using project-level configs)

      at SquadGenerator.log [as generate] (.aios-core/development/scripts/squad/squad-generator.js:818:15)

  console.log
    [squad-generator] Detected 3 project config(s) in docs/framework/

      at SquadGenerator.log [as detectProjectConfigs] (.aios-core/development/scripts/squad/squad-generator.js:699:15)

  console.log
    [squad-generator] Using project-level configuration from docs/framework/

      at SquadGenerator.log [as generate] (.aios-core/development/scripts/squad/squad-generator.js:781:17)

  console.log
    [squad-generator] Skipping local config file creation (using project-level configs)

      at SquadGenerator.log [as generate] (.aios-core/development/scripts/squad/squad-generator.js:818:15)

PASS tests/unit/squad/squad-generator-blueprint.test.js
  SquadGenerator Blueprint Methods
    loadBlueprint()
      ÔêÜ should load and parse valid YAML blueprint (5 ms)
      ÔêÜ should throw error when file not found (17 ms)
      ÔêÜ should throw error on invalid YAML (5 ms)
    validateBlueprint()
      ÔêÜ should validate correct blueprint (2 ms)
      ÔêÜ should reject missing squad field (1 ms)
      ÔêÜ should reject missing squad.name (1 ms)
      ÔêÜ should reject invalid squad name format (1 ms)
      ÔêÜ should reject missing recommendations (1 ms)
      ÔêÜ should reject invalid agent confidence (1 ms)
      ÔêÜ should reject invalid task name format (1 ms)
      ÔêÜ should reject missing metadata.created_at (1 ms)
    blueprintToConfig()
      ÔêÜ should convert blueprint to generator config (1 ms)
      ÔêÜ should set includeAgent and includeTask to false (1 ms)
      ÔêÜ should store blueprint reference (1 ms)
      ÔêÜ should use domain for description if not provided (1 ms)
    generateAgentFromBlueprint()
      ÔêÜ should generate valid agent markdown (2 ms)
      ÔêÜ should include commands list (1 ms)
      ÔêÜ should include confidence percentage (2 ms)
      ÔêÜ should note user-added agents (1 ms)
      ÔêÜ should note user-modified agents (1 ms)
    generateTaskFromBlueprint()
      ÔêÜ should generate valid task markdown (1 ms)
      ÔêÜ should include entrada list (1 ms)
      ÔêÜ should include saida list (1 ms)
      ÔêÜ should include checklist items (1 ms)
      ÔêÜ should include confidence percentage (2 ms)
      ÔêÜ should handle task without checklist (1 ms)
    generateFromBlueprint()
      ÔêÜ should generate complete squad from blueprint (86 ms)
      ÔêÜ should create custom agents from blueprint (82 ms)
      ÔêÜ should create custom tasks from blueprint (84 ms)
      ÔêÜ should update squad.yaml with components (83 ms)
      ÔêÜ should fail if squad already exists (87 ms)
      ÔêÜ should allow force overwrite (81 ms)
      ÔêÜ should fail on invalid blueprint (5 ms)
      ÔêÜ should include blueprint metadata in result (78 ms)
    updateSquadYamlComponents()
      ÔêÜ should update components from blueprint (85 ms)
      ÔêÜ should add blueprint reference to manifest (76 ms)
    Performance
      ÔêÜ should load blueprint within acceptable time (4 ms)
      ÔêÜ should validate blueprint within acceptable time (1 ms)
      ÔêÜ should generate from blueprint within acceptable time (82 ms)

PASS tests/integration/wizard-ide-flow.test.js
  Wizard IDE Flow Integration
    Full flow: select -> generate -> verify
      ÔêÜ should complete flow for single IDE (Cursor) (66 ms)
      ÔêÜ should complete flow for multiple IDEs (169 ms)
      ÔêÜ should complete flow for all 5 IDEs (310 ms)
    Directory structure
      ÔêÜ should create directories for IDEs that need them (276 ms)
      ÔêÜ should NOT create directories for IDEs that do not need them (65 ms)
    Content and formatting
      ÔêÜ should generate valid content from templates (142 ms)
      ÔêÜ should generate Claude Code config as recommended (93 ms)
    Error handling and edge cases
      ÔêÜ should handle directory creation for nested configs (139 ms)
      ÔêÜ should handle all IDEs with text format (192 ms)
    Template content validation
      ÔêÜ should generate config from template without errors (55 ms)
      ÔêÜ should handle default values when wizard state is minimal (55 ms)

  console.log
    ÔÜá´©Å Terminal visual indispon├¡vel. Executando inline. [CI/CD environment detected (headless)]

      at log (.aios-core/core/orchestration/terminal-spawner.js:511:13)

O sistema n´┐¢o pode encontrar o caminho especificado.
O sistema n´┐¢o pode encontrar o caminho especificado.
O sistema n´┐¢o pode encontrar o caminho especificado.
O sistema n´┐¢o pode encontrar o caminho especificado.
O sistema n´┐¢o pode encontrar o caminho especificado.
PASS tests/core/orchestration/terminal-spawner.test.js
  Terminal Spawner (Story 12.10)
    detectEnvironment() (Task 1)
      CI/CD detection (Task 1.5)
        ÔêÜ should detect GitHub Actions environment (6 ms)
        ÔêÜ should detect generic CI environment (3 ms)
        ÔêÜ should detect GitLab CI environment (3 ms)
        ÔêÜ should detect Jenkins environment (3 ms)
        ÔêÜ should detect Travis CI environment (3 ms)
        ÔêÜ should detect CircleCI environment (2 ms)
        ÔêÜ should detect Azure Pipelines environment (2 ms)
      SSH detection (Task 1.3)
        ÔêÜ should detect SSH_CLIENT environment (2 ms)
        ÔêÜ should detect SSH_TTY environment (3 ms)
        ÔêÜ should detect SSH_CONNECTION environment (3 ms)
      VS Code detection (Task 1.2)
        ÔêÜ should detect TERM_PROGRAM=vscode (2 ms)
        ÔêÜ should detect VSCODE_PID (3 ms)
        ÔêÜ should detect VSCODE_CWD (2 ms)
        ÔêÜ should detect VSCODE_GIT_IPC_HANDLE (2 ms)
      Native terminal detection (Task 1.6)
        ÔêÜ should return NATIVE_TERMINAL when no special environment detected (3 ms)
      Detection priority
        ÔêÜ should prioritize CI over SSH (3 ms)
        ÔêÜ should prioritize SSH over VS Code (3 ms)
    ENVIRONMENT_TYPE enum
      ÔêÜ should have all required environment types (2 ms)
    spawnInline() (Task 2)
      ÔêÜ should execute a simple command inline (6 ms)
      ÔêÜ should capture stdout output (7 ms)
      ÔêÜ should handle context file creation (6 ms)
    spawnAgent() fallback (Task 2.3)
      ÔêÜ should use inline spawn when environment does not support visual terminal (12 ms)
    Timeout handling (Task 3.2)
      ÔêÜ should timeout if lock file persists (535 ms)
      ÔêÜ should return output when lock is removed (4 ms)
    Lock cleanup (Task 3.3, 3.4)
      ÔêÜ should register and unregister lock files (3 ms)
      ÔêÜ should cleanup registered lock files (3 ms)
      ÔêÜ should cleanup old files (3 ms)
    createContextFile()
      ÔêÜ should create context file with valid structure (4 ms)
      ÔêÜ should return empty string for null context (2 ms)
      ÔêÜ should handle missing optional fields (4 ms)
    generateCompatibilityReport() (Task 7.4)
      ÔêÜ should generate report with all required fields (19 ms)
      ÔêÜ should handle empty test results (14 ms)
      ÔêÜ should calculate pass rate correctly (15 ms)
    formatCompatibilityReport() (Task 7.5)
      ÔêÜ should format report as readable string (15 ms)
    getSystemInfo() (Task 7.4)
      ÔêÜ should return system information object (15 ms)
    OS_COMPATIBILITY_MATRIX (Task 7.1-7.3)
      ÔêÜ should define must_pass configurations (3 ms)
      ÔêÜ should define should_pass configurations (3 ms)
      ÔêÜ should include macOS Sonoma in must_pass (2 ms)
      ÔêÜ should include Windows 11 + WSL in must_pass (2 ms)
      ÔêÜ should include Ubuntu 22.04 in must_pass (2 ms)
    Constants
      ÔêÜ should export DEFAULT_TIMEOUT_MS as 300000 (5 minutes) (2 ms)
      ÔêÜ should export POLL_INTERVAL_MS as 500 (2 ms)
      ÔêÜ should export MAX_RETRIES as 3 (2 ms)

PASS tests/unit/cli.test.js
  CLI Entry Point
    Node.js Version Check
      ÔêÜ should have engines field in package.json requiring Node 18+ (2 ms)
      ÔêÜ should have proper module structure (1 ms)
    Command Routing
      ÔêÜ should handle --version flag (53 ms)
      ÔêÜ should handle --help flag (49 ms)
      ÔêÜ should handle info command (51 ms)
      ÔêÜ should handle doctor command (377 ms)
      ÔêÜ should error on unknown command (51 ms)
    Shebang
      ÔêÜ should have proper shebang for cross-platform compatibility (1 ms)
    Error Handling
      ÔêÜ should show usage info when unknown command provided (49 ms)

PASS tests/book-de-resultados/regression-canoas.test.js
  Stage 1 ÔÇö Parse: xlsx ÔåÆ canonical contract
    ÔêÜ detects the Canoas Avalia├º├úo Digital layout (1 ms)
    ÔêÜ extracts municipio from the Nome da rede cell (D2)
    ÔêÜ infers ano and ciclo from the file path pattern (1 ms)
    ÔêÜ produces the correct number of escolas
    ÔêÜ produces the correct number of resultados rows (1 ms)
    ÔêÜ produces the correct number of distribuicao rows (1 ms)
    ÔêÜ produces the correct number of habilidades rows
    ÔêÜ each escola has a non-empty id_escola and nome_escola (1 ms)
    ÔêÜ school ids are slugified, lower-case, underscore-separated
    ÔêÜ resultados have all required canonical fields (1 ms)
    ÔêÜ all resultados have ano = "Geral" (Canoas layout projection) (1 ms)
    ÔêÜ disciplines are Matem├ítica and L├¡ngua Portuguesa
    ÔêÜ distribuicao rows have disciplina, nivel and alunos fields (2 ms)
    ÔêÜ distribuicao nivel values are valid canonical levels (1 ms)
    ÔêÜ deterministic: Escola Alfa / MT / abaixo_do_basico alunos = 19
    ÔêÜ deterministic: Escola Alfa / LP / avancado alunos = 43 (1 ms)
    ÔêÜ habilidades have all required canonical fields (1 ms)
    ÔêÜ habilidade codes LP3A1 and MT5A1 are present (1 ms)
    ÔêÜ source trace counters match actual array lengths
  Stage 2 ÔÇö Validate: canonical contract compliance
    ÔêÜ fixture passes validation (valid = true) (1 ms)
    ÔêÜ no errors returned for the Canoas fixture
    ÔêÜ warnings array is present (may be empty) (1 ms)
  Stage 3 ÔÇö Normalize: metrics + canonical v2 model
    ÔêÜ model version is "2.0"
    ÔêÜ totalEscolas matches fixture school count (1 ms)
    ÔêÜ totalAlunos = sum of alunos_finalizaram (180+130+100 = 410)
    ÔêÜ mediaGeral = mean of all resultados.media (Ôëê 43.3)
    ÔêÜ disciplinas list has exactly 2 entries
    ÔêÜ disciplinas list contains Matem├ítica and L├¡ngua Portuguesa
    ÔêÜ anos list contains "Geral"
    ÔêÜ entities.escolas has 3 entries
    ÔêÜ entities.habilidades has 6 entries (1 ms)
    ÔêÜ context.municipio = "Canoas"
    ÔêÜ context.layout = "canoas-avaliacao-digital" (1 ms)
    ÔêÜ compatibility.bookMetricsV1.rede.mediaGeral matches rede.mediaGeral
    ÔêÜ Escola Alfa has rankingPosition 1 (highest media) (8 ms)
    ÔêÜ Escola Gama has rankingPosition 3 (lowest media)
    ÔêÜ network distribuicao total = 747 (all 24 rows aggregated) (1 ms)
    ÔêÜ each escola in metrics has distribuicaoPorDisciplina
    ÔêÜ facts.participacoes is a non-empty array
    ÔêÜ facts.proficiencias is a non-empty array
    ÔêÜ facts.desempenhosHabilidade has 6 entries (one per habilidade)
    ÔêÜ facts.desempenhosHabilidade contains LP3A1 performance = 68
    ÔêÜ derived.comparativos.escolaVsRede has 6 entries (3 schools ├ù 2 disciplines)
    ÔêÜ escola vs rede comparativo for Alfa / Matem├ítica has positive delta (1 ms)
    ÔêÜ rankings object has keys for both disciplines
    ÔêÜ each ranking list has 3 schools sorted by media descending (1 ms)
    ÔêÜ paginatedRankings has single page per discipline (3 schools Ôëñ 25 threshold)
  Stage 4 ÔÇö Render: pages + section sequence + pagination
    ÔêÜ returns an array of pages (1 ms)
    ÔêÜ total pages = 25
    ÔêÜ page numbers are sequential starting from 1 (1 ms)
    ÔêÜ section sequence matches baseline exactly (1 ms)
    ÔêÜ chapter pages have the expected chapterKeys in order
    ÔêÜ sumario page exists and has entries pointing to real page numbers (2 ms)
    ÔêÜ sumario includes editorial chapter titles
    ÔêÜ capa page has municipio "Canoas" and ano "2025" (1 ms)
    ÔêÜ visao_geral page reports 3 escolas
    ÔêÜ exactly 2 resultados_disciplina pages (1 ms)
    ÔêÜ exactly 1 resultados_ano page (ano "Geral") (1 ms)
    ÔêÜ exactly 2 ranking pages (3 schools Ôëñ 25 threshold)
    ÔêÜ exactly 2 habilidades_disciplina pages (1 ms)
    ÔêÜ habilidades pages contain all 6 habilidades rows distributed across disciplines
    ÔêÜ each habilidades page has pageIndex 0 (< 20-row threshold ÔÇö no multi-page split) (1 ms)
    ÔêÜ exactly 3 escola pages
    ÔêÜ exactly 3 escola_disciplinas pages (1 ms)
    ÔêÜ escola pages cover all three schools
    ÔêÜ escola page carries rankingPosition and mediaRede
    ÔêÜ escola page carries operacional snapshot with previstos/iniciaram/finalizaram (1 ms)
    ÔêÜ escola_disciplinas page has participacaoPorDisciplina with 2 rows
    ÔêÜ proximos_passos page has recommendations array
  Stage 5 ÔÇö Charts: descriptors per page
    ÔêÜ chartsPerPage array has same length as pages (1 ms)
    ÔêÜ visao_geral page has 5 charts
    ÔêÜ visao_geral charts include a distribution chart and indicator cards (1 ms)
    ÔêÜ each resultados_disciplina page has 3 charts
    ÔêÜ each ranking page has 1 ranking chart (1 ms)
    ÔêÜ each habilidades_disciplina page has 2 charts (1 ms)
    ÔêÜ each escola page has 6 charts (distribution + 4 operacional cards)
    ÔêÜ each escola_disciplinas page has 2 comparativo_chart
    ÔêÜ ranking chart bars include all 3 schools
    ÔêÜ chart pages with no applicable section produce empty arrays (1 ms)
  Stage 6 ÔÇö Export JSON: deterministic filename + file shape
    ÔêÜ output file exists and is non-empty
    ÔêÜ filename matches expected pattern: relatorio_canoas_2025_2025_sem2_v1.json (1 ms)
    ÔêÜ JSON has metadata field (1 ms)
    ÔêÜ JSON has pages array with correct length
    ÔêÜ each page in JSON has a charts array attached (1 ms)
    ÔêÜ JSON has generatedAt and version fields (1 ms)
    ÔêÜ round-trip: sections in JSON match rendered section sequence
    ÔêÜ round-trip: visao_geral page in JSON has correct totalEscolas
  Stage 7 ÔÇö Export PDF: mocked browser (CI-safe)
    ÔêÜ exportPdf() writes a PDF file to outputDir (17 ms)
    ÔêÜ PDF filename matches expected pattern: relatorio_canoas_2025_2025_sem2_v1.pdf (8 ms)
    ÔêÜ intermediate HTML file is cleaned up by default (8 ms)
  Stage 7.5 ÔÇö HTML/PDF fidelity: institutional composition from the Canoas pipeline
    ÔêÜ keeps an inspectable print HTML that mirrors rendered page ordering (1 ms)
    ÔêÜ renders the institutional cover/opener and chapter opener composition (1 ms)
    ÔêÜ renders analytical overview and school layouts with redesigned visual primitives intact (2 ms)
    ÔêÜ renders habilidades pages with context strip, skills table and stable discipline ordering (1 ms)
    ÔêÜ keeps sum├írio references aligned with rendered page numbering in the exported HTML (1 ms)
  Stage 8 ÔÇö Full pipeline: generateBook() public API
    format = "json" (no browser required)
      ÔêÜ generateBook() succeeds and returns success=true (36 ms)
      ÔêÜ generateBook() result has expected shape (32 ms)
      ÔêÜ log contains all expected pipeline steps (30 ms)
      ÔêÜ output JSON file exists and has the correct page count (26 ms)
    format = "pdf" (mocked browser)
      ÔêÜ generateBook() with format="pdf" produces a .pdf output (31 ms)
  Baseline helper (only active when UPDATE_BASELINE=1)
    ÔêÜ writes updated baseline if env var UPDATE_BASELINE=1 is set

PASS tests/infrastructure/project-status-loader.test.js
  ProjectStatusLoader
    constructor
      ÔêÜ should use project root from parameter (2 ms)
      ÔêÜ should use process.cwd() when no root provided (1 ms)
      ÔêÜ should set default idle TTL to 60 seconds (1 ms)
      ÔêÜ should set active-session TTL to 15 seconds (1 ms)
      ÔêÜ should load config and apply settings (1 ms)
      ÔêÜ should use defaults when config not found
      ÔêÜ should set lock file path based on cache file
    isGitRepository
      ÔêÜ should return true for git repository (2 ms)
      ÔêÜ should return false for non-git directory (1 ms)
    getGitBranch
      ÔêÜ should return branch name from git branch --show-current (1 ms)
      ÔêÜ should fallback to rev-parse for older git (1 ms)
      ÔêÜ should return "unknown" when both methods fail (1 ms)
    getModifiedFiles
      ÔêÜ should parse git status porcelain output (1 ms)
      ÔêÜ should limit files to maxModifiedFiles (1 ms)
      ÔêÜ should return empty array on error (1 ms)
    getRecentCommits
      ÔêÜ should parse git log output (1 ms)
      ÔêÜ should return empty array when no commits (1 ms)
      ÔêÜ should return empty array on error (1 ms)
    getWorktreesStatus
      ÔêÜ should return null when no worktrees (1 ms)
      ÔêÜ should return worktrees status object (1 ms)
      ÔêÜ should return null on WorktreeManager error (1 ms)
    getCurrentStoryInfo
      ÔêÜ should detect story with InProgress status (1 ms)
      ÔêÜ should return null when no story in progress (5 ms)
      ÔêÜ should return null when stories dir not found
    cache
      loadCache
        ÔêÜ should load cache from file (1 ms)
        ÔêÜ should return null when cache file not found (1 ms)
        ÔêÜ should handle corrupted cache by deleting and returning null (ACT-3) (1 ms)
        ÔêÜ should handle YAML parse error by deleting cache (ACT-3) (1 ms)
        ÔêÜ should handle cache with missing status field (ACT-3) (1 ms)
      isCacheValid
        ÔêÜ should return true for fresh cache with matching fingerprint (1 ms)
        ÔêÜ should return false when git fingerprint changed (ACT-3 AC1)
        ÔêÜ should use active-session TTL (15s) when fingerprint matches (ACT-3) (1 ms)
        ÔêÜ should use idle TTL (60s) when no fingerprint available (ACT-3) (1 ms)
        ÔêÜ should return false for expired cache (1 ms)
        ÔêÜ should return false for null cache (1 ms)
      saveCache (backward compat)
        ÔêÜ should write cache to file via saveCacheWithLock
        ÔêÜ should handle write errors gracefully
      clearCache
        ÔêÜ should delete cache file (1 ms)
        ÔêÜ should return false when file not found (1 ms)
    loadProjectStatus
      ÔêÜ should return cached status if valid (1 ms)
      ÔêÜ should generate fresh status when cache expired (1 ms)
      ÔêÜ should generate fresh status when git fingerprint changed (ACT-3 AC1) (1 ms)
      ÔêÜ should return default status on error (1 ms)
    getNonGitStatus
      ÔêÜ should return status for non-git project (1 ms)
    formatStatusDisplay
      ÔêÜ should format git project status (1 ms)
      ÔêÜ should show truncation message for many files
      ÔêÜ should show worktrees info (1 ms)
      ÔêÜ should show message for non-git repo (1 ms)
      ÔêÜ should show message for no activity (1 ms)
    ACT-3: Event-driven cache invalidation
      ÔêÜ should invalidate cache immediately when git state changes (AC1) (1 ms)
      ÔêÜ should show updated status within 5 seconds after commit (AC3) (1 ms)
      getGitStateFingerprint
        ÔêÜ should return fingerprint from HEAD and index mtimes
        ÔêÜ should return null when git dir not available
        ÔêÜ should handle missing HEAD or index gracefully (1 ms)
    ACT-3: Multi-terminal file locking
      ÔêÜ should produce valid output under concurrent access (AC2)
      _acquireLock
        ÔêÜ should acquire lock when file does not exist (1 ms)
        ÔêÜ should return false when lock cannot be acquired within timeout (519 ms)
        ÔêÜ should clean up stale lock and retry (1 ms)
        ÔêÜ should return false on non-EEXIST errors
      _isLockStale
        ÔêÜ should return true for old lock file
        ÔêÜ should return false for fresh lock file (1 ms)
        ÔêÜ should return true when lock file cannot be read (1 ms)
      _releaseLock
        ÔêÜ should delete lock file (1 ms)
        ÔêÜ should not throw when lock file missing
      saveCacheWithLock
        ÔêÜ should acquire lock, write cache, and release lock (1 ms)
        ÔêÜ should include gitFingerprint in cached data (1 ms)
        ÔêÜ should still write cache even when lock cannot be acquired (1 ms)
        ÔêÜ should use atomic write (temp file + rename) (1 ms)
        ÔêÜ should fall back to direct write when rename fails (Windows) (1 ms)
    ACT-3: Worktree awareness
      ÔêÜ should isolate cache between worktrees (1 ms)
      _resolveCacheFilePath
        ÔêÜ should use default path for main working tree (1 ms)
        ÔêÜ should use worktree-specific path when in a worktree (AC6) (1 ms)
        ÔêÜ should fall back to default path when git is not available (1 ms)
      _hashString
        ÔêÜ should produce consistent hashes (1 ms)
        ÔêÜ should produce different hashes for different paths
        ÔêÜ should return a hex string of at least 8 characters (1 ms)
    ACT-3: getCurrentStoryInfo accuracy (AC4)
      ÔêÜ should return fresh data without delay (1 ms)
      ÔêÜ should detect status changes immediately (1 ms)
    ACT-3: Performance (AC7)
      ÔêÜ should complete cached read within 100ms (1 ms)
      ÔêÜ should use Promise.all for parallel git commands in generateStatus (1 ms)
    ACT-3: Exported constants
      ÔêÜ should export LOCK_TIMEOUT_MS (1 ms)
      ÔêÜ should export LOCK_STALE_MS
      ÔêÜ should export ACTIVE_SESSION_TTL (1 ms)
      ÔêÜ should export IDLE_TTL (1 ms)
  Module Exports
    ÔêÜ should export loadProjectStatus function
    ÔêÜ should export clearCache function (1 ms)
    ÔêÜ should export formatStatusDisplay function
    ÔêÜ should export ProjectStatusLoader class (1 ms)
  ACT-3: Git post-commit hook (AC5)
    ÔêÜ post-commit hook script should exist
    ÔêÜ husky post-commit hook should exist

PASS tests/synapse/e2e/hook-integration.e2e.test.js
  SYNAPSE E2E: Hook Integration
    ÔêÜ hook produces valid JSON output with hookSpecificOutput key (90 ms)
    ÔêÜ hook output additionalContext is a string conforming to expected format (83 ms)
    ÔêÜ hook with missing .synapse/ directory produces empty output (silent exit) (70 ms)
    ÔêÜ hook with invalid JSON input exits gracefully (no crash, exit 0) (70 ms)
    ÔêÜ hook with missing cwd field exits gracefully (70 ms)
    ÔêÜ HOOK_TIMEOUT_MS is 5000ms (1 ms)
    ÔêÜ SynapseEngine produces CONSTITUTION content for the project .synapse/ (22 ms)
    ÔêÜ hook with empty stdin exits gracefully (75 ms)
    ÔêÜ hook output is a single well-formed JSON object (no trailing data) (81 ms)

PASS tests/updater/aios-updater.test.js
  AIOSUpdater
    constructor
      ÔêÜ should initialize with default options (8 ms)
      ÔêÜ should accept custom options (6 ms)
    getInstalledVersion
      ÔêÜ should read version from version.json (10 ms)
      ÔêÜ should return null if version.json not found (5 ms)
      ÔêÜ should handle corrupted version.json (7 ms)
    compareVersions
      ÔêÜ should return 0 for equal versions (5 ms)
      ÔêÜ should return -1 when first is older (5 ms)
      ÔêÜ should return 1 when first is newer (5 ms)
      ÔêÜ should handle version prefix v (6 ms)
    isBreakingUpdate
      ÔêÜ should detect major version change as breaking (5 ms)
      ÔêÜ should not flag minor/patch as breaking (4 ms)
    checkConnectivity
      ÔêÜ should return boolean (82 ms)
    checkForUpdates
      ÔêÜ should return installed version (68 ms)
      ÔêÜ should handle missing installation (6 ms)
    detectCustomizations
      ÔêÜ should detect unchanged files (8 ms)
      ÔêÜ should detect missing files (10 ms)
      ÔêÜ should detect customized files (7 ms)
    createBackup
      ÔêÜ should create backup directory (11 ms)
      ÔêÜ should backup version.json (10 ms)
    rollback
      ÔêÜ should throw error if no backup (16 ms)
      ÔêÜ should restore files from backup (15 ms)
    cleanupBackup
      ÔêÜ should remove backup directory (11 ms)
    updateVersionInfo
      ÔêÜ should update version.json with new version (6 ms)
    update (dry-run)
      ÔêÜ should return preview without making changes (67 ms)
  formatCheckResult
    ÔêÜ should format up-to-date result
    ÔêÜ should format update available result (1 ms)
    ÔêÜ should format check failed result (1 ms)
  formatUpdateResult
    ÔêÜ should format successful update
    ÔêÜ should format failed update (1 ms)

  console.warn
    [GreetingBuilder] Section builder failed: test error

    [0m [90m 289 |[39m       [36mreturn[39m result[33m;[39m
     [90m 290 |[39m     } [36mcatch[39m (error) {
    [31m[1m>[22m[39m[90m 291 |[39m       console[33m.[39mwarn([32m'[GreetingBuilder] Section builder failed:'[39m[33m,[39m error[33m.[39mmessage)[33m;[39m
     [90m     |[39m               [31m[1m^[22m[39m
     [90m 292 |[39m       [36mreturn[39m [36mnull[39m[33m;[39m
     [90m 293 |[39m     }
     [90m 294 |[39m   }[0m

      at GreetingBuilder.warn [as _safeBuildSection] (.aios-core/development/scripts/greeting-builder.js:291:15)
      at Object._safeBuildSection (tests/core/context-aware-greetings.test.js:564:36)

  console.warn
    [GreetingBuilder] Session detection failed: Total failure

    [0m [90m 1324 |[39m       [36mreturn[39m [36mthis[39m[33m.[39mcontextDetector[33m.[39mdetectSessionType(conversationHistory)[33m;[39m
     [90m 1325 |[39m     } [36mcatch[39m (error) {
    [31m[1m>[22m[39m[90m 1326 |[39m       console[33m.[39mwarn([32m'[GreetingBuilder] Session detection failed:'[39m[33m,[39m error[33m.[39mmessage)[33m;[39m
     [90m      |[39m               [31m[1m^[22m[39m
     [90m 1327 |[39m       [36mreturn[39m [32m'new'[39m[33m;[39m [90m// Conservative default[39m
     [90m 1328 |[39m     }
     [90m 1329 |[39m   }[0m

      at GreetingBuilder.warn [as _safeDetectSessionType] (.aios-core/development/scripts/greeting-builder.js:1326:15)
      at GreetingBuilder._safeDetectSessionType [as _buildContextualGreeting] (.aios-core/development/scripts/greeting-builder.js:181:60)
      at GreetingBuilder._buildContextualGreeting [as buildGreeting] (.aios-core/development/scripts/greeting-builder.js:155:36)
      at Object.buildGreeting (tests/core/context-aware-greetings.test.js:606:38)

PASS tests/core/context-aware-greetings.test.js
  Story ACT-7: Context-Aware Greeting Sections
    AC1: Enriched context passing
      ÔêÜ buildPresentation accepts sectionContext parameter (8 ms)
      ÔêÜ buildRoleDescription accepts sectionContext parameter (4 ms)
      ÔêÜ buildProjectStatus accepts sectionContext parameter (3 ms)
      ÔêÜ buildFooter accepts sectionContext parameter (3 ms)
      ÔêÜ buildContextSection accepts sectionContext parameter (4 ms)
      ÔêÜ backward compatible: all section builders work without sectionContext (3 ms)
    AC2: Adaptive presentation
      ÔêÜ new session: uses full archetypal greeting (3 ms)
      ÔêÜ existing session: brief welcome back with story reference (3 ms)
      ÔêÜ existing session: welcome back without story (3 ms)
      ÔêÜ workflow session: focused greeting with workflow active (4 ms)
      ÔêÜ workflow session: named greeting when no workflow state (7 ms)
      ÔêÜ permission badge is appended in all session types (3 ms)
      ÔêÜ no sectionContext: falls back to archetypal (backward compatible) (3 ms)
    AC3: Context-aware role description
      ÔêÜ includes story reference when available (3 ms)
      ÔêÜ includes branch reference when not main/master (3 ms)
      ÔêÜ skips branch reference for main (3 ms)
      ÔêÜ skips branch reference for master (3 ms)
      ÔêÜ includes both story and branch when both available (4 ms)
      ÔêÜ no sectionContext: returns plain role (backward compatible) (3 ms)
      ÔêÜ returns empty for agent without role (3 ms)
    AC4: Natural language project status
      ÔêÜ narrative format with branch and file count (3 ms)
      ÔêÜ narrative format with story reference (3 ms)
      ÔêÜ narrative format with recent commit (4 ms)
      ÔêÜ workflow session still uses condensed format (3 ms)
      ÔêÜ singular file count uses correct grammar (3 ms)
      ÔêÜ no sectionContext: uses legacy bullet-point format (3 ms)
      ÔêÜ empty status returns empty string (2 ms)
      ÔêÜ status with no data returns empty string (3 ms)
    AC5: Intelligent agent handoff context
      ÔêÜ detects previous agent transition with story context (3 ms)
      ÔêÜ handles string previousAgent format (3 ms)
      ÔêÜ handoff fallback when narrative has no description (3 ms)
      ÔêÜ skips context for new sessions (4 ms)
      ÔêÜ suggests correct command for dev->qa transition (3 ms)
    AC6: Adaptive footer
      ÔêÜ new session: full guide prompt (3 ms)
      ÔêÜ existing session: brief tip (3 ms)
      ÔêÜ workflow session: progress note with story (3 ms)
      ÔêÜ workflow session: generic message without story (3 ms)
      ÔêÜ signature is always appended when available (4 ms)
      ÔêÜ no sectionContext: defaults to new session footer (backward compatible) (4 ms)
      ÔêÜ agent without signature: footer still renders (3 ms)
    AC7: Parallelization
      ÔêÜ _safeBuildSection resolves sync builders (3 ms)
      ÔêÜ _safeBuildSection resolves async builders (6 ms)
      ÔêÜ _safeBuildSection returns null on error (7 ms)
      ÔêÜ _safeBuildSection returns null on timeout (156 ms)
      ÔêÜ _safeBuildSection handles null return (4 ms)
      ÔêÜ full greeting with enriched context uses parallel execution (4 ms)
    AC8: Fallback and timeout protection
      ÔêÜ falls back to simple greeting when _buildContextualGreeting throws (10 ms)
      ÔêÜ section timeout produces null, not crash (166 ms)
      ÔêÜ greeting still renders when project status load fails (4 ms)
    AC9: Performance
      ÔêÜ context-aware greeting completes within 200ms (4 ms)
      ÔêÜ greeting with all sections completes within 200ms (4 ms)
    AC10: A/B comparison
      ÔêÜ static greeting is shorter than context-aware greeting (3 ms)
      ÔêÜ context-aware greeting includes more sections than static (4 ms)
      ÔêÜ existing session greeting differs from new session greeting (4 ms)
      ÔêÜ workflow session greeting is focused (4 ms)
    Backward compatibility
      ÔêÜ buildGreeting(agent, {}) still works (no enriched context) (4 ms)
      ÔêÜ buildGreeting(agent) still works (no context at all) (4 ms)
      ÔêÜ old format without visibility metadata still works (3 ms)

PASS tests/health-check/engine.test.js
  HealthCheckEngine
    Constructor
      ÔêÜ should create instance with default config (1 ms)
      ÔêÜ should create instance with custom config
      ÔêÜ should initialize empty results and errors arrays (1 ms)
    runChecks
      ÔêÜ should run checks and return results (4 ms)
      ÔêÜ should run critical checks first (1 ms)
      ÔêÜ should fail-fast in quick mode with critical failures (1 ms)
      ÔêÜ should handle empty checks array
      ÔêÜ should use correct timeout for mode (1 ms)
    runSingleCheck
      ÔêÜ should return cached result when available (1 ms)
      ÔêÜ should skip cache when cacheable is false (1 ms)
      ÔêÜ should handle check timeout (114 ms)
      ÔêÜ should handle check execution error (2 ms)
      ÔêÜ should include correct metadata in result (1 ms)
    runCheckGroup
      ÔêÜ should run checks in parallel when enabled (105 ms)
      ÔêÜ should run checks sequentially when parallel disabled (124 ms)
      ÔêÜ should mark remaining checks as skipped when timeout exceeded (62 ms)
    createErrorResult
      ÔêÜ should create proper error result (1 ms)
    createSkippedResult
      ÔêÜ should create proper skipped result
    hasCriticalFailure
      ÔêÜ should detect critical failure (1 ms)
      ÔêÜ should detect critical error (1 ms)
      ÔêÜ should return false when no critical failures
    groupByDomain
      ÔêÜ should group checks by domain (1 ms)
      ÔêÜ should handle checks without domain (1 ms)
    Cache operations
      ÔêÜ should clear cache
    getStats
      ÔêÜ should return execution statistics (25 ms)
  ResultCache
    ÔêÜ should store and retrieve values (1 ms)
    ÔêÜ should return null for missing keys (1 ms)
    ÔêÜ should expire entries after TTL (76 ms)
    ÔêÜ should report cache statistics (1 ms)

  console.log
    [19:13:08] [MasterOrchestrator]  MasterOrchestrator initialized

      at MasterOrchestrator.log [as _log] (.aios-core/core/orchestration/master-orchestrator.js:1470:13)

  console.log
    [19:13:08] [MasterOrchestrator]  MasterOrchestrator initialized

      at MasterOrchestrator.log [as _log] (.aios-core/core/orchestration/master-orchestrator.js:1470:13)

PASS tests/core/recovery-handler.test.js
  Recovery Handler (Story 0.5)
    RecoveryStrategy Enum (AC2)
      ÔêÜ should have all required strategies (4 ms)
    RecoveryResult Enum
      ÔêÜ should have all result types (2 ms)
    Constructor
      ÔêÜ should initialize with default options (3 ms)
      ÔêÜ should accept custom options (AC5) (2 ms)
    handleEpicFailure (AC1)
      ÔêÜ should handle epic failure and return recovery result (11 ms)
      ÔêÜ should track attempts (AC7) (68 ms)
      ÔêÜ should select RETRY_SAME_APPROACH for transient errors (2 ms)
      ÔêÜ should select ESCALATE_TO_HUMAN for fatal errors (7 ms)
    Max Retries (AC5)
      ÔêÜ should track retry count per epic (58 ms)
      ÔêÜ should return false for canRetry after max attempts (AC5) (65 ms)
    Automatic Escalation (AC6)
      ÔêÜ should escalate after max retries when autoEscalate is true (58 ms)
      ÔêÜ should not escalate when autoEscalate is false (57 ms)
      ÔêÜ should save escalation report (AC6) (58 ms)
    Logging (AC7)
      ÔêÜ should log all recovery attempts (3 ms)
      ÔêÜ should track attempt details (2 ms)
      ÔêÜ should get logs for specific epic (2 ms)
    Reset and Clear
      ÔêÜ should reset attempts for specific epic (2 ms)
      ÔêÜ should clear all state (2 ms)
    Error Classification
      ÔêÜ should classify transient errors correctly (2 ms)
      ÔêÜ should classify dependency errors correctly (2 ms)
    Event Emitter
      ÔêÜ should emit recoveryAttempt event (2 ms)
      ÔêÜ should emit escalation event when escalated (60 ms)
  Integration with MasterOrchestrator
    ÔêÜ should integrate RecoveryHandler with MasterOrchestrator (12 ms)
    ÔêÜ should expose getRecoveryHandler method (4 ms)

PASS tests/template-engine/prd-v2.test.js
  PRD Template v2.0 (Story 3.7)
    PRD-01: Generate PRD with required fields only
      ÔêÜ should generate complete PRD with all required sections (65 ms)
      ÔêÜ should not include UI/UX section when includeUIUX is false (32 ms)
      ÔêÜ should not include Brownfield section when isBrownfield is false (22 ms)
    PRD-02: Generate PRD with UI/UX section
      ÔêÜ should include UI/UX section when includeUIUX is true (22 ms)
      ÔêÜ should render all user flows as list items (25 ms)
    PRD-03: Generate PRD with Brownfield section
      ÔêÜ should include Brownfield section when isBrownfield is true (21 ms)
      ÔêÜ should render all integration points as list items (22 ms)
    PRD-04: Validation fails on missing required field
      ÔêÜ should fail validation when projectName is missing (14 ms)
      ÔêÜ should fail validation when problemStatement is too short (14 ms)
      ÔêÜ should fail validation when goals array is empty (13 ms)
      ÔêÜ should fail validation when risk has invalid impact value (13 ms)
    PRD-05: Variable elicitation prompts correctly
      ÔêÜ should load template with all variable definitions (5 ms)
      ÔêÜ should have prompts for all required variables (3 ms)
      ÔêÜ should have conditional variables for UI/UX and Brownfield (3 ms)
    PRD-06: Validation error messages are clear and actionable
      ÔêÜ should provide clear error message for missing required field (12 ms)
      ÔêÜ should provide clear error message for invalid enum value (13 ms)
      ÔêÜ should provide clear error message for minimum length violation (13 ms)
    PRD-07: Conditional validation (UI/UX fields when includeUIUX=true)
      ÔêÜ should fail validation when includeUIUX=true but userFlows is missing (14 ms)
      ÔêÜ should fail validation when includeUIUX=true but designConsiderations is missing (12 ms)
      ÔêÜ should pass validation when includeUIUX=true and all UI/UX fields are provided (13 ms)
      ÔêÜ should pass validation when includeUIUX=false even without UI/UX fields (12 ms)
    PRD-08: Conditional validation (Brownfield fields when isBrownfield=true)
      ÔêÜ should fail validation when isBrownfield=true but existingSystemAnalysis is missing (14 ms)
      ÔêÜ should fail validation when isBrownfield=true but integrationPoints is missing (14 ms)
      ÔêÜ should fail validation when isBrownfield=true but migrationStrategy is missing (12 ms)
      ÔêÜ should pass validation when isBrownfield=true and all Brownfield fields are provided (13 ms)
      ÔêÜ should pass validation when isBrownfield=false even without Brownfield fields (13 ms)
    Combined scenarios
      ÔêÜ should generate PRD with both UI/UX and Brownfield sections (19 ms)
      ÔêÜ should validate PRD with both UI/UX and Brownfield enabled (11 ms)

PASS tests/unit/quality/metrics-collector.test.js
  MetricsCollector
    createEmptyMetrics
      ÔêÜ should create valid empty metrics structure (3 ms)
    load/save
      ÔêÜ should create empty metrics on first load (6 ms)
      ÔêÜ should save and load metrics correctly (58 ms)
    recordRun
      ÔêÜ should record Layer 1 pre-commit run (18 ms)
      ÔêÜ should record Layer 2 PR review run (17 ms)
      ÔêÜ should record Layer 3 human review run (18 ms)
      ÔêÜ should reject invalid layer numbers (13 ms)
      ÔêÜ should include metadata in run record (18 ms)
    recordPreCommit
      ÔêÜ should record pre-commit as Layer 1 (19 ms)
    recordPRReview
      ÔêÜ should record PR review with CodeRabbit metrics (17 ms)
      ÔêÜ should accumulate CodeRabbit severity breakdown (19 ms)
      ÔêÜ should track Quinn categories (17 ms)
    recordHumanReview
      ÔêÜ should record human review as Layer 3 (19 ms)
    aggregate calculations
      ÔêÜ should calculate pass rate correctly (26 ms)
      ÔêÜ should calculate average time correctly (20 ms)
      ÔêÜ should update total runs count (22 ms)
      ÔêÜ should update lastRun timestamp (15 ms)
    cleanup
      ÔêÜ should remove records older than retention period (19 ms)
    export
      ÔêÜ should export metrics as JSON (15 ms)
      ÔêÜ should export history as CSV (18 ms)
    getLayerHistory
      ÔêÜ should return history for specific layer (20 ms)
      ÔêÜ should limit results when specified (40 ms)
    reset
      ÔêÜ should reset all metrics to empty state (22 ms)
    validation
      ÔêÜ should validate metrics against schema (13 ms)
      ÔêÜ should detect invalid metrics (13 ms)

  console.warn
    [GreetingBuilder] Fallback to simple greeting: Greeting timeout

    [0m [90m 160 |[39m       [36mreturn[39m [36mawait[39m [33mPromise[39m[33m.[39mrace([greetingPromise[33m,[39m timeoutPromise])[33m;[39m
     [90m 161 |[39m     } [36mcatch[39m (error) {
    [31m[1m>[22m[39m[90m 162 |[39m       console[33m.[39mwarn([32m'[GreetingBuilder] Fallback to simple greeting:'[39m[33m,[39m error[33m.[39mmessage)[33m;[39m
     [90m     |[39m               [31m[1m^[22m[39m
     [90m 163 |[39m       [36mreturn[39m fallbackGreeting[33m;[39m
     [90m 164 |[39m     }
     [90m 165 |[39m   }[0m

      at GreetingBuilder.warn [as buildGreeting] (.aios-core/development/scripts/greeting-builder.js:162:15)
      at Object.<anonymous> (tests/unit/greeting-builder.test.js:326:24)

  console.warn
    [GreetingBuilder] Session detection failed: Detection failed

    [0m [90m 1324 |[39m       [36mreturn[39m [36mthis[39m[33m.[39mcontextDetector[33m.[39mdetectSessionType(conversationHistory)[33m;[39m
     [90m 1325 |[39m     } [36mcatch[39m (error) {
    [31m[1m>[22m[39m[90m 1326 |[39m       console[33m.[39mwarn([32m'[GreetingBuilder] Session detection failed:'[39m[33m,[39m error[33m.[39mmessage)[33m;[39m
     [90m      |[39m               [31m[1m^[22m[39m
     [90m 1327 |[39m       [36mreturn[39m [32m'new'[39m[33m;[39m [90m// Conservative default[39m
     [90m 1328 |[39m     }
     [90m 1329 |[39m   }[0m

      at GreetingBuilder.warn [as _safeDetectSessionType] (.aios-core/development/scripts/greeting-builder.js:1326:15)
      at GreetingBuilder._safeDetectSessionType [as _buildContextualGreeting] (.aios-core/development/scripts/greeting-builder.js:181:60)
      at GreetingBuilder._buildContextualGreeting [as buildGreeting] (.aios-core/development/scripts/greeting-builder.js:155:36)
      at Object.buildGreeting (tests/unit/greeting-builder.test.js:337:38)

  console.warn
    [GreetingBuilder] Git config check failed: Git check failed

    [0m [90m 1338 |[39m       [36mreturn[39m [36mthis[39m[33m.[39mgitConfigDetector[33m.[39m[36mget[39m()[33m;[39m
     [90m 1339 |[39m     } [36mcatch[39m (error) {
    [31m[1m>[22m[39m[90m 1340 |[39m       console[33m.[39mwarn([32m'[GreetingBuilder] Git config check failed:'[39m[33m,[39m error[33m.[39mmessage)[33m;[39m
     [90m      |[39m               [31m[1m^[22m[39m
     [90m 1341 |[39m       [36mreturn[39m { configured[33m:[39m [36mfalse[39m[33m,[39m type[33m:[39m [36mnull[39m[33m,[39m branch[33m:[39m [36mnull[39m }[33m;[39m
     [90m 1342 |[39m     }
     [90m 1343 |[39m   }[0m

      at GreetingBuilder.warn [as _safeCheckGitConfig] (.aios-core/development/scripts/greeting-builder.js:1340:15)
      at GreetingBuilder._safeCheckGitConfig [as _buildContextualGreeting] (.aios-core/development/scripts/greeting-builder.js:186:56)
      at GreetingBuilder.buildGreeting (.aios-core/development/scripts/greeting-builder.js:160:14)
      at Object.<anonymous> (tests/unit/greeting-builder.test.js:351:24)

  console.warn
    [GreetingBuilder] Project status load failed: Load failed

    [0m [90m 1352 |[39m       [36mreturn[39m [36mawait[39m loadProjectStatus()[33m;[39m
     [90m 1353 |[39m     } [36mcatch[39m (error) {
    [31m[1m>[22m[39m[90m 1354 |[39m       console[33m.[39mwarn([32m'[GreetingBuilder] Project status load failed:'[39m[33m,[39m error[33m.[39mmessage)[33m;[39m
     [90m      |[39m               [31m[1m^[22m[39m
     [90m 1355 |[39m       [36mreturn[39m [36mnull[39m[33m;[39m
     [90m 1356 |[39m     }
     [90m 1357 |[39m   }[0m

      at GreetingBuilder.warn [as _safeLoadProjectStatus] (.aios-core/development/scripts/greeting-builder.js:1354:15)
      at GreetingBuilder._buildContextualGreeting (.aios-core/development/scripts/greeting-builder.js:183:53)
      at GreetingBuilder.buildGreeting (.aios-core/development/scripts/greeting-builder.js:160:14)
      at Object.<anonymous> (tests/unit/greeting-builder.test.js:360:24)

  console.warn
    [GreetingBuilder] user_profile validation failed: Invalid user_profile: "invalid_value". Valid options are: bob, advanced

    [0m [90m 110 |[39m       [36mconst[39m validation [33m=[39m validateUserProfile(userProfile)[33m;[39m
     [90m 111 |[39m       [36mif[39m ([33m![39mvalidation[33m.[39mvalid) {
    [31m[1m>[22m[39m[90m 112 |[39m         console[33m.[39mwarn([32m`[GreetingBuilder] user_profile validation failed: ${validation.error}`[39m)[33m;[39m
     [90m     |[39m                 [31m[1m^[22m[39m
     [90m 113 |[39m         [36mreturn[39m [33mDEFAULT_USER_PROFILE[39m[33m;[39m
     [90m 114 |[39m       }
     [90m 115 |[39m       [36mif[39m (validation[33m.[39mwarning) {[0m

      at GreetingBuilder.warn [as loadUserProfile] (.aios-core/development/scripts/greeting-builder.js:112:17)
      at Object.loadUserProfile (tests/unit/greeting-builder.test.js:499:33)

  console.warn
    [GreetingBuilder] Failed to load config: Config load failed

    [0m [90m 85 |[39m       [36mreturn[39m result[33m?[39m[33m.[39mconfig [33m||[39m [36mnull[39m[33m;[39m
     [90m 86 |[39m     } [36mcatch[39m (error) {
    [31m[1m>[22m[39m[90m 87 |[39m       console[33m.[39mwarn([32m'[GreetingBuilder] Failed to load config:'[39m[33m,[39m error[33m.[39mmessage)[33m;[39m
     [90m    |[39m               [31m[1m^[22m[39m
     [90m 88 |[39m       [36mreturn[39m [36mnull[39m[33m;[39m
     [90m 89 |[39m     }
     [90m 90 |[39m   }[0m

      at GreetingBuilder.warn [as _loadResolvedConfig] (.aios-core/development/scripts/greeting-builder.js:87:15)
      at GreetingBuilder._loadResolvedConfig [as loadUserProfile] (.aios-core/development/scripts/greeting-builder.js:102:45)
      at Object.loadUserProfile (tests/unit/greeting-builder.test.js:530:33)

PASS tests/unit/greeting-builder.test.js
  GreetingBuilder
    Session Type Greetings
      ÔêÜ should build new session greeting with full details (11 ms)
      ÔêÜ should build existing session greeting without role (5 ms)
      ÔêÜ should build workflow session greeting with minimal presentation (5 ms)
    Git Configuration
      ÔêÜ should show project status when git configured (4 ms)
      ÔêÜ should hide project status when git not configured (4 ms)
      ÔêÜ should show git warning at END when not configured (4 ms)
      ÔêÜ should not show git warning when configured (4 ms)
    Command Visibility
      ÔêÜ should show full commands for new session (4 ms)
      ÔêÜ should show quick commands for existing session (5 ms)
      ÔêÜ should show key commands for workflow session (4 ms)
      ÔêÜ should handle agent without visibility metadata (backwards compatible) (4 ms)
      ÔêÜ should limit to 12 commands maximum (7 ms)
    Current Context
      ÔêÜ should show workflow context when in workflow session (4 ms)
      ÔêÜ should show last command in existing session (5 ms)
    Project Status Formatting
      ÔêÜ should use full format for new/existing sessions (4 ms)
      ÔêÜ should use condensed format for workflow session (5 ms)
    Performance and Fallback
      ÔêÜ should complete within timeout (150ms) (4 ms)
      ÔêÜ should fallback to simple greeting on timeout (168 ms)
      ÔêÜ should fallback on context detection error (9 ms)
      ÔêÜ should fallback on git config error (9 ms)
      ÔêÜ should handle project status load failure gracefully (8 ms)
    Simple Greeting (Fallback)
      ÔêÜ should build simple greeting (3 ms)
      ÔêÜ should handle agent without persona profile (4 ms)
    Component Methods
      ÔêÜ buildPresentation should return correct greeting level (3 ms)
      ÔêÜ buildRoleDescription should return role (3 ms)
      ÔêÜ buildCommands should format commands list (3 ms)
      ÔêÜ buildGitWarning should return warning message (4 ms)
    User Profile-Based Filtering (Story 10.3)
      loadUserProfile()
        ÔêÜ should return advanced as default when resolveConfig returns no user_profile (3 ms)
        ÔêÜ should return advanced when user_profile is missing from config (3 ms)
        ÔêÜ should return advanced when user_profile is invalid (7 ms)
        ÔêÜ should return bob when user_profile is bob (4 ms)
        ÔêÜ should return advanced when user_profile is advanced (4 ms)
        ÔêÜ should return advanced when resolveConfig throws (12 ms)
      filterCommandsByVisibility() with user profile
        ÔêÜ should return commands for PM agent in bob mode (AC1) (4 ms)
        ÔêÜ should return empty array for non-PM agent in bob mode (AC1) (3 ms)
        ÔêÜ should return commands for any agent in advanced mode (AC2) (6 ms)
        ÔêÜ should default to advanced when userProfile not provided (AC6) (4 ms)
      buildBobModeRedirect()
        ÔêÜ should return redirect message with agent name (4 ms)
        ÔêÜ should return redirect message without agent name when agent is null (4 ms)
      Full greeting in bob mode
        ÔêÜ PM agent should show commands in bob mode (AC5) (5 ms)
        ÔêÜ Non-PM agent should show redirect message in bob mode (AC4) (4 ms)
        ÔêÜ All agents should show normal commands in advanced mode (AC2) (4 ms)
    ACT-12: Language delegated to Claude Code settings.json
      ÔêÜ buildSimpleGreeting uses English help prompt (language handled natively by Claude Code) (4 ms)
      ÔêÜ buildFixedLevelGreeting uses English help text (3 ms)
      ÔêÜ buildPresentation uses English welcome back (3 ms)
      ÔêÜ buildFooter uses English guide prompt for new sessions (4 ms)
      ÔêÜ buildFooter uses English help prompt for existing sessions (3 ms)

PASS tests/integration/full-migration.test.js
  Full Migration Integration
    MIG-01: Backup Created
      ÔêÜ should create backup directory with all files (62 ms)
    MIG-02: Backup Verified
      ÔêÜ should verify backup checksums match (77 ms)
    MIG-03: Analysis Works
      ÔêÜ should detect v2.0 structure and generate plan (27 ms)
    MIG-04: Core Migrated
      ÔêÜ should migrate core module files correctly (63 ms)
    MIG-05: Dev Migrated
      ÔêÜ should migrate development module files correctly (54 ms)
    MIG-06: Imports Updated
      ÔêÜ should verify no broken imports after migration (66 ms)
    MIG-07: Validation Pass
      ÔêÜ should validate migrated structure (63 ms)
    MIG-08: Rollback Works
      ÔêÜ should rollback to original v2.0 state (204 ms)
    MIG-09: Dry Run
      ÔêÜ should show plan without making changes in dry run mode (27 ms)
    MIG-11: Conflict Detection
      ÔêÜ should detect existing v2.1 directories as conflicts (28 ms)
    MIG-12: Permissions
      ÔêÜ should preserve file permissions during migration (64 ms)
    Full Migration Flow
      ÔêÜ should complete entire migration workflow (151 ms)

  console.log


      at log (bin/modules/mcp-installer.js:350:11)

  console.log
    ­ƒôè MCP Installation Status:

      at log (bin/modules/mcp-installer.js:351:11)

  console.log


      at log (bin/modules/mcp-installer.js:352:11)

  console.log
      Ô£ô Browser (Puppeteer): Installed

      at log (bin/modules/mcp-installer.js:360:13)

  console.log


      at log (bin/modules/mcp-installer.js:363:11)

  console.log
    ­ƒôü Configuration: /test/.mcp.json

      at log (bin/modules/mcp-installer.js:373:11)

  console.log
    ­ƒôï Installation log: .aios/install-log.txt

      at log (bin/modules/mcp-installer.js:374:11)

  console.log


      at log (bin/modules/mcp-installer.js:375:11)

  console.log


      at log (bin/modules/mcp-installer.js:350:11)

  console.log
    ­ƒôè MCP Installation Status:

      at log (bin/modules/mcp-installer.js:351:11)

  console.log


      at log (bin/modules/mcp-installer.js:352:11)

  console.log
      Ô£ô Browser (Puppeteer): Installed

      at log (bin/modules/mcp-installer.js:360:13)

  console.log
      ÔÜá´©Å Exa Web Search: Timeout

      at log (bin/modules/mcp-installer.js:360:13)

  console.log
      ÔØî Desktop Commander: Error

      at log (bin/modules/mcp-installer.js:360:13)

  console.log


      at log (bin/modules/mcp-installer.js:363:11)

  console.log
    ­ƒôü Configuration: /test/.mcp.json

      at log (bin/modules/mcp-installer.js:373:11)

  console.log
    ­ƒôï Installation log: .aios/install-log.txt

      at log (bin/modules/mcp-installer.js:374:11)

  console.log


      at log (bin/modules/mcp-installer.js:375:11)

PASS tests/installer/mcp-installation.test.js
  MCP Installation Module
    MCP Configuration Templates
      ÔêÜ should have all 4 required MCPs configured (5 ms)
      ÔêÜ browser MCP should have correct structure (3 ms)
      ÔêÜ context7 MCP should use npx/stdio transport (4 ms)
      ÔêÜ exa MCP should require API key (4 ms)
      ÔêÜ desktop-commander MCP should have correct package (2 ms)
    Platform-specific Configuration
      ÔêÜ should generate Windows config for npm MCPs on win32 (2 ms)
      ÔêÜ should generate Unix config for npm MCPs on darwin/linux (4 ms)
      ÔêÜ context7 config should be platform-specific npx/stdio (3 ms)
      ÔêÜ exa should include tools parameter (3 ms)
    .mcp.json Configuration Management
      ÔêÜ should create new .mcp.json if not exists (35 ms)
      ÔêÜ should have valid JSON structure (30 ms)
      ÔêÜ should append to existing .mcp.json (32 ms)
      ÔêÜ should create backup of existing .mcp.json (47 ms)
    Installation Process
      ÔêÜ should install all 4 MCPs successfully (46 ms)
      ÔêÜ should create installation logs (32 ms)
      ÔêÜ should call progress callback (31 ms)
      ÔêÜ should handle empty MCP selection (10 ms)
      ÔêÜ should reject unknown MCP ID (12 ms)
    Health Checks
      ÔêÜ should run health checks for installed MCPs (42 ms)
      ÔêÜ should mark MCP as warning if health check fails (34 ms)
    Error Handling
      ÔêÜ should log errors to error log (16 ms)
      ÔêÜ should include errors in result (18 ms)
    Status Display
      ÔêÜ displayInstallationStatus should not throw (10 ms)
      ÔêÜ should display all status types (12 ms)
    API Key Handling
      ÔêÜ should use provided API key for Exa (32 ms)
      ÔêÜ should use placeholder if no API key provided (32 ms)

  console.warn
    [PatternStore] Failed to load: bad indentation of a mapping entry (1:14)
    
     1 | invalid: yaml: content: [[[
    ------------------^

    [0m [90m 335 |[39m       }
     [90m 336 |[39m     } [36mcatch[39m (error) {
    [31m[1m>[22m[39m[90m 337 |[39m       console[33m.[39mwarn([32m'[PatternStore] Failed to load:'[39m[33m,[39m error[33m.[39mmessage)[33m;[39m
     [90m     |[39m               [31m[1m^[22m[39m
     [90m 338 |[39m     }
     [90m 339 |[39m
     [90m 340 |[39m     [90m// Return empty structure[39m[0m

      at PatternStore.warn [as _load] (.aios-core/workflow-intelligence/learning/pattern-store.js:337:15)
      at PatternStore._load [as load] (.aios-core/workflow-intelligence/learning/pattern-store.js:116:17)
      at Object.load (tests/integration/workflow-intelligence/pattern-learning.test.js:432:26)

PASS tests/integration/workflow-intelligence/pattern-learning.test.js
  Pattern Learning Integration
    Module Exports
      ÔêÜ should export high-level API functions (1 ms)
      ÔêÜ should export factory functions (2 ms)
      ÔêÜ should export classes (1 ms)
      ÔêÜ should export constants (1 ms)
    End-to-End Pattern Capture Flow
      ÔêÜ should capture, validate, and store a workflow pattern (4 ms)
      ÔêÜ should detect and update duplicate patterns (3 ms)
      ÔêÜ should reject invalid patterns before storage (2 ms)
    Pattern Lifecycle Management
      ÔêÜ should transition pattern through lifecycle states (4 ms)
      ÔêÜ should prune deprecated patterns first (9 ms)
    Pattern Matching and Similarity
      ÔêÜ should find similar patterns for suggestions (4 ms)
      ÔêÜ should return active patterns for SuggestionEngine (4 ms)
    Duplicate Detection
      ÔêÜ should detect exact duplicate patterns (2 ms)
      ÔêÜ should detect similar patterns above threshold (2 ms)
    Capture Hook Integration
      ÔêÜ should export hook functions (1 ms)
      ÔêÜ should handle disabled state gracefully (1 ms)
    WIS Integration
      ÔêÜ should be accessible from main WIS module (11 ms)
    Performance Tests
      ÔêÜ should complete full capture-validate-store cycle in under 100ms (2 ms)
      ÔêÜ should handle 100 patterns efficiently (336 ms)
      ÔêÜ should find similar patterns in under 50ms for 100 patterns (76 ms)
    Error Handling
      ÔêÜ should handle corrupted storage file gracefully (7 ms)
      ÔêÜ should handle missing storage directory (4 ms)

  console.log
    Skipping symlink test - requires admin on Windows

      at Object.log (tests/installer/post-install-validator.test.js:177:19)

PASS tests/installer/post-install-validator.test.js
  PostInstallValidator Security Tests
    Path Containment (isPathContained)
      ÔêÜ should allow paths within root (10 ms)
      ÔêÜ should reject path traversal with .. (6 ms)
      ÔêÜ should reject paths outside root (6 ms)
      ÔêÜ should handle Windows alternate data streams (6 ms)
      ÔêÜ should allow root directory itself (7 ms)
      ÔêÜ should handle Windows case-insensitivity (5 ms)
    Manifest Entry Validation (validateManifestEntry)
      ÔêÜ should accept valid entry (7 ms)
      ÔêÜ should reject unknown fields (5 ms)
      ÔêÜ should reject path traversal in entry (10 ms)
      ÔêÜ should reject null bytes in path (5 ms)
      ÔêÜ should reject absolute paths (5 ms)
      ÔêÜ should reject excessively long paths (5 ms)
      ÔêÜ should reject invalid hash format (5 ms)
      ÔêÜ should reject negative size (5 ms)
      ÔêÜ should reject unknown type values (6 ms)
      ÔêÜ should reject arrays as entries (5 ms)
    Symlink Rejection
      ÔêÜ should reject symlinks during validation (9 ms)
    Signature Verification
      ÔêÜ should fail when signature is required but missing (9 ms)
      ÔêÜ should allow validation without signature in dev mode (11 ms)
    Quick Mode Safety (H2)
      ÔêÜ should fail when size is missing in quick mode (9 ms)
      ÔêÜ should fail on size mismatch in quick mode (9 ms)
    Missing Hash Detection (H7)
      ÔêÜ should fail when hash is missing but verifyHashes is true (8 ms)
      ÔêÜ should fail when hash is empty string but verifyHashes is true (7 ms)
      ÔêÜ should pass when hash is missing but verifyHashes is false (quick mode) (9 ms)
    Secure Repair (C4)
      ÔêÜ should refuse repair without hash verification (7 ms)
      ÔêÜ should refuse repair without verified manifest (8 ms)
      ÔêÜ should verify source hash before copying (11 ms)
    Hash Error Handling (H3)
      ÔêÜ should treat hash errors as failures (12 ms)
    DoS Protection (H6)
      ÔêÜ should enforce max file count in manifest (115 ms)
      ÔêÜ should enforce max manifest size (18 ms)
      ÔêÜ should use byte length not character length for size check (DOS-4) (35 ms)
      ÔêÜ should check file size before reading (DOS-3) (18 ms)
    Issue Model (H4)
      ÔêÜ should store relativePath in issue objects (14 ms)
  Manifest Signature Module
    ÔêÜ should parse valid minisign signature format (1 ms)
    ÔêÜ should reject signature without untrusted comment (13 ms)
    ÔêÜ should reject signature with insufficient lines (1 ms)
    ÔêÜ should reject signature that is too short (1 ms)
  Manifest Signature DoS Protection
    ÔêÜ should reject oversized manifest file before reading (DOS-1) (17 ms)
    ÔêÜ should reject oversized signature file before reading (DOS-2) (8 ms)
    ÔêÜ should allow valid-sized manifest file (4 ms)

PASS tests/unit/wizard/ide-config-generator.test.js
  IDE Config Generator
    renderTemplate
      ÔêÜ should replace single variable (1 ms)
      ÔêÜ should replace multiple variables (1 ms)
      ÔêÜ should replace same variable multiple times (1 ms)
      ÔêÜ should leave unreplaced variables as-is
      ÔêÜ should handle empty variables object
    validateConfigContent
      ÔêÜ should validate valid JSON (1 ms)
      ÔêÜ should throw error for invalid JSON (13 ms)
      ÔêÜ should validate valid YAML (1 ms)
      ÔêÜ should throw error for invalid YAML (1 ms)
      ÔêÜ should accept any text format (1 ms)
      ÔêÜ should accept empty string for text format
    generateTemplateVariables
      ÔêÜ should generate default variables (1 ms)
      ÔêÜ should use projectName from wizard state (1 ms)
      ÔêÜ should use projectType from wizard state (1 ms)
      ÔêÜ should default to greenfield if projectType not specified
      ÔêÜ should generate ISO timestamp (1 ms)
      ÔêÜ should include AIOS version (1 ms)
    generateIDEConfigs
      ÔêÜ should create config file for single IDE (65 ms)
      ÔêÜ should create config files for multiple IDEs (105 ms)
      ÔêÜ should create directory for IDEs that require it (77 ms)
      ÔêÜ should render template with variables (58 ms)
      ÔêÜ should create github-copilot config in .github directory (54 ms)
      ÔêÜ should create text config files successfully (78 ms)
      ÔêÜ should handle invalid IDE key gracefully (3 ms)
      ÔêÜ should rollback on error (2 ms)

PASS tests/core/orchestration/bob-orchestrator.test.js
  BobOrchestrator
    constructor
      ÔêÜ should create BobOrchestrator with projectRoot (14 ms)
      ÔêÜ should throw if projectRoot is missing (25 ms)
      ÔêÜ should initialize all Epic 11 dependencies (9 ms)
    detectProjectState
      ÔêÜ should detect GREENFIELD when no package.json, .git, or docs exist (AC6) (9 ms)
      ÔêÜ should detect NO_CONFIG when resolveConfig fails (AC3) (8 ms)
      ÔêÜ should detect NO_CONFIG when resolveConfig returns empty config (AC3) (9 ms)
      ÔêÜ should detect EXISTING_NO_DOCS when config exists but no architecture docs (AC4) (10 ms)
      ÔêÜ should detect EXISTING_WITH_DOCS when config and architecture docs exist (AC5) (9 ms)
      ÔêÜ should use this.projectRoot as default when no argument is passed (Issue #88) (8 ms)
    orchestrate
      ÔêÜ should return lock_failed when lock cannot be acquired (13 ms)
      ÔêÜ should route to onboarding for NO_CONFIG state (AC3) (9 ms)
      ÔêÜ should route to brownfield_welcome for EXISTING_NO_DOCS state (AC4) (8 ms)
      ÔêÜ should route to ask_objective for EXISTING_WITH_DOCS state (AC5) (8 ms)
      ÔêÜ should route to greenfield for GREENFIELD state (AC6) (10 ms)
      ÔêÜ should release lock on error (9 ms)
      ÔêÜ should execute story when storyPath is provided (AC8-10) (11 ms)
    decision tree codification (AC7)
      ÔêÜ should use pure if/else statements without LLM calls (8 ms)
    constraint: router not god class (AC13)
      ÔêÜ should have less than 50 lines of other-agent-specific logic (12 ms)
    ProjectState enum
      ÔêÜ should export all four states (8 ms)
    _checkExistingSession (Story 12.5)
      ÔêÜ should return hasSession: false when no session exists (AC1) (8 ms)
      ÔêÜ should return session data when session exists (AC1) (9 ms)
      ÔêÜ should format elapsed time correctly (AC2) (9 ms)
      ÔêÜ should include crash warning when crash detected (AC4) (9 ms)
    handleSessionResume (Story 12.5)
      ÔêÜ should handle continue option (AC3 [1]) (9 ms)
      ÔêÜ should handle review option (AC3 [2]) (9 ms)
      ÔêÜ should handle restart option (AC3 [3]) (13 ms)
      ÔêÜ should handle discard option (AC3 [4]) (9 ms)
      ÔêÜ should handle unknown option (9 ms)
    data lifecycle integration (Story 12.5)
      ÔêÜ should initialize DataLifecycleManager in constructor (9 ms)
      ÔêÜ should have dataLifecycleManager with runStartupCleanup method (8 ms)
    _updatePhase (Story 12.5 - AC5)
      ÔêÜ should update session state on phase change (10 ms)
      ÔêÜ should not fail if session state does not exist (9 ms)
    Educational Mode (Story 12.7)
      _detectEducationalModeToggle (AC5)
        ÔêÜ should detect "ativa modo educativo" command (10 ms)
        ÔêÜ should detect "desativa modo educativo" command (8 ms)
        ÔêÜ should detect "Bob, ativa modo educativo" command (10 ms)
        ÔêÜ should detect "modo educativo on" command (9 ms)
        ÔêÜ should detect "modo educativo off" command (9 ms)
        ÔêÜ should detect "educational mode on" command (English) (10 ms)
        ÔêÜ should be case-insensitive (9 ms)
        ÔêÜ should return null for non-toggle commands (10 ms)
      orchestrate with educational mode toggle (AC5)
        ÔêÜ should detect toggle and return early before routing (9 ms)
        ÔêÜ should include persistence prompt in toggle result (9 ms)
      handleEducationalModeToggle (AC6)
        ÔêÜ should update internal state when enabling (9 ms)
        ÔêÜ should update internal state when disabling (14 ms)
        ÔêÜ should persist to session state for session type (9 ms)
        ÔêÜ should persist to user config for permanent type (9 ms)
        ÔêÜ should return feedback message (8 ms)
      _resolveEducationalMode (AC2)
        ÔêÜ should return false when no config or override exists (9 ms)
        ÔêÜ should prioritize session override over user config (8 ms)
        ÔêÜ should use user config when no session override (9 ms)
      getEducationalModePersistencePrompt (AC6)
        ÔêÜ should return persistence prompt (8 ms)

PASS tests/book-de-resultados/parser.test.js
  parser helpers
    ÔêÜ detects legacy workbook layout (1 ms)
    ÔêÜ detects Canoas workbook layout (1 ms)
    ÔêÜ infers metadata from the real file name pattern
    ÔêÜ normalizes fractional percentages (1 ms)
    ÔêÜ converts percentage to student count (1 ms)
  parseSpreadsheet()
    ÔêÜ parses the legacy workbook shape (61 ms)
    ÔêÜ parses the real Canoas workbook shape into the canonical contract (37 ms)
    ÔêÜ parses day-month skill percentages that Excel coerced into date cells (41 ms)
    ÔêÜ parses the copied Canoas workbook fixture used for layout validation (86 ms)
    ÔêÜ throws a clear error when the Canoas metadata block is incomplete (46 ms)
    ÔêÜ throws a clear error when no school rows are found in Profici├¬ncias (43 ms)
    ÔêÜ throws a clear error when Habilidades is missing required columns (37 ms)
    ÔêÜ throws a clear error when a required Canoas numeric percentage cell is blank (41 ms)
    ÔêÜ throws a clear error when a required Canoas habilidade percentage is invalid (39 ms)

  console.warn
    Template validation warnings: [ '/rollbackPlan: must NOT have fewer than 20 characters' ]

    [0m [90m 106 |[39m         validation [33m=[39m [36mawait[39m [36mthis[39m[33m.[39mvalidator[33m.[39mvalidate(variables[33m,[39m templateType)[33m;[39m
     [90m 107 |[39m         [36mif[39m ([33m![39mvalidation[33m.[39misValid) {
    [31m[1m>[22m[39m[90m 108 |[39m           console[33m.[39mwarn([32m'Template validation warnings:'[39m[33m,[39m validation[33m.[39merrors)[33m;[39m
     [90m     |[39m                   [31m[1m^[22m[39m
     [90m 109 |[39m         }
     [90m 110 |[39m       } [36mcatch[39m (error) {
     [90m 111 |[39m         [90m// Schema may not exist yet for all template types[39m[0m

      at TemplateEngine.warn [as generate] (.aios-core/product/templates/engine/index.js:108:19)
      at Object.<anonymous> (tests/templates/dbdr.test.js:230:22)

  console.warn
    Template validation warnings: [ '/migrationStrategy: must NOT have fewer than 20 characters' ]

    [0m [90m 106 |[39m         validation [33m=[39m [36mawait[39m [36mthis[39m[33m.[39mvalidator[33m.[39mvalidate(variables[33m,[39m templateType)[33m;[39m
     [90m 107 |[39m         [36mif[39m ([33m![39mvalidation[33m.[39misValid) {
    [31m[1m>[22m[39m[90m 108 |[39m           console[33m.[39mwarn([32m'Template validation warnings:'[39m[33m,[39m validation[33m.[39merrors)[33m;[39m
     [90m     |[39m                   [31m[1m^[22m[39m
     [90m 109 |[39m         }
     [90m 110 |[39m       } [36mcatch[39m (error) {
     [90m 111 |[39m         [90m// Schema may not exist yet for all template types[39m[0m

      at TemplateEngine.warn [as generate] (.aios-core/product/templates/engine/index.js:108:19)
      at Object.<anonymous> (tests/templates/dbdr.test.js:359:22)

PASS tests/templates/dbdr.test.js
  DBDR Template
    DBDR-01: Generate DBDR with required fields
      ÔêÜ should generate a valid DBDR document with all required fields (54 ms)
      ÔêÜ should fail validation without required fields (14 ms)
    DBDR-02: Schema changes table renders
      ÔêÜ should render schema changes as a table (14 ms)
      ÔêÜ should show placeholder when no schema changes (9 ms)
    DBDR-03: SQL blocks render correctly
      ÔêÜ should render SQL migration blocks when provided (9 ms)
      ÔêÜ should render rollback scripts when provided (8 ms)
    DBDR-04: Validation fails without rollbackPlan
      ÔêÜ should fail when rollbackPlan is missing (1 ms)
      ÔêÜ should fail when rollbackPlan is too short (9 ms)
    DBDR-05: Performance metrics table renders
      ÔêÜ should render performance metrics table when provided (8 ms)
      ÔêÜ should render indexing strategy when provided (8 ms)
    DBDR-06: Validation fails without migrationStrategy
      ÔêÜ should fail when migrationStrategy is missing (1 ms)
      ÔêÜ should fail when migrationStrategy is empty (1 ms)
      ÔêÜ should fail when migrationStrategy is too short (10 ms)
    DBDR-07: CLI command executes successfully
      ÔêÜ should be included in supported types (1 ms)
      ÔêÜ should load template info successfully (1 ms)
      ÔêÜ should list dbdr in available templates (14 ms)
    Optional sections rendering
      ÔêÜ should render migration phases when provided (8 ms)
      ÔêÜ should render consequences when provided (7 ms)
      ÔêÜ should render data volume considerations when provided (8 ms)
      ÔêÜ should render related decisions when provided (8 ms)
      ÔêÜ should render testing sections when provided (7 ms)

PASS tests/core/orchestration/bob-status-writer.test.js
  BobStatusWriter
    constructor
      ÔêÜ should throw if projectRoot is not provided (14 ms)
      ÔêÜ should throw if projectRoot is not a string (2 ms)
      ÔêÜ should set correct paths (2 ms)
    initialize
      ÔêÜ should create dashboard directory (12 ms)
      ÔêÜ should create bob-status.json file (8 ms)
      ÔêÜ should set orchestration.active to true (10 ms)
      ÔêÜ should include correct schema version (13 ms)
    writeBobStatus
      ÔêÜ should write status atomically (12 ms)
      ÔêÜ should update timestamp on each write (38 ms)
      ÔêÜ should update elapsed times (79 ms)
    updatePhase
      ÔêÜ should update current_stage (13 ms)
      ÔêÜ should update story_progress when provided (13 ms)
    completePhase
      ÔêÜ should add phase to completed_stages (18 ms)
      ÔêÜ should not duplicate completed phases (27 ms)
    updateAgent
      ÔêÜ should update current_agent fields (21 ms)
    clearAgent
      ÔêÜ should clear current_agent fields (29 ms)
    addTerminal
      ÔêÜ should add terminal to active_terminals (14 ms)
    removeTerminal
      ÔêÜ should remove terminal by pid (30 ms)
    recordSurfaceDecision
      ÔêÜ should add surface decision (16 ms)
    resolveSurfaceDecision
      ÔêÜ should mark decision as resolved (20 ms)
    addError
      ÔêÜ should add error to errors array (15 ms)
    clearErrors
      ÔêÜ should clear all errors (21 ms)
    educational mode
      ÔêÜ should update educational mode data (13 ms)
      ÔêÜ should add trade-offs (12 ms)
    startStory
      ÔêÜ should set current_story and reset progress (20 ms)
    complete
      ÔêÜ should set orchestration.active to false (13 ms)
    getStatus
      ÔêÜ should return copy of current status (8 ms)
    readStatus
      ÔêÜ should read status from file (13 ms)
      ÔêÜ should return null if file does not exist (2 ms)
  BOB_STATUS_SCHEMA
    ÔêÜ should have correct version (1 ms)
    ÔêÜ should have correct stages
    ÔêÜ should have createDefault function (1 ms)
  createDefaultBobStatus
    ÔêÜ should create valid default status (1 ms)
  Edge Cases
    ÔêÜ should handle concurrent writes gracefully (25 ms)
    ÔêÜ should handle missing dashboard directory (7 ms)
    ÔêÜ should handle partial status updates (12 ms)

  console.log
    
    ÔòÉÔòÉÔòÉÔòÉÔòÉÔòÉÔòÉÔòÉÔòÉÔòÉÔòÉÔòÉÔòÉÔòÉÔòÉÔòÉÔòÉÔòÉÔòÉÔòÉÔòÉÔòÉÔòÉÔòÉÔòÉÔòÉÔòÉÔòÉÔòÉÔòÉÔòÉÔòÉÔòÉÔòÉÔòÉÔòÉÔòÉÔòÉÔòÉÔòÉÔòÉÔòÉÔòÉÔòÉÔòÉÔòÉÔòÉÔòÉÔòÉÔòÉÔòÉÔòÉÔòÉÔòÉÔòÉÔòÉÔòÉÔòÉÔòÉÔòÉ

      at NotificationManager.log [as sendToConsole] (.aios-core/core/quality-gates/notification-manager.js:429:13)

  console.log
    ­ƒô¼ [IDS] CRITICAL: missing-file

      at NotificationManager.log [as sendToConsole] (.aios-core/core/quality-gates/notification-manager.js:430:13)

  console.log
    ÔòÉÔòÉÔòÉÔòÉÔòÉÔòÉÔòÉÔòÉÔòÉÔòÉÔòÉÔòÉÔòÉÔòÉÔòÉÔòÉÔòÉÔòÉÔòÉÔòÉÔòÉÔòÉÔòÉÔòÉÔòÉÔòÉÔòÉÔòÉÔòÉÔòÉÔòÉÔòÉÔòÉÔòÉÔòÉÔòÉÔòÉÔòÉÔòÉÔòÉÔòÉÔòÉÔòÉÔòÉÔòÉÔòÉÔòÉÔòÉÔòÉÔòÉÔòÉÔòÉÔòÉÔòÉÔòÉÔòÉÔòÉÔòÉÔòÉÔòÉ

      at NotificationManager.log [as sendToConsole] (.aios-core/core/quality-gates/notification-manager.js:431:13)

  console.log
    To: @dev

      at NotificationManager.log [as sendToConsole] (.aios-core/core/quality-gates/notification-manager.js:432:13)

  console.log
    Time: 2026-03-10T19:13:15.928Z

      at NotificationManager.log [as sendToConsole] (.aios-core/core/quality-gates/notification-manager.js:433:13)

  console.log
    ÔöÇÔöÇÔöÇÔöÇÔöÇÔöÇÔöÇÔöÇÔöÇÔöÇÔöÇÔöÇÔöÇÔöÇÔöÇÔöÇÔöÇÔöÇÔöÇÔöÇÔöÇÔöÇÔöÇÔöÇÔöÇÔöÇÔöÇÔöÇÔöÇÔöÇÔöÇÔöÇÔöÇÔöÇÔöÇÔöÇÔöÇÔöÇÔöÇÔöÇÔöÇÔöÇÔöÇÔöÇÔöÇÔöÇÔöÇÔöÇÔöÇÔöÇÔöÇÔöÇÔöÇÔöÇÔöÇÔöÇÔöÇÔöÇÔöÇÔöÇ

      at NotificationManager.log [as sendToConsole] (.aios-core/core/quality-gates/notification-manager.js:434:13)

  console.log
    [IDS Self-Healing] WARNING
    ÔöüÔöüÔöüÔöüÔöüÔöüÔöüÔöüÔöüÔöüÔöüÔöüÔöüÔöüÔöüÔöüÔöüÔöüÔöüÔöüÔöüÔöüÔöüÔöüÔöüÔöüÔöüÔöüÔöüÔöüÔöüÔöüÔöüÔöüÔöüÔöüÔöüÔöüÔöüÔöüÔöüÔöüÔöüÔöüÔöü
    Issue: missing-file (CRITICAL)
    Entity: missing-file-task
    Path: tasks/gone.md
    
    Problem: Referenced file does not exist on disk
    
    Details:
      path: "tasks/gone.md"
    
    Suggested Actions:
      1. Check if file was moved: git log --follow --diff-filter=R -- "*missing-file-task*"
      2. If intentionally deleted, remove from registry
      3. If accidentally deleted, restore from git: git checkout HEAD~1 -- tasks/gone.md
    
    This issue requires manual intervention and cannot be auto-fixed.
    ÔöüÔöüÔöüÔöüÔöüÔöüÔöüÔöüÔöüÔöüÔöüÔöüÔöüÔöüÔöüÔöüÔöüÔöüÔöüÔöüÔöüÔöüÔöüÔöüÔöüÔöüÔöüÔöüÔöüÔöüÔöüÔöüÔöüÔöüÔöüÔöüÔöüÔöüÔöüÔöüÔöüÔöüÔöüÔöüÔöü

      at NotificationManager.log [as sendToConsole] (.aios-core/core/quality-gates/notification-manager.js:435:13)

  console.log
    ÔòÉÔòÉÔòÉÔòÉÔòÉÔòÉÔòÉÔòÉÔòÉÔòÉÔòÉÔòÉÔòÉÔòÉÔòÉÔòÉÔòÉÔòÉÔòÉÔòÉÔòÉÔòÉÔòÉÔòÉÔòÉÔòÉÔòÉÔòÉÔòÉÔòÉÔòÉÔòÉÔòÉÔòÉÔòÉÔòÉÔòÉÔòÉÔòÉÔòÉÔòÉÔòÉÔòÉÔòÉÔòÉÔòÉÔòÉÔòÉÔòÉÔòÉÔòÉÔòÉÔòÉÔòÉÔòÉÔòÉÔòÉÔòÉÔòÉÔòÉ

      at NotificationManager.log [as sendToConsole] (.aios-core/core/quality-gates/notification-manager.js:436:13)

  console.log
    
    ÔòÉÔòÉÔòÉÔòÉÔòÉÔòÉÔòÉÔòÉÔòÉÔòÉÔòÉÔòÉÔòÉÔòÉÔòÉÔòÉÔòÉÔòÉÔòÉÔòÉÔòÉÔòÉÔòÉÔòÉÔòÉÔòÉÔòÉÔòÉÔòÉÔòÉÔòÉÔòÉÔòÉÔòÉÔòÉÔòÉÔòÉÔòÉÔòÉÔòÉÔòÉÔòÉÔòÉÔòÉÔòÉÔòÉÔòÉÔòÉÔòÉÔòÉÔòÉÔòÉÔòÉÔòÉÔòÉÔòÉÔòÉÔòÉÔòÉÔòÉ

      at NotificationManager.log [as sendToConsole] (.aios-core/core/quality-gates/notification-manager.js:429:13)

  console.log
    ­ƒô¼ [IDS] CRITICAL: missing-file

      at NotificationManager.log [as sendToConsole] (.aios-core/core/quality-gates/notification-manager.js:430:13)

  console.log
    ÔòÉÔòÉÔòÉÔòÉÔòÉÔòÉÔòÉÔòÉÔòÉÔòÉÔòÉÔòÉÔòÉÔòÉÔòÉÔòÉÔòÉÔòÉÔòÉÔòÉÔòÉÔòÉÔòÉÔòÉÔòÉÔòÉÔòÉÔòÉÔòÉÔòÉÔòÉÔòÉÔòÉÔòÉÔòÉÔòÉÔòÉÔòÉÔòÉÔòÉÔòÉÔòÉÔòÉÔòÉÔòÉÔòÉÔòÉÔòÉÔòÉÔòÉÔòÉÔòÉÔòÉÔòÉÔòÉÔòÉÔòÉÔòÉÔòÉÔòÉ

      at NotificationManager.log [as sendToConsole] (.aios-core/core/quality-gates/notification-manager.js:431:13)

  console.log
    To: @dev

      at NotificationManager.log [as sendToConsole] (.aios-core/core/quality-gates/notification-manager.js:432:13)

  console.log
    Time: 2026-03-10T19:13:15.949Z

      at NotificationManager.log [as sendToConsole] (.aios-core/core/quality-gates/notification-manager.js:433:13)

  console.log
    ÔöÇÔöÇÔöÇÔöÇÔöÇÔöÇÔöÇÔöÇÔöÇÔöÇÔöÇÔöÇÔöÇÔöÇÔöÇÔöÇÔöÇÔöÇÔöÇÔöÇÔöÇÔöÇÔöÇÔöÇÔöÇÔöÇÔöÇÔöÇÔöÇÔöÇÔöÇÔöÇÔöÇÔöÇÔöÇÔöÇÔöÇÔöÇÔöÇÔöÇÔöÇÔöÇÔöÇÔöÇÔöÇÔöÇÔöÇÔöÇÔöÇÔöÇÔöÇÔöÇÔöÇÔöÇÔöÇÔöÇÔöÇÔöÇÔöÇÔöÇ

      at NotificationManager.log [as sendToConsole] (.aios-core/core/quality-gates/notification-manager.js:434:13)

  console.log
    [IDS Self-Healing] WARNING
    ÔöüÔöüÔöüÔöüÔöüÔöüÔöüÔöüÔöüÔöüÔöüÔöüÔöüÔöüÔöüÔöüÔöüÔöüÔöüÔöüÔöüÔöüÔöüÔöüÔöüÔöüÔöüÔöüÔöüÔöüÔöüÔöüÔöüÔöüÔöüÔöüÔöüÔöüÔöüÔöüÔöüÔöüÔöüÔöüÔöü
    Issue: missing-file (CRITICAL)
    Entity: deleted-task
    Path: tasks/deleted.md
    
    Problem: Referenced file does not exist on disk
    
    Details:
      path: "tasks/deleted.md"
    
    Suggested Actions:
      1. Check if file was moved: git log --follow --diff-filter=R -- "*deleted-task*"
      2. If intentionally deleted, remove from registry
      3. If accidentally deleted, restore from git: git checkout HEAD~1 -- tasks/deleted.md
    
    This issue requires manual intervention and cannot be auto-fixed.
    ÔöüÔöüÔöüÔöüÔöüÔöüÔöüÔöüÔöüÔöüÔöüÔöüÔöüÔöüÔöüÔöüÔöüÔöüÔöüÔöüÔöüÔöüÔöüÔöüÔöüÔöüÔöüÔöüÔöüÔöüÔöüÔöüÔöüÔöüÔöüÔöüÔöüÔöüÔöüÔöüÔöüÔöüÔöüÔöüÔöü

      at NotificationManager.log [as sendToConsole] (.aios-core/core/quality-gates/notification-manager.js:435:13)

  console.log
    ÔòÉÔòÉÔòÉÔòÉÔòÉÔòÉÔòÉÔòÉÔòÉÔòÉÔòÉÔòÉÔòÉÔòÉÔòÉÔòÉÔòÉÔòÉÔòÉÔòÉÔòÉÔòÉÔòÉÔòÉÔòÉÔòÉÔòÉÔòÉÔòÉÔòÉÔòÉÔòÉÔòÉÔòÉÔòÉÔòÉÔòÉÔòÉÔòÉÔòÉÔòÉÔòÉÔòÉÔòÉÔòÉÔòÉÔòÉÔòÉÔòÉÔòÉÔòÉÔòÉÔòÉÔòÉÔòÉÔòÉÔòÉÔòÉÔòÉÔòÉ

      at NotificationManager.log [as sendToConsole] (.aios-core/core/quality-gates/notification-manager.js:436:13)

PASS tests/core/ids/registry-healer.test.js
  RegistryHealer
    daysSince()
      ÔêÜ returns Infinity for undefined input (2 ms)
      ÔêÜ returns Infinity for invalid date (2 ms)
      ÔêÜ returns approximately 0 for current timestamp (2 ms)
      ÔêÜ returns correct day count for past date (2 ms)
    buildEntityIndex()
      ÔêÜ returns empty Map for null entities (2 ms)
      ÔêÜ builds flat index from nested entity structure (1 ms)
      ÔêÜ skips non-object category entries (1 ms)
    HEALING_RULES
      ÔêÜ defines 6 healing rules (2 ms)
      ÔêÜ each rule has required fields (3 ms)
      ÔêÜ missing-file is critical and non-auto-healable (1 ms)
      ÔêÜ checksum-mismatch is high and auto-healable (1 ms)
      ÔêÜ has correct auto-healable distribution (5 of 6 = 83%) (2 ms)
    runHealthCheck()
      ÔêÜ returns empty issues for a healthy registry (6 ms)
      ÔêÜ detects missing files (CRITICAL) (4 ms)
      ÔêÜ detects checksum mismatches (HIGH) (4 ms)
      ÔêÜ detects orphaned usedBy references (MEDIUM) (4 ms)
      ÔêÜ detects orphaned dependency references (MEDIUM) (5 ms)
      ÔêÜ detects missing keywords (LOW) (4 ms)
      ÔêÜ detects stale lastVerified timestamps (LOW) (4 ms)
      ÔêÜ skips further checks for missing files (4 ms)
      ÔêÜ sorts issues by severity (critical first) (5 ms)
      ÔêÜ builds correct summary statistics (5 ms)
    heal()
      ÔêÜ heals checksum mismatches by recomputing (12 ms)
      ÔêÜ heals orphaned usedBy references by removing them (14 ms)
      ÔêÜ heals orphaned dependency references by removing them (9 ms)
      ÔêÜ heals missing keywords by extracting from file (8 ms)
      ÔêÜ heals stale verification by updating timestamp (8 ms)
      ÔêÜ skips non-auto-healable issues when autoOnly is true (3 ms)
      ÔêÜ supports dryRun mode without modifying registry (4 ms)
      ÔêÜ creates backup before healing (8 ms)
      ÔêÜ persists healed changes to the registry file (9 ms)
    emitWarnings()
      ÔêÜ generates formatted warnings for non-auto-healable issues (24 ms)
      ÔêÜ includes suggested manual actions in warnings (11 ms)
    rollback()
      ÔêÜ restores registry from backup (12 ms)
      ÔêÜ throws error for non-existent backup (23 ms)
      ÔêÜ logs rollback action to healing log (11 ms)
    queryHealingLog()
      ÔêÜ returns empty array when no log exists (2 ms)
      ÔêÜ logs healing actions and can be queried (9 ms)
      ÔêÜ each log entry has required fields (11 ms)
      ÔêÜ supports limit parameter (10 ms)
    backup pruning
      ÔêÜ retains at most MAX_BACKUPS backup files (60 ms)
    80%+ auto-healable rate (AC: 10)
      ÔêÜ achieves at least 80% auto-healable rate across all rule types (6 ms)
    SEVERITY_ORDER
      ÔêÜ has correct ordering (critical=0, low=3) (2 ms)
    constructor
      ÔêÜ accepts custom options (2 ms)

  console.log
    [squad-generator] Detected 3 project config(s) in docs/framework/

      at SquadGenerator.log [as detectProjectConfigs] (.aios-core/development/scripts/squad/squad-generator.js:699:15)

  console.log
    [squad-generator] Using project-level configuration from docs/framework/

      at SquadGenerator.log [as generate] (.aios-core/development/scripts/squad/squad-generator.js:781:17)

  console.log
    [squad-generator] Skipping local config file creation (using project-level configs)

      at SquadGenerator.log [as generate] (.aios-core/development/scripts/squad/squad-generator.js:818:15)

  console.log
    [squad-generator] Detected 3 project config(s) in docs/framework/

      at SquadGenerator.log [as detectProjectConfigs] (.aios-core/development/scripts/squad/squad-generator.js:699:15)

  console.log
    [squad-generator] Using project-level configuration from docs/framework/

      at SquadGenerator.log [as generate] (.aios-core/development/scripts/squad/squad-generator.js:781:17)

  console.log
    [squad-generator] Skipping local config file creation (using project-level configs)

      at SquadGenerator.log [as generate] (.aios-core/development/scripts/squad/squad-generator.js:818:15)

PASS tests/integration/squad/squad-designer-integration.test.js
  Squad Designer Integration
    Complete Design-to-Squad Flow
      ÔêÜ should create valid squad from documentation through design (207 ms)
      ÔêÜ should handle minimal documentation (4 ms)
      ÔêÜ should handle multiple documentation files (6 ms)
    Blueprint Schema Validation
      ÔêÜ should generate schema-compliant blueprint (3 ms)
    Error Handling
      ÔêÜ should handle missing documentation gracefully (19 ms)
      ÔêÜ should handle empty documentation (4 ms)
      ÔêÜ should handle invalid blueprint for squad generation (10 ms)
    Confidence Scoring
      ÔêÜ should assign higher confidence to clearer documentation (5 ms)
    Performance
      ÔêÜ should complete full design flow within acceptable time (94 ms)

PASS tests/unit/workflow-intelligence/pattern-store.test.js
  PatternStore (Unit)
    Module Exports
      ÔêÜ should export PatternStore class (1 ms)
      ÔêÜ should export createPatternStore factory (1 ms)
      ÔêÜ should export DEFAULT_MAX_PATTERNS (1 ms)
      ÔêÜ should export PATTERN_STATUS enum (1 ms)
    Constructor
      ÔêÜ should create instance with default options (1 ms)
      ÔêÜ should accept custom options (1 ms)
    save
      ÔêÜ should save new pattern (2 ms)
      ÔêÜ should update existing pattern with same sequence (3 ms)
      ÔêÜ should update success rate with weighted average (3 ms)
      ÔêÜ should set lastSeen on update (3 ms)
      ÔêÜ should normalize pattern with default values (2 ms)
      ÔêÜ should persist to file (2 ms)
    load
      ÔêÜ should return empty structure when file does not exist (1 ms)
      ÔêÜ should load saved patterns (4 ms)
      ÔêÜ should use cache for repeated loads (2 ms)
    findSimilar
      ÔêÜ should return empty array for null sequence (4 ms)
      ÔêÜ should find matching patterns (3 ms)
      ÔêÜ should sort by similarity descending (3 ms)
      ÔêÜ should include similarity score in results (4 ms)
    getStats
      ÔêÜ should return statistics for empty store (1 ms)
      ÔêÜ should count patterns by status (4 ms)
      ÔêÜ should calculate average success rate (3 ms)
      ÔêÜ should include storage file path (1 ms)
    prune
      ÔêÜ should not prune when below threshold (8 ms)
      ÔêÜ should prune to specified count (9 ms)
      ÔêÜ should keep promoted patterns during prune (9 ms)
      ÔêÜ should use lowest_success_rate strategy when specified (9 ms)
    updateStatus
      ÔêÜ should update pattern status (3 ms)
      ÔêÜ should fail for non-existent pattern (2 ms)
      ÔêÜ should fail for invalid status (2 ms)
      ÔêÜ should set lastUpdated timestamp (3 ms)
    getByStatus
      ÔêÜ should return patterns with given status (3 ms)
      ÔêÜ should return empty array for unused status (4 ms)
    getActivePatterns
      ÔêÜ should return active and promoted patterns (5 ms)
    delete
      ÔêÜ should delete pattern by ID (4 ms)
      ÔêÜ should fail for non-existent pattern (3 ms)
    Auto-Prune
      ÔêÜ should auto-prune when approaching limit (8 ms)
    Cache Invalidation
      ÔêÜ should reload after cache invalidation (4 ms)
    Performance
      ÔêÜ should save pattern in under 50ms (3 ms)
      ÔêÜ should load patterns in under 50ms (92 ms)
      ÔêÜ should find similar patterns in under 200ms (82 ms)

PASS tests/unit/squad/squad-migrator.test.js
  SquadMigrator
    Constants
      ÔêÜ should export MigratorErrorCodes enum (8 ms)
      ÔêÜ should export SquadMigratorError class (3 ms)
    Constructor
      ÔêÜ should disable dryRun mode by default (3 ms)
      ÔêÜ should enable dryRun mode when specified (2 ms)
      ÔêÜ should disable verbose mode by default (3 ms)
      ÔêÜ should enable verbose mode when specified (3 ms)
      ÔêÜ should accept custom validator (3 ms)
    analyze()
      ÔêÜ should throw SQUAD_NOT_FOUND for non-existent directory (AC 3.1) (20 ms)
      ÔêÜ should throw NO_MANIFEST when no manifest exists (AC 3.2) (4 ms)
      ÔêÜ should detect legacy manifest (config.yaml) (AC 2) (4 ms)
      ÔêÜ should detect flat structure (missing directories) (AC 6) (5 ms)
      ÔêÜ should detect missing aios.type field (AC 5) (4 ms)
      ÔêÜ should detect missing aios.minVersion field (AC 5) (5 ms)
      ÔêÜ should return needsMigration: false for up-to-date squad (11 ms)
      ÔêÜ should complete analysis within 100ms (6 ms)
    createBackup()
      ÔêÜ should create backup directory with timestamp (AC 3) (12 ms)
      ÔêÜ should copy all files to backup (AC 3) (14 ms)
      ÔêÜ should handle backup of directory that does not have files (6 ms)
    migrate()
      ÔêÜ should return success for already up-to-date squad (10 ms)
      ÔêÜ should create backup before migration (AC 3) (18 ms)
      ÔêÜ should rename config.yaml to squad.yaml (AC 4) (17 ms)
      ÔêÜ should create missing directories (AC 6) (16 ms)
      ÔêÜ should add missing aios.type and aios.minVersion fields (AC 5) (17 ms)
      ÔêÜ should return success with executed actions (18 ms)
    migrate() with --dry-run (AC 9)
      ÔêÜ should not modify files in dry-run mode (6 ms)
      ÔêÜ should return dry-run status for all actions (5 ms)
    generateReport() (AC 10)
      ÔêÜ should generate report with squad path (4 ms)
      ÔêÜ should include issues in report (5 ms)
      ÔêÜ should include planned actions in report (7 ms)
      ÔêÜ should include migration result when provided (30 ms)
      ÔêÜ should show dry-run indicator in report (9 ms)
    Verbose mode
      ÔêÜ should log when verbose is enabled (6 ms)
      ÔêÜ should not log when verbose is disabled (6 ms)
    Error handling
      ÔêÜ should handle YAML parse errors gracefully (8 ms)
    Edge cases
      ÔêÜ should handle squad with only config.yaml but valid schema (19 ms)
      ÔêÜ should handle sequential backup calls with different timestamps (26 ms)
      ÔêÜ should detect missing name field in manifest (9 ms)
      ÔêÜ should detect missing version field in manifest (9 ms)
    MOVE_FILE action
      ÔêÜ should execute MOVE_FILE action successfully (9 ms)
      ÔêÜ should throw error for unknown action type (4 ms)
    Action execution failure handling
      ÔêÜ should record failed actions in result (12 ms)
    Validation integration
      ÔêÜ should handle validator errors gracefully (17 ms)
      ÔêÜ should include validation results in report (17 ms)
      ÔêÜ should show validation errors count in report (17 ms)
    Performance
      ÔêÜ should complete full migration within 500ms (20 ms)

PASS tests/core/orchestration/parallel-executor.test.js
  ParallelExecutor
    executeParallel
      ÔêÜ should execute phases successfully and return a success summary (2 ms)
      ÔêÜ should collect phase failures without treating them as successes (2 ms)
      ÔêÜ should respect the configured concurrency limit (18 ms)
      ÔêÜ should use the instance concurrency when options are not provided (1 ms)
    getStatus
      ÔêÜ should return a cloned snapshot of task state with durations (1 ms)
    hasRunningTasks
      ÔêÜ should report whether any task is still running (1 ms)
    waitForCompletion
      ÔêÜ should resolve once running tasks are completed (103 ms)
      ÔêÜ should reject when tasks never finish before the timeout (114 ms)
    cancelAll
      ÔêÜ should cancel only tasks that are still running (1 ms)
    clear
      ÔêÜ should remove all tracked tasks (1 ms)
    setMaxConcurrency
      ÔêÜ should clamp concurrency between 1 and 10 (1 ms)
    getSummary
      ÔêÜ should summarize completed, failed, and running tasks (1 ms)

PASS tests/template-engine/template-engine.test.js
  Template Engine v2.0
    TE-01: Template Loader
      ÔêÜ should load template with YAML frontmatter (8 ms)
      ÔêÜ should parse variables from frontmatter (5 ms)
      ÔêÜ should throw error for missing template (16 ms)
      ÔêÜ should cache loaded templates (3 ms)
      ÔêÜ should list available templates (21 ms)
    TE-02: Variable Elicitation
      ÔêÜ should merge provided context with defaults (3 ms)
      ÔêÜ should resolve auto values (1 ms)
      ÔêÜ should validate required variables (1 ms)
      ÔêÜ should handle interactive mode (2 ms)
    TE-03: Template Renderer
      ÔêÜ should render simple template (2 ms)
      ÔêÜ should support padNumber helper (2 ms)
      ÔêÜ should support formatDate helper (2 ms)
      ÔêÜ should support conditional blocks (3 ms)
      ÔêÜ should support each loops (3 ms)
      ÔêÜ should validate template syntax (2 ms)
    TE-04: JSON Schema Validation
      ÔêÜ should load schema for template type (2 ms)
      ÔêÜ should validate valid data (23 ms)
      ÔêÜ should reject invalid data (15 ms)
      ÔêÜ should validate structure of rendered content (3 ms)
    TE-05: Complete Document Generation
      ÔêÜ should generate complete ADR (19 ms)
      ÔêÜ should generate complete PRD (28 ms)
    TE-06: Error Handling
      ÔêÜ should throw for unsupported template type (5 ms)
      ÔêÜ should throw for missing required variables in non-interactive mode (26 ms)
      ÔêÜ should handle template syntax errors gracefully (4 ms)
    TE-07: Template Listing
      ÔêÜ should return supported template types (2 ms)
      ÔêÜ should list templates with info (10 ms)
      ÔêÜ should get template info (2 ms)
    Custom Helpers
      ÔêÜ should support custom registered helpers (1 ms)
      ÔêÜ should support add/subtract helpers (2 ms)
      ÔêÜ should support string helpers (3 ms)
      ÔêÜ should support array helpers (2 ms)
      ÔêÜ should support times helper with @index data variable (2 ms)

PASS tests/core/orchestration/session-state.test.js
  SessionState
    Constants
      ÔêÜ should export SESSION_STATE_VERSION as 1.2 (16 ms)
      ÔêÜ should export SESSION_STATE_FILENAME as .session-state.yaml (5 ms)
      ÔêÜ should export CRASH_THRESHOLD_MINUTES as 30 (6 ms)
    ActionType enum
      ÔêÜ should have all required action types (5 ms)
    Phase enum
      ÔêÜ should have all workflow phases (4 ms)
    ResumeOption enum
      ÔêÜ should have all resume options (6 ms)
    createSessionState()
      ÔêÜ should create a new session state with all required fields (AC1-5) (12 ms)
      ÔêÜ should include workflow section from ADR-011 (8 ms)
      ÔêÜ should include version 1.2 (7 ms)
    loadSessionState()
      ÔêÜ should return null when no state exists (7 ms)
      ÔêÜ should load existing session state (9 ms)
    updateSessionState()
      ÔêÜ should update progress fields (10 ms)
      ÔêÜ should update workflow state (AC6) (10 ms)
      ÔêÜ should update last_updated timestamp automatically (27 ms)
      ÔêÜ should throw if state not initialized (17 ms)
    recordPhaseChange()
      ÔêÜ should record phase changes with executor (10 ms)
      ÔêÜ should track executor distribution (11 ms)
    recordStoryCompleted()
      ÔêÜ should move story from pending to done (15 ms)
      ÔêÜ should reset workflow state for new story (12 ms)
    recordPause()
      ÔêÜ should record pause action (9 ms)
    detectCrash() (AC9)
      ÔêÜ should detect crash when last_updated > 30 min and action is not PAUSE (9 ms)
      ÔêÜ should not detect crash when action is PAUSE (9 ms)
      ÔêÜ should not detect crash when last_updated is recent (8 ms)
    getResumeOptions() (AC7-8)
      ÔêÜ should return 4 resume options (7 ms)
      ÔêÜ should have labels for each option (7 ms)
    getResumeSummary()
      ÔêÜ should return formatted resume summary (10 ms)
    handleResumeOption()
      ÔêÜ should handle CONTINUE option (9 ms)
      ÔêÜ should handle REVIEW option (10 ms)
      ÔêÜ should handle RESTART option (11 ms)
      ÔêÜ should handle DISCARD option (10 ms)
    getProgressSummary()
      ÔêÜ should return detailed progress summary (10 ms)
    discard()
      ÔêÜ should archive state file instead of deleting (8 ms)
    validateSchema()
      ÔêÜ should validate correct schema (5 ms)
      ÔêÜ should detect missing required fields (4 ms)
      ÔêÜ should detect missing session_state root (5 ms)
    Factory functions
      ÔêÜ createSessionState() should return SessionState instance (6 ms)
      ÔêÜ sessionStateExists() should return false for non-existent state (5 ms)
      ÔêÜ sessionStateExists() should return true after creation (13 ms)
      ÔêÜ loadSessionState() should load existing state (10 ms)
  SessionState Migration (ADR-011)
    ÔêÜ should migrate from legacy workflow state (Task 7) (14 ms)
    ÔêÜ should not migrate if autoMigrate is false (9 ms)

PASS tests/unit/quality/metrics-hook.test.js
  Metrics Hook
    recordPreCommitMetrics
      ÔêÜ should record pre-commit metrics without throwing (40 ms)
      ÔêÜ should include triggeredBy: hook in metadata (26 ms)
      ÔêÜ should handle failure gracefully (19 ms)
    recordPRReviewMetrics
      ÔêÜ should record PR review with CodeRabbit data (23 ms)
      ÔêÜ should record PR review with Quinn data (26 ms)
      ÔêÜ should include additional metadata (22 ms)
    recordHumanReviewMetrics
      ÔêÜ should record human review as Layer 3 (21 ms)
    withPreCommitMetrics
      ÔêÜ should wrap check function and record metrics (21 ms)
      ÔêÜ should catch and record failures (21 ms)
      ÔêÜ should pass through metadata from check function (20 ms)
    getQuickSummary
      ÔêÜ should return null when no metrics exist (18 ms)
      ÔêÜ should return summary structure when data exists (35 ms)

PASS tests/unit/squad/squad-publisher.test.js
  SquadPublisher
    Constants
      ÔêÜ should export AIOS_SQUADS_REPO (6 ms)
      ÔêÜ should export PublisherErrorCodes enum (3 ms)
      ÔêÜ should export SAFE_NAME_PATTERN (3 ms)
    sanitizeForShell()
      ÔêÜ should return empty string for null/undefined (3 ms)
      ÔêÜ should keep safe characters unchanged (3 ms)
      ÔêÜ should replace unsafe characters with hyphens (4 ms)
      ÔêÜ should collapse multiple hyphens (3 ms)
      ÔêÜ should remove leading/trailing hyphens (3 ms)
    isValidName()
      ÔêÜ should return true for valid names (3 ms)
      ÔêÜ should return false for invalid names (4 ms)
      ÔêÜ should return false for null/undefined/empty (3 ms)
    Constructor
      ÔêÜ should disable verbose mode by default (3 ms)
      ÔêÜ should enable verbose mode when specified (3 ms)
      ÔêÜ should disable dry run by default (2 ms)
      ÔêÜ should enable dry run when specified (2 ms)
      ÔêÜ should use default repo when not specified (7 ms)
      ÔêÜ should use custom repo when specified (3 ms)
    SquadPublisherError
      ÔêÜ should create error with code and message (3 ms)
      ÔêÜ should include suggestion in error (3 ms)
      ÔêÜ should format toString() with suggestion (3 ms)
    checkAuth()
      ÔêÜ should return authenticated=true when gh auth succeeds (Test 3.7) (4 ms)
      ÔêÜ should extract username from gh auth output (3 ms)
      ÔêÜ should return authenticated=false when gh auth fails (3 ms)
    publish()
      ÔêÜ should throw SQUAD_NOT_FOUND for non-existent path (Test 3.8) (16 ms)
      ÔêÜ should validate squad before publishing (Test 3.8) (48 ms)
      ÔêÜ should fail without auth (Test 3.9) (37 ms)
      ÔêÜ should not create PR in dry run mode (Test 3.10) (23 ms)
      ÔêÜ should return preview in dry run mode (20 ms)
    generatePRBody()
      ÔêÜ should include squad name in PR body (Test 3.11) (3 ms)
      ÔêÜ should include version in PR body (3 ms)
      ÔêÜ should include author in PR body (3 ms)
      ÔêÜ should include description in PR body (2 ms)
      ÔêÜ should include components count in PR body (2 ms)
      ÔêÜ should handle missing components gracefully (3 ms)
      ÔêÜ should use default values for missing fields (3 ms)
      ÔêÜ should include category in PR body (2 ms)
      ÔêÜ should include checklist in PR body (2 ms)
      ÔêÜ should include submit attribution (3 ms)
    Verbose mode
      ÔêÜ should log messages in verbose mode (19 ms)
      ÔêÜ should not log messages when verbose is false (20 ms)
    _updateRegistry()
      ÔêÜ should add new squad to registry (7 ms)
      ÔêÜ should update existing squad in registry (7 ms)
      ÔêÜ should sort squads alphabetically (7 ms)
      ÔêÜ should create registry structure if missing (9 ms)
    _pathExists()
      ÔêÜ should return true for existing path (3 ms)
      ÔêÜ should return false for non-existing path (2 ms)
    _copyDir()
      ÔêÜ should copy directory recursively (12 ms)

  console.warn
    [GreetingBuilder] Workflow suggestions failed: Unexpected error in navigator

    [0m [90m 894 |[39m       [36mreturn[39m [36mthis[39m[33m.[39mworkflowNavigator[33m.[39mformatSuggestions(enhancedSuggestions[33m,[39m header)[33m;[39m
     [90m 895 |[39m     } [36mcatch[39m (error) {
    [31m[1m>[22m[39m[90m 896 |[39m       console[33m.[39mwarn([32m'[GreetingBuilder] Workflow suggestions failed:'[39m[33m,[39m error[33m.[39mmessage)[33m;[39m
     [90m     |[39m               [31m[1m^[22m[39m
     [90m 897 |[39m       [36mreturn[39m [36mnull[39m[33m;[39m
     [90m 898 |[39m     }
     [90m 899 |[39m   }[0m

      at GreetingBuilder.warn [as buildWorkflowSuggestions] (.aios-core/development/scripts/greeting-builder.js:896:15)
      at Object.buildWorkflowSuggestions (tests/core/workflow-navigator-integration.test.js:642:30)

PASS tests/core/workflow-navigator-integration.test.js
  WorkflowNavigator Integration (Story ACT-5)
    AC1: Fixed method call
      ÔêÜ calls suggestNextCommands on WorkflowNavigator, not getNextSteps (11 ms)
      ÔêÜ buildWorkflowSuggestions calls detectWorkflowState + suggestNextCommands (5 ms)
    AC2: Relaxed trigger conditions
      ÔêÜ workflow suggestions shown for existing sessions with workflow state (9 ms)
      ÔêÜ no workflow suggestions for new sessions (4 ms)
      ÔêÜ workflow suggestions shown for workflow session type (5 ms)
    AC3/AC6: SessionState integration
      ÔêÜ detects active workflow from session state file (5 ms)
      ÔêÜ falls back to command history when no session state file (4 ms)
      ÔêÜ graceful degradation when session state file is malformed (3 ms)
      ÔêÜ ignores session state without active workflow phase (5 ms)
    AC4: SurfaceChecker proactive suggestions
      ÔêÜ enhances suggestions when surface checker detects high risk (5 ms)
      ÔêÜ returns original suggestions when SurfaceChecker is unavailable (4 ms)
    AC5: Bob orchestration patterns in workflow-patterns.yaml
      ÔêÜ bob_orchestration workflow exists with correct structure (3 ms)
      ÔêÜ bob_orchestration has transitions for executor-assignment and wave-execution (4 ms)
      ÔêÜ bob_orchestration transitions have valid next_steps (4 ms)
      ÔêÜ agent_handoff workflow exists for cross-agent transitions (4 ms)
      ÔêÜ agent_handoff has dev_complete and qa_issues_found transitions (3 ms)
    AC7: Various session states
      ÔêÜ returns null when no workflow state is detected (4 ms)
      ÔêÜ returns null when suggestNextCommands returns empty array (4 ms)
      ÔêÜ handles context with empty lastCommands gracefully (3 ms)
      ÔêÜ handles exception in workflowNavigator gracefully (7 ms)
    AC8: Contextually relevant suggestions
      ÔêÜ story_development validated state suggests develop commands (5 ms)
      ÔêÜ story_development in_development state suggests QA review (5 ms)
      ÔêÜ story_development qa_reviewed state suggests fix or push (5 ms)
      ÔêÜ bob_orchestration epic_started suggests build or develop (6 ms)
      ÔêÜ unknown workflow returns empty suggestions (10 ms)
      ÔêÜ populateTemplate replaces context variables correctly (6 ms)
      ÔêÜ populateTemplate handles missing context variables (5 ms)
    WorkflowNavigator pattern detection
      ÔêÜ detects bob_orchestration from execute-epic command (4 ms)
      ÔêÜ detects agent_handoff from develop completed (5 ms)
      ÔêÜ returns null for unrecognized commands (5 ms)
      ÔêÜ returns null for empty command history (5 ms)
      ÔêÜ getGreetingMessage returns message for known state (4 ms)
      ÔêÜ getGreetingMessage returns empty string for unknown state (5 ms)
    UnifiedActivationPipeline _detectWorkflowState relaxation
      ÔêÜ detects workflow state for existing sessions (not just workflow) (20 ms)
      ÔêÜ returns null for new sessions (11 ms)
      ÔêÜ returns null when no session context (11 ms)

  console.warn
    Template validation warnings: [
      '/decision: must NOT have fewer than 20 characters',
      '/businessImpact: must NOT have fewer than 20 characters'
    ]

    [0m [90m 106 |[39m         validation [33m=[39m [36mawait[39m [36mthis[39m[33m.[39mvalidator[33m.[39mvalidate(variables[33m,[39m templateType)[33m;[39m
     [90m 107 |[39m         [36mif[39m ([33m![39mvalidation[33m.[39misValid) {
    [31m[1m>[22m[39m[90m 108 |[39m           console[33m.[39mwarn([32m'Template validation warnings:'[39m[33m,[39m validation[33m.[39merrors)[33m;[39m
     [90m     |[39m                   [31m[1m^[22m[39m
     [90m 109 |[39m         }
     [90m 110 |[39m       } [36mcatch[39m (error) {
     [90m 111 |[39m         [90m// Schema may not exist yet for all template types[39m[0m

      at TemplateEngine.warn [as generate] (.aios-core/product/templates/engine/index.js:108:19)
      at Object.<anonymous> (tests/templates/pmdr.test.js:155:22)

  console.warn
    Template validation warnings: [ '/businessImpact: must NOT have fewer than 20 characters' ]

    [0m [90m 106 |[39m         validation [33m=[39m [36mawait[39m [36mthis[39m[33m.[39mvalidator[33m.[39mvalidate(variables[33m,[39m templateType)[33m;[39m
     [90m 107 |[39m         [36mif[39m ([33m![39mvalidation[33m.[39misValid) {
    [31m[1m>[22m[39m[90m 108 |[39m           console[33m.[39mwarn([32m'Template validation warnings:'[39m[33m,[39m validation[33m.[39merrors)[33m;[39m
     [90m     |[39m                   [31m[1m^[22m[39m
     [90m 109 |[39m         }
     [90m 110 |[39m       } [36mcatch[39m (error) {
     [90m 111 |[39m         [90m// Schema may not exist yet for all template types[39m[0m

      at TemplateEngine.warn [as generate] (.aios-core/product/templates/engine/index.js:108:19)
      at Object.<anonymous> (tests/templates/pmdr.test.js:197:22)

PASS tests/templates/pmdr.test.js
  PMDR Template
    PMDR-01: Generate PMDR with required fields
      ÔêÜ should generate a valid PMDR document with all required fields (48 ms)
      ÔêÜ should fail validation without required fields (11 ms)
    PMDR-02: Success metrics table renders
      ÔêÜ should render success metrics as a table (11 ms)
    PMDR-03: Approval workflow renders
      ÔêÜ should render approval tracking table when approvals exist (7 ms)
      ÔêÜ should show pending approval message when no approvals (9 ms)
    PMDR-04: Validation fails without businessImpact
      ÔêÜ should fail schema validation when businessImpact is empty (1 ms)
      ÔêÜ should fail when businessImpact is too short (14 ms)
    PMDR-05: CLI command executes successfully
      ÔêÜ should be included in supported types (1 ms)
      ÔêÜ should load template info successfully (1 ms)
      ÔêÜ should list pmdr in available templates (11 ms)
    Optional sections rendering
      ÔêÜ should render implementation phases when provided (6 ms)
      ÔêÜ should render risks table when provided (7 ms)
      ÔêÜ should render alternatives when provided (6 ms)

PASS tests/config/config-resolver.test.js
  config-resolver
    constants
      ÔêÜ CONFIG_FILES has all expected keys (2 ms)
      ÔêÜ CONFIG_FILES.user points to ~/.aios/user-config.yaml (1 ms)
      ÔêÜ LEVELS has all expected keys (1 ms)
      ÔêÜ VALID_USER_PROFILES contains bob and advanced (1 ms)
    isLegacyMode
      ÔêÜ returns true when core-config.yaml exists but framework-config.yaml does not (5 ms)
      ÔêÜ returns false when framework-config.yaml exists (4 ms)
      ÔêÜ returns false when neither file exists (2 ms)
    getConfigAtLevel
      ÔêÜ loads framework config at L1 (4 ms)
      ÔêÜ loads project config at L2 (3 ms)
      ÔêÜ returns null when file does not exist (10 ms)
      ÔêÜ returns null for app level without appDir (2 ms)
      ÔêÜ throws on unknown level (16 ms)
      ÔêÜ supports string aliases (1, 2, L1, L2, etc.) (4 ms)
    loadLegacyConfig
      ÔêÜ loads monolithic core-config.yaml (4 ms)
      ÔêÜ includes deprecation warning (4 ms)
      ÔêÜ suppresses deprecation when AIOS_SUPPRESS_DEPRECATION=true (4 ms)
      ÔêÜ throws when legacy file is missing (2 ms)
    loadLayeredConfig ÔÇö 4-level resolution
      ÔêÜ merges L1 and L2 correctly (43 ms)
      ÔêÜ merges L1 + L2 + L4 correctly (11 ms)
      ÔêÜ includes Pro extension when present (8 ms)
      ÔêÜ silently skips missing Pro extension (5 ms)
      ÔêÜ debug mode tracks sources (5 ms)
      ÔêÜ lints L1 and L2 for env patterns (5 ms)
    resolveConfig ÔÇö main entry point
      ÔêÜ auto-detects legacy mode (3 ms)
      ÔêÜ auto-detects layered mode (4 ms)
      ÔêÜ interpolates env vars after merge (4 ms)
      ÔêÜ caches resolved config (4 ms)
      ÔêÜ skipCache bypasses cache (4 ms)
    performance benchmarks
      ÔêÜ cold start resolution < 100ms (6 ms)
      ÔêÜ cached read < 5ms (6 ms)
    L5 User layer
      ÔêÜ loadLayeredConfig merges L5 user config after L4 (9 ms)
      ÔêÜ L5 overrides L4 values (6 ms)
      ÔêÜ graceful when user config file does not exist (4 ms)
      ÔêÜ graceful when user config file is malformed YAML (4 ms)
      ÔêÜ debug mode tracks L5 sources (4 ms)
      ÔêÜ resolveConfig includes L5 in final config (5 ms)
      ÔêÜ getConfigAtLevel returns L5 user config (2 ms)
      ÔêÜ getConfigAtLevel returns null when L5 file missing (2 ms)
      ÔêÜ getConfigAtLevel supports aliases 5 and L5 (3 ms)
    setUserConfigValue
      ÔêÜ creates user config file when it does not exist (3 ms)
      ÔêÜ preserves existing values when setting new key (3 ms)
      ÔêÜ overwrites existing key value (2 ms)
      ÔêÜ invalidates config cache after write (3 ms)
      ÔêÜ returns updated config (3 ms)
    toggleUserProfile
      ÔêÜ toggles from advanced to bob (3 ms)
      ÔêÜ toggles from bob to advanced (3 ms)
      ÔêÜ defaults to advanced and toggles to bob when no config exists (3 ms)
      ÔêÜ invalidates cache after toggle (2 ms)
      ÔêÜ persists toggle result to file (4 ms)
    integration ÔÇö L5 with full hierarchy
      ÔêÜ resolveConfig returns user_profile from L5 overriding lower levels (5 ms)
      ÔêÜ toggle reflects in next resolveConfig call (5 ms)

PASS tests/integration/squad/squad-analyze-extend.test.js
  Squad Analyze & Extend Integration
    Complete Analyze Workflow
      ÔêÜ should analyze squad and return complete report (16 ms)
      ÔêÜ should format report in all output formats (13 ms)
    Complete Extend Workflow
      ÔêÜ should add agent component (19 ms)
      ÔêÜ should add task component with agent linkage (19 ms)
      ÔêÜ should add workflow component (17 ms)
      ÔêÜ should add checklist component (15 ms)
      ÔêÜ should add template component (15 ms)
      ÔêÜ should add tool component (15 ms)
      ÔêÜ should add script component (14 ms)
      ÔêÜ should add data component (15 ms)
    Analyze -> Extend -> Analyze Pipeline
      ÔêÜ should show improvement in coverage after extension (22 ms)
      ÔêÜ should reduce suggestions after adding components (26 ms)
    Multiple Sequential Extensions
      ÔêÜ should handle multiple component additions without errors (62 ms)
    Manifest YAML Preservation
      ÔêÜ should preserve existing manifest content when updating (17 ms)
    Performance
      ÔêÜ should complete analyze + extend + analyze within 2 seconds (22 ms)

PASS tests/core/build-state-manager.test.js
  BuildStateManager
    validateBuildState
      ÔêÜ should validate correct state (3 ms)
      ÔêÜ should reject state missing required fields (2 ms)
      ÔêÜ should reject invalid status (2 ms)
      ÔêÜ should reject non-array checkpoints (2 ms)
    State Management
      ÔêÜ should create new state (2 ms)
      ÔêÜ should save and load state (3 ms)
      ÔêÜ should return null when no state exists (2 ms)
      ÔêÜ should loadOrCreateState (3 ms)
      ÔêÜ should throw when storyId not provided (20 ms)
    Checkpoint Management (AC2)
      ÔêÜ should save checkpoint after subtask completion (4 ms)
      ÔêÜ should save multiple checkpoints (7 ms)
      ÔêÜ should create checkpoint files (5 ms)
      ÔêÜ should get last checkpoint (5 ms)
      ÔêÜ should return null when no checkpoints (1 ms)
      ÔêÜ should not duplicate completed subtasks (5 ms)
    Build Resume (AC3)
      ÔêÜ should resume build from checkpoint (15 ms)
      ÔêÜ should throw when no state exists (3 ms)
      ÔêÜ should throw when build already completed (4 ms)
      ÔêÜ should allow resume of failed build (5 ms)
      ÔêÜ should clear abandoned flag on resume (5 ms)
    Build Status (AC4)
      ÔêÜ should return status when build exists (6 ms)
      ÔêÜ should return exists:false when no build (1 ms)
      ÔêÜ should calculate duration (3 ms)
      ÔêÜ should format status for CLI (6 ms)
      ÔêÜ should get all builds (4 ms)
    Abandoned Detection (AC5)
      ÔêÜ should detect abandoned build (4 ms)
      ÔêÜ should not detect active build as abandoned (3 ms)
      ÔêÜ should not detect completed build as abandoned (4 ms)
      ÔêÜ should use custom threshold (4 ms)
      ÔêÜ should add notification when marking abandoned (3 ms)
    Failure Tracking (AC6)
      ÔêÜ should record failure (4 ms)
      ÔêÜ should track multiple failures (5 ms)
      ÔêÜ should auto-increment attempt number (4 ms)
      ÔêÜ should detect stuck after multiple failures (5 ms)
    Attempt Logging (AC7)
      ÔêÜ should log attempts to file (6 ms)
      ÔêÜ should get attempt log (6 ms)
      ÔêÜ should filter log by subtask (6 ms)
      ÔêÜ should limit log output (16 ms)
    Subtask Management
      ÔêÜ should start subtask (5 ms)
      ÔêÜ should complete subtask (5 ms)
      ÔêÜ should complete build (5 ms)
      ÔêÜ should fail build (3 ms)
    Notifications
      ÔêÜ should get unacknowledged notifications (3 ms)
      ÔêÜ should acknowledge notification (4 ms)
    Cleanup
      ÔêÜ should cleanup abandoned build (6 ms)
      ÔêÜ should not cleanup active build without force (3 ms)
      ÔêÜ should force cleanup active build (3 ms)
      ÔêÜ should cleanup completed build (4 ms)
  DEFAULT_CONFIG
    ÔêÜ should have correct defaults (1 ms)

PASS tests/unit/generate-greeting.test.js
  generate-greeting.js
    generateGreeting()
      ÔêÜ should generate greeting for valid agent (3 ms)
      ÔêÜ should handle missing agent gracefully
      ÔêÜ should complete within performance target (61 ms)
    Session Context Integration
      ÔêÜ should detect new session type (1 ms)
      ÔêÜ should detect existing session type (1 ms)
      ÔêÜ should detect workflow session type (1 ms)
    Project Status Integration
      ÔêÜ should include git branch
      ÔêÜ should include modified files count
      ÔêÜ should include recent commit (1 ms)
    Error Handling
      ÔêÜ should return fallback on agent load failure (1 ms)
      ÔêÜ should handle timeout gracefully (116 ms)

  console.warn
      - Failed to write language to .claude/settings.json

    [0m [90m 625 |[39m           console[33m.[39mlog([32m'  - Language written to .claude/settings.json'[39m)[33m;[39m
     [90m 626 |[39m         } [36melse[39m {
    [31m[1m>[22m[39m[90m 627 |[39m           console[33m.[39mwarn([32m'  - Failed to write language to .claude/settings.json'[39m)[33m;[39m
     [90m     |[39m                   [31m[1m^[22m[39m
     [90m 628 |[39m         }
     [90m 629 |[39m       }
     [90m 630 |[39m[0m

      at warn (packages/installer/src/wizard/index.js:627:19)
      at Object.<anonymous> (tests/wizard/integration.test.js:258:23)

  console.warn
      - Failed to write language to .claude/settings.json

    [0m [90m 625 |[39m           console[33m.[39mlog([32m'  - Language written to .claude/settings.json'[39m)[33m;[39m
     [90m 626 |[39m         } [36melse[39m {
    [31m[1m>[22m[39m[90m 627 |[39m           console[33m.[39mwarn([32m'  - Failed to write language to .claude/settings.json'[39m)[33m;[39m
     [90m     |[39m                   [31m[1m^[22m[39m
     [90m 628 |[39m         }
     [90m 629 |[39m       }
     [90m 630 |[39m[0m

      at warn (packages/installer/src/wizard/index.js:627:19)
      at Object.<anonymous> (tests/wizard/integration.test.js:281:23)

  console.warn
      - Failed to write language to .claude/settings.json

    [0m [90m 625 |[39m           console[33m.[39mlog([32m'  - Language written to .claude/settings.json'[39m)[33m;[39m
     [90m 626 |[39m         } [36melse[39m {
    [31m[1m>[22m[39m[90m 627 |[39m           console[33m.[39mwarn([32m'  - Failed to write language to .claude/settings.json'[39m)[33m;[39m
     [90m     |[39m                   [31m[1m^[22m[39m
     [90m 628 |[39m         }
     [90m 629 |[39m       }
     [90m 630 |[39m[0m

      at warn (packages/installer/src/wizard/index.js:627:19)
      at Object.<anonymous> (tests/wizard/integration.test.js:301:23)

PASS tests/wizard/integration.test.js
  Wizard Integration - Story 1.7
    Full Wizard Flow (AC Integration)
      ÔêÜ should complete full wizard with dependency installation (5 ms)
      ÔêÜ should install AIOS core before IDE configs (1 ms)
      ÔêÜ should install dependencies after env configuration (1 ms)
      ÔêÜ should use auto-detected package manager for installDependencies (1 ms)
    Package Manager Auto-Detection (AC1)
      ÔêÜ should auto-detect npm (2 ms)
      ÔêÜ should auto-detect yarn (1 ms)
      ÔêÜ should auto-detect pnpm (2 ms)
      ÔêÜ should auto-detect bun (1 ms)
    Greenfield Projects (No package.json)
      ÔêÜ should skip dependency installation when no package.json exists (1 ms)
      ÔêÜ should still set packageManager when skipping dependencies (2 ms)
    User Profile Selection (Story 10.2)
      ÔêÜ should include userProfile in wizard answers (1 ms)
      ÔêÜ should pass userProfile to configureEnvironment (2 ms)
      ÔêÜ should use existing profile when core-config.yaml exists (idempotency) (8 ms)
      ÔêÜ should default to advanced when user_profile is missing from existing config (5 ms)
      ÔêÜ should handle invalid user_profile in existing config gracefully (6 ms)
    Offline Mode (AC6)
      ÔêÜ should handle offline mode gracefully (4 ms)
    Error Handling (AC4, AC5)
      ÔêÜ should offer retry on installation failure (2 ms)
      ÔêÜ should allow skipping installation on failure (2 ms)
      ÔêÜ should display clear error messages (9 ms)
    Progress Feedback (AC3)
      ÔêÜ should show installation progress messages (2 ms)
    Wizard State Flow
      ÔêÜ should maintain correct state through all steps (1 ms)
      ÔêÜ should handle environment config failure gracefully (1 ms)
      ÔêÜ should handle AIOS core installation failure gracefully (1 ms)

PASS tests/integration/squad/squad-download-publish.test.js
  Squad Download & Publish Integration
    Round-trip: create -> validate -> publish (Test 4.3)
      ÔêÜ should complete full publish workflow with dry-run (68 ms)
    List available squads from registry (Test 4.4)
      Ôùï skipped should list squads from aios-squads registry
    Download squad from registry (Test 4.1)
      Ôùï skipped should download squad from registry
    Publish flow with dry-run (Test 4.2)
      ÔêÜ should complete dry-run publish without network calls (45 ms)
    Validation integration
      ÔêÜ should validate downloaded squad (23 ms)
    Error handling integration
      ÔêÜ should handle validation errors in publish workflow (36 ms)
      ÔêÜ should check auth status in publish workflow (19 ms)
    Cache behavior
      ÔêÜ should cache registry between calls (12 ms)
      ÔêÜ should allow cache clearing (13 ms)

PASS tests/core/permission-mode-integration.test.js
  Permission Mode Integration (Story ACT-4)
    AC1: Default permission mode initialization
      ÔêÜ PermissionMode defaults to "ask" when config file does not exist (10 ms)
      ÔêÜ PermissionMode reads "ask" from config when set (4 ms)
      ÔêÜ PermissionMode falls back to "ask" for invalid mode in config (4 ms)
    AC4: Explore mode (read-only) prevents writes
      ÔêÜ explore mode allows Read tool (4 ms)
      ÔêÜ explore mode allows Grep tool (3 ms)
      ÔêÜ explore mode allows Glob tool (4 ms)
      ÔêÜ explore mode blocks Write tool (4 ms)
      ÔêÜ explore mode blocks Edit tool (4 ms)
      ÔêÜ explore mode blocks git commit via Bash (5 ms)
      ÔêÜ explore mode blocks git push via Bash (5 ms)
      ÔêÜ explore mode allows git status via Bash (4 ms)
      ÔêÜ explore mode allows git log via Bash (4 ms)
      ÔêÜ explore mode blocks rm -rf via Bash (4 ms)
    AC5: Ask mode (default) prompts for confirmation
      ÔêÜ ask mode allows Read tool without confirmation (4 ms)
      ÔêÜ ask mode requires confirmation for Write tool (4 ms)
      ÔêÜ ask mode requires confirmation for Edit tool (4 ms)
      ÔêÜ ask mode requires confirmation for git commit (4 ms)
      ÔêÜ ask mode requires confirmation for rm command (4 ms)
      ÔêÜ ask mode allows git status without confirmation (4 ms)
    AC6: Auto mode allows all operations
      ÔêÜ auto mode allows Read tool (4 ms)
      ÔêÜ auto mode allows Write tool (4 ms)
      ÔêÜ auto mode allows Edit tool (3 ms)
      ÔêÜ auto mode allows git commit (3 ms)
      ÔêÜ auto mode allows git push (4 ms)
      ÔêÜ auto mode allows rm -rf (3 ms)
      ÔêÜ auto mode allows npm install (4 ms)
    AC7: Badge display reflects current mode
      ÔêÜ badge shows [Explore] for explore mode (4 ms)
      ÔêÜ badge shows [Ask] for ask mode (4 ms)
      ÔêÜ badge shows [Auto] for auto mode (3 ms)
      ÔêÜ badge defaults to [Ask] when config missing (3 ms)
    AC2: *yolo toggle cycles modes correctly
      ÔêÜ cycles from ask to auto (5 ms)
      ÔêÜ cycles from auto to explore (6 ms)
      ÔêÜ cycles from explore back to ask (5 ms)
      ÔêÜ full cycle: ask -> auto -> explore -> ask (11 ms)
      ÔêÜ cycleMode persists the new mode to config file (13 ms)
      ÔêÜ cycleMode returns a message string (6 ms)
    AC8: Integration - enforcePermission API
      ÔêÜ enforcePermission returns "allow" for read ops in explore mode (4 ms)
      ÔêÜ enforcePermission returns "deny" for write ops in explore mode (4 ms)
      ÔêÜ enforcePermission returns "prompt" for write ops in ask mode (4 ms)
      ÔêÜ enforcePermission returns "allow" for write ops in auto mode (4 ms)
      ÔêÜ enforcePermission returns "deny" for git push in explore mode (4 ms)
      ÔêÜ enforcePermission returns "prompt" for git push in ask mode (4 ms)
      ÔêÜ enforcePermission returns "allow" for git push in auto mode (4 ms)
    OperationGuard command classification
      ÔêÜ classifies Read tool as read (2 ms)
      ÔêÜ classifies Write tool as write (3 ms)
      ÔêÜ classifies Edit tool as write (2 ms)
      ÔêÜ classifies Glob tool as read (3 ms)
      ÔêÜ classifies Grep tool as read (2 ms)
      ÔêÜ classifies git status as read (3 ms)
      ÔêÜ classifies git push as write (2 ms)
      ÔêÜ classifies git commit as write (2 ms)
      ÔêÜ classifies rm -rf as delete (2 ms)
      ÔêÜ classifies npm install as write (3 ms)
      ÔêÜ classifies git log as read (2 ms)
      ÔêÜ classifies git diff as read (2 ms)
    setMode function
      ÔêÜ sets mode to explore and persists (6 ms)
      ÔêÜ sets mode to auto and persists (6 ms)
      ÔêÜ handles yolo alias for auto (6 ms)
      ÔêÜ throws on invalid mode (15 ms)
    OperationGuard operation logging
      ÔêÜ logs operations for audit trail (5 ms)
      ÔêÜ getStats returns correct counts (4 ms)
    createGuard convenience function
      ÔêÜ creates guard with loaded mode (4 ms)
    PermissionMode helper methods
      ÔêÜ isAutonomous returns true for auto mode (5 ms)
      ÔêÜ isAutonomous returns false for ask mode (4 ms)
      ÔêÜ isReadOnly returns true for explore mode (4 ms)
      ÔêÜ isReadOnly returns false for ask mode (5 ms)
      ÔêÜ getHelp returns formatted help text (3 ms)

PASS tests/book-de-resultados/pdf-export.test.js
  buildHtmlDocument()
    ÔêÜ renders print-friendly HTML with pages, indicators and components (3 ms)
    ÔêÜ renders resultados_ano ranking rows and keeps full habilidades pagination context (1 ms)
  resolvePdfBrowserPath()
    ÔêÜ returns the explicit browser path when it exists (1 ms)
  exportPdf()
    ÔêÜ writes a PDF file and cleans up the temporary HTML by default (7 ms)
    ÔêÜ keeps the print HTML and emits a review manifest in reviewHtml mode (6 ms)
  generateBook() with PDF output
    ÔêÜ supports format "pdf" through the public API (80 ms)
    ÔêÜ returns review artifacts when reviewHtml=true (65 ms)

  console.warn
    [GreetingPreference] Failed to load, using default: ENOENT: no such file or directory, open 'C:\Users\Educacross\Documents\Projetos Educacross\-Book-de-Resultados\.aios-core\core-config.yaml'

    [0m [90m 50 |[39m       [36mreturn[39m rawPreference[33m;[39m
     [90m 51 |[39m     } [36mcatch[39m (error) {
    [31m[1m>[22m[39m[90m 52 |[39m       console[33m.[39mwarn([32m'[GreetingPreference] Failed to load, using default:'[39m[33m,[39m error[33m.[39mmessage)[33m;[39m
     [90m    |[39m               [31m[1m^[22m[39m
     [90m 53 |[39m       [36mreturn[39m [32m'auto'[39m[33m;[39m
     [90m 54 |[39m     }
     [90m 55 |[39m   }[0m

      at GreetingPreferenceManager.warn [as getPreference] (.aios-core/development/scripts/greeting-preference-manager.js:52:15)
      at Object.getPreference (tests/unit/greeting-preference.test.js:91:34)

  console.log
    [GreetingPreference] Config restored from backup

      at GreetingPreferenceManager.log [as _restoreBackup] (.aios-core/development/scripts/greeting-preference-manager.js:142:17)

  console.warn
    [GreetingPreference] Failed to load config, returning empty: ENOENT: no such file or directory, open 'C:\Users\Educacross\Documents\Projetos Educacross\-Book-de-Resultados\.aios-core\core-config.yaml'

    [0m [90m 113 |[39m       [36mreturn[39m config[33m?[39m[33m.[39magentIdentity[33m?[39m[33m.[39mgreeting [33m||[39m {}[33m;[39m
     [90m 114 |[39m     } [36mcatch[39m (error) {
    [31m[1m>[22m[39m[90m 115 |[39m       console[33m.[39mwarn([32m'[GreetingPreference] Failed to load config, returning empty:'[39m[33m,[39m error[33m.[39mmessage)[33m;[39m
     [90m     |[39m               [31m[1m^[22m[39m
     [90m 116 |[39m       [36mreturn[39m {}[33m;[39m
     [90m 117 |[39m     }
     [90m 118 |[39m   }[0m

      at GreetingPreferenceManager.warn [as getConfig] (.aios-core/development/scripts/greeting-preference-manager.js:115:15)
      at Object.getConfig (tests/unit/greeting-preference.test.js:183:30)

  console.warn
    [GreetingBuilder] Fallback to simple greeting: Cannot read properties of undefined (reading 'configured')

    [0m [90m 160 |[39m       [36mreturn[39m [36mawait[39m [33mPromise[39m[33m.[39mrace([greetingPromise[33m,[39m timeoutPromise])[33m;[39m
     [90m 161 |[39m     } [36mcatch[39m (error) {
    [31m[1m>[22m[39m[90m 162 |[39m       console[33m.[39mwarn([32m'[GreetingBuilder] Fallback to simple greeting:'[39m[33m,[39m error[33m.[39mmessage)[33m;[39m
     [90m     |[39m               [31m[1m^[22m[39m
     [90m 163 |[39m       [36mreturn[39m fallbackGreeting[33m;[39m
     [90m 164 |[39m     }
     [90m 165 |[39m   }[0m

      at GreetingBuilder.warn [as buildGreeting] (.aios-core/development/scripts/greeting-builder.js:162:15)
      at Object.<anonymous> (tests/unit/greeting-preference.test.js:290:24)

  console.warn
    [GreetingBuilder] Fallback to simple greeting: Config read failed

    [0m [90m 160 |[39m       [36mreturn[39m [36mawait[39m [33mPromise[39m[33m.[39mrace([greetingPromise[33m,[39m timeoutPromise])[33m;[39m
     [90m 161 |[39m     } [36mcatch[39m (error) {
    [31m[1m>[22m[39m[90m 162 |[39m       console[33m.[39mwarn([32m'[GreetingBuilder] Fallback to simple greeting:'[39m[33m,[39m error[33m.[39mmessage)[33m;[39m
     [90m     |[39m               [31m[1m^[22m[39m
     [90m 163 |[39m       [36mreturn[39m fallbackGreeting[33m;[39m
     [90m 164 |[39m     }
     [90m 165 |[39m   }[0m

      at GreetingBuilder.warn [as buildGreeting] (.aios-core/development/scripts/greeting-builder.js:162:15)
      at Object.buildGreeting (tests/unit/greeting-preference.test.js:299:38)

PASS tests/unit/greeting-preference.test.js
  GreetingPreferenceManager
    getPreference
      ÔêÜ returns default "auto" if not configured (7 ms)
      ÔêÜ returns configured preference (4 ms)
      ÔêÜ handles missing config file gracefully (4 ms)
    setPreference
      ÔêÜ sets valid preference successfully (7 ms)
      ÔêÜ throws error for invalid preference (13 ms)
      ÔêÜ accepts all valid preferences (11 ms)
      ÔêÜ creates backup before modification (6 ms)
      ÔêÜ restores backup on YAML error (8 ms)
      ÔêÜ creates config structure if missing (5 ms)
    getConfig
      ÔêÜ returns complete greeting config (4 ms)
      ÔêÜ returns empty object if config missing (4 ms)
  GreetingBuilder with Preferences
    buildFixedLevelGreeting
      ÔêÜ builds minimal greeting (7 ms)
      ÔêÜ builds named greeting (5 ms)
      ÔêÜ builds archetypal greeting (6 ms)
      ÔêÜ includes help command hint (6 ms)
      ÔêÜ falls back to simple greeting if no greeting_levels (5 ms)
      ÔêÜ uses fallback for missing level (5 ms)
    buildGreeting with preference override
      ÔêÜ uses fixed level when preference set to minimal (42 ms)
      ÔêÜ uses fixed level when preference set to named (7 ms)
      ÔêÜ uses fixed level when preference set to archetypal (6 ms)
      ÔêÜ uses session detection when preference is "auto" (17 ms)
      ÔêÜ handles preference manager errors gracefully (11 ms)

  console.log
    ­ƒº╣ Cleanup: 2 locks removidos, 1 sessions arquivadas, 3 snapshots removidos

      at DataLifecycleManager.log [as _logCleanupSummary] (.aios-core/core/orchestration/data-lifecycle-manager.js:309:15)

  console.log
    ­ƒº╣ Cleanup: 0 locks removidos, 1 sessions arquivadas, 2 snapshots removidos

      at DataLifecycleManager.log [as _logCleanupSummary] (.aios-core/core/orchestration/data-lifecycle-manager.js:309:15)

  console.log
    ÔÜá´©Å Cleanup errors: Lock cleanup failed: Lock error

      at DataLifecycleManager.log [as _logCleanupSummary] (.aios-core/core/orchestration/data-lifecycle-manager.js:313:15)

PASS tests/core/orchestration/data-lifecycle-manager.test.js
  DataLifecycleManager
    constructor
      ÔêÜ should create DataLifecycleManager with projectRoot (10 ms)
      ÔêÜ should throw if projectRoot is missing (19 ms)
      ÔêÜ should use default options (8 ms)
      ÔêÜ should allow custom options (8 ms)
    cleanupStaleSessions
      ÔêÜ should return 0 when no session state exists (7 ms)
      ÔêÜ should not archive session if last_updated < 30 days (13 ms)
      ÔêÜ should archive session if last_updated > 30 days (AC8) (14 ms)
      ÔêÜ should handle corrupted session state gracefully (10 ms)
      ÔêÜ should handle missing last_updated field (10 ms)
    cleanupStaleSnapshots
      ÔêÜ should return 0 when no snapshots directory exists (13 ms)
      ÔêÜ should return 0 when snapshots directory is empty (7 ms)
      ÔêÜ should not remove snapshot if age < 90 days (10 ms)
      ÔêÜ should remove snapshot if age > 90 days and update index.json (AC10) (13 ms)
      ÔêÜ should not remove index.json itself (11 ms)
    cleanupOrphanLocks
      ÔêÜ should delegate to LockManager.cleanupStaleLocks (AC9) (12 ms)
    runStartupCleanup
      ÔêÜ should run all three cleanup operations (9 ms)
      ÔêÜ should capture errors without stopping other cleanups (8 ms)
      ÔêÜ should log cleanup summary (AC11) (7 ms)
    factory functions
      ÔêÜ createDataLifecycleManager should create instance (6 ms)
      ÔêÜ runStartupCleanup should create instance and run cleanup (8 ms)
    constants
      ÔêÜ should export correct threshold values (7 ms)

  console.log
    Ôä╣ Executing subtask subtask-1 (iteration 1)

      at AutonomousBuildLoop.log (.aios-core/core/execution/autonomous-build-loop.js:823:13)

  console.log
    Ôä╣ Executing subtask subtask-1 (iteration 1)

      at AutonomousBuildLoop.log (.aios-core/core/execution/autonomous-build-loop.js:823:13)

  console.log
    Ôä╣ Executing subtask subtask-2 (iteration 1)

      at AutonomousBuildLoop.log (.aios-core/core/execution/autonomous-build-loop.js:823:13)

  console.log
    Ôä╣ Executing subtask subtask-1 (iteration 1)

      at AutonomousBuildLoop.log (.aios-core/core/execution/autonomous-build-loop.js:823:13)

  console.log
    Ôä╣ Executing subtask subtask-1 (iteration 1)

      at AutonomousBuildLoop.log (.aios-core/core/execution/autonomous-build-loop.js:823:13)

  console.log
    Ôä╣ Skipping completed subtask: subtask-1

      at AutonomousBuildLoop.log (.aios-core/core/execution/autonomous-build-loop.js:823:13)

  console.log
    Ôä╣ Executing subtask subtask-2 (iteration 1)

      at AutonomousBuildLoop.log (.aios-core/core/execution/autonomous-build-loop.js:823:13)

  console.log
    ÔÜá Build paused

      at AutonomousBuildLoop.log (.aios-core/core/execution/autonomous-build-loop.js:823:13)

  console.log
    Ô£ù Iteration 1 error: executor crash

      at AutonomousBuildLoop.log (.aios-core/core/execution/autonomous-build-loop.js:823:13)

  console.log
    Ô£ù Iteration 2 error: executor crash

      at AutonomousBuildLoop.log (.aios-core/core/execution/autonomous-build-loop.js:823:13)

  console.log
    Ôä╣ Self-critique for subtask-1: analyzing failure...

      at AutonomousBuildLoop.log (.aios-core/core/execution/autonomous-build-loop.js:823:13)

  console.log
    Ôä╣ Executing subtask subtask-1 (iteration 1)

      at AutonomousBuildLoop.log (.aios-core/core/execution/autonomous-build-loop.js:823:13)

  console.log
    Ôä╣ Executing subtask subtask-1 (iteration 1)

      at AutonomousBuildLoop.log (.aios-core/core/execution/autonomous-build-loop.js:823:13)

  console.log
    Ôä╣ Executing subtask subtask-1 (iteration 1)

      at AutonomousBuildLoop.log (.aios-core/core/execution/autonomous-build-loop.js:823:13)

  console.log
    Ôä╣ Executing subtask s1 (iteration 1)

      at AutonomousBuildLoop.log (.aios-core/core/execution/autonomous-build-loop.js:823:13)

  console.log
    Ôä╣ Executing subtask s2 (iteration 1)

      at AutonomousBuildLoop.log (.aios-core/core/execution/autonomous-build-loop.js:823:13)

  console.log
    Ôä╣ Executing subtask s3 (iteration 1)

      at AutonomousBuildLoop.log (.aios-core/core/execution/autonomous-build-loop.js:823:13)

  console.log
    ÔÜá Build paused

      at AutonomousBuildLoop.log (.aios-core/core/execution/autonomous-build-loop.js:823:13)

  console.log
    ÔÜá Build stopped

      at AutonomousBuildLoop.log (.aios-core/core/execution/autonomous-build-loop.js:823:13)

  console.log
    Ôä╣ Executing subtask subtask-1 (iteration 1)

      at AutonomousBuildLoop.log (.aios-core/core/execution/autonomous-build-loop.js:823:13)

PASS tests/core/autonomous-build-loop.test.js
  AutonomousBuildLoop
    Enums & Constants
      ÔêÜ BuildEvent has all expected event types (3 ms)
      ÔêÜ SubtaskResult has all expected values (2 ms)
      ÔêÜ DEFAULT_CONFIG has expected defaults (2 ms)
    Constructor
      ÔêÜ creates with default config (3 ms)
      ÔêÜ merges custom config over defaults (2 ms)
      ÔêÜ initializes stats to zero (2 ms)
      ÔêÜ extends EventEmitter (2 ms)
    run()
      ÔêÜ throws if already running (20 ms)
      ÔêÜ emits BUILD_STARTED event (10 ms)
      ÔêÜ executes all subtasks in plan successfully (3 ms)
      ÔêÜ throws when no plan is found (2 ms)
      ÔêÜ emits BUILD_SUCCESS on successful completion (3 ms)
      ÔêÜ emits BUILD_FAILED on error (2 ms)
      ÔêÜ sets isRunning to false in finally block (2 ms)
      ÔêÜ generates report with correct fields (2 ms)
    executeLoop
      ÔêÜ skips already-completed subtasks (3 ms)
      ÔêÜ handles global timeout during execution (24 ms)
      ÔêÜ handles pause during execution (3 ms)
      ÔêÜ stops on failure when pauseOnFailure is true (2 ms)
    executeSubtaskWithRetry
      ÔêÜ succeeds on first try (1 ms)
      ÔêÜ retries on failure up to maxIterations (2 ms)
      ÔêÜ succeeds on retry after initial failure (1 ms)
      ÔêÜ emits SUBTASK_FAILED after max iterations (2 ms)
      ÔêÜ handles exception in executor (3 ms)
      ÔêÜ performs self-critique between retries when enabled (4 ms)
    executeSubtask
      ÔêÜ calls external executor when configured (3 ms)
      ÔêÜ returns success without executor (default simulation) (2 ms)
    loadPlan
      ÔêÜ returns plan from options.plan directly (2 ms)
      ÔêÜ loads JSON plan from file (4 ms)
      ÔêÜ returns null when no plan found (triggers error) (2 ms)
    countSubtasks
      ÔêÜ counts subtasks across phases (3 ms)
      ÔêÜ handles empty phases (2 ms)
      ÔêÜ handles missing phases array (2 ms)
    Control Methods
      ÔêÜ pause() sets isPaused when running (2 ms)
      ÔêÜ pause() does nothing when not running (2 ms)
      ÔêÜ stop() sets isRunning false (3 ms)
      ÔêÜ stop() does nothing when not running (2 ms)
    isTimedOut()
      ÔêÜ returns false when no startTime (2 ms)
      ÔêÜ returns false when no globalTimeout (1 ms)
      ÔêÜ returns false within timeout (1 ms)
      ÔêÜ returns true after timeout (2 ms)
    isComplete()
      ÔêÜ returns true when all subtasks completed (1 ms)
      ÔêÜ returns true when completed exceeds total (2 ms)
      ÔêÜ returns false when incomplete (2 ms)
    formatDuration()
      ÔêÜ formats seconds (2 ms)
      ÔêÜ formats minutes and seconds (2 ms)
      ÔêÜ formats hours, minutes, and seconds (1 ms)
      ÔêÜ formats zero (2 ms)
    formatStatus()
      ÔêÜ returns status string with running info (2 ms)
      ÔêÜ includes current subtask when set (1 ms)
      ÔêÜ shows TIMEOUT when time exceeded (1 ms)
    log()
      ÔêÜ logs info messages (2 ms)
      ÔêÜ skips debug when not verbose (2 ms)
      ÔêÜ logs debug when verbose (1 ms)
    Event emission
      ÔêÜ emits full lifecycle events for successful build (2 ms)
      ÔêÜ emits ITERATION_COMPLETED on failed iteration (2 ms)

PASS tests/core/events/dashboard-emitter-bob.test.js
  DashboardEmitter Bob-specific methods
    DashboardEventType
      ÔêÜ should have Bob-specific event types (5 ms)
    emitBobPhaseChange
      ÔêÜ should emit BobPhaseChange event with correct data (3 ms)
    emitBobAgentSpawned
      ÔêÜ should emit BobAgentSpawned event with correct data (3 ms)
    emitBobAgentCompleted
      ÔêÜ should emit BobAgentCompleted event with correct data (9 ms)
      ÔêÜ should handle failed agent completion (2 ms)
    emitBobSurfaceDecision
      ÔêÜ should emit BobSurfaceDecision event with correct data (3 ms)
      ÔêÜ should handle empty context (2 ms)
    emitBobError
      ÔêÜ should emit BobError event with correct data (2 ms)
      ÔêÜ should default recoverable to true (2 ms)
      ÔêÜ should handle non-recoverable errors (2 ms)
    Fallback behavior
      ÔêÜ should write to fallback file when emit fails (118 ms)
    Disabled emitter
      ÔêÜ should not emit when disabled (2 ms)
    Singleton pattern
      ÔêÜ should return same instance (2 ms)

  console.log
    SEARCH-01: Found 7 results for "validator"

      at Object.log (tests/integration/search-smoke.test.js:35:13)

  console.log
    SEARCH-02: Search completed in 8ms (target: < 30000ms)

      at Object.log (tests/integration/search-smoke.test.js:52:13)

  console.log
    SEARCH-03: Exact match for "architect-checklist" returned first with score 100

      at Object.log (tests/integration/search-smoke.test.js:71:13)

  console.log
    SEARCH-04: Filtered to 6 results with category "checklist"

      at Object.log (tests/integration/search-smoke.test.js:85:13)

  console.log
    SEARCH-05: Filtered by tag "checklist" returned 1 results

      at Object.log (tests/integration/search-smoke.test.js:107:15)

  console.log
    SEARCH-06: JSON output parsed successfully with 10 results

      at Object.log (tests/integration/search-smoke.test.js:134:13)

  console.log
    Performance: avg=8ms, min=1ms, max=15ms

      at Object.log (tests/integration/search-smoke.test.js:153:13)

  console.log
    Registry load time: 2ms (target: < 500ms)

      at Object.log (tests/integration/search-smoke.test.js:168:13)

PASS tests/integration/search-smoke.test.js
  Smoke Tests - Search CLI
    ÔêÜ SEARCH-01: Basic search returns results (3 ms)
    ÔêÜ SEARCH-02: Search completes in < 30s (8 ms)
    ÔêÜ SEARCH-03: Exact ID match returns first (3 ms)
    ÔêÜ SEARCH-04: Category filter works correctly (9 ms)
    ÔêÜ SEARCH-05: Tag filter works correctly (2 ms)
    ÔêÜ SEARCH-06: JSON output is valid (14 ms)
  Performance Benchmarks
    ÔêÜ Search 10 times and measure average (82 ms)
    ÔêÜ Registry load time is < 500ms (3 ms)

PASS tests/integration/squad/squad-migration.test.js
  Squad Migration Integration Tests
    Full Migration of Legacy Squad (AC 5.1)
      ÔêÜ should migrate legacy squad end-to-end (50 ms)
      ÔêÜ should pass post-migration validation (33 ms)
    Migration of Already-Compliant Squad (AC 5.2)
      ÔêÜ should be a no-op for compliant squad (12 ms)
    Rollback from Backup (AC 5.3)
      ÔêÜ should be able to restore from backup after migration (18 ms)
      ÔêÜ should preserve backup after successful migration (19 ms)
    End-to-End Workflow
      ÔêÜ should support analyze ÔåÆ migrate ÔåÆ validate workflow (35 ms)
      ÔêÜ should support dry-run ÔåÆ review ÔåÆ migrate workflow (19 ms)

PASS tests/integration/contextual-greeting.test.js
  Contextual Greeting Integration Tests
    End-to-End Greeting Generation
      ÔêÜ should generate complete new session greeting (5 ms)
      ÔêÜ should generate complete existing session greeting (3 ms)
      ÔêÜ should generate complete workflow session greeting (4 ms)
    Backwards Compatibility
      ÔêÜ should work with agents without visibility metadata (5 ms)
      ÔêÜ should fallback gracefully on component failures (3 ms)

PASS tests/unit/documentation-integrity/brownfield-analyzer.test.js
  Brownfield Analyzer
    analyzeProject
      ÔêÜ should throw error for non-existent directory (16 ms)
      ÔêÜ should return analysis object for empty directory (3 ms)
      ÔêÜ should detect Node.js project (3 ms)
      ÔêÜ should generate summary (3 ms)
    analyzeTechStack
      ÔêÜ should detect Node.js from package.json (3 ms)
      ÔêÜ should detect React framework (2 ms)
      ÔêÜ should detect Vue framework (3 ms)
      ÔêÜ should detect Angular framework (2 ms)
      ÔêÜ should detect Next.js framework (3 ms)
      ÔêÜ should detect NestJS framework (3 ms)
      ÔêÜ should detect TypeScript (2 ms)
      ÔêÜ should detect TypeScript from tsconfig.json (3 ms)
      ÔêÜ should detect Jest testing framework (3 ms)
      ÔêÜ should detect Vitest testing framework (2 ms)
      ÔêÜ should detect Python from requirements.txt (3 ms)
      ÔêÜ should detect Python from pyproject.toml (9 ms)
      ÔêÜ should detect Django framework (2 ms)
      ÔêÜ should detect FastAPI framework (2 ms)
      ÔêÜ should detect pytest testing framework (3 ms)
      ÔêÜ should detect Go from go.mod (2 ms)
      ÔêÜ should detect Rust from Cargo.toml (3 ms)
      ÔêÜ should detect multiple technologies (4 ms)
    analyzeCodeStandards
      ÔêÜ should detect ESLint from .eslintrc.js (2 ms)
      ÔêÜ should detect ESLint from .eslintrc.json (3 ms)
      ÔêÜ should detect ESLint flat config (3 ms)
      ÔêÜ should detect Prettier from .prettierrc (2 ms)
      ÔêÜ should detect Prettier from prettier.config.js (3 ms)
      ÔêÜ should detect TypeScript config (3 ms)
      ÔêÜ should detect Flake8 (3 ms)
      ÔêÜ should detect Black from pyproject.toml (2 ms)
      ÔêÜ should detect multiple code standards (4 ms)
    analyzeWorkflows
      ÔêÜ should detect GitHub Actions (4 ms)
      ÔêÜ should count GitHub workflows (4 ms)
      ÔêÜ should detect GitLab CI (2 ms)
      ÔêÜ should detect CircleCI (2 ms)
      ÔêÜ should detect multiple CI systems (4 ms)
    analyzeDirectoryStructure
      ÔêÜ should detect src directory (2 ms)
      ÔêÜ should detect lib directory (2 ms)
      ÔêÜ should detect tests directory (2 ms)
      ÔêÜ should detect __tests__ directory (3 ms)
      ÔêÜ should detect docs/architecture conflict (2 ms)
      ÔêÜ should not flag docs without architecture as conflict (2 ms)
    generateRecommendations
      ÔêÜ should recommend preserving existing linting (1 ms)
      ÔêÜ should recommend adding linting if none exists (2 ms)
      ÔêÜ should recommend preserving existing formatting (1 ms)
      ÔêÜ should recommend reviewing CI/CD for existing workflows (2 ms)
      ÔêÜ should recommend setup-github for projects without workflows (1 ms)
      ÔêÜ should add TypeScript recommendation (2 ms)
      ÔêÜ should add Next.js specific recommendation (1 ms)
      ÔêÜ should add NestJS specific recommendation (2 ms)
    formatMigrationReport
      ÔêÜ should generate formatted report (1 ms)
      ÔêÜ should include conflicts section when present (1 ms)
      ÔêÜ should handle empty tech stack (1 ms)
      ÔêÜ should include box drawing characters (1 ms)
    full integration
      ÔêÜ should analyze a complete Node.js project (7 ms)
      ÔêÜ should analyze a Python project (5 ms)

  console.warn
    [ContextDetector] File read error, defaulting to new session: Unexpected token 'i', "invalid json{" is not valid JSON

    [0m [90m  96 |[39m     } [36mcatch[39m (error) {
     [90m  97 |[39m       [90m// File read error or invalid JSON - assume new session[39m
    [31m[1m>[22m[39m[90m  98 |[39m       console[33m.[39mwarn([32m'[ContextDetector] File read error, defaulting to new session:'[39m[33m,[39m error[33m.[39mmessage)[33m;[39m
     [90m     |[39m               [31m[1m^[22m[39m
     [90m  99 |[39m       [36mreturn[39m [32m'new'[39m[33m;[39m
     [90m 100 |[39m     }
     [90m 101 |[39m   }[0m

      at ContextDetector.warn [as _detectFromFile] (.aios-core/core/session/context-detector.js:98:15)
      at ContextDetector._detectFromFile [as detectSessionType] (.aios-core/core/session/context-detector.js:37:17)
      at SessionContextLoader.detectSessionType [as loadContext] (.aios-core/core/session/context-loader.js:39:39)
      at Object.loadContext (tests/unit/session-context-loader.test.js:279:30)

  console.warn
    [SessionContext] Failed to load session state: Unexpected token 'i', "invalid json{" is not valid JSON

    [0m [90m 91 |[39m       [36mreturn[39m [33mJSON[39m[33m.[39mparse(content)[33m;[39m
     [90m 92 |[39m     } [36mcatch[39m (error) {
    [31m[1m>[22m[39m[90m 93 |[39m       console[33m.[39mwarn([32m'[SessionContext] Failed to load session state:'[39m[33m,[39m error[33m.[39mmessage)[33m;[39m
     [90m    |[39m               [31m[1m^[22m[39m
     [90m 94 |[39m       [36mreturn[39m {}[33m;[39m
     [90m 95 |[39m     }
     [90m 96 |[39m   }[0m

      at SessionContextLoader.warn [as loadSessionState] (.aios-core/core/session/context-loader.js:93:15)
      at SessionContextLoader.loadSessionState [as loadContext] (.aios-core/core/session/context-loader.js:40:31)
      at Object.loadContext (tests/unit/session-context-loader.test.js:279:30)

PASS tests/unit/session-context-loader.test.js
  SessionContextLoader
    loadContext() - Session Detection
      ÔêÜ detects new session when no state exists (2 ms)
      ÔêÜ detects existing session after agent activation (3 ms)
    loadContext() - Agent Transition Tracking
      ÔêÜ tracks agent transitions correctly (3 ms)
      ÔêÜ skips same agent in previous agent detection (4 ms)
      ÔêÜ maintains command history (last 10 commands) (4 ms)
      ÔêÜ limits command history to 10 entries (10 ms)
    updateSession() - Session State Management
      ÔêÜ initializes session ID on first update (3 ms)
      ÔêÜ maintains session ID across updates (3 ms)
      ÔêÜ updates lastActivity timestamp (20 ms)
      ÔêÜ limits agent sequence to last 20 activations (15 ms)
    generateContextMessage() - Message Generation
      ÔêÜ generates message with previous agent info (3 ms)
      ÔêÜ includes time since previous agent activation (2 ms)
      ÔêÜ includes recent commands in message (3 ms)
      ÔêÜ includes active workflow if set (2 ms)
      ÔêÜ returns null for new sessions (1 ms)
    formatForGreeting() - Display Formatting
      ÔêÜ formats context message for agent greeting (3 ms)
      ÔêÜ returns empty string for new sessions (1 ms)
    clearSession() - Cleanup
      ÔêÜ removes session state file (2 ms)
      ÔêÜ allows new session after clear (2 ms)
    getPreviousAgent() - Agent History
      ÔêÜ returns null if no previous agents (1 ms)
      ÔêÜ returns most recent different agent (2 ms)
    Error Handling
      ÔêÜ handles corrupted session file gracefully (7 ms)
      ÔêÜ handles missing session file gracefully (1 ms)
    onTaskComplete() - Task Completion Hook (WIS-3)
      ÔêÜ records task completion in session state (2 ms)
      ÔêÜ adds command to history (3 ms)
      ÔêÜ normalizes command with * prefix (2 ms)
      ÔêÜ updates task history (3 ms)
      ÔêÜ limits task history to 20 entries (17 ms)
      ÔêÜ updates current story if provided (2 ms)
      ÔêÜ infers workflow state from task name (2 ms)
      ÔêÜ infers different workflow states (4 ms)
      ÔêÜ handles failed task result (2 ms)
    getWorkflowState() - Workflow State Access (WIS-3)
      ÔêÜ returns null when no workflow active (1 ms)
      ÔêÜ returns workflow state after task completion (3 ms)
    getTaskHistory() - Task History Access (WIS-3)
      ÔêÜ returns empty array when no history (1 ms)
      ÔêÜ returns task history entries (3 ms)
      ÔêÜ limits returned entries based on limit parameter (7 ms)
    _inferWorkflowState() - Workflow State Inference (WIS-3)
      ÔêÜ infers story_development workflow states (1 ms)
      ÔêÜ infers epic_creation workflow states (1 ms)
      ÔêÜ returns null for unknown tasks (1 ms)
      ÔêÜ normalizes task name by removing * prefix (1 ms)

  console.error
    Failed to load session from /nonexistent/path/session.json: ENOENT: no such file or directory, open 'C:\nonexistent\path\session.json'

    [0m [90m 438 |[39m       [36mreturn[39m [36mthis[39m[33m.[39msessionData[33m;[39m
     [90m 439 |[39m     } [36mcatch[39m (error) {
    [31m[1m>[22m[39m[90m 440 |[39m       console[33m.[39merror([32m`Failed to load session from ${sessionPath}:`[39m[33m,[39m error[33m.[39mmessage)[33m;[39m
     [90m     |[39m               [31m[1m^[22m[39m
     [90m 441 |[39m       [36mreturn[39m [36mnull[39m[33m;[39m
     [90m 442 |[39m     }
     [90m 443 |[39m   }[0m

      at ElicitationEngine.error [as loadSession] (.aios-core/core/elicitation/elicitation-engine.js:440:15)
      at Object.<anonymous> (tests/security/core-security.test.js:175:22)

  console.error
    Failed to load session from C:\Users\Educacross\Documents\Projetos Educacross\-Book-de-Resultados\tests\security\.test-temp-security\invalid.json: C:\Users\Educacross\Documents\Projetos Educacross\-Book-de-Resultados\tests\security\.test-temp-security\invalid.json: Unexpected token 'o', "not valid json {{{" is not valid JSON

    [0m [90m 438 |[39m       [36mreturn[39m [36mthis[39m[33m.[39msessionData[33m;[39m
     [90m 439 |[39m     } [36mcatch[39m (error) {
    [31m[1m>[22m[39m[90m 440 |[39m       console[33m.[39merror([32m`Failed to load session from ${sessionPath}:`[39m[33m,[39m error[33m.[39mmessage)[33m;[39m
     [90m     |[39m               [31m[1m^[22m[39m
     [90m 441 |[39m       [36mreturn[39m [36mnull[39m[33m;[39m
     [90m 442 |[39m     }
     [90m 443 |[39m   }[0m

      at ElicitationEngine.error [as loadSession] (.aios-core/core/elicitation/elicitation-engine.js:440:15)
      at Object.<anonymous> (tests/security/core-security.test.js:184:22)

  console.error
    Failed to load session from /path/that/does/not/exist.json: ENOENT: no such file or directory, open 'C:\path\that\does\not\exist.json'

    [0m [90m 438 |[39m       [36mreturn[39m [36mthis[39m[33m.[39msessionData[33m;[39m
     [90m 439 |[39m     } [36mcatch[39m (error) {
    [31m[1m>[22m[39m[90m 440 |[39m       console[33m.[39merror([32m`Failed to load session from ${sessionPath}:`[39m[33m,[39m error[33m.[39mmessage)[33m;[39m
     [90m     |[39m               [31m[1m^[22m[39m
     [90m 441 |[39m       [36mreturn[39m [36mnull[39m[33m;[39m
     [90m 442 |[39m     }
     [90m 443 |[39m   }[0m

      at ElicitationEngine.error [as loadSession] (.aios-core/core/elicitation/elicitation-engine.js:440:15)
      at Object.<anonymous> (tests/security/core-security.test.js:190:7)

PASS tests/security/core-security.test.js
  Core Security Tests (Story 3.0)
    SEC-01: ReDoS Prevention
      ÔêÜ should reject malicious regex pattern with nested quantifiers (.+)+ (2 ms)
      ÔêÜ should reject nested quantifiers pattern (.*)* (1 ms)
      ÔêÜ should accept safe regex patterns (1 ms)
      ÔêÜ should reject invalid regex syntax gracefully
    SEC-02: Path Traversal Block
      ÔêÜ should reject sessionId with path traversal attempt (../) (7 ms)
      ÔêÜ should reject sessionId with backslash traversal (..\) (1 ms)
      ÔêÜ should reject sessionId that is too short (1 ms)
      ÔêÜ should reject sessionId that is too long (1 ms)
      ÔêÜ should reject sessionId with non-hex characters (1 ms)
    SEC-03: Valid Session Loads
      ÔêÜ should accept valid 16-character hex sessionId (13 ms)
      ÔêÜ should load session with valid sessionId (5 ms)
      ÔêÜ should save and retrieve session data correctly (5 ms)
    SEC-04: Error Handling
      ÔêÜ should return null when loading non-existent session path (5 ms)
      ÔêÜ should return null for invalid JSON file (4 ms)
      ÔêÜ should not throw on loadSession failure (3 ms)
    SEC-05: Variable Initialization
      ÔêÜ should have currentSession initialized to null (1 ms)
      ÔêÜ should set currentSession when startSession is called (1 ms)
      ÔêÜ should not crash when completeSession is called before startSession

  console.log
    Ôä╣´©Å  No AI provider config found - using defaults

      at log (.aios-core/infrastructure/integrations/ai-providers/ai-provider-factory.js:68:13)

  console.log
    ­ƒñû Using primary AI provider: claude

      at log (.aios-core/infrastructure/integrations/ai-providers/ai-provider-factory.js:135:11)

'claude' n´┐¢o ´┐¢ reconhecido como um comando interno
ou externo, um programa oper´┐¢vel ou um arquivo em lotes.
'gemini' n´┐¢o ´┐¢ reconhecido como um comando interno
ou externo, um programa oper´┐¢vel ou um arquivo em lotes.
'claude' n´┐¢o ´┐¢ reconhecido como um comando interno
ou externo, um programa oper´┐¢vel ou um arquivo em lotes.
'gemini' n´┐¢o ´┐¢ reconhecido como um comando interno
ou externo, um programa oper´┐¢vel ou um arquivo em lotes.
PASS tests/infrastructure/ai-providers/ai-provider-factory.test.js
  AI Provider Factory
    Provider Classes
      ÔêÜ should export ClaudeProvider class (1 ms)
      ÔêÜ should export GeminiProvider class
    getProvider
      ÔêÜ should return claude provider (3 ms)
      ÔêÜ should return gemini provider (1 ms)
      ÔêÜ should throw error for unknown provider (6 ms)
    getPrimaryProvider
      ÔêÜ should return the primary provider (2 ms)
    getFallbackProvider
      ÔêÜ should return the fallback provider
    getProviderForTask
      ÔêÜ should return a provider for any task type (1 ms)
      ÔêÜ should return a provider for unknown task types (1 ms)
    getAvailableProviders
      ÔêÜ should return an object or array (64 ms)
    getProvidersStatus
      ÔêÜ should return an object (53 ms)
    executeWithFallback
      ÔêÜ should be a function (1 ms)

  console.warn
    ÔÜá´©Å Could not clear cache: ENOENT: no such file or directory, scandir 'C:\Users\Educacross\Documents\Projetos Educacross\-Book-de-Resultados\.aios\cache-test'

    [0m [90m 267 |[39m       console[33m.[39mlog([32m`Ô£à Cleared ${devContextFiles.length} cache files`[39m)[33m;[39m
     [90m 268 |[39m     } [36mcatch[39m (error) {
    [31m[1m>[22m[39m[90m 269 |[39m       console[33m.[39mwarn([32m'ÔÜá´©Å Could not clear cache:'[39m[33m,[39m error[33m.[39mmessage)[33m;[39m
     [90m     |[39m               [31m[1m^[22m[39m
     [90m 270 |[39m     }
     [90m 271 |[39m   }
     [90m 272 |[39m }[0m

      at DevContextLoader.warn [as clearCache] (.aios-core/development/scripts/dev-context-loader.js:269:15)
      at Object.<anonymous> (tests/unit/dev-context-loader.test.js:21:5)

  console.warn
    ÔÜá´©Å Could not clear cache: ENOENT: no such file or directory, scandir 'C:\Users\Educacross\Documents\Projetos Educacross\-Book-de-Resultados\.aios\cache-test'

    [0m [90m 267 |[39m       console[33m.[39mlog([32m`Ô£à Cleared ${devContextFiles.length} cache files`[39m)[33m;[39m
     [90m 268 |[39m     } [36mcatch[39m (error) {
    [31m[1m>[22m[39m[90m 269 |[39m       console[33m.[39mwarn([32m'ÔÜá´©Å Could not clear cache:'[39m[33m,[39m error[33m.[39mmessage)[33m;[39m
     [90m     |[39m               [31m[1m^[22m[39m
     [90m 270 |[39m     }
     [90m 271 |[39m   }
     [90m 272 |[39m }[0m

      at DevContextLoader.warn [as clearCache] (.aios-core/development/scripts/dev-context-loader.js:269:15)
      at Object.<anonymous> (tests/unit/dev-context-loader.test.js:21:5)

  console.warn
    ÔÜá´©Å Could not clear cache: ENOENT: no such file or directory, scandir 'C:\Users\Educacross\Documents\Projetos Educacross\-Book-de-Resultados\.aios\cache-test'

    [0m [90m 267 |[39m       console[33m.[39mlog([32m`Ô£à Cleared ${devContextFiles.length} cache files`[39m)[33m;[39m
     [90m 268 |[39m     } [36mcatch[39m (error) {
    [31m[1m>[22m[39m[90m 269 |[39m       console[33m.[39mwarn([32m'ÔÜá´©Å Could not clear cache:'[39m[33m,[39m error[33m.[39mmessage)[33m;[39m
     [90m     |[39m               [31m[1m^[22m[39m
     [90m 270 |[39m     }
     [90m 271 |[39m   }
     [90m 272 |[39m }[0m

      at DevContextLoader.warn [as clearCache] (.aios-core/development/scripts/dev-context-loader.js:269:15)
      at Object.<anonymous> (tests/unit/dev-context-loader.test.js:21:5)

  console.warn
    ÔÜá´©Å Could not clear cache: ENOENT: no such file or directory, scandir 'C:\Users\Educacross\Documents\Projetos Educacross\-Book-de-Resultados\.aios\cache-test'

    [0m [90m 267 |[39m       console[33m.[39mlog([32m`Ô£à Cleared ${devContextFiles.length} cache files`[39m)[33m;[39m
     [90m 268 |[39m     } [36mcatch[39m (error) {
    [31m[1m>[22m[39m[90m 269 |[39m       console[33m.[39mwarn([32m'ÔÜá´©Å Could not clear cache:'[39m[33m,[39m error[33m.[39mmessage)[33m;[39m
     [90m     |[39m               [31m[1m^[22m[39m
     [90m 270 |[39m     }
     [90m 271 |[39m   }
     [90m 272 |[39m }[0m

      at DevContextLoader.warn [as clearCache] (.aios-core/development/scripts/dev-context-loader.js:269:15)
      at Object.<anonymous> (tests/unit/dev-context-loader.test.js:21:5)

  console.warn
    ÔÜá´©Å Could not clear cache: ENOENT: no such file or directory, scandir 'C:\Users\Educacross\Documents\Projetos Educacross\-Book-de-Resultados\.aios\cache-test'

    [0m [90m 267 |[39m       console[33m.[39mlog([32m`Ô£à Cleared ${devContextFiles.length} cache files`[39m)[33m;[39m
     [90m 268 |[39m     } [36mcatch[39m (error) {
    [31m[1m>[22m[39m[90m 269 |[39m       console[33m.[39mwarn([32m'ÔÜá´©Å Could not clear cache:'[39m[33m,[39m error[33m.[39mmessage)[33m;[39m
     [90m     |[39m               [31m[1m^[22m[39m
     [90m 270 |[39m     }
     [90m 271 |[39m   }
     [90m 272 |[39m }[0m

      at DevContextLoader.warn [as clearCache] (.aios-core/development/scripts/dev-context-loader.js:269:15)
      at Object.<anonymous> (tests/unit/dev-context-loader.test.js:21:5)

  console.warn
    ÔÜá´©Å Could not clear cache: ENOENT: no such file or directory, scandir 'C:\Users\Educacross\Documents\Projetos Educacross\-Book-de-Resultados\.aios\cache-test'

    [0m [90m 267 |[39m       console[33m.[39mlog([32m`Ô£à Cleared ${devContextFiles.length} cache files`[39m)[33m;[39m
     [90m 268 |[39m     } [36mcatch[39m (error) {
    [31m[1m>[22m[39m[90m 269 |[39m       console[33m.[39mwarn([32m'ÔÜá´©Å Could not clear cache:'[39m[33m,[39m error[33m.[39mmessage)[33m;[39m
     [90m     |[39m               [31m[1m^[22m[39m
     [90m 270 |[39m     }
     [90m 271 |[39m   }
     [90m 272 |[39m }[0m

      at DevContextLoader.warn [as clearCache] (.aios-core/development/scripts/dev-context-loader.js:269:15)
      at Object.<anonymous> (tests/unit/dev-context-loader.test.js:21:5)

  console.warn
    ÔÜá´©Å Could not clear cache: ENOENT: no such file or directory, scandir 'C:\Users\Educacross\Documents\Projetos Educacross\-Book-de-Resultados\.aios\cache-test'

    [0m [90m 267 |[39m       console[33m.[39mlog([32m`Ô£à Cleared ${devContextFiles.length} cache files`[39m)[33m;[39m
     [90m 268 |[39m     } [36mcatch[39m (error) {
    [31m[1m>[22m[39m[90m 269 |[39m       console[33m.[39mwarn([32m'ÔÜá´©Å Could not clear cache:'[39m[33m,[39m error[33m.[39mmessage)[33m;[39m
     [90m     |[39m               [31m[1m^[22m[39m
     [90m 270 |[39m     }
     [90m 271 |[39m   }
     [90m 272 |[39m }[0m

      at DevContextLoader.warn [as clearCache] (.aios-core/development/scripts/dev-context-loader.js:269:15)
      at Object.<anonymous> (tests/unit/dev-context-loader.test.js:21:5)

  console.warn
    ÔÜá´©Å Could not clear cache: ENOENT: no such file or directory, scandir 'C:\Users\Educacross\Documents\Projetos Educacross\-Book-de-Resultados\.aios\cache-test'

    [0m [90m 267 |[39m       console[33m.[39mlog([32m`Ô£à Cleared ${devContextFiles.length} cache files`[39m)[33m;[39m
     [90m 268 |[39m     } [36mcatch[39m (error) {
    [31m[1m>[22m[39m[90m 269 |[39m       console[33m.[39mwarn([32m'ÔÜá´©Å Could not clear cache:'[39m[33m,[39m error[33m.[39mmessage)[33m;[39m
     [90m     |[39m               [31m[1m^[22m[39m
     [90m 270 |[39m     }
     [90m 271 |[39m   }
     [90m 272 |[39m }[0m

      at DevContextLoader.warn [as clearCache] (.aios-core/development/scripts/dev-context-loader.js:269:15)
      at Object.<anonymous> (tests/unit/dev-context-loader.test.js:21:5)

  console.log
    Ô£à Cleared 3 cache files

      at DevContextLoader.log [as clearCache] (.aios-core/development/scripts/dev-context-loader.js:267:15)

  console.warn
    ÔÜá´©Å Could not clear cache: ENOENT: no such file or directory, scandir 'C:\Users\Educacross\Documents\Projetos Educacross\-Book-de-Resultados\.aios\cache-test'

    [0m [90m 267 |[39m       console[33m.[39mlog([32m`Ô£à Cleared ${devContextFiles.length} cache files`[39m)[33m;[39m
     [90m 268 |[39m     } [36mcatch[39m (error) {
    [31m[1m>[22m[39m[90m 269 |[39m       console[33m.[39mwarn([32m'ÔÜá´©Å Could not clear cache:'[39m[33m,[39m error[33m.[39mmessage)[33m;[39m
     [90m     |[39m               [31m[1m^[22m[39m
     [90m 270 |[39m     }
     [90m 271 |[39m   }
     [90m 272 |[39m }[0m

      at DevContextLoader.warn [as clearCache] (.aios-core/development/scripts/dev-context-loader.js:269:15)
      at Object.<anonymous> (tests/unit/dev-context-loader.test.js:21:5)

  console.warn
    ÔÜá´©Å Could not clear cache: ENOENT: no such file or directory, scandir 'C:\Users\Educacross\Documents\Projetos Educacross\-Book-de-Resultados\.aios\cache-test'

    [0m [90m 267 |[39m       console[33m.[39mlog([32m`Ô£à Cleared ${devContextFiles.length} cache files`[39m)[33m;[39m
     [90m 268 |[39m     } [36mcatch[39m (error) {
    [31m[1m>[22m[39m[90m 269 |[39m       console[33m.[39mwarn([32m'ÔÜá´©Å Could not clear cache:'[39m[33m,[39m error[33m.[39mmessage)[33m;[39m
     [90m     |[39m               [31m[1m^[22m[39m
     [90m 270 |[39m     }
     [90m 271 |[39m   }
     [90m 272 |[39m }[0m

      at DevContextLoader.warn [as clearCache] (.aios-core/development/scripts/dev-context-loader.js:269:15)
      at Object.<anonymous> (tests/unit/dev-context-loader.test.js:21:5)

  console.warn
    ÔÜá´©Å Could not clear cache: ENOENT: no such file or directory, scandir 'C:\Users\Educacross\Documents\Projetos Educacross\-Book-de-Resultados\.aios\cache-test'

    [0m [90m 267 |[39m       console[33m.[39mlog([32m`Ô£à Cleared ${devContextFiles.length} cache files`[39m)[33m;[39m
     [90m 268 |[39m     } [36mcatch[39m (error) {
    [31m[1m>[22m[39m[90m 269 |[39m       console[33m.[39mwarn([32m'ÔÜá´©Å Could not clear cache:'[39m[33m,[39m error[33m.[39mmessage)[33m;[39m
     [90m     |[39m               [31m[1m^[22m[39m
     [90m 270 |[39m     }
     [90m 271 |[39m   }
     [90m 272 |[39m }[0m

      at DevContextLoader.warn [as clearCache] (.aios-core/development/scripts/dev-context-loader.js:269:15)
      at Object.<anonymous> (tests/unit/dev-context-loader.test.js:21:5)

  console.warn
    ÔÜá´©Å Could not clear cache: ENOENT: no such file or directory, scandir 'C:\Users\Educacross\Documents\Projetos Educacross\-Book-de-Resultados\.aios\cache-test'

    [0m [90m 267 |[39m       console[33m.[39mlog([32m`Ô£à Cleared ${devContextFiles.length} cache files`[39m)[33m;[39m
     [90m 268 |[39m     } [36mcatch[39m (error) {
    [31m[1m>[22m[39m[90m 269 |[39m       console[33m.[39mwarn([32m'ÔÜá´©Å Could not clear cache:'[39m[33m,[39m error[33m.[39mmessage)[33m;[39m
     [90m     |[39m               [31m[1m^[22m[39m
     [90m 270 |[39m     }
     [90m 271 |[39m   }
     [90m 272 |[39m }[0m

      at DevContextLoader.warn [as clearCache] (.aios-core/development/scripts/dev-context-loader.js:269:15)
      at Object.<anonymous> (tests/unit/dev-context-loader.test.js:21:5)

  console.warn
    ÔÜá´©Å Could not clear cache: ENOENT: no such file or directory, scandir 'C:\Users\Educacross\Documents\Projetos Educacross\-Book-de-Resultados\.aios\cache-test'

    [0m [90m 267 |[39m       console[33m.[39mlog([32m`Ô£à Cleared ${devContextFiles.length} cache files`[39m)[33m;[39m
     [90m 268 |[39m     } [36mcatch[39m (error) {
    [31m[1m>[22m[39m[90m 269 |[39m       console[33m.[39mwarn([32m'ÔÜá´©Å Could not clear cache:'[39m[33m,[39m error[33m.[39mmessage)[33m;[39m
     [90m     |[39m               [31m[1m^[22m[39m
     [90m 270 |[39m     }
     [90m 271 |[39m   }
     [90m 272 |[39m }[0m

      at DevContextLoader.warn [as clearCache] (.aios-core/development/scripts/dev-context-loader.js:269:15)
      at Object.<anonymous> (tests/unit/dev-context-loader.test.js:21:5)

  console.warn
    ÔÜá´©Å Could not clear cache: ENOENT: no such file or directory, scandir 'C:\Users\Educacross\Documents\Projetos Educacross\-Book-de-Resultados\.aios\cache-test'

    [0m [90m 267 |[39m       console[33m.[39mlog([32m`Ô£à Cleared ${devContextFiles.length} cache files`[39m)[33m;[39m
     [90m 268 |[39m     } [36mcatch[39m (error) {
    [31m[1m>[22m[39m[90m 269 |[39m       console[33m.[39mwarn([32m'ÔÜá´©Å Could not clear cache:'[39m[33m,[39m error[33m.[39mmessage)[33m;[39m
     [90m     |[39m               [31m[1m^[22m[39m
     [90m 270 |[39m     }
     [90m 271 |[39m   }
     [90m 272 |[39m }[0m

      at DevContextLoader.warn [as clearCache] (.aios-core/development/scripts/dev-context-loader.js:269:15)
      at Object.<anonymous> (tests/unit/dev-context-loader.test.js:21:5)

  console.warn
    ÔÜá´©Å Could not clear cache: ENOENT: no such file or directory, scandir 'C:\Users\Educacross\Documents\Projetos Educacross\-Book-de-Resultados\.aios\cache-test'

    [0m [90m 267 |[39m       console[33m.[39mlog([32m`Ô£à Cleared ${devContextFiles.length} cache files`[39m)[33m;[39m
     [90m 268 |[39m     } [36mcatch[39m (error) {
    [31m[1m>[22m[39m[90m 269 |[39m       console[33m.[39mwarn([32m'ÔÜá´©Å Could not clear cache:'[39m[33m,[39m error[33m.[39mmessage)[33m;[39m
     [90m     |[39m               [31m[1m^[22m[39m
     [90m 270 |[39m     }
     [90m 271 |[39m   }
     [90m 272 |[39m }[0m

      at DevContextLoader.warn [as clearCache] (.aios-core/development/scripts/dev-context-loader.js:269:15)
      at Object.<anonymous> (tests/unit/dev-context-loader.test.js:21:5)

PASS tests/unit/dev-context-loader.test.js
  DevContextLoader
    load() - Performance
      ÔêÜ loads summaries efficiently (cold load) (21 ms)
      ÔêÜ cached load is significantly faster than cold load (28 ms)
    load() - Summary Mode
      ÔêÜ generates correct summaries with headers + preview (17 ms)
      ÔêÜ reduces data by ~82% (30 ms)
    load() - Full Load Mode
      ÔêÜ loads complete files when fullLoad=true (57 ms)
    Cache Management
      ÔêÜ saves to cache after first load (16 ms)
      ÔêÜ respects cache TTL (1 hour) (3 ms)
      ÔêÜ clearCache() removes all cached files (17 ms)
    Error Handling
      ÔêÜ handles missing files gracefully (15 ms)
      ÔêÜ falls back to direct load if cache read fails (24 ms)
    generateSummary()
      ÔêÜ extracts headers from markdown files (4 ms)
      ÔêÜ includes first 100 lines as preview (3 ms)
    getCacheKey()
      ÔêÜ generates unique keys for different files (3 ms)
      ÔêÜ generates different keys for summary vs full load (3 ms)
      ÔêÜ normalizes file paths in cache keys (3 ms)

PASS tests/book-de-resultados/audit-ui-server.test.js
  upload-listagem-auditoria-server
    ÔêÜ loadAuditStore seeds and persists the default runs when file does not exist (4 ms)
    ÔêÜ persistAuditStore writes added runs and loadAuditStore restores them (3 ms)
    ÔêÜ listRuns applies combined filters for operation, status, owner, date and record (4 ms)
    ÔêÜ buildSummary returns counters for a filtered run set (3 ms)
    ÔêÜ buildPagedRunsResponse paginates filtered results and returns navigation metadata (3 ms)

PASS tests/installer/write-claude-settings.test.js
  ACT-12: writeClaudeSettings and getExistingLanguage
    writeClaudeSettings
      ÔêÜ should create .claude/settings.json with language (14 ms)
      ÔêÜ should map en to english (7 ms)
      ÔêÜ should map es to spanish (6 ms)
      ÔêÜ should merge into existing settings.json (8 ms)
      ÔêÜ should overwrite existing language value (8 ms)
      ÔêÜ should create .claude directory if it does not exist (7 ms)
    getExistingLanguage
      ÔêÜ should return language code from settings.json (7 ms)
      ÔêÜ should return null when no settings.json exists (3 ms)
      ÔêÜ should return null when settings.json has no language (7 ms)
      ÔêÜ should return null for unknown language (7 ms)
      ÔêÜ should handle malformed JSON gracefully (6 ms)
      ÔêÜ should roundtrip with writeClaudeSettings (7 ms)

  console.log
    Ôä╣ [INIT] Starting...

      at BuildOrchestrator.log (.aios-core/core/execution/build-orchestrator.js:916:13)

  console.log
    Ô£ô [INIT] Completed in 7ms

      at BuildOrchestrator.log (.aios-core/core/execution/build-orchestrator.js:916:13)

  console.log
    Ôä╣ [PLAN] Starting...

      at BuildOrchestrator.log (.aios-core/core/execution/build-orchestrator.js:916:13)

  console.log
    Ô£ù [PLAN] Failed: plan failed

      at BuildOrchestrator.log (.aios-core/core/execution/build-orchestrator.js:916:13)

  console.log
    Ôä╣ [EXECUTE] Starting...

      at BuildOrchestrator.log (.aios-core/core/execution/build-orchestrator.js:916:13)

  console.log
    Ô£ô [EXECUTE] Completed in 1ms

      at BuildOrchestrator.log (.aios-core/core/execution/build-orchestrator.js:916:13)

  console.log
    Ôä╣ [INIT] Starting...

      at BuildOrchestrator.log (.aios-core/core/execution/build-orchestrator.js:916:13)

  console.log
    Ô£ù [INIT] Failed: Story not found: nonexistent-story

      at BuildOrchestrator.log (.aios-core/core/execution/build-orchestrator.js:916:13)

  console.log
    Ôä╣ [INIT] Starting...

      at BuildOrchestrator.log (.aios-core/core/execution/build-orchestrator.js:916:13)

  console.log
    Ô£ù [INIT] Failed: Story not found: some-story

      at BuildOrchestrator.log (.aios-core/core/execution/build-orchestrator.js:916:13)

  console.log
    Ôä╣ [INIT] Starting...

      at BuildOrchestrator.log (.aios-core/core/execution/build-orchestrator.js:916:13)

  console.log
    Ô£ù [INIT] Failed: Story not found: some-story

      at BuildOrchestrator.log (.aios-core/core/execution/build-orchestrator.js:916:13)

  console.log
    Ôä╣ [INIT] Starting...

      at BuildOrchestrator.log (.aios-core/core/execution/build-orchestrator.js:916:13)

  console.log
    Ô£ù [INIT] Failed: Story not found: missing-story

      at BuildOrchestrator.log (.aios-core/core/execution/build-orchestrator.js:916:13)

  console.log
    Ôä╣ DRY RUN: Would create worktree

      at BuildOrchestrator.log (.aios-core/core/execution/build-orchestrator.js:916:13)

  console.log
    Ôä╣ DRY RUN: Would generate plan

      at BuildOrchestrator.log (.aios-core/core/execution/build-orchestrator.js:916:13)

  console.log
    Ôä╣ DRY RUN: Would execute build loop

      at BuildOrchestrator.log (.aios-core/core/execution/build-orchestrator.js:916:13)

  console.log
    Ôä╣ DRY RUN: Would run QA

      at BuildOrchestrator.log (.aios-core/core/execution/build-orchestrator.js:916:13)

  console.log
    Ôä╣ DRY RUN/NO-MERGE: Would merge to main

      at BuildOrchestrator.log (.aios-core/core/execution/build-orchestrator.js:916:13)

  console.log
    Ôä╣ DRY RUN/KEEP: Would cleanup worktree

      at BuildOrchestrator.log (.aios-core/core/execution/build-orchestrator.js:916:13)

PASS tests/core/build-orchestrator.test.js
  Build Orchestrator Enums
    ÔêÜ OrchestratorEvent should have all expected events (BO-04) (2 ms)
    ÔêÜ Phase should have all 8 phases (BO-05) (1 ms)
    ÔêÜ DEFAULT_CONFIG should have expected defaults (BO-03) (1 ms)
  BuildOrchestrator
    Constructor
      ÔêÜ should create with default config (BO-01) (3 ms)
      ÔêÜ should merge custom config with defaults (BO-02) (3 ms)
    runPhase()
      ÔêÜ should emit phase events on success (BO-28) (11 ms)
      ÔêÜ should emit phase_failed on error (BO-28) (31 ms)
      ÔêÜ should set currentPhase on context (4 ms)
    build()
      ÔêÜ should reject duplicate builds for same story (BO-07) (3 ms)
      ÔêÜ should fail at init phase if story not found (BO-08) (6 ms)
      ÔêÜ should emit BUILD_QUEUED event (6 ms)
      ÔêÜ should cleanup activeBuilds after completion (6 ms)
      ÔêÜ should emit BUILD_FAILED on error (7 ms)
    phaseInit()
      ÔêÜ should find story file and set storyPath (BO-12) (4 ms)
      ÔêÜ should throw if story not found (BO-13) (2 ms)
    Phase dry-run paths
      ÔêÜ phaseWorktree returns dryRun when config.dryRun is true (13 ms)
      ÔêÜ phasePlan returns dryRun and uses existing plan file (4 ms)
      ÔêÜ phasePlan returns dryRun when no plan and dryRun enabled (4 ms)
      ÔêÜ phaseExecute returns dryRun when config.dryRun is true (3 ms)
      ÔêÜ phaseQA returns dryRun when config.dryRun is true (3 ms)
      ÔêÜ phaseMerge returns dryRun when config.dryRun is true (3 ms)
      ÔêÜ phaseMerge returns skipped when no worktree (3 ms)
      ÔêÜ phaseCleanup returns dryRun when config.dryRun is true (4 ms)
      ÔêÜ phaseCleanup returns skipped when no worktree (3 ms)
    generatePlan()
      ÔêÜ should generate plan from story file (5 ms)
    log()
      ÔêÜ should log at different levels (2 ms)
      ÔêÜ should skip debug messages when not verbose (3 ms)
      ÔêÜ should show debug messages when verbose (3 ms)
    buildSubtaskPrompt()
      ÔêÜ should format prompt with subtask details (BO-21) (2 ms)
      ÔêÜ should include retry message on subsequent attempts (3 ms)
      ÔêÜ should include gotchas context when available (2 ms)
      ÔêÜ should include verification command when specified (2 ms)
    validateSubtaskResult()
      ÔêÜ should return true for clean output (BO-22) (3 ms)
      ÔêÜ should return false for output with error and failed (BO-23) (3 ms)
      ÔêÜ should return false for test failed output (2 ms)
      ÔêÜ should return true when output contains verification passed (2 ms)
      ÔêÜ should return true when output contains check mark (2 ms)
    extractModifiedFiles()
      ÔêÜ should extract files from wrote/created patterns (BO-24) (2 ms)
      ÔêÜ should extract files from file: pattern (3 ms)
      ÔêÜ should deduplicate files (2 ms)
      ÔêÜ should return empty array for no matches (2 ms)
    formatDuration()
      ÔêÜ should format seconds only (BO-27) (2 ms)
      ÔêÜ should format minutes and seconds (2 ms)
      ÔêÜ should handle zero (2 ms)
      ÔêÜ should handle sub-second values (2 ms)
    findStoryFile()
      ÔêÜ should find story in stories root (4 ms)
      ÔêÜ should find story in subdirectory (5 ms)
      ÔêÜ should return null for nonexistent story (4 ms)
    getActiveBuilds()
      ÔêÜ should return empty array when no builds active (3 ms)
      ÔêÜ should return active build info (2 ms)
    generateReport()
      ÔêÜ should generate success report (4 ms)
      ÔêÜ should generate failure report with errors (3 ms)
    phaseReport()
      ÔêÜ should write report to file (5 ms)
      ÔêÜ should emit REPORT_GENERATED event (4 ms)

PASS tests/core/config/config-resolver.test.js
  validateConfig
    user config (L5) validation
      ÔêÜ should return no warnings for valid user config (34 ms)
      ÔêÜ should return warning when user_profile is missing (required field) (13 ms)
      ÔêÜ should return warning when user_profile has invalid enum value (10 ms)
      ÔêÜ should accept valid enum values: bob and advanced (8 ms)
      ÔêÜ should allow extra fields (additionalProperties: true) (8 ms)
    project config (L2) validation
      ÔêÜ should return no warnings for valid project config (15 ms)
      ÔêÜ should return warning for invalid project_type enum (7 ms)
      ÔêÜ should allow extra fields in project config (8 ms)
    edge cases
      ÔêÜ should return empty warnings for unknown level (1 ms)
      ÔêÜ should return empty warnings when schema file is missing (1 ms)
  loadLayeredConfig
    ÔêÜ should load L5 user config and merge it last (8 ms)
    ÔêÜ should load L2 project config with project_name (8 ms)
    ÔêÜ should allow L5 to override L4 values (8 ms)
    ÔêÜ should collect schema validation warnings (8 ms)
    ÔêÜ should return empty config when no files exist (1 ms)
  isLegacyMode
    ÔêÜ should return true when core-config.yaml exists but framework-config.yaml does not (1 ms)
    ÔêÜ should return false when framework-config.yaml exists (1 ms)
  resolveConfig ÔÇö legacy mode
    ÔêÜ should load legacy config without schema validation (1 ms)
  getConfigAtLevel
    ÔêÜ should return L5 user config data (1 ms)
    ÔêÜ should return null when config file does not exist (1 ms)
    ÔêÜ should accept level aliases: L5, 5, user (1 ms)
  SCHEMA_FILES
    ÔêÜ should define schema files for L1, L2, L4, L5 (1 ms)

PASS tests/integration/mcp-setup.test.js
  MCP Setup Integration
    CLI Module Loading
      ÔêÜ should load mcp command module without errors (1 ms)
      ÔêÜ should export createMcpCommand function (1 ms)
      ÔêÜ should load all mcp subcommand modules (1 ms)
    Core Module Loading
      ÔêÜ should load os-detector module (1 ms)
      ÔêÜ should load global-config-manager module
      ÔêÜ should load symlink-manager module (1 ms)
      ÔêÜ should load config-migrator module (1 ms)
      ÔêÜ should load mcp index module with all exports (2 ms)
    OS Detection
      ÔêÜ should detect current OS correctly (1 ms)
      ÔêÜ should provide complete OS info (1 ms)
    Server Templates
      ÔêÜ should have standard server templates (1 ms)
      ÔêÜ should return valid template for context7 (1 ms)
      ÔêÜ should return valid template for exa
      ÔêÜ should return null for unknown template (1 ms)
    Path Generation
      ÔêÜ should generate correct global AIOS directory path (1 ms)
      ÔêÜ should generate correct MCP directory path
      ÔêÜ should generate correct config file path (1 ms)
      ÔêÜ should generate correct servers directory path (1 ms)
      ÔêÜ should generate correct cache directory path
      ÔêÜ should generate correct credentials directory path (1 ms)
    Link Status Constants
      ÔêÜ should have all required status values (1 ms)
    Migration Options Constants
      ÔêÜ should have all required migration options
    Default Config Structure
      ÔêÜ should have correct version
      ÔêÜ should have servers object (1 ms)
      ÔêÜ should have defaults with timeout and retries
    CLI Help Output
      ÔêÜ should create command with proper structure (2 ms)
      ÔêÜ should have all subcommands registered
  MCP CLI Command Registration
    ÔêÜ should have mcp command in main CLI (84 ms)
    ÔêÜ should include mcp in help text (3 ms)

PASS tests/unit/wizard/ide-selector.test.js
  IDE Selector
    validateIDESelection
      ÔêÜ should validate at least one IDE selected (1 ms)
      ÔêÜ should accept single IDE selection
      ÔêÜ should accept multiple IDE selections (1 ms)
      ÔêÜ should accept all 5 IDE selections (1 ms)
      ÔêÜ should reject invalid IDE keys
      ÔêÜ should reject non-array input (1 ms)
      ÔêÜ should reject null input (1 ms)
      ÔêÜ should reject undefined input
    getIDESelectionQuestion
      ÔêÜ should return a valid inquirer question object (1 ms)
      ÔêÜ should have 5 IDE choices (1 ms)
      ÔêÜ should have valid choice structure (1 ms)
      ÔêÜ should use validateIDESelection as validator

  console.warn
    [IDS-Governor] Operation degraded: Lock contention ÔÇö registry busy

    [0m [90m 536 |[39m     } [36mcatch[39m (error) {
     [90m 537 |[39m       clearTimeout(timer)[33m;[39m
    [31m[1m>[22m[39m[90m 538 |[39m       console[33m.[39mwarn([32m`[IDS-Governor] Operation degraded: ${error.message}`[39m)[33m;[39m
     [90m     |[39m               [31m[1m^[22m[39m
     [90m 539 |[39m       [36mreturn[39m { [33m...[39mfallback[33m,[39m error[33m:[39m error[33m.[39mmessage }[33m;[39m
     [90m 540 |[39m     }
     [90m 541 |[39m   }[0m

      at FrameworkGovernor.warn [as _withTimeout] (.aios-core/core/ids/framework-governor.js:538:15)
      at Object.<anonymous> (tests/core/ids/framework-governor.test.js:308:22)

  console.warn
    [IDS-Governor] Operation degraded: IDS operation timed out

    [0m [90m 536 |[39m     } [36mcatch[39m (error) {
     [90m 537 |[39m       clearTimeout(timer)[33m;[39m
    [31m[1m>[22m[39m[90m 538 |[39m       console[33m.[39mwarn([32m`[IDS-Governor] Operation degraded: ${error.message}`[39m)[33m;[39m
     [90m     |[39m               [31m[1m^[22m[39m
     [90m 539 |[39m       [36mreturn[39m { [33m...[39mfallback[33m,[39m error[33m:[39m error[33m.[39mmessage }[33m;[39m
     [90m 540 |[39m     }
     [90m 541 |[39m   }[0m

      at FrameworkGovernor.warn [as _withTimeout] (.aios-core/core/ids/framework-governor.js:538:15)
      at Object.<anonymous> (tests/core/ids/framework-governor.test.js:431:22)

  console.warn
    [IDS-Governor] Operation degraded: Engine crashed

    [0m [90m 536 |[39m     } [36mcatch[39m (error) {
     [90m 537 |[39m       clearTimeout(timer)[33m;[39m
    [31m[1m>[22m[39m[90m 538 |[39m       console[33m.[39mwarn([32m`[IDS-Governor] Operation degraded: ${error.message}`[39m)[33m;[39m
     [90m     |[39m               [31m[1m^[22m[39m
     [90m 539 |[39m       [36mreturn[39m { [33m...[39mfallback[33m,[39m error[33m:[39m error[33m.[39mmessage }[33m;[39m
     [90m 540 |[39m     }
     [90m 541 |[39m   }[0m

      at FrameworkGovernor.warn [as _withTimeout] (.aios-core/core/ids/framework-governor.js:538:15)
      at Object.<anonymous> (tests/core/ids/framework-governor.test.js:446:22)

  console.warn
    [IDS-Governor] Operation degraded: Loader broken

    [0m [90m 536 |[39m     } [36mcatch[39m (error) {
     [90m 537 |[39m       clearTimeout(timer)[33m;[39m
    [31m[1m>[22m[39m[90m 538 |[39m       console[33m.[39mwarn([32m`[IDS-Governor] Operation degraded: ${error.message}`[39m)[33m;[39m
     [90m     |[39m               [31m[1m^[22m[39m
     [90m 539 |[39m       [36mreturn[39m { [33m...[39mfallback[33m,[39m error[33m:[39m error[33m.[39mmessage }[33m;[39m
     [90m 540 |[39m     }
     [90m 541 |[39m   }[0m

      at FrameworkGovernor.warn [as _withTimeout] (.aios-core/core/ids/framework-governor.js:538:15)
      at Object.<anonymous> (tests/core/ids/framework-governor.test.js:459:22)

PASS tests/core/ids/framework-governor.test.js
  FrameworkGovernor
    constructor
      ÔêÜ should create instance with required dependencies (3 ms)
      ÔêÜ should throw if registryLoader is missing (13 ms)
      ÔêÜ should throw if decisionEngine is missing (2 ms)
      ÔêÜ should throw if registryUpdater is missing (2 ms)
      ÔêÜ should accept optional registryHealer (1 ms)
      ÔêÜ should handle null healer gracefully (2 ms)
    preCheck()
      ÔêÜ should return REUSE recommendation for high relevance match (6 ms)
      ÔêÜ should return CREATE recommendation for no matches (1 ms)
      ÔêÜ should return ADAPT recommendation for moderate relevance (2 ms)
      ÔêÜ should handle empty intent gracefully (2 ms)
      ÔêÜ should work without entityType filter (1 ms)
      ÔêÜ should include alternatives in result (2 ms)
      ÔêÜ should limit recommendations to 5 (2 ms)
      ÔêÜ should always set shouldProceed to true (advisory mode) (1 ms)
    preCheck() input validation
      ÔêÜ should throw on null intent (2 ms)
      ÔêÜ should throw on undefined intent (1 ms)
      ÔêÜ should throw on numeric intent (1 ms)
    preCheck() with empty registry
      ÔêÜ should return CREATE gracefully for empty registry (2 ms)
    impactAnalysis() input validation
      ÔêÜ should throw on null entityId (2 ms)
      ÔêÜ should throw on empty entityId (1 ms)
    impactAnalysis()
      ÔêÜ should return impact for entity with consumers (2 ms)
      ÔêÜ should return no consumers for entity with empty usedBy (1 ms)
      ÔêÜ should return found:false for unknown entity (2 ms)
      ÔêÜ should include adaptability score when available (1 ms)
      ÔêÜ should include threshold warning for low adaptability (2 ms)
      ÔêÜ should traverse indirect consumers via BFS (1 ms)
      ÔêÜ should include dependencies list (1 ms)
    postRegister() input validation
      ÔêÜ should throw on null filePath (1 ms)
      ÔêÜ should throw on empty filePath (2 ms)
    postRegister()
      ÔêÜ should register file via RegistryUpdater.onAgentTaskComplete (1 ms)
      ÔêÜ should use onAgentTaskComplete (not processChanges) per SF-1 (2 ms)
      ÔêÜ should include metadata in result (1 ms)
      ÔêÜ should handle updater failure gracefully (11 ms)
      ÔêÜ should default agent to aios-master (1 ms)
    healthCheck()
      ÔêÜ should return degraded status when healer is null (1 ms)
      ÔêÜ should use RegistryHealer when available (1 ms)
      ÔêÜ should include entity count in basic stats (2 ms)
    getStats()
      ÔêÜ should return correct entity count (2 ms)
      ÔêÜ should return counts by type (1 ms)
      ÔêÜ should return counts by category (1 ms)
      ÔêÜ should include health score (1 ms)
      ÔêÜ should include last updated from metadata (1 ms)
      ÔêÜ should include registry version (2 ms)
      ÔêÜ should report healer availability (2 ms)
      ÔêÜ should include categories list (1 ms)
    getStats() with empty registry
      ÔêÜ should return zero counts for empty registry (1 ms)
    graceful degradation
      ÔêÜ should return fallback on timeout (5 ms)
      ÔêÜ should return fallback on engine error (3 ms)
      ÔêÜ should return fallback on impactAnalysis error (4 ms)
    _calculateRiskLevel()
      ÔêÜ should return NONE for 0% (1 ms)
      ÔêÜ should return LOW for small percentage (2 ms)
      ÔêÜ should return MEDIUM for moderate percentage (1 ms)
      ÔêÜ should return HIGH for large percentage (1 ms)
      ÔêÜ should return CRITICAL for very large percentage (1 ms)
    static formatters
      formatPreCheckOutput()
        ÔêÜ should format preCheck result as string (2 ms)
        ÔêÜ should include recommendations when matches found (1 ms)
      formatImpactOutput()
        ÔêÜ should format impact result as string (1 ms)
        ÔêÜ should handle not-found entity (2 ms)
        ÔêÜ should show safe-to-modify for zero consumers (1 ms)
      formatStatsOutput()
        ÔêÜ should format stats result as string (1 ms)
    exported constants
      ÔêÜ should export TIMEOUT_MS (1 ms)
      ÔêÜ should export RISK_THRESHOLDS (1 ms)

  console.log
    Backup created: C:\Users\Educacross\Documents\Projetos Educacross\-Book-de-Resultados\tests\unit\squad\temp-extend-test\backup-test-squad\agents\backup-agent.md.bak

      at SquadExtender.log [as _createBackup] (.aios-core/development/scripts/squad/squad-extender.js:489:17)

  console.log
    Backup created: C:\Users\Educacross\Documents\Projetos Educacross\-Book-de-Resultados\tests\unit\squad\temp-extend-test\backup-test-squad\squad.yaml.bak

      at SquadExtender.log [as _createBackup] (.aios-core/development/scripts/squad/squad-extender.js:489:17)

PASS tests/unit/squad/squad-extender.test.js
  SquadExtender
    Constants
      ÔêÜ should export ErrorCodes enum (5 ms)
      ÔêÜ should export COMPONENT_CONFIG object (4 ms)
      ÔêÜ should have correct configuration for each component type (9 ms)
    Constructor
      ÔêÜ should use default squads path when not specified (3 ms)
      ÔêÜ should use custom squads path when specified (2 ms)
      ÔêÜ should disable verbose mode by default (3 ms)
      ÔêÜ should enable verbose mode when specified (2 ms)
    SquadExtenderError
      ÔêÜ should create error with code and message (3 ms)
      ÔêÜ should create squadNotFound error with static method (2 ms)
      ÔêÜ should create componentExists error with static method (2 ms)
      ÔêÜ should create invalidComponentName error with static method (2 ms)
      ÔêÜ should create invalidComponentType error with static method (3 ms)
      ÔêÜ should create agentNotFound error with static method (2 ms)
      ÔêÜ should create pathTraversal error with static method (2 ms)
    Input Validation
      ÔêÜ should reject invalid component type (13 ms)
      ÔêÜ should reject invalid component name (uppercase) (3 ms)
      ÔêÜ should reject invalid component name (special chars) (2 ms)
      ÔêÜ should reject path traversal attempts (2 ms)
      ÔêÜ should reject backslash path traversal (3 ms)
      ÔêÜ should accept valid kebab-case names (13 ms)
      ÔêÜ should accept single character name (12 ms)
    listAgents()
      ÔêÜ should list available agents in squad (3 ms)
      ÔêÜ should return empty array for non-existent agents directory (2 ms)
    addComponent() - Task with Agent
      ÔêÜ should validate agent exists when adding task (3 ms)
      ÔêÜ should prepend agent ID to task filename (14 ms)
    addComponent() - Error Cases
      ÔêÜ should throw error for non-existent squad (3 ms)
    updateManifest()
      ÔêÜ should add component to manifest (9 ms)
      ÔêÜ should not duplicate existing component (9 ms)
    Security
      ÔêÜ should prevent overwrite without force flag (9 ms)
      ÔêÜ should allow overwrite with force flag (19 ms)
      ÔêÜ should create backup before overwriting (15 ms)
    Performance
      ÔêÜ should complete addComponent within 500ms (12 ms)

  console.log
    [19:13:26] [MasterOrchestrator]  MasterOrchestrator initialized

      at MasterOrchestrator.log [as _log] (.aios-core/core/orchestration/master-orchestrator.js:1470:13)

  console.log
    [19:13:26] [MasterOrchestrator]  MasterOrchestrator initialized

      at MasterOrchestrator.log [as _log] (.aios-core/core/orchestration/master-orchestrator.js:1470:13)

  console.log
    [19:13:26] [MasterOrchestrator]  MasterOrchestrator initialized

      at MasterOrchestrator.log [as _log] (.aios-core/core/orchestration/master-orchestrator.js:1470:13)

  console.log
    [19:13:26] [MasterOrchestrator]  MasterOrchestrator initialized

      at MasterOrchestrator.log [as _log] (.aios-core/core/orchestration/master-orchestrator.js:1470:13)

  console.log
    [19:13:26] [MasterOrchestrator]  MasterOrchestrator initialized

      at MasterOrchestrator.log [as _log] (.aios-core/core/orchestration/master-orchestrator.js:1470:13)

  console.log
    [19:13:26] [MasterOrchestrator]  MasterOrchestrator initialized

      at MasterOrchestrator.log [as _log] (.aios-core/core/orchestration/master-orchestrator.js:1470:13)

  console.log
    [19:13:26] [MasterOrchestrator]  MasterOrchestrator initialized

      at MasterOrchestrator.log [as _log] (.aios-core/core/orchestration/master-orchestrator.js:1470:13)

  console.log
    [19:13:26] [MasterOrchestrator]  MasterOrchestrator initialized

      at MasterOrchestrator.log [as _log] (.aios-core/core/orchestration/master-orchestrator.js:1470:13)

  console.log
    [19:13:26] [MasterOrchestrator]  MasterOrchestrator initialized

      at MasterOrchestrator.log [as _log] (.aios-core/core/orchestration/master-orchestrator.js:1470:13)

  console.log
    [19:13:26] [MasterOrchestrator]  MasterOrchestrator initialized

      at MasterOrchestrator.log [as _log] (.aios-core/core/orchestration/master-orchestrator.js:1470:13)

  console.log
    [19:13:26] [MasterOrchestrator]  MasterOrchestrator initialized

      at MasterOrchestrator.log [as _log] (.aios-core/core/orchestration/master-orchestrator.js:1470:13)

  console.log
    [19:13:26] [MasterOrchestrator]  MasterOrchestrator initialized

      at MasterOrchestrator.log [as _log] (.aios-core/core/orchestration/master-orchestrator.js:1470:13)

  console.log
    [19:13:26] [MasterOrchestrator]  MasterOrchestrator initialized

      at MasterOrchestrator.log [as _log] (.aios-core/core/orchestration/master-orchestrator.js:1470:13)

  console.log
    [19:13:26] [MasterOrchestrator]  MasterOrchestrator initialized

      at MasterOrchestrator.log [as _log] (.aios-core/core/orchestration/master-orchestrator.js:1470:13)

  console.log
    [19:13:26] [MasterOrchestrator]  MasterOrchestrator initialized

      at MasterOrchestrator.log [as _log] (.aios-core/core/orchestration/master-orchestrator.js:1470:13)

  console.log
    [19:13:26] [MasterOrchestrator]  MasterOrchestrator initialized

      at MasterOrchestrator.log [as _log] (.aios-core/core/orchestration/master-orchestrator.js:1470:13)

  console.log
    [19:13:26] [MasterOrchestrator]  MasterOrchestrator initialized

      at MasterOrchestrator.log [as _log] (.aios-core/core/orchestration/master-orchestrator.js:1470:13)

  console.log
    [19:13:26] [MasterOrchestrator]  MasterOrchestrator initialized

      at MasterOrchestrator.log [as _log] (.aios-core/core/orchestration/master-orchestrator.js:1470:13)

  console.log
    [19:13:26] [MasterOrchestrator]  MasterOrchestrator initialized

      at MasterOrchestrator.log [as _log] (.aios-core/core/orchestration/master-orchestrator.js:1470:13)

  console.log
    [19:13:26] [MasterOrchestrator]  MasterOrchestrator initialized

      at MasterOrchestrator.log [as _log] (.aios-core/core/orchestration/master-orchestrator.js:1470:13)

  console.log
    [19:13:26] [MasterOrchestrator]  MasterOrchestrator initialized

      at MasterOrchestrator.log [as _log] (.aios-core/core/orchestration/master-orchestrator.js:1470:13)

  console.log
    [19:13:26] [MasterOrchestrator]  MasterOrchestrator initialized

      at MasterOrchestrator.log [as _log] (.aios-core/core/orchestration/master-orchestrator.js:1470:13)

  console.log
    [19:13:26] [MasterOrchestrator]  MasterOrchestrator initialized

      at MasterOrchestrator.log [as _log] (.aios-core/core/orchestration/master-orchestrator.js:1470:13)

  console.log
    [19:13:26] [MasterOrchestrator]  MasterOrchestrator initialized

      at MasterOrchestrator.log [as _log] (.aios-core/core/orchestration/master-orchestrator.js:1470:13)

  console.log
    [19:13:26] [MasterOrchestrator]  MasterOrchestrator initialized

      at MasterOrchestrator.log [as _log] (.aios-core/core/orchestration/master-orchestrator.js:1470:13)

  console.log
    [19:13:26] [MasterOrchestrator]  MasterOrchestrator initialized

      at MasterOrchestrator.log [as _log] (.aios-core/core/orchestration/master-orchestrator.js:1470:13)

  console.log
    [19:13:26] [MasterOrchestrator]  MasterOrchestrator initialized

      at MasterOrchestrator.log [as _log] (.aios-core/core/orchestration/master-orchestrator.js:1470:13)

  console.log
    [19:13:26] [MasterOrchestrator]  MasterOrchestrator initialized

      at MasterOrchestrator.log [as _log] (.aios-core/core/orchestration/master-orchestrator.js:1470:13)

  console.log
    [19:13:26] [MasterOrchestrator]  MasterOrchestrator initialized

      at MasterOrchestrator.log [as _log] (.aios-core/core/orchestration/master-orchestrator.js:1470:13)

  console.log
    [19:13:26] [MasterOrchestrator]  MasterOrchestrator initialized

      at MasterOrchestrator.log [as _log] (.aios-core/core/orchestration/master-orchestrator.js:1470:13)

  console.log
    [19:13:26] [MasterOrchestrator]  MasterOrchestrator initialized

      at MasterOrchestrator.log [as _log] (.aios-core/core/orchestration/master-orchestrator.js:1470:13)

  console.log
    [19:13:26] [MasterOrchestrator]  MasterOrchestrator initialized

      at MasterOrchestrator.log [as _log] (.aios-core/core/orchestration/master-orchestrator.js:1470:13)

  console.log
    [19:13:26] [MasterOrchestrator]  MasterOrchestrator initialized

      at MasterOrchestrator.log [as _log] (.aios-core/core/orchestration/master-orchestrator.js:1470:13)

  console.log
    [19:13:26] [MasterOrchestrator]  MasterOrchestrator initialized

      at MasterOrchestrator.log [as _log] (.aios-core/core/orchestration/master-orchestrator.js:1470:13)

PASS tests/core/dashboard-integration.test.js
  Dashboard Integration (Story 0.8)
    NotificationType Enum (AC7)
      ÔêÜ should have all notification types (4 ms)
    Constructor
      ÔêÜ should initialize with default options (3 ms)
      ÔêÜ should accept custom options (3 ms)
      ÔêÜ should bind orchestrator events when provided (3 ms)
    Status File Update (AC1)
      ÔêÜ should update status file (9 ms)
      ÔêÜ should write valid JSON (9 ms)
      ÔêÜ should return status path (3 ms)
    Status Content (AC2)
      ÔêÜ should include currentEpic (3 ms)
      ÔêÜ should include progress (3 ms)
      ÔêÜ should include timestamps (3 ms)
      ÔêÜ should include status flags (4 ms)
    Event Emitter (AC3)
      ÔêÜ should emit statusUpdated event (9 ms)
      ÔêÜ should emit started event (8 ms)
      ÔêÜ should emit stopped event (8 ms)
    Progress Percentage (AC4)
      ÔêÜ should return progress percentage (4 ms)
    History (AC5)
      ÔêÜ should track history entries (3 ms)
      ÔêÜ should limit history to 100 entries (9 ms)
      ÔêÜ should get history for specific epic (3 ms)
    Logs Path (AC6)
      ÔêÜ should include logsPath in status (3 ms)
    Notifications (AC7)
      ÔêÜ should add notifications (3 ms)
      ÔêÜ should emit notification event (4 ms)
      ÔêÜ should get unread notifications only (3 ms)
      ÔêÜ should mark all notifications as read (3 ms)
      ÔêÜ should clear notifications (3 ms)
      ÔêÜ should limit notifications to 50 (3 ms)
    Read Status
      ÔêÜ should read status from file (10 ms)
      ÔêÜ should return null if file does not exist (4 ms)
    Clear
      ÔêÜ should clear all state (3 ms)
  Integration with MasterOrchestrator
    ÔêÜ should integrate DashboardIntegration with MasterOrchestrator (3 ms)
    ÔêÜ should expose getDashboardIntegration method (4 ms)
    ÔêÜ should expose getDashboardStatus method (3 ms)
    ÔêÜ should expose getExecutionHistory method (3 ms)
    ÔêÜ should expose getNotifications method (3 ms)
    ÔêÜ should allow adding notifications (4 ms)

PASS tests/core/execution/parallel-executor.test.js
  ParallelExecutor
    ParallelMode
      ÔêÜ should have all execution modes defined (2 ms)
    constructor
      ÔêÜ should use default mode as fallback (1 ms)
      ÔêÜ should accept custom mode (1 ms)
      ÔêÜ should have default consensus similarity (1 ms)
      ÔêÜ should initialize stats (1 ms)
    execute
      ÔêÜ should execute both providers in parallel (4 ms)
      ÔêÜ should increment execution count (1 ms)
      ÔêÜ should handle Claude failure with Gemini fallback (1 ms)
      ÔêÜ should handle both failures (2 ms)
      ÔêÜ should emit events (1 ms)
    race mode
      ÔêÜ should return first successful result (1 ms)
    consensus mode
      ÔêÜ should achieve consensus when outputs are similar (2 ms)
    best-of mode
      ÔêÜ should score and pick best output (1 ms)
    merge mode
      ÔêÜ should merge both outputs (2 ms)
    getStats
      ÔêÜ should return stats with calculated rates (2 ms)
    timeout handling
      ÔêÜ should timeout slow executors (107 ms)

PASS tests/core/cli-commands.test.js
  CLI Commands (Story 0.9)
    Command Exports (AC7)
      ÔêÜ should export all commands (4 ms)
    orchestrate (AC1)
      ÔêÜ should require story ID (2 ms)
      ÔêÜ should execute pipeline and return result (47 ms)
      ÔêÜ should support --epic flag (AC5) (46 ms)
      ÔêÜ should support --dry-run flag (AC6) (13 ms)
      ÔêÜ should support --strict flag (12 ms)
    orchestrateStatus (AC2)
      ÔêÜ should require story ID (3 ms)
      ÔêÜ should return error if no state found (2 ms)
      ÔêÜ should show status when state exists (7 ms)
    orchestrateStop (AC3)
      ÔêÜ should require story ID (2 ms)
      ÔêÜ should return error if no state found (2 ms)
      ÔêÜ should stop execution and update state (9 ms)
    orchestrateResume (AC4)
      ÔêÜ should require story ID (2 ms)
      ÔêÜ should return error if no state found (3 ms)
      ÔêÜ should not resume completed stories (6 ms)
      ÔêÜ should resume from stopped state (47 ms)
    Output Formatting
      ÔêÜ should output to console (12 ms)

PASS tests/synapse/session-manager.test.js
  Session CRUD
    ÔêÜ createSession creates a valid session file with schema v2.0 (5 ms)
    ÔêÜ createSession auto-creates sessions directory if missing (3 ms)
    ÔêÜ loadSession returns session object for existing session (4 ms)
    ÔêÜ loadSession returns null for non-existent session (2 ms)
    ÔêÜ updateSession merges partial updates and increments prompt_count (4 ms)
    ÔêÜ updateSession returns null for non-existent session (2 ms)
    ÔêÜ deleteSession removes session file and returns true (4 ms)
    ÔêÜ deleteSession returns false for non-existent session (2 ms)
  Schema v2.0 Compliance
    ÔêÜ session contains all required schema v2.0 fields (4 ms)
    ÔêÜ loadSession rejects sessions with wrong schema_version (4 ms)
  Stale Session Cleanup
    ÔêÜ cleanStaleSessions removes sessions older than maxAgeHours (4 ms)
    ÔêÜ cleanStaleSessions returns 0 when no stale sessions exist (3 ms)
    ÔêÜ cleanStaleSessions creates directory if it does not exist (30 ms)
    ÔêÜ cleanStaleSessions skips corrupted JSON files (3 ms)
  Auto-Title Generation
    ÔêÜ generateTitle extracts meaningful title from prompt (1 ms)
    ÔêÜ generateTitle truncates to max 50 chars at word boundary (2 ms)
    ÔêÜ generateTitle returns null for *command prompts (1 ms)
    ÔêÜ generateTitle returns null for single-word prompts (1 ms)
    ÔêÜ generateTitle returns null for null/empty input (2 ms)
    ÔêÜ title is set-once (never overwritten via updateSession) (4 ms)
  Gitignore
    ÔêÜ createSession auto-creates .synapse/.gitignore (4 ms)
    ÔêÜ ensureGitignore does not overwrite existing .gitignore (2 ms)
  Session Continuity
    ÔêÜ state persists correctly across 10 consecutive updates without drift (8 ms)
  Error Handling
    ÔêÜ loadSession returns null for corrupted JSON (3 ms)
    ÔêÜ loadSession handles missing sessions directory gracefully (1 ms)
    ÔêÜ updateSession handles last_activity timestamps correctly (4 ms)
  History Merging
    ÔêÜ history arrays accumulate unique values across updates (5 ms)
  Permission Error Handling
    ÔêÜ loadSession returns null and logs error on EACCES (3 ms)
    ÔêÜ deleteSession returns false and logs error on EPERM (3 ms)
  Path Traversal Protection
    ÔêÜ resolveSessionFile rejects sessionId with .. (15 ms)
    ÔêÜ resolveSessionFile rejects sessionId with forward slash (4 ms)
    ÔêÜ resolveSessionFile rejects sessionId with backslash (3 ms)
    ÔêÜ loadSession rejects path traversal in sessionId (3 ms)
  createSession Permission Error Handling
    ÔêÜ createSession returns null and logs error on EACCES (3 ms)
  updateSession Write Permission Error Handling
    ÔêÜ updateSession returns null and logs error on EPERM during write (4 ms)
  Non-Array History Merge
    ÔêÜ mergeHistory handles non-array values by replacing (4 ms)
  Concurrent Access
    ÔêÜ last write wins when updating the same session (5 ms)

PASS tests/core/semantic-merge-engine.test.js
  SemanticMergeEngine Module
    Enums
      ÔêÜ ChangeType has expected values (2 ms)
      ÔêÜ MergeStrategy has expected values (2 ms)
      ÔêÜ ConflictSeverity has expected values (2 ms)
      ÔêÜ MergeDecision has expected values (1 ms)
    SemanticAnalyzer
      ÔêÜ detectLanguage maps extensions correctly (2 ms)
      ÔêÜ extractElements returns empty for null content (2 ms)
      ÔêÜ extractElements finds JS imports (2 ms)
      ÔêÜ extractElements finds JS functions (2 ms)
      ÔêÜ extractElements finds JS classes (1 ms)
      ÔêÜ analyzeDiff detects added functions (8 ms)
      ÔêÜ analyzeDiff detects removed functions (1 ms)
      ÔêÜ countChangedLines returns difference (2 ms)
      ÔêÜ extractImportSource extracts module path (2 ms)
      ÔêÜ getLocation returns line number (1 ms)
    ConflictDetector
      ÔêÜ detectConflicts returns empty for single task (2 ms)
      ÔêÜ detectConflicts finds overlapping function modifications (2 ms)
      ÔêÜ getCompatibility returns compatible for import+import (2 ms)
      ÔêÜ getCompatibility returns incompatible for function_removed+function_modified (2 ms)
      ÔêÜ getCompatibility returns default for unknown combinations (1 ms)
      ÔêÜ mapStrategy maps string values (1 ms)
      ÔêÜ mapSeverity maps string values (2 ms)
    AutoMerger
      ÔêÜ tryAutoMerge fails for non-COMBINE strategy (2 ms)
      ÔêÜ tryAutoMerge combines imports (2 ms)
      ÔêÜ tryAutoMerge fails for unsupported change combo (1 ms)
    AIResolver
      ÔêÜ constructor sets defaults (2 ms)
      ÔêÜ extractCodeBlock extracts from markdown (2 ms)
      ÔêÜ extractCodeBlock returns null for no code block (1 ms)
      ÔêÜ assessConfidence scores based on response (2 ms)
      ÔêÜ getStats returns call metrics (2 ms)
      ÔêÜ resolveConflict returns NEEDS_HUMAN_REVIEW for large context (2 ms)
      ÔêÜ buildContext includes conflict info (1 ms)
    CustomRulesLoader
      ÔêÜ constructor sets paths (1 ms)
      ÔêÜ loadCustomRules returns null when no file (2 ms)
      ÔêÜ isCacheValid returns false initially (1 ms)
      ÔêÜ clearCache resets cache (1 ms)
      ÔêÜ getDefaultRules returns expected structure (2 ms)
      ÔêÜ getMergedRules returns defaults when no custom rules (2 ms)
      ÔêÜ deepMerge merges objects correctly (2 ms)
      ÔêÜ deepMerge skips null/undefined values (2 ms)
      ÔêÜ matchesPattern matches glob patterns (2 ms)
      ÔêÜ matchesPattern returns false for null patterns (1 ms)
      ÔêÜ getFileCategory categorizes files correctly (3 ms)
      ÔêÜ getCompatibilityRule returns null for unknown (1 ms)
      ÔêÜ getLanguageConfig returns config for known language (1 ms)
      ÔêÜ getLanguageConfig returns empty for unknown language (2 ms)
      ÔêÜ getAIConfig returns defaults (2 ms)
    SemanticAnalyzer - Python analysis
      ÔêÜ extractElements detects Python imports and functions (2 ms)
      ÔêÜ analyzeDiff for Python files (2 ms)
    AIResolver helpers
      ÔêÜ buildContext returns formatted context string (1 ms)
      ÔêÜ buildMergePrompt returns prompt string (2 ms)
      ÔêÜ extractCodeBlock extracts code from markdown (2 ms)
      ÔêÜ extractCodeBlock returns null for no code block (1 ms)
      ÔêÜ assessConfidence returns numeric confidence (2 ms)
      ÔêÜ getStats returns call count (2 ms)
    SemanticMergeEngine - mergeFile
      ÔêÜ returns human_review for files marked as human_review (2 ms)
      ÔêÜ auto-merges single task modification (2 ms)
      ÔêÜ combineNonConflictingChanges picks most-changed version (1 ms)
    SemanticMergeEngine
      ÔêÜ constructor initializes all components (1 ms)
      ÔêÜ extends EventEmitter (1 ms)
      ÔêÜ findModifiedFiles collects all files from snapshots (1 ms)
      ÔêÜ shouldProcessFile skips node_modules (2 ms)
      ÔêÜ getFileCategory returns category (2 ms)
      ÔêÜ getRules returns merged rules (1 ms)
      ÔêÜ reloadRules clears cache and re-initializes detector (1 ms)
      ÔêÜ getAIStats returns resolver stats (2 ms)
      ÔêÜ saveReport writes JSON and MD files (3 ms)

PASS tests/config/config-cli.test.js
  config CLI commands
    aios config show
      ÔêÜ shows resolved config as YAML (52 ms)
      ÔêÜ shows specific level with --level (6 ms)
      ÔêÜ shows debug annotations with --debug (7 ms)
    aios config validate
      ÔêÜ validates existing config files (7 ms)
      ÔêÜ validates specific level with --level (4 ms)
    aios config diff
      ÔêÜ shows diff between two levels (6 ms)
    aios config migrate
      ÔêÜ --dry-run shows preview without writing files (4 ms)
      ÔêÜ full migration creates split files and backup (13 ms)
      ÔêÜ reports nothing to migrate when already layered (4 ms)
    aios config validate ÔÇö error paths
      ÔêÜ reports malformed YAML syntax error (4 ms)
    aios config init-local
      ÔêÜ creates local-config.yaml from template (4 ms)
      ÔêÜ warns if local-config.yaml already exists (4 ms)

PASS tests/core/epic-executors.test.js
  Epic Executors (Story 0.3)
    EpicExecutor Base Class (AC1)
      ÔêÜ should create instance with orchestrator and epic number (5 ms)
      ÔêÜ should throw error on execute() - abstract method (11 ms)
      ÔêÜ should return standardized result (AC7) (5 ms)
      ÔêÜ should track artifacts (3 ms)
      ÔêÜ should track logs (2 ms)
      ÔêÜ should calculate duration (2 ms)
    Epic3Executor - Spec Pipeline (AC2)
      ÔêÜ should create instance with epic number 3 (3 ms)
      ÔêÜ should execute and return spec path (11 ms)
      ÔêÜ should fail without storyId (3 ms)
      ÔêÜ should reuse existing spec (9 ms)
    Epic4Executor - Execution Engine (AC3)
      ÔêÜ should create instance with epic number 4 (2 ms)
      ÔêÜ should execute and return progress (17 ms)
      ÔêÜ should create stub plan if not exists (11 ms)
    Epic5Executor - Recovery System (AC4)
      ÔêÜ should create instance with epic number 5 (3 ms)
      ÔêÜ should execute recovery for failed epic (3 ms)
      ÔêÜ should escalate after max attempts (8 ms)
      ÔêÜ should create escalation report (7 ms)
    Epic6Executor - QA Loop (AC5)
      ÔêÜ should create instance with epic number 6 (3 ms)
      ÔêÜ should execute QA loop and return verdict (10 ms)
      ÔêÜ should generate QA report (10 ms)
    Factory Functions
      ÔêÜ should create executor with createExecutor() (3 ms)
      ÔêÜ should throw for unknown epic number (5 ms)
      ÔêÜ should check executor existence with hasExecutor() (3 ms)
      ÔêÜ should return available epics (3 ms)
    Enums
      ÔêÜ should export ExecutionStatus enum (2 ms)
      ÔêÜ should export RecoveryStrategy enum (2 ms)
      ÔêÜ should export QAVerdict enum (3 ms)
    EXECUTOR_MAP
      ÔêÜ should map all epic numbers to executor classes (3 ms)
  Standardized Results (AC7)
    ÔêÜ all executors should return consistent result structure (20 ms)

  console.warn
    [mode-detector] Error checking aios-core repository: Unexpected token 'i', "invalid json" is not valid JSON

    [0m [90m 267 |[39m     [90m// Log error for debugging but don't throw - return false for safety[39m
     [90m 268 |[39m     [36mif[39m (process[33m.[39menv[33m.[39m[33mAIOS_DEBUG[39m [33m||[39m process[33m.[39menv[33m.[39m[33mAIOX_DEBUG[39m) {
    [31m[1m>[22m[39m[90m 269 |[39m       console[33m.[39mwarn([32m`[mode-detector] Error checking aios-core repository: ${error.message}`[39m)[33m;[39m
     [90m     |[39m               [31m[1m^[22m[39m
     [90m 270 |[39m     }
     [90m 271 |[39m     [36mreturn[39m [36mfalse[39m[33m;[39m
     [90m 272 |[39m   }[0m

      at warn (.aios-core/infrastructure/scripts/documentation-integrity/mode-detector.js:269:15)
      at Object.isAiosCoreRepository (tests/unit/documentation-integrity/mode-detector.test.js:246:14)

PASS tests/unit/documentation-integrity/mode-detector.test.js
  Mode Detector
    detectInstallationMode
      ÔêÜ should detect GREENFIELD mode for empty directory (4 ms)
      ÔêÜ should detect BROWNFIELD mode for directory with package.json (4 ms)
      ÔêÜ should detect BROWNFIELD mode for directory with .git (3 ms)
      ÔêÜ should detect BROWNFIELD mode for Python project (3 ms)
      ÔêÜ should detect BROWNFIELD mode for Go project (3 ms)
      ÔêÜ should detect BROWNFIELD mode for Rust project (3 ms)
      ÔêÜ should detect FRAMEWORK_DEV mode for aiox-core repository (4 ms)
      ÔêÜ should detect BROWNFIELD mode for user project with existing AIOX (3 ms)
      ÔêÜ should detect UNKNOWN mode for directory with unrecognized files (3 ms)
      ÔêÜ should throw error for invalid targetDir (13 ms)
      ÔêÜ should throw error for non-existent directory (2 ms)
    collectMarkers
      ÔêÜ should collect all project markers (6 ms)
      ÔêÜ should detect GitHub workflows (9 ms)
      ÔêÜ should detect GitLab CI (3 ms)
    isAiosCoreRepository
      ÔêÜ should return true for @aiox/core package (3 ms)
      ÔêÜ should return true for aiox-core package (2 ms)
      ÔêÜ should return false for generic monorepo with workspaces pattern only (3 ms)
      ÔêÜ should return true for workspaces pattern with legacy AIOS marker (3 ms)
      ÔêÜ should return false for regular package (2 ms)
      ÔêÜ should return false when no package.json (2 ms)
      ÔêÜ should return false for invalid JSON (6 ms)
    mapLegacyTypeToMode
      ÔêÜ should map EXISTING_AIOS to BROWNFIELD by default (safer) (1 ms)
      ÔêÜ should map EXISTING_AIOS to FRAMEWORK_DEV with isAiosCoreRepo context (1 ms)
      ÔêÜ should map EXISTING_AIOS to BROWNFIELD with non-aios-core context (1 ms)
      ÔêÜ should map GREENFIELD to GREENFIELD (2 ms)
      ÔêÜ should map BROWNFIELD to BROWNFIELD (1 ms)
      ÔêÜ should map UNKNOWN to UNKNOWN (2 ms)
      ÔêÜ should return UNKNOWN for invalid type (2 ms)
    validateModeSelection
      ÔêÜ should return valid for matching selection (2 ms)
      ÔêÜ should warn when selecting greenfield for non-empty directory (2 ms)
      ÔêÜ should warn when selecting framework-dev for non-aiox-core repo (1 ms)
      ÔêÜ should suggest greenfield when selecting brownfield for empty directory (1 ms)
      ÔêÜ should allow any selection for UNKNOWN detection (2 ms)
    getModeOptions
      ÔêÜ should return three mode options (2 ms)
      ÔêÜ should mark detected mode as recommended (1 ms)
      ÔêÜ should not mark recommended when mode is UNKNOWN (2 ms)
      ÔêÜ should include labels and hints for all options (2 ms)
    InstallationMode enum
      ÔêÜ should have all required modes (3 ms)
    LegacyProjectType enum
      ÔêÜ should have all legacy types (1 ms)

PASS tests/core/orchestration/workflow-executor-callbacks.test.js
  WorkflowExecutor Callbacks (Story 12.6)
    Callback Registration
      onPhaseChange
        ÔêÜ should register phase change callback (10 ms)
        ÔêÜ should support multiple callbacks (8 ms)
        ÔêÜ should ignore non-function callbacks (9 ms)
      onAgentSpawn
        ÔêÜ should register agent spawn callback (8 ms)
        ÔêÜ should support multiple callbacks (8 ms)
      onTerminalSpawn
        ÔêÜ should register terminal spawn callback (8 ms)
        ÔêÜ should support multiple callbacks (14 ms)
    Callback Emission
      _emitPhaseChange
        ÔêÜ should call all registered callbacks with correct args (10 ms)
        ÔêÜ should handle callback errors gracefully (9 ms)
      _emitAgentSpawn
        ÔêÜ should call all registered callbacks with correct args (9 ms)
        ÔêÜ should handle callback errors gracefully (8 ms)
      _emitTerminalSpawn
        ÔêÜ should call all registered callbacks with correct args (7 ms)
        ÔêÜ should handle callback errors gracefully (7 ms)
    Integration with Phase Execution
      ÔêÜ should emit phase change when executePhase is called (18 ms)
    Callback Array Initialization
      ÔêÜ should initialize callback arrays in constructor (7 ms)

PASS tests/unit/wizard/validation/troubleshooting-system.test.js
  Troubleshooting System
    offerTroubleshooting
      ÔêÜ should return troubleshooting for known error codes (2 ms)
      ÔêÜ should handle unknown error codes gracefully (1 ms)
      ÔêÜ should format troubleshooting output correctly (1 ms)
      ÔêÜ should provide solutions for ENV_FILE_MISSING (2 ms)
      ÔêÜ should provide solutions for MCP_HEALTH_CHECK_FAILED (1 ms)
      ÔêÜ should provide solutions for CORE_CONFIG_MISSING (1 ms)
      ÔêÜ should provide solutions for GITIGNORE_CRITICAL_MISSING (2 ms)
      ÔêÜ should provide solutions for dependency errors (1 ms)
      ÔêÜ should prioritize errors by severity (critical > high > medium > low) (1 ms)
      ÔêÜ should include documentation links (1 ms)
      ÔêÜ should include support contact information (2 ms)
      ÔêÜ should handle empty errors array (1 ms)
      ÔêÜ should handle interactive prompts (mock inquirer) (1 ms)

PASS tests/core/workflow-executor.test.js
  WorkflowExecutor
    Module Structure
      ÔêÜ should export WorkflowExecutor class (2 ms)
      ÔêÜ should export factory function (1 ms)
      ÔêÜ should export executeDevelopmentCycle function
      ÔêÜ should export PhaseStatus enum (1 ms)
      ÔêÜ should export CheckpointDecision enum (1 ms)
    WorkflowExecutor Creation
      ÔêÜ should create executor with project root (1 ms)
      ÔêÜ should create executor with options (1 ms)
      ÔêÜ should use default options if not provided
      ÔêÜ factory function should create executor (1 ms)
    Workflow Loading
      ÔêÜ should load workflow definition (5 ms)
      ÔêÜ should have all required phases (2 ms)
      ÔêÜ should have dynamic executor configuration (2 ms)
    Config Loading
      ÔêÜ should load core configuration (4 ms)
      ÔêÜ should handle missing config gracefully (1 ms)
    State Management
      ÔêÜ should initialize new state (3 ms)
      ÔêÜ should generate correct state file path (1 ms)
    Agent Resolution
      ÔêÜ should resolve static agent reference
      ÔêÜ should resolve dynamic executor reference (1 ms)
      ÔêÜ should resolve dynamic quality_gate reference (1 ms)
    Condition Evaluation
      ÔêÜ should evaluate CodeRabbit condition as true
      ÔêÜ should evaluate CodeRabbit condition as false (1 ms)
      ÔêÜ should return true for unknown conditions
    Phase Execution
      ÔêÜ should skip phase when condition not met (2 ms)
      ÔêÜ should fail validation for missing executor (6 ms)
      ÔêÜ should fail validation when executor equals quality_gate (6 ms)
      ÔêÜ should pass validation with correct story (7 ms)
    Checkpoint Decisions
      ÔêÜ should return checkpoint with options (3 ms)
      ÔêÜ GO decision should return to validation phase (3 ms)
      ÔêÜ PAUSE decision should return workflow_paused (2 ms)
      ÔêÜ ABORT decision should return workflow_aborted (2 ms)
    Error Handling
      ÔêÜ should handle unknown phase gracefully (3 ms)
      ÔêÜ should return retry for return_to_development handler (3 ms)
      ÔêÜ should not retry after max attempts (2 ms)
    Self-Healing with CodeRabbit
      ÔêÜ should skip self-healing when CodeRabbit not enabled (2 ms)
      ÔêÜ should parse JSON-formatted CodeRabbit output (1 ms)
      ÔêÜ should parse text-formatted CodeRabbit output (1 ms)
      ÔêÜ should return empty array for empty output (1 ms)
      ÔêÜ should filter issues by severity (3 ms)
      ÔêÜ should handle CodeRabbit not installed gracefully (2 ms)
      ÔêÜ attemptAutoFix should return false for MVP
    Integration with Orchestration Index
      ÔêÜ should be exported from orchestration index (21 ms)
  development-cycle.yaml
    ÔêÜ should be valid YAML (3 ms)
    ÔêÜ should have required workflow structure (2 ms)
    ÔêÜ should have all 6 phases (2 ms)
    ÔêÜ checkpoint phase should have elicit: true (1 ms)
    ÔêÜ self_healing phase should have condition (2 ms)

  console.warn
    [SurfaceChecker] Criteria file not found: /non/existent/path.yaml

    [0m [90m 79 |[39m     [36mtry[39m {
     [90m 80 |[39m       [36mif[39m ([33m![39mfs[33m.[39mexistsSync([36mthis[39m[33m.[39mcriteriaPath)) {
    [31m[1m>[22m[39m[90m 81 |[39m         console[33m.[39mwarn([32m`[SurfaceChecker] Criteria file not found: ${this.criteriaPath}`[39m)[33m;[39m
     [90m    |[39m                 [31m[1m^[22m[39m
     [90m 82 |[39m         [36mreturn[39m [36mfalse[39m[33m;[39m
     [90m 83 |[39m       }
     [90m 84 |[39m[0m

      at SurfaceChecker.warn (.aios-core/core/orchestration/surface-checker.js:81:17)
      at Object.load (tests/core/surface-checker.test.js:37:33)

  console.warn
    [SurfaceChecker] Criteria file not found: /non/existent/path.yaml

    [0m [90m 79 |[39m     [36mtry[39m {
     [90m 80 |[39m       [36mif[39m ([33m![39mfs[33m.[39mexistsSync([36mthis[39m[33m.[39mcriteriaPath)) {
    [31m[1m>[22m[39m[90m 81 |[39m         console[33m.[39mwarn([32m`[SurfaceChecker] Criteria file not found: ${this.criteriaPath}`[39m)[33m;[39m
     [90m    |[39m                 [31m[1m^[22m[39m
     [90m 82 |[39m         [36mreturn[39m [36mfalse[39m[33m;[39m
     [90m 83 |[39m       }
     [90m 84 |[39m[0m

      at SurfaceChecker.warn (.aios-core/core/orchestration/surface-checker.js:81:17)
      at SurfaceChecker.load [as _ensureLoaded] (.aios-core/core/orchestration/surface-checker.js:101:12)
      at SurfaceChecker._ensureLoaded [as validate] (.aios-core/core/orchestration/surface-checker.js:328:10)
      at Object.validate (tests/core/surface-checker.test.js:51:33)

PASS tests/core/surface-checker.test.js
  SurfaceChecker
    load()
      ÔêÜ should load criteria file successfully (4 ms)
      ÔêÜ should return false for non-existent file (7 ms)
    validate()
      ÔêÜ should validate properly formatted criteria file (3 ms)
      ÔêÜ should return errors for unloaded checker (5 ms)
    evaluateCondition()
      comparison operators
        ÔêÜ should evaluate greater than correctly (3 ms)
        ÔêÜ should evaluate greater than or equal correctly (4 ms)
        ÔêÜ should evaluate less than correctly (2 ms)
        ÔêÜ should evaluate less than or equal correctly (2 ms)
        ÔêÜ should handle missing fields with default 0 (1 ms)
      equality operators
        ÔêÜ should evaluate string equality correctly (2 ms)
        ÔêÜ should evaluate number equality correctly (2 ms)
      IN operator
        ÔêÜ should evaluate IN operator for destructive actions (2 ms)
      scope comparison
        ÔêÜ should evaluate scope change when explicitly flagged (2 ms)
        ÔêÜ should evaluate scope change by length comparison (2 ms)
      OR conditions
        ÔêÜ should evaluate OR conditions correctly (2 ms)
      boolean fields
        ÔêÜ should evaluate boolean fields correctly (2 ms)
    interpolateMessage()
      ÔêÜ should interpolate simple variables (2 ms)
      ÔêÜ should handle missing variables (1 ms)
      ÔêÜ should interpolate multiple variables (1 ms)
      ÔêÜ should handle null/undefined context values (1 ms)
    shouldSurface()
      C001: Cost Threshold
        ÔêÜ should surface when cost exceeds threshold (2 ms)
        ÔêÜ should not surface when cost is below threshold (2 ms)
      C002: Risk Threshold
        ÔêÜ should surface when risk level is HIGH (1 ms)
        ÔêÜ should not surface when risk level is LOW (2 ms)
      C003: Multiple Options
        ÔêÜ should surface when multiple valid options exist (2 ms)
        ÔêÜ should not surface when only one option exists (1 ms)
      C004: Consecutive Errors
        ÔêÜ should surface when 2 or more errors in same task (2 ms)
        ÔêÜ should not surface when less than 2 errors (1 ms)
      C005: Destructive Action
        ÔêÜ should surface for delete_files action (2 ms)
        ÔêÜ should surface for force_push action (3 ms)
        ÔêÜ should surface for drop_table action (1 ms)
        ÔêÜ should not surface for safe actions (1 ms)
      C006: Scope Change
        ÔêÜ should surface when scope is expanded (2 ms)
      C007: External Dependency
        ÔêÜ should surface when API key is required (2 ms)
        ÔêÜ should surface when payment is required (1 ms)
      Evaluation Order
        ÔêÜ should evaluate destructive actions first (highest priority) (2 ms)
        ÔêÜ should check risk before cost (1 ms)
      No Surface Needed
        ÔêÜ should not surface when no criteria are met (2 ms)
        ÔêÜ should not surface with empty context (1 ms)
    getActionConfig()
      ÔêÜ should return action configuration (1 ms)
      ÔêÜ should return null for unknown action (1 ms)
    getDestructiveActions()
      ÔêÜ should return list of destructive actions (1 ms)
    isDestructiveAction()
      ÔêÜ should return true for destructive actions (2 ms)
      ÔêÜ should return false for safe actions (1 ms)
    getMetadata()
      ÔêÜ should return metadata from criteria file (1 ms)
    getCriteria()
      ÔêÜ should return all criteria definitions (2 ms)
  createSurfaceChecker()
    ÔêÜ should create and load a SurfaceChecker (1 ms)
  shouldSurface() convenience function
    ÔêÜ should work as a standalone function (1 ms)
    ÔêÜ should return no surface for empty context (1 ms)

PASS tests/unit/squad/squad-designer.test.js
  SquadDesigner
    Constructor
      ÔêÜ should use default designs path when not specified (2 ms)
      ÔêÜ should use custom designs path when specified (2 ms)
    SquadDesignerError
      ÔêÜ should create error with correct properties (1 ms)
      ÔêÜ should create noDocumentation error with correct format (2 ms)
      ÔêÜ should create parseError error with correct format (1 ms)
      ÔêÜ should create emptyAnalysis error with correct format (2 ms)
    collectDocumentation()
      ÔêÜ should collect text input directly (2 ms)
      ÔêÜ should collect from file path (12 ms)
      ÔêÜ should merge multiple file sources (7 ms)
      ÔêÜ should throw error when no documentation provided (27 ms)
      ÔêÜ should throw error when file not found (3 ms)
    analyzeDomain()
      ÔêÜ should extract entities from text (8 ms)
      ÔêÜ should detect workflows from action verbs (6 ms)
      ÔêÜ should detect integrations from keywords (3 ms)
      ÔêÜ should detect stakeholders from role keywords (2 ms)
      ÔêÜ should extract domain from text (3 ms)
      ÔêÜ should use provided domain hint (4 ms)
      ÔêÜ should throw error on empty analysis (6 ms)
    generateAgentRecommendations()
      ÔêÜ should generate agents from workflows (3 ms)
      ÔêÜ should generate agents with valid kebab-case ids (3 ms)
      ÔêÜ should set confidence between 0 and 1 (3 ms)
      ÔêÜ should include commands derived from workflows (3 ms)
      ÔêÜ should deduplicate similar agents (3 ms)
      ÔêÜ should limit agents to maximum of 10 (2 ms)
    generateTaskRecommendations()
      ÔêÜ should generate tasks for each agent command (3 ms)
      ÔêÜ should generate tasks with valid kebab-case names (2 ms)
      ÔêÜ should link tasks to their owning agent (3 ms)
      ÔêÜ should derive entrada from workflow inputs (3 ms)
      ÔêÜ should handle large number of commands (3 ms)
    generateBlueprint()
      ÔêÜ should create complete blueprint structure (3 ms)
      ÔêÜ should include squad name from domain (3 ms)
      ÔêÜ should calculate overall confidence (3 ms)
      ÔêÜ should include created_at timestamp (3 ms)
    saveBlueprint()
      ÔêÜ should save blueprint as YAML file (8 ms)
      ÔêÜ should create output directory if not exists (10 ms)
      ÔêÜ should throw error if blueprint already exists without force (6 ms)
      ÔêÜ should overwrite with force option (7 ms)
    Full Design Flow
      ÔêÜ should complete full design flow from documentation (11 ms)
    Performance
      ÔêÜ should analyze domain within acceptable time (5 ms)
      ÔêÜ should generate recommendations within acceptable time (2 ms)

  console.log
    [WaveExecutor] Executing task: default-task

      at WaveExecutor.log [as defaultExecutor] (.aios-core/core/execution/wave-executor.js:290:13)

PASS tests/core/wave-executor.test.js
  WaveExecutor
    Constructor
      ÔêÜ should create with default config (WE-01) (2 ms)
      ÔêÜ should create with custom config (WE-02) (1 ms)
      ÔêÜ should accept custom waveAnalyzer and taskExecutor
    executeWaves()
      ÔêÜ should return success with no waves (WE-03) (1 ms)
      ÔêÜ should execute single wave successfully (WE-04) (8 ms)
      ÔêÜ should execute multiple sequential waves (WE-05) (2 ms)
      ÔêÜ should handle mixed success/failure with non-critical tasks (WE-06) (3 ms)
      ÔêÜ should abort on critical task failure when configured (WE-07) (2 ms)
      ÔêÜ should use fallback single wave without analyzer (WE-08) (10 ms)
      ÔêÜ should emit execution events (WE-08) (4 ms)
    executeWave()
      ÔêÜ should return empty for wave with no tasks (2 ms)
      ÔêÜ should respect maxParallel chunking (WE-09) (31 ms)
      ÔêÜ should collect results from all tasks in wave (2 ms)
      ÔêÜ should handle rejected promises gracefully (1 ms)
    executeTaskWithTimeout()
      ÔêÜ should execute task successfully (WE-13) (2 ms)
      ÔêÜ should timeout task that takes too long (WE-14) (1 ms)
      ÔêÜ should track active executions (23 ms)
      ÔêÜ should emit task_started event (1 ms)
      ÔêÜ should use default executor when no taskExecutor provided (2 ms)
      ÔêÜ should use rate limit manager when available (2 ms)
    chunkArray()
      ÔêÜ should chunk array evenly (WE-15) (1 ms)
      ÔêÜ should handle uneven chunks (WE-16) (1 ms)
      ÔêÜ should handle empty array (1 ms)
      ÔêÜ should handle chunk size larger than array (1 ms)
      ÔêÜ should handle single element (1 ms)
    calculateMetrics()
      ÔêÜ should calculate metrics for successful waves (WE-17) (1 ms)
      ÔêÜ should calculate metrics with failures (1 ms)
      ÔêÜ should handle empty wave results (1 ms)
      ÔêÜ should calculate across multiple waves (2 ms)
    getStatus()
      ÔêÜ should return current execution status (1 ms)
    formatStatus()
      ÔêÜ should return formatted string
    cancelAll()
      ÔêÜ should cancel active executions and emit events (1 ms)

PASS tests/unit/squad/squad-downloader.test.js
  SquadDownloader
    Constants
      ÔêÜ should export REGISTRY_URL (6 ms)
      ÔêÜ should export GITHUB_API_BASE (3 ms)
      ÔêÜ should export DEFAULT_SQUADS_PATH (4 ms)
      ÔêÜ should export DownloaderErrorCodes enum (4 ms)
    Constructor
      ÔêÜ should use default squads path when not specified (3 ms)
      ÔêÜ should use custom squads path when specified (3 ms)
      ÔêÜ should disable verbose mode by default (3 ms)
      ÔêÜ should enable verbose mode when specified (3 ms)
      ÔêÜ should disable overwrite by default (2 ms)
      ÔêÜ should enable overwrite when specified (3 ms)
      ÔêÜ should use custom registry URL when specified (10 ms)
    SquadDownloaderError
      ÔêÜ should create error with code and message (3 ms)
      ÔêÜ should include suggestion in error (3 ms)
      ÔêÜ should format toString() with suggestion (3 ms)
    listAvailable()
      ÔêÜ should fetch registry and return squads (Test 3.1) (5 ms)
      ÔêÜ should include author in squad info (4 ms)
      ÔêÜ should throw REGISTRY_FETCH_ERROR on network failure (15 ms)
    download()
      ÔêÜ should throw SQUAD_EXISTS if squad already exists (Test 3.5) (11 ms)
      ÔêÜ should allow overwrite when overwrite option is true (11 ms)
      ÔêÜ should throw SQUAD_NOT_FOUND for unknown squad (Test 3.5) (4 ms)
      ÔêÜ should parse name@version syntax (Test 3.4) (7 ms)
    fetchRegistry()
      ÔêÜ should fetch and parse registry.json (3 ms)
      ÔêÜ should cache registry results (3 ms)
      ÔêÜ should refetch after cache expires (3 ms)
      ÔêÜ should handle rate limit response (3 ms)
    clearCache()
      ÔêÜ should clear registry cache (3 ms)
    _findSquad()
      ÔêÜ should find official squad (4 ms)
      ÔêÜ should find community squad (3 ms)
      ÔêÜ should return null for unknown squad (3 ms)
      ÔêÜ should handle empty registry (3 ms)
      ÔêÜ should handle null registry (3 ms)
    Verbose mode
      ÔêÜ should log messages in verbose mode (3 ms)
      ÔêÜ should not log messages when verbose is false (4 ms)

PASS tests/hooks/unified/runners/precompact-runner.test.js
  PreCompact Hook Runner
    onPreCompact
      ÔêÜ should return immediately without blocking (2 ms)
      ÔêÜ should gracefully no-op when aios-pro not available (2 ms)
      ÔêÜ should attempt to load pro module when available (16 ms)
      ÔêÜ should handle missing extractor function gracefully (32 ms)
      ÔêÜ should call extractSessionDigest when pro available (15 ms)
      ÔêÜ should handle extractor errors silently (14 ms)
      ÔêÜ should handle outer errors gracefully (never throw) (2 ms)
    getHookConfig
      ÔêÜ should return valid hook configuration (1 ms)
      ÔêÜ should have timeout less than 5 seconds (1 ms)
      ÔêÜ should have handler that matches onPreCompact (1 ms)

PASS tests/installer/brownfield-upgrader.test.js
  brownfield-upgrader
    loadManifest
      ÔêÜ should load valid YAML manifest (4 ms)
      ÔêÜ should return null for missing manifest (3 ms)
    buildFileMap
      ÔêÜ should create map from manifest files (3 ms)
      ÔêÜ should normalize Windows paths (3 ms)
      ÔêÜ should handle empty manifest (2 ms)
      ÔêÜ should handle null manifest (3 ms)
    isUserModified
      ÔêÜ should return false for unmodified file (3 ms)
      ÔêÜ should return true for modified file (3 ms)
      ÔêÜ should return false for non-existent file (3 ms)
    generateUpgradeReport
      ÔêÜ should identify new files (3 ms)
      ÔêÜ should identify modified files (5 ms)
      ÔêÜ should identify user-modified files (4 ms)
      ÔêÜ should identify deleted files (3 ms)
      ÔêÜ should detect upgrade availability via semver (3 ms)
      ÔêÜ should not flag upgrade when versions equal (3 ms)
    applyUpgrade
      ÔêÜ should install new files (6 ms)
      ÔêÜ should update modified files when includeModified is true (6 ms)
      ÔêÜ should skip user-modified files (5 ms)
      ÔêÜ should perform dry run without modifying files (4 ms)
    updateInstalledManifest
      ÔêÜ should create installed manifest file (5 ms)
    formatUpgradeReport
      ÔêÜ should format report as string (4 ms)
      ÔêÜ should indicate upgrade availability (3 ms)

  console.log
    
    ­ƒÜÇ Starting workflow: Test Workflow

      at WorkflowOrchestrator.log [as execute] (.aios-core/core/orchestration/workflow-orchestrator.js:333:13)

  console.log
       Phases: 1 | Mode: Interactive

      at WorkflowOrchestrator.log [as execute] (.aios-core/core/orchestration/workflow-orchestrator.js:334:13)

  console.log
       Parallel phases: None

      at WorkflowOrchestrator.log [as execute] (.aios-core/core/orchestration/workflow-orchestrator.js:339:13)

  console.log
    
    ­ƒôü Setting up directories...

      at WorkflowOrchestrator.log [as execute] (.aios-core/core/orchestration/workflow-orchestrator.js:342:13)

  console.log
       ­ƒôü docs/architecture

      at WorkflowOrchestrator.log [as setupDirectories] (.aios-core/core/orchestration/workflow-orchestrator.js:119:15)

  console.log
       ­ƒôü docs/frontend

      at WorkflowOrchestrator.log [as setupDirectories] (.aios-core/core/orchestration/workflow-orchestrator.js:119:15)

  console.log
       ­ƒôü docs/prd

      at WorkflowOrchestrator.log [as setupDirectories] (.aios-core/core/orchestration/workflow-orchestrator.js:119:15)

  console.log
       ­ƒôü docs/reviews

      at WorkflowOrchestrator.log [as setupDirectories] (.aios-core/core/orchestration/workflow-orchestrator.js:119:15)

  console.log
       ­ƒôü docs/reports

      at WorkflowOrchestrator.log [as setupDirectories] (.aios-core/core/orchestration/workflow-orchestrator.js:119:15)

  console.log
       ­ƒôü docs/stories

      at WorkflowOrchestrator.log [as setupDirectories] (.aios-core/core/orchestration/workflow-orchestrator.js:119:15)

  console.log
       ­ƒôü supabase/docs

      at WorkflowOrchestrator.log [as setupDirectories] (.aios-core/core/orchestration/workflow-orchestrator.js:119:15)

  console.log
       ­ƒôü .aios/workflow-state

      at WorkflowOrchestrator.log [as setupDirectories] (.aios-core/core/orchestration/workflow-orchestrator.js:119:15)

  console.log
       Ô£à Directories ready

      at WorkflowOrchestrator.log [as execute] (.aios-core/core/orchestration/workflow-orchestrator.js:344:13)

  console.log
    ­ƒöì Phase 0: Pre-Flight Detection...

      at WorkflowOrchestrator.log [as execute] (.aios-core/core/orchestration/workflow-orchestrator.js:350:13)

  console.log
       ­ƒôè Database: Ô£ù

      at WorkflowOrchestrator.log [as execute] (.aios-core/core/orchestration/workflow-orchestrator.js:355:13)

  console.log
       ­ƒÄ¿ Frontend: Ô£ô (react)

      at WorkflowOrchestrator.log [as execute] (.aios-core/core/orchestration/workflow-orchestrator.js:360:13)

  console.log
       ­ƒöº Backend: Ô£ô (node)

      at WorkflowOrchestrator.log [as execute] (.aios-core/core/orchestration/workflow-orchestrator.js:365:13)

  console.log
       ­ƒôØ TypeScript: Ô£ô

      at WorkflowOrchestrator.log [as execute] (.aios-core/core/orchestration/workflow-orchestrator.js:370:13)

  console.log
       ­ƒôï Applicable phases: 1, 2, 3

      at WorkflowOrchestrator.log [as execute] (.aios-core/core/orchestration/workflow-orchestrator.js:371:13)

  console.log
       ­ƒÄ» Confidence: 90%

      at WorkflowOrchestrator.log [as execute] (.aios-core/core/orchestration/workflow-orchestrator.js:374:13)

  console.log
       Ô£à Pre-flight detection complete

      at WorkflowOrchestrator.log [as execute] (.aios-core/core/orchestration/workflow-orchestrator.js:375:13)

  console.log
       ­ƒöº Preparing phase...

      at WorkflowOrchestrator.log [as _executeSinglePhase] (.aios-core/core/orchestration/workflow-orchestrator.js:508:15)

  console.log
       ­ƒÜÇ AIOS:agents:dev

      at WorkflowOrchestrator.log [as _executeSinglePhase] (.aios-core/core/orchestration/workflow-orchestrator.js:543:15)

  console.log
       ­ƒöì Validating output...

      at WorkflowOrchestrator.log [as _executeSinglePhase] (.aios-core/core/orchestration/workflow-orchestrator.js:575:15)

  console.log
       ÔÅ¡´©Å  Skipping Database Review: No database detected in project

      at WorkflowOrchestrator.log [as _executeSinglePhase] (.aios-core/core/orchestration/workflow-orchestrator.js:476:17)

  console.log
       ÔÜá´©Å  Implementation: Missing dependencies: docs/stories/story.md

      at WorkflowOrchestrator.log [as _executeSinglePhase] (.aios-core/core/orchestration/workflow-orchestrator.js:491:17)

  console.log
    
    ­ƒÆ╗ Phase 1: Discovery

      at WorkflowOrchestrator.log [as _defaultPhaseStart] (.aios-core/core/orchestration/workflow-orchestrator.js:729:13)

  console.log
       Agent: @dev | Action: *develop

      at WorkflowOrchestrator.log [as _defaultPhaseStart] (.aios-core/core/orchestration/workflow-orchestrator.js:730:13)

  console.log
       ­ƒöº Preparing phase...

      at WorkflowOrchestrator.log [as _executeSinglePhase] (.aios-core/core/orchestration/workflow-orchestrator.js:508:15)

  console.log
       ­ƒÜÇ AIOS:agents:dev

      at WorkflowOrchestrator.log [as _executeSinglePhase] (.aios-core/core/orchestration/workflow-orchestrator.js:543:15)

  console.log
       ­ƒöì Validating output...

      at WorkflowOrchestrator.log [as _executeSinglePhase] (.aios-core/core/orchestration/workflow-orchestrator.js:575:15)

  console.log
       ­ƒôñ Phase 1 complete

      at WorkflowOrchestrator.log [as _defaultPhaseComplete] (.aios-core/core/orchestration/workflow-orchestrator.js:740:13)

  console.log
    
    ­ƒÜÇ Starting workflow: Grouped Workflow

      at WorkflowOrchestrator.log [as execute] (.aios-core/core/orchestration/workflow-orchestrator.js:333:13)

  console.log
       Phases: 4 | Mode: Interactive

      at WorkflowOrchestrator.log [as execute] (.aios-core/core/orchestration/workflow-orchestrator.js:334:13)

  console.log
       Parallel phases: 2, 3

      at WorkflowOrchestrator.log [as execute] (.aios-core/core/orchestration/workflow-orchestrator.js:339:13)

  console.log
    
    ­ƒôü Setting up directories...

      at WorkflowOrchestrator.log [as execute] (.aios-core/core/orchestration/workflow-orchestrator.js:342:13)

  console.log
       Ô£à Directories ready

      at WorkflowOrchestrator.log [as execute] (.aios-core/core/orchestration/workflow-orchestrator.js:344:13)

  console.log
    ­ƒöì Phase 0: Pre-Flight Detection...

      at WorkflowOrchestrator.log [as execute] (.aios-core/core/orchestration/workflow-orchestrator.js:350:13)

  console.log
       ­ƒôè Database: Ô£ù

      at WorkflowOrchestrator.log [as execute] (.aios-core/core/orchestration/workflow-orchestrator.js:355:13)

  console.log
       ­ƒÄ¿ Frontend: Ô£ô (react)

      at WorkflowOrchestrator.log [as execute] (.aios-core/core/orchestration/workflow-orchestrator.js:360:13)

  console.log
       ­ƒöº Backend: Ô£ô (node)

      at WorkflowOrchestrator.log [as execute] (.aios-core/core/orchestration/workflow-orchestrator.js:365:13)

  console.log
       ­ƒôØ TypeScript: Ô£ô

      at WorkflowOrchestrator.log [as execute] (.aios-core/core/orchestration/workflow-orchestrator.js:370:13)

  console.log
       ­ƒôï Applicable phases: 1, 2, 3

      at WorkflowOrchestrator.log [as execute] (.aios-core/core/orchestration/workflow-orchestrator.js:371:13)

  console.log
       ­ƒÄ» Confidence: 90%

      at WorkflowOrchestrator.log [as execute] (.aios-core/core/orchestration/workflow-orchestrator.js:374:13)

  console.log
       Ô£à Pre-flight detection complete

      at WorkflowOrchestrator.log [as execute] (.aios-core/core/orchestration/workflow-orchestrator.js:375:13)

PASS tests/core/orchestration/workflow-orchestrator.test.js
  WorkflowOrchestrator
    happy path execution
      ÔêÜ should dispatch a phase, validate outputs, persist context, and return summary (41 ms)
    skip behavior
      ÔêÜ should skip a phase when condition evaluation fails and persist the skip reason (13 ms)
      ÔêÜ should skip a phase with missing dependencies outside YOLO mode (6 ms)
    dispatch fallback
      ÔêÜ should return a pending dispatch result when dispatchSubagent is not provided (8 ms)
    validation and summary
      ÔêÜ should validate created files, execute the checklist, and expose outputs in the summary (9 ms)
    phase grouping
      ÔêÜ should group sequential and parallel phases while ignoring workflow end markers (3 ms)
      ÔêÜ should execute sequential and parallel groups through execute() (13 ms)

PASS tests/synapse/l5-squad.test.js
  L5SquadProcessor
    constructor
      ÔêÜ should extend LayerProcessor (3 ms)
      ÔêÜ should set name to squad (4 ms)
      ÔêÜ should set layer to 5 (3 ms)
      ÔêÜ should set timeout to 20ms (3 ms)
    process()
      ÔêÜ should discover squad domains and return rules (11 ms)
      ÔêÜ should namespace domain keys with squad name uppercase (9 ms)
      ÔêÜ should return null when squads/ directory is missing (3 ms)
      ÔêÜ should return null when squads/ exists but no squad has .synapse/ (6 ms)
      ÔêÜ should return null when squad manifest has no domains (7 ms)
      ÔêÜ should discover multiple squads (11 ms)
      ÔêÜ should prioritize active squad domains (12 ms)
      ÔêÜ should return null when squads have manifests but domain files are empty (9 ms)
      ÔêÜ should skip squad when merge mode is none (5 ms)
      ÔêÜ should handle _scanSquads error when squads dir is unreadable (3 ms)
    cache
      ÔêÜ should create cache file after first scan (8 ms)
      ÔêÜ should use cache when fresh (within TTL) (9 ms)
      ÔêÜ should rescan when cache is stale (9 ms)
      ÔêÜ should handle corrupt cache gracefully (7 ms)

PASS tests/unit/quality/seed-metrics.test.js
  Seed Metrics Generator
    generateLayer1Run
      ÔêÜ should generate valid Layer 1 run (2 ms)
      ÔêÜ should generate realistic duration range (2 ms)
      ÔêÜ should have high pass rate (~92%) (4 ms)
    generateLayer2Run
      ÔêÜ should generate valid Layer 2 run (2 ms)
      ÔêÜ should include CodeRabbit metadata (3 ms)
      ÔêÜ should include Quinn metadata (1 ms)
      ÔêÜ should have realistic duration (2-10 minutes) (2 ms)
    generateLayer3Run
      ÔêÜ should generate valid Layer 3 run (1 ms)
      ÔêÜ should have highest pass rate (~96%) (5 ms)
      ÔêÜ should have realistic duration (5-30 minutes) (1 ms)
    generateSeedData
      ÔêÜ should generate 30 days of history by default (7 ms)
      ÔêÜ should generate specified number of days (1 ms)
      ÔêÜ should respect runsPerDay option (2 ms)
      ÔêÜ should reduce weekend activity when enabled (22 ms)
      ÔêÜ should calculate layer aggregates correctly (8 ms)
      ÔêÜ should include CodeRabbit aggregates (2 ms)
      ÔêÜ should include Quinn aggregates (2 ms)
      ÔêÜ should generate trend data (5 ms)
      ÔêÜ should sort history by timestamp (7 ms)
      ÔêÜ should have valid schema version (28 ms)

PASS tests/unit/quality-gates/quality-gate-manager.test.js
  QualityGateManager
    constructor
      ÔêÜ should create manager with default config (4 ms)
      ÔêÜ should create manager with custom config (2 ms)
    runLayer
      ÔêÜ should throw error for invalid layer number (16 ms)
      ÔêÜ should run Layer 1 (3 ms)
      ÔêÜ should run Layer 2 (2 ms)
      ÔêÜ should run Layer 3 (9 ms)
    getDuration
      ÔêÜ should return 0 when not started (2 ms)
      ÔêÜ should return duration after execution (2 ms)
    formatDuration
      ÔêÜ should format milliseconds (2 ms)
      ÔêÜ should format seconds (2 ms)
      ÔêÜ should format minutes (2 ms)
    failFast
      ÔêÜ should return fail-fast result (2 ms)
    escalate
      ÔêÜ should return escalation result (2 ms)
    determineOverallStatus
      ÔêÜ should return not-started when no layer1 (1 ms)
      ÔêÜ should return layer1-failed when layer1 failed (1 ms)
      ÔêÜ should return layer1-complete when only layer1 passed (1 ms)
      ÔêÜ should return layer2-blocked when layer2 failed (1 ms)
      ÔêÜ should return layer3-pending when awaiting human review (1 ms)

  console.warn
    Invalid mode "invalid_mode" in config, defaulting to "ask"

    [0m [90m 88 |[39m       [90m// Validate mode[39m
     [90m 89 |[39m       [36mif[39m ([33m![39m[33mPermissionMode[39m[33m.[39m[33mMODES[39m[[36mthis[39m[33m.[39mcurrentMode]) {
    [31m[1m>[22m[39m[90m 90 |[39m         console[33m.[39mwarn([32m`Invalid mode "${this.currentMode}" in config, defaulting to "ask"`[39m)[33m;[39m
     [90m    |[39m                 [31m[1m^[22m[39m
     [90m 91 |[39m         [36mthis[39m[33m.[39mcurrentMode [33m=[39m [32m'ask'[39m[33m;[39m
     [90m 92 |[39m       }
     [90m 93 |[39m     } [36mcatch[39m (_error) {[0m

      at PermissionMode.warn (.aios-core/core/permissions/permission-mode.js:90:17)
      at Object.<anonymous> (.aios-core/core/permissions/__tests__/permission-mode.test.js:56:22)

PASS .aios-core/core/permissions/__tests__/permission-mode.test.js
  PermissionMode
    load()
      ÔêÜ should default to "ask" mode when no config exists (7 ms)
      ÔêÜ should load mode from config file (9 ms)
      ÔêÜ should fallback to "ask" for invalid mode in config (10 ms)
    setMode()
      ÔêÜ should set mode and persist to config (9 ms)
      ÔêÜ should handle alias "yolo" for "auto" (8 ms)
      ÔêÜ should handle alias "safe" for "explore" (8 ms)
      ÔêÜ should throw error for invalid mode (15 ms)
    getBadge()
      ÔêÜ should return correct badge for each mode (4 ms)
    canPerform()
      ÔêÜ should allow all reads in all modes (13 ms)
      ÔêÜ should block writes in explore mode (5 ms)
      ÔêÜ should require confirmation for writes in ask mode (4 ms)
      ÔêÜ should allow writes in auto mode (4 ms)
    cycleMode()
      ÔêÜ should cycle through modes correctly (12 ms)
    isAutonomous()
      ÔêÜ should return true only for auto mode (4 ms)
    isReadOnly()
      ÔêÜ should return true only for explore mode (4 ms)
  OperationGuard
    classifyOperation()
      ÔêÜ should classify Read tool as read (1 ms)
      ÔêÜ should classify Write tool as write (2 ms)
      ÔêÜ should classify Edit tool as write (1 ms)
      ÔêÜ should classify Glob tool as read (1 ms)
      ÔêÜ should classify Grep tool as read (1 ms)
    classifyBashCommand()
      ÔêÜ should classify git status as read (1 ms)
      ÔêÜ should classify ls as read (1 ms)
      ÔêÜ should classify git push as write (1 ms)
      ÔêÜ should classify rm -rf as delete (1 ms)
      ÔêÜ should classify git reset --hard as delete
      ÔêÜ should classify npm install as write
      ÔêÜ should classify mkdir as write (1 ms)
    guard()
      ÔêÜ should allow read operations in all modes (1 ms)
      ÔêÜ should block write in explore mode (1 ms)
      ÔêÜ should request confirmation for write in ask mode (1 ms)
      ÔêÜ should allow write in auto mode (1 ms)
      ÔêÜ should block destructive bash commands in explore mode (1 ms)
      ÔêÜ should allow safe bash commands in explore mode (1 ms)
    getStats()
      ÔêÜ should track operation statistics (1 ms)

  console.log
    AIOS section already exists in .gitignore, skipping merge

      at log (.aios-core/infrastructure/scripts/documentation-integrity/gitignore-generator.js:145:13)

PASS tests/unit/documentation-integrity/gitignore-generator.test.js
  Gitignore Generator
    loadGitignoreTemplate
      ÔêÜ should load AIOS base template (3 ms)
      ÔêÜ should load Node.js template (2 ms)
      ÔêÜ should load Python template (2 ms)
      ÔêÜ should load brownfield merge template (2 ms)
      ÔêÜ should throw for non-existent template (13 ms)
    detectTechStacks
      ÔêÜ should detect Node.js project (2 ms)
      ÔêÜ should detect Python project (2 ms)
      ÔêÜ should detect Go project (2 ms)
      ÔêÜ should detect Rust project (2 ms)
      ÔêÜ should detect multiple stacks (2 ms)
      ÔêÜ should return empty array for no markers (2 ms)
    getTemplatesForStacks
      ÔêÜ should always include AIOS base (1 ms)
      ÔêÜ should include Node.js template (1 ms)
      ÔêÜ should include Python template (2 ms)
      ÔêÜ should include multiple templates for multi-stack (2 ms)
    generateGitignore
      ÔêÜ should generate gitignore for Node.js project (2 ms)
      ÔêÜ should generate gitignore for Python project (2 ms)
      ÔêÜ should include generation date (2 ms)
      ÔêÜ should indicate tech stack in header (3 ms)
    mergeGitignore
      ÔêÜ should append AIOS section to existing content (2 ms)
      ÔêÜ should skip if AIOS section already exists (4 ms)
      ÔêÜ should include date in merged section (2 ms)
    generateGitignoreFile
      ÔêÜ should create new .gitignore in empty directory (2 ms)
      ÔêÜ should merge with existing .gitignore (2 ms)
      ÔêÜ should support dry run mode (2 ms)
      ÔêÜ should include detected tech stacks in result (2 ms)
    hasAiosIntegration
      ÔêÜ should return false for empty directory (1 ms)
      ÔêÜ should return true if AIOS section exists (3 ms)
      ÔêÜ should return true if .aios-core/ pattern exists (2 ms)
      ÔêÜ should return false for unrelated gitignore (2 ms)
    parseGitignore
      ÔêÜ should parse patterns (2 ms)
      ÔêÜ should identify comments (3 ms)
      ÔêÜ should identify AIOS section (3 ms)
      ÔêÜ should return null aiosSection when not present (2 ms)
    GitignoreTemplates enum
      ÔêÜ should have all required templates (11 ms)
    TechStack enum
      ÔêÜ should have all tech stacks (2 ms)

  console.log
    [19:13:31] [MasterOrchestrator]  MasterOrchestrator initialized

      at MasterOrchestrator.log [as _log] (.aios-core/core/orchestration/master-orchestrator.js:1470:13)

  console.log
    [19:13:31] [MasterOrchestrator]  MasterOrchestrator initialized

      at MasterOrchestrator.log [as _log] (.aios-core/core/orchestration/master-orchestrator.js:1470:13)

  console.log
    [19:13:31] [MasterOrchestrator]  MasterOrchestrator initialized

      at MasterOrchestrator.log [as _log] (.aios-core/core/orchestration/master-orchestrator.js:1470:13)

PASS tests/core/gate-evaluator.test.js
  Gate Evaluator (Story 0.6)
    GateVerdict Enum (AC2)
      ÔêÜ should have all required verdicts (5 ms)
    DEFAULT_GATE_CONFIG (AC5)
      ÔêÜ should have config for epic3_to_epic4 (3 ms)
      ÔêÜ should have config for epic4_to_epic6 (3 ms)
    Constructor
      ÔêÜ should initialize with default options (2 ms)
      ÔêÜ should accept strict mode (AC7) (2 ms)
      ÔêÜ should accept custom gate config (AC5) (2 ms)
    evaluate (AC1)
      ÔêÜ should evaluate gate and return result (4 ms)
      ÔêÜ should run checks for each gate (3 ms)
      ÔêÜ should calculate score based on checks (3 ms)
    Gate Verdicts (AC2)
      ÔêÜ should return APPROVED for passing checks (2 ms)
      ÔêÜ should return NEEDS_REVISION for minor issues (3 ms)
      ÔêÜ should return BLOCKED for critical issues (AC3) (2 ms)
    BLOCKED halts pipeline (AC3)
      ÔêÜ shouldBlock returns true for BLOCKED verdict (2 ms)
    NEEDS_REVISION returns to previous epic (AC4)
      ÔêÜ needsRevision returns true for NEEDS_REVISION verdict (2 ms)
    Gate Results Storage (AC6)
      ÔêÜ should store all gate results (3 ms)
      ÔêÜ should get specific gate result (3 ms)
      ÔêÜ should return null for unknown gate (2 ms)
    Strict Mode (AC7)
      ÔêÜ should block on any failure in strict mode (2 ms)
      ÔêÜ should not affect approval in strict mode (3 ms)
    Summary
      ÔêÜ should generate summary of all evaluations (3 ms)
    Individual Checks
      ÔêÜ should check spec_exists (2 ms)
      ÔêÜ should fail spec_exists when missing (3 ms)
      ÔêÜ should check complexity_assessed (3 ms)
      ÔêÜ should check plan_complete (3 ms)
      ÔêÜ should check qa_report_exists (3 ms)
    Clear
      ÔêÜ should clear all results (3 ms)
  Integration with MasterOrchestrator
    ÔêÜ should integrate GateEvaluator with MasterOrchestrator (23 ms)
    ÔêÜ should expose getGateEvaluator method (4 ms)
    ÔêÜ should respect strictGates option (4 ms)

PASS tests/synapse/e2e/full-pipeline.e2e.test.js
  SYNAPSE E2E: Full Pipeline
    ÔêÜ processes a prompt and returns an object with xml string and metrics (3 ms)
    ÔêÜ XML output is wrapped in <synapse-rules> tags (2 ms)
    ÔêÜ XML contains CONTEXT BRACKET section with bracket name and percentage (1 ms)
    ÔêÜ XML contains CONSTITUTION section marked as NON-NEGOTIABLE (1 ms)
    ÔêÜ metrics object contains total_ms, layers_loaded, total_rules, and per_layer (2 ms)
    ÔêÜ includes ACTIVE AGENT section when session has an active agent (1 ms)
    ÔêÜ DEVMODE=true includes DEVMODE STATUS section in output (5 ms)
    ÔêÜ DEVMODE=false does NOT include DEVMODE STATUS section (2 ms)
    ÔêÜ multiple consecutive calls produce consistent results (2 ms)
    ÔêÜ handles empty prompt gracefully without throwing (2 ms)
    ÔêÜ XML contains LOADED DOMAINS SUMMARY section (2 ms)
    ÔêÜ CRITICAL bracket includes HANDOFF WARNING section (1 ms)

PASS tests/unit/squad/squad-loader.test.js
  SquadLoader
    Constants
      ÔêÜ should export MANIFEST_FILES with correct order (2 ms)
      ÔêÜ should export DEFAULT_SQUADS_PATH as ./squads (1 ms)
      ÔêÜ should export ErrorCodes enum (1 ms)
    Constructor
      ÔêÜ should use default squads path when not specified (1 ms)
      ÔêÜ should use custom squads path when specified
      ÔêÜ should disable verbose mode by default
      ÔêÜ should enable verbose mode when specified
    resolve()
      ÔêÜ should resolve existing squad with squad.yaml (Test 4.1) (4 ms)
      ÔêÜ should resolve existing squad with config.yaml (2 ms)
      ÔêÜ should throw SQUAD_NOT_FOUND for non-existent squad (Test 4.2) (9 ms)
      ÔêÜ should throw MANIFEST_NOT_FOUND for squad without manifest (3 ms)
      ÔêÜ should complete within 100ms (Test 4.7) (2 ms)
    loadManifest()
      ÔêÜ should parse squad.yaml correctly (Test 4.3) (2 ms)
      ÔêÜ should parse config.yaml with deprecation warning (Test 4.4) (3 ms)
      ÔêÜ should throw MANIFEST_NOT_FOUND for directory without manifest (2 ms)
      ÔêÜ should throw YAML_PARSE_ERROR for malformed YAML (4 ms)
      ÔêÜ should complete within 150ms (2 ms)
    listLocal()
      ÔêÜ should return array of squad objects (Test 4.5) (13 ms)
      ÔêÜ should return empty array when squads directory does not exist (Test 4.6) (1 ms)
      ÔêÜ should only return directories with valid manifests (6 ms)
      ÔêÜ should complete within 500ms with multiple squads (Test 4.8) (5 ms)
    SquadLoaderError
      ÔêÜ should have correct name property (1 ms)
      ÔêÜ should extend Error (1 ms)
      ÔêÜ should have all required properties (2 ms)
      ÔêÜ should format toString() correctly (1 ms)
      Static factory methods
        ÔêÜ squadNotFound() creates correct error (1 ms)
        ÔêÜ manifestNotFound() creates correct error (1 ms)
        ÔêÜ yamlParseError() creates correct error (1 ms)
        ÔêÜ permissionDenied() creates correct error (1 ms)
    Verbose mode
      ÔêÜ should log when verbose is enabled (2 ms)
      ÔêÜ should not log when verbose is disabled (1 ms)
    Cross-platform path handling
      ÔêÜ should use path.join for all path operations (1 ms)

PASS tests/unit/documentation-integrity/config-generator.test.js
  Config Generator
    buildConfigContext
      ÔêÜ should build context for greenfield project (3 ms)
      ÔêÜ should build context for direct-to-main workflow (2 ms)
      ÔêÜ should include quality gates (2 ms)
      ÔêÜ should include brownfield analysis results (2 ms)
      ÔêÜ should include generation date (2 ms)
    renderConfigTemplate
      ÔêÜ should replace simple variables (2 ms)
      ÔêÜ should handle boolean values (1 ms)
      ÔêÜ should handle number values (2 ms)
      ÔêÜ should process each blocks (2 ms)
      ÔêÜ should handle empty each blocks (1 ms)
    loadConfigTemplate
      ÔêÜ should load greenfield template (2 ms)
      ÔêÜ should load brownfield template (2 ms)
      ÔêÜ should throw for non-existent template (11 ms)
    generateConfig
      ÔêÜ should generate valid YAML for greenfield (6 ms)
      ÔêÜ should generate valid YAML for brownfield (4 ms)
      ÔêÜ should create .aios-core directory (4 ms)
      ÔêÜ should support dry run mode (2 ms)
      ÔêÜ should include devLoadAlwaysFiles (3 ms)
    buildDeploymentConfig
      ÔêÜ should build config with defaults (2 ms)
      ÔêÜ should apply user inputs (1 ms)
    getDefaultDeploymentConfig
      ÔêÜ should return staging-first config by default (1 ms)
      ÔêÜ should return similar config for brownfield (2 ms)
    ConfigTemplates enum
      ÔêÜ should have all required templates (2 ms)
    DeploymentWorkflow enum
      ÔêÜ should have all workflow types (2 ms)
    DeploymentPlatform enum
      ÔêÜ should have all platform options (2 ms)

PASS tests/unit/decision-log-generator.test.js
  decision-log-generator
    calculateDuration
      ÔêÜ should format duration in hours and minutes when > 1 hour (4 ms)
      ÔêÜ should format duration in minutes and seconds when < 1 hour (2 ms)
      ÔêÜ should format duration in seconds when < 1 minute (2 ms)
      ÔêÜ should show "in progress" when endTime is missing (2 ms)
      ÔêÜ should handle zero duration (2 ms)
    generateDecisionsList
      ÔêÜ should generate markdown for decisions with all fields (3 ms)
      ÔêÜ should generate markdown for multiple decisions (3 ms)
      ÔêÜ should handle decisions without alternatives (2 ms)
      ÔêÜ should return message when no decisions provided (2 ms)
      ÔêÜ should handle null/undefined decisions array (2 ms)
      ÔêÜ should include type and priority fields when present (AC7) (2 ms)
    generateFilesList
      ÔêÜ should generate markdown for files with action metadata (2 ms)
      ÔêÜ should handle files as simple strings (3 ms)
      ÔêÜ should use "modified" as default action (1 ms)
      ÔêÜ should return message when no files provided (1 ms)
      ÔêÜ should handle null/undefined files array (2 ms)
    generateTestsList
      ÔêÜ should generate markdown for passed tests (2 ms)
      ÔêÜ should generate markdown for failed tests with error (2 ms)
      ÔêÜ should handle tests without duration (2 ms)
      ÔêÜ should return message when no tests provided (2 ms)
      ÔêÜ should handle null/undefined tests array (2 ms)
    generateRollbackFilesList
      ÔêÜ should generate file list for rollback (2 ms)
      ÔêÜ should handle string file paths (2 ms)
      ÔêÜ should return message when no files provided (2 ms)
      ÔêÜ should handle null/undefined files array (1 ms)
    generateDecisionLog
      ÔêÜ should create decision log file with complete context (5 ms)
      ÔêÜ should create decision log with minimal context (4 ms)
      ÔêÜ should create .ai directory if it does not exist (3 ms)
      ÔêÜ should handle missing endTime gracefully (3 ms)
      ÔêÜ should handle missing commitBefore with default (9 ms)
      ÔêÜ should handle missing metrics gracefully (4 ms)

  console.info
    [IDS] Registry file not found at C:\Users\Educacross\Documents\Projetos Educacross\-Book-de-Resultados\tests\core\ids\fixtures\does-not-exist.yaml. Returning empty registry.

      at RegistryLoader.info (.aios-core/core/ids/registry-loader.js:33:15)

  console.info
    [IDS] Registry file is empty. Returning empty registry.

      at RegistryLoader.info (.aios-core/core/ids/registry-loader.js:46:15)

PASS tests/core/ids/registry-loader.test.js
  RegistryLoader
    load()
      ÔêÜ loads a valid registry file (2 ms)
      ÔêÜ returns empty registry when file is missing (AC: 11) (4 ms)
      ÔêÜ returns empty registry when file is empty (AC: 11) (2 ms)
      ÔêÜ throws descriptive error for corrupt YAML (10 ms)
      ÔêÜ handles registry with empty entities gracefully (2 ms)
    queryByKeywords()
      ÔêÜ returns entities matching a single keyword (2 ms)
      ÔêÜ returns entities matching multiple keywords (2 ms)
      ÔêÜ returns empty array for no matches (1 ms)
      ÔêÜ returns empty array for empty input (1 ms)
      ÔêÜ is case-insensitive (2 ms)
      ÔêÜ deduplicates results when multiple keywords match same entity (1 ms)
    queryByType()
      ÔêÜ returns all entities of a given type (2 ms)
      ÔêÜ is case-insensitive (1 ms)
      ÔêÜ returns empty array for unknown type (1 ms)
      ÔêÜ returns empty array for null/empty input (1 ms)
    queryByPath()
      ÔêÜ finds entities by partial path match (2 ms)
      ÔêÜ is case-insensitive (1 ms)
      ÔêÜ returns empty for no match (1 ms)
      ÔêÜ returns empty for null input (2 ms)
    queryByPurpose()
      ÔêÜ finds entities by purpose text (1 ms)
      ÔêÜ is case-insensitive (1 ms)
      ÔêÜ returns empty for no match (1 ms)
    getRelationships()
      ÔêÜ returns usedBy and dependencies for an entity (1 ms)
      ÔêÜ returns dependencies and usedBy for a dependency entity (1 ms)
      ÔêÜ returns empty arrays for unknown entity (1 ms)
    getUsedBy() / getDependencies()
      ÔêÜ getUsedBy returns correct list (1 ms)
      ÔêÜ getDependencies returns correct list (1 ms)
    getMetadata() / getCategories() / getEntityCount()
      ÔêÜ returns metadata from valid registry (1 ms)
      ÔêÜ returns zero count for empty registry (1 ms)
    caching
      ÔêÜ returns same results on repeated queries without reloading (1 ms)
      ÔêÜ clears cache on reload (2 ms)
    performance (AC: 9)
      ÔêÜ returns query results in under 100ms (1 ms)

PASS tests/unit/migration-execute.test.js
  Migration Execute Module
    createModuleDirectories
      ÔêÜ should create all four module directories (10 ms)
      ÔêÜ should not fail if directories already exist (8 ms)
    migrateModule
      ÔêÜ should migrate files to module directory (12 ms)
      ÔêÜ should support dry run mode (7 ms)
    executeMigration
      ÔêÜ should execute full migration (31 ms)
      ÔêÜ should return error for non-migratable plan (2 ms)
      ÔêÜ should support dry run (6 ms)
    Migration State
      ÔêÜ should save and load migration state (4 ms)
      ÔêÜ should return null if no state exists (3 ms)
      ÔêÜ should clear migration state (3 ms)

PASS tests/unit/documentation-integrity/doc-generator.test.js
  Documentation Generator
    buildDocContext
      ÔêÜ should build context for Node.js project (3 ms)
      ÔêÜ should build context for Python project (2 ms)
      ÔêÜ should build context for Go project (2 ms)
      ÔêÜ should build context for Rust project (1 ms)
      ÔêÜ should apply overrides (1 ms)
      ÔêÜ should include generation date (2 ms)
      ÔêÜ should handle multi-stack projects (1 ms)
    renderTemplate
      ÔêÜ should replace simple variables (2 ms)
      ÔêÜ should handle multiple variables (2 ms)
      ÔêÜ should process if blocks with true condition (2 ms)
      ÔêÜ should process if blocks with false condition (1 ms)
      ÔêÜ should process nested if blocks (2 ms)
      ÔêÜ should process each blocks (1 ms)
      ÔêÜ should process each blocks with objects (1 ms)
      ÔêÜ should handle empty each blocks (2 ms)
      ÔêÜ should preserve unmatched variables (1 ms)
    loadTemplate
      ÔêÜ should load source-tree template (2 ms)
      ÔêÜ should load coding-standards template (2 ms)
      ÔêÜ should load tech-stack template (1 ms)
      ÔêÜ should throw for non-existent template (10 ms)
    generateDocs
      ÔêÜ should generate all docs for Node.js project (6 ms)
      ÔêÜ should support dry run mode (2 ms)
      ÔêÜ should include project name in generated docs (3 ms)
      ÔêÜ should create docs directory if it does not exist (4 ms)
    generateDoc
      ÔêÜ should generate single doc from template (2 ms)
    TemplateFiles enum
      ÔêÜ should have all required templates (2 ms)
    OutputFiles enum
      ÔêÜ should have all required output files (1 ms)

  console.log
    [BrownfieldHandler] ­ƒöì BrownfieldHandler initialized

      at BrownfieldHandler.log [as _log] (.aios-core/core/orchestration/brownfield-handler.js:725:15)

  console.log
    [BrownfieldHandler] ÔØî Discovery execution error: Workflow failed

      at BrownfieldHandler.log [as _log] (.aios-core/core/orchestration/brownfield-handler.js:725:15)

PASS tests/core/orchestration/brownfield-handler.test.js
  BrownfieldHandler
    constructor
      ÔêÜ should throw error if projectRoot is not provided (13 ms)
      ÔêÜ should throw error if projectRoot is not a string (1 ms)
      ÔêÜ should initialize with correct defaults (1 ms)
      ÔêÜ should accept custom options (5 ms)
      ÔêÜ should set correct workflow path (2 ms)
    AC1: First execution detection
      ÔêÜ handle() should present welcome message on first execution (8 ms)
      ÔêÜ handle() should include accept/decline options (1 ms)
      ÔêÜ handle() should use SurfaceChecker for decision surfacing (1 ms)
    AC2: Welcome conversation
      ÔêÜ welcome message should match PRD ┬º3.2 format (1 ms)
      ÔêÜ handleUserDecision(true) should proceed to discovery (1 ms)
      ÔêÜ handleUserDecision(false) should skip to defaults (1 ms)
    AC3: Workflow execution
      ÔêÜ should execute brownfield-discovery.yaml via WorkflowExecutor (1 ms)
      ÔêÜ should pass tech stack context to workflow (1 ms)
      ÔêÜ should handle workflow execution error (2 ms)
      ÔêÜ should handle missing workflow file (1 ms)
    AC3 Task 3.5: Phase failure handling
      ÔêÜ handlePhaseFailureAction(RETRY) should return retry instruction (1 ms)
      ÔêÜ handlePhaseFailureAction(SKIP) should mark phase as skipped
      ÔêÜ handlePhaseFailureAction(ABORT) should cancel discovery
      ÔêÜ should reject invalid failure action (1 ms)
    AC4: Output validation
      ÔêÜ should reference system-architecture.md in outputs (1 ms)
      ÔêÜ should reference TECHNICAL-DEBT-REPORT.md in outputs (2 ms)
      ÔêÜ should build summary from generated files (1 ms)
    AC5: Post-discovery flow
      ÔêÜ discovery complete should present next step options (1 ms)
      ÔêÜ handle(RESOLVE_DEBTS) should route to debt resolution (1 ms)
      ÔêÜ handle(ADD_FEATURE) should route to enhancement workflow (1 ms)
      ÔêÜ should reject invalid post-discovery choice (1 ms)
    AC6: Idempotency
      ÔêÜ checkIdempotency should detect existing file (1 ms)
      ÔêÜ checkIdempotency should handle non-existing file (1 ms)
      ÔêÜ writeOutputIdempotent should use writeFileSync (overwrite) (1 ms)
      ÔêÜ writeOutputIdempotent should create directory if needed (1 ms)
      ÔêÜ re-execution should update existing files, not duplicate (1 ms)
    Task 3.4: Session state tracking
      ÔêÜ should record phase progress in session state (1 ms)
      ÔêÜ should handle missing session state gracefully
    Task 6.6: Edge cases
      ÔêÜ should handle workflow cancelled by user
      ÔêÜ should handle session resume in middle of brownfield (1 ms)
      ÔêÜ should emit events during phase execution (1 ms)
    Enums and constants
      ÔêÜ BrownfieldPhase should have all expected values (1 ms)
      ÔêÜ PostDiscoveryChoice should have expected values
      ÔêÜ PhaseFailureAction should have expected values (1 ms)
  BrownfieldHandler integration with BobOrchestrator
    ÔêÜ handle() return value should be compatible with BobOrchestrator routing (1 ms)
    ÔêÜ handleUserDecision() should return routing-compatible result (6 ms)

  console.warn
    [OutputFormatter] Agent file not found: C:\Users\Educacross\Documents\Projetos Educacross\-Book-de-Resultados\.aios-core\agents\dev.md

    [0m [90m 52 |[39m       
     [90m 53 |[39m       [36mif[39m ([33m![39mfs[33m.[39mexistsSync(agentPath)) {
    [31m[1m>[22m[39m[90m 54 |[39m         console[33m.[39mwarn([32m`[OutputFormatter] Agent file not found: ${agentPath}`[39m)[33m;[39m
     [90m    |[39m                 [31m[1m^[22m[39m
     [90m 55 |[39m         [36mthis[39m[33m.[39mpersonaProfile [33m=[39m [36mthis[39m[33m.[39m_getNeutralProfile()[33m;[39m
     [90m 56 |[39m         [36mreturn[39m[33m;[39m
     [90m 57 |[39m       }[0m

      at PersonalizedOutputFormatter.warn [as _loadPersonaProfile] (.aios-core/infrastructure/scripts/output-formatter.js:54:17)
      at new _loadPersonaProfile (.aios-core/infrastructure/scripts/output-formatter.js:36:10)
      at Object.<anonymous> (tests/unit/output-formatter.test.js:198:25)

  console.warn
    [OutputFormatter] Agent file not found: C:\Users\Educacross\Documents\Projetos Educacross\-Book-de-Resultados\.aios-core\agents\dev.md

    [0m [90m 52 |[39m       
     [90m 53 |[39m       [36mif[39m ([33m![39mfs[33m.[39mexistsSync(agentPath)) {
    [31m[1m>[22m[39m[90m 54 |[39m         console[33m.[39mwarn([32m`[OutputFormatter] Agent file not found: ${agentPath}`[39m)[33m;[39m
     [90m    |[39m                 [31m[1m^[22m[39m
     [90m 55 |[39m         [36mthis[39m[33m.[39mpersonaProfile [33m=[39m [36mthis[39m[33m.[39m_getNeutralProfile()[33m;[39m
     [90m 56 |[39m         [36mreturn[39m[33m;[39m
     [90m 57 |[39m       }[0m

      at PersonalizedOutputFormatter.warn [as _loadPersonaProfile] (.aios-core/infrastructure/scripts/output-formatter.js:54:17)
      at new _loadPersonaProfile (.aios-core/infrastructure/scripts/output-formatter.js:36:10)
      at Object.<anonymous> (tests/unit/output-formatter.test.js:232:25)

  console.warn
    [OutputFormatter] No YAML block found in agent file

    [0m [90m 61 |[39m       
     [90m 62 |[39m       [36mif[39m ([33m![39myamlMatch) {
    [31m[1m>[22m[39m[90m 63 |[39m         console[33m.[39mwarn([32m'[OutputFormatter] No YAML block found in agent file'[39m)[33m;[39m
     [90m    |[39m                 [31m[1m^[22m[39m
     [90m 64 |[39m         [36mthis[39m[33m.[39mpersonaProfile [33m=[39m [36mthis[39m[33m.[39m_getNeutralProfile()[33m;[39m
     [90m 65 |[39m         [36mreturn[39m[33m;[39m
     [90m 66 |[39m       }[0m

      at PersonalizedOutputFormatter.warn [as _loadPersonaProfile] (.aios-core/infrastructure/scripts/output-formatter.js:63:17)
      at new _loadPersonaProfile (.aios-core/infrastructure/scripts/output-formatter.js:36:10)
      at Object.<anonymous> (tests/unit/output-formatter.test.js:243:25)

PASS tests/unit/output-formatter.test.js
  PersonalizedOutputFormatter
    Core Formatting
      ÔêÜ generates valid output for Builder agent (3 ms)
      ÔêÜ maintains fixed header structure (1 ms)
      ÔêÜ places Duration on line 7 (2 ms)
      ÔêÜ places Tokens on line 8 (1 ms)
      ÔêÜ places Metrics section last (1 ms)
    Personality Injection
      ÔêÜ selects vocabulary from Builder archetype (2 ms)
      ÔêÜ generates pragmatic tone status message (1 ms)
      ÔêÜ generates empathetic tone status message (2 ms)
      ÔêÜ generates analytical tone status message (3 ms)
      ÔêÜ generates collaborative tone status message (2 ms)
      ÔêÜ injects signature closing correctly (1 ms)
      ÔêÜ loads persona_profile from agent file (1 ms)
    Error Handling
      ÔêÜ graceful degradation if persona_profile missing (13 ms)
      ÔêÜ graceful degradation if vocabulary missing (3 ms)
      ÔêÜ handles missing agent file gracefully (7 ms)
      ÔêÜ handles malformed YAML gracefully (5 ms)
    All 11 Agents
      ÔêÜ generates valid output for Dex (Builder) (3 ms)
      ÔêÜ generates valid output for Quinn (Guardian) (2 ms)
      ÔêÜ generates valid output for Pax (Balancer) (2 ms)
      ÔêÜ generates valid output for Morgan (Visionary) (2 ms)
      ÔêÜ generates valid output for River (Flow Master) (2 ms)
      ÔêÜ generates valid output for Aria (Architect) (2 ms)
      ÔêÜ generates valid output for Atlas (Explorer) (2 ms)
      ÔêÜ generates valid output for Uma (Empathizer) (2 ms)
      ÔêÜ generates valid output for Dara (Engineer) (2 ms)
      ÔêÜ generates valid output for Gage (Operator) (2 ms)
      ÔêÜ generates valid output for Orion (Orchestrator) (2 ms)
    Performance
      ÔêÜ formatter completes in reasonable time (1 ms)
      ÔêÜ vocabulary lookup is cached (1 ms)
    Output Structure
      ÔêÜ builds fixed header correctly (2 ms)
      ÔêÜ builds personalized status correctly (2 ms)
      ÔêÜ builds output section correctly (1 ms)
      ÔêÜ builds fixed metrics correctly (10 ms)
  OutputPatternValidator
    Structure Validation
      ÔêÜ detects missing Header section (2 ms)
      ÔêÜ detects missing Status section (2 ms)
      ÔêÜ detects missing Metrics section (1 ms)
      ÔêÜ detects wrong Duration line position (1 ms)
      ÔêÜ detects wrong Tokens line position (1 ms)
      ÔêÜ detects Metrics not last (2 ms)
    Validation Accuracy
      ÔêÜ passes valid output (2 ms)
      ÔêÜ provides actionable error messages (2 ms)
    Edge Cases
      ÔêÜ handles empty output (1 ms)
      ÔêÜ handles malformed sections (1 ms)
      ÔêÜ handles missing required fields (2 ms)

PASS tests/packages/aios-install/edge-cases.test.js
  Edge Cases - Task 7.7
    No Internet Connectivity
      ÔêÜ should handle npm install failure due to network error (7 ms)
      ÔêÜ should handle git clone failure due to network error (1 ms)
      ÔêÜ should timeout on slow network connections (2 ms)
      ÔêÜ should handle DNS resolution failure (1 ms)
    Docker Not Installed / Offline
      ÔêÜ should handle Docker command not found (1 ms)
      ÔêÜ should handle Docker daemon not running (1 ms)
      ÔêÜ should throw descriptive error when Docker is required but not installed (4 ms)
      ÔêÜ should throw descriptive error when Docker daemon is stopped (1 ms)
      ÔêÜ should report Docker as optional dependency in dep-checker (2 ms)
    Insufficient Permissions
      ÔêÜ should handle EACCES error when creating user config directory (1 ms)
      ÔêÜ should handle EPERM error when writing config file (6 ms)
      ÔêÜ should handle permission denied during npm install (1 ms)
      ÔêÜ should handle sudo requirement for global installs (1 ms)
    Read-Only Directory
      ÔêÜ should handle EROFS error in read-only filesystem (1 ms)
      ÔêÜ should handle read-only npm cache directory (1 ms)
      ÔêÜ should handle insufficient disk space (1 ms)
      ÔêÜ should not make filesystem changes in dry-run mode on read-only system
    Process/Signal Handling
      ÔêÜ should handle SIGTERM during installation (1 ms)
      ÔêÜ should handle SIGINT (Ctrl+C) gracefully (1 ms)
    Concurrent Access
      ÔêÜ should handle EBUSY error when file is locked (1 ms)
      ÔêÜ should handle EEXIST when directory already exists during race condition (1 ms)

  console.log
    Constitution generated: 6 articles, 34 rules

      at log (.aios-core/core/synapse/scripts/generate-constitution.js:194:11)

  console.log
    Constitution generated: 6 articles, 34 rules

      at log (.aios-core/core/synapse/scripts/generate-constitution.js:194:11)

  console.log
    Constitution generated: 6 articles, 34 rules

      at log (.aios-core/core/synapse/scripts/generate-constitution.js:194:11)

  console.error
    Constitution not found: C:\Users\EDUCAC~1\AppData\Local\Temp\synapse-constitution-test-wj8PJc\nonexistent.md

    [0m [90m 163 |[39m   } [36mcatch[39m (error) {
     [90m 164 |[39m     [36mif[39m (error[33m.[39mcode [33m===[39m [32m'ENOENT'[39m) {
    [31m[1m>[22m[39m[90m 165 |[39m       console[33m.[39merror([32m`Constitution not found: ${constitutionPath}`[39m)[33m;[39m
     [90m     |[39m               [31m[1m^[22m[39m
     [90m 166 |[39m       process[33m.[39mexitCode [33m=[39m [35m1[39m[33m;[39m
     [90m 167 |[39m       [36mreturn[39m { success[33m:[39m [36mfalse[39m[33m,[39m error[33m:[39m [32m'Constitution file not found'[39m }[33m;[39m
     [90m 168 |[39m     }[0m

      at error (.aios-core/core/synapse/scripts/generate-constitution.js:165:15)
      at Object.main (tests/synapse/generate-constitution.test.js:423:20)

  console.error
    No articles found in constitution.md

    [0m [90m 174 |[39m
     [90m 175 |[39m   [36mif[39m (articles[33m.[39mlength [33m===[39m [35m0[39m) {
    [31m[1m>[22m[39m[90m 176 |[39m     console[33m.[39merror([32m'No articles found in constitution.md'[39m)[33m;[39m
     [90m     |[39m             [31m[1m^[22m[39m
     [90m 177 |[39m     process[33m.[39mexitCode [33m=[39m [35m1[39m[33m;[39m
     [90m 178 |[39m     [36mreturn[39m { success[33m:[39m [36mfalse[39m[33m,[39m error[33m:[39m [32m'No articles found'[39m }[33m;[39m
     [90m 179 |[39m   }[0m

      at error (.aios-core/core/synapse/scripts/generate-constitution.js:176:13)
      at Object.main (tests/synapse/generate-constitution.test.js:436:20)

  console.log
    Constitution generated: 2 articles, 7 rules

      at log (.aios-core/core/synapse/scripts/generate-constitution.js:194:11)

  console.log
    Constitution generated: 2 articles, 7 rules

      at log (.aios-core/core/synapse/scripts/generate-constitution.js:194:11)

  console.log
    Constitution generated: 6 articles, 34 rules

      at log (.aios-core/core/synapse/scripts/generate-constitution.js:194:11)

PASS tests/synapse/generate-constitution.test.js
  cleanText
    ÔêÜ should remove backticks from text (1 ms)
    ÔêÜ should trim whitespace (1 ms)
    ÔêÜ should handle text without backticks
  ROMAN_TO_ARABIC
    ÔêÜ should map Roman numerals I-VI correctly (1 ms)
  extractRules
    ÔêÜ should extract MUST rules from article content (1 ms)
    ÔêÜ should extract mixed rule types (1 ms)
    ÔêÜ should ignore non-rule lines (1 ms)
    ÔêÜ should clean backticks from rule text
  parseConstitution
    ÔêÜ should parse minimal constitution with 2 articles (2 ms)
    ÔêÜ should parse full 6-article constitution (1 ms)
    ÔêÜ should return empty array for null/undefined input
    ÔêÜ should return empty array for non-string input (1 ms)
    ÔêÜ should return empty array for content with no articles (1 ms)
    ÔêÜ should stop parsing before Governance section (1 ms)
    ÔêÜ should correctly number articles using Roman numerals (1 ms)
  generateConstitution
    ÔêÜ should generate KEY=VALUE format from articles (1 ms)
    ÔêÜ should include header comments
    ÔêÜ should include article section comments (1 ms)
    ÔêÜ should handle empty articles array (1 ms)
    ÔêÜ output should be parseable by domain-loader loadDomainFile (2 ms)
  main
    ÔêÜ should generate constitution file from source (7 ms)
    ÔêÜ should be idempotent ÔÇö re-run produces same content (6 ms)
    ÔêÜ should handle missing constitution.md gracefully (3 ms)
    ÔêÜ should handle constitution with no articles (12 ms)
    ÔêÜ should create output directory if it does not exist (5 ms)
    ÔêÜ should overwrite existing output file (4 ms)
  integration: real constitution.md
    ÔêÜ should parse real constitution.md with 6 articles (1 ms)
    ÔêÜ should generate valid constitution from real source (3 ms)
  integration: manifest parseability
    ÔêÜ should validate .synapse/manifest is parseable by domain-loader (1 ms)

PASS tests/installer/aios-core-installer.test.js
  AIOS Core Installer - Version Tracking
    generateFileHashes
      ÔêÜ should generate hashes for installed files (15 ms)
      ÔêÜ should skip non-existent files (7 ms)
      ÔêÜ should skip directories (8 ms)
      ÔêÜ should generate consistent hashes for same content (8 ms)
      ÔêÜ should generate different hashes for different content (9 ms)
    generateVersionJson
      ÔêÜ should create version.json with correct structure (9 ms)
      ÔêÜ should write version.json to disk (8 ms)
      ÔêÜ should use default mode when not specified (6 ms)
      ÔêÜ should include file hashes in version.json (10 ms)

PASS tests/unit/squad/squad-analyzer.test.js
  SquadAnalyzer
    Constants
      ÔêÜ should export ErrorCodes enum (2 ms)
      ÔêÜ should export COMPONENT_DIRECTORIES array (1 ms)
    Constructor
      ÔêÜ should use default squads path when not specified (1 ms)
      ÔêÜ should use custom squads path when specified (1 ms)
      ÔêÜ should disable verbose mode by default (1 ms)
      ÔêÜ should enable verbose mode when specified (1 ms)
    SquadAnalyzerError
      ÔêÜ should create error with code and message (2 ms)
      ÔêÜ should create squadNotFound error with static method (1 ms)
      ÔêÜ should create manifestNotFound error with static method (1 ms)
    analyze()
      ÔêÜ should return complete analysis for valid squad (12 ms)
      ÔêÜ should include correct overview fields (4 ms)
      ÔêÜ should throw SquadAnalyzerError for non-existent squad (12 ms)
      ÔêÜ should respect suggestions option (6 ms)
    loadManifest()
      ÔêÜ should load and parse squad.yaml (2 ms)
      ÔêÜ should throw error for missing manifest (1 ms)
    inventoryComponents()
      ÔêÜ should list all component files (2 ms)
      ÔêÜ should return empty arrays for non-existent directories (2 ms)
      ÔêÜ should include file objects in verbose mode (3 ms)
    calculateCoverage()
      ÔêÜ should calculate agent coverage correctly (4 ms)
      ÔêÜ should calculate task coverage correctly (3 ms)
      ÔêÜ should calculate directory coverage correctly (3 ms)
    generateSuggestions()
      ÔêÜ should suggest adding tasks for agents without tasks (3 ms)
      ÔêÜ should suggest adding checklists when none exist (3 ms)
    formatReport()
      ÔêÜ should format report as console output (3 ms)
      ÔêÜ should format report as JSON (4 ms)
      ÔêÜ should format report as markdown (3 ms)
    Performance
      ÔêÜ should complete analysis within 500ms (4 ms)

PASS tests/synapse/e2e/regression-guards.e2e.test.js
  SYNAPSE E2E: Regression Guards
    ÔêÜ pipeline p95 < 100ms (hard limit) (2 ms)
    ÔêÜ pipeline p95 should be within target (<70ms) or warn (1 ms)
    ÔêÜ each layer p95 < 20ms (hard limit) (1 ms)
    ÔêÜ edge layers (L0/L7) p95 < 10ms (hard limit)
    ÔêÜ startup p95 < 10ms (hard limit)
    ÔêÜ session I/O p95 < 15ms (hard limit) (1 ms)
    ÔêÜ total synapse E2E test files >= 5 (coverage guard) (1 ms)
    ÔêÜ engine returns valid metrics structure (2 ms)

PASS tests/synapse/domain-loader.test.js
  parseManifest
    ÔêÜ should parse a valid manifest with all domain attributes (5 ms)
    ÔêÜ should return empty config when manifest does not exist (3 ms)
    ÔêÜ should handle empty manifest file (2 ms)
    ÔêÜ should skip comments and empty lines (3 ms)
    ÔêÜ should handle malformed lines gracefully (4 ms)
    ÔêÜ should parse DEVMODE=true correctly (3 ms)
    ÔêÜ should handle value with equals signs (2 ms)
    ÔêÜ should skip keys with no known suffix (2 ms)
    ÔêÜ should handle Windows-style line endings (CRLF) (3 ms)
  loadDomainFile
    ÔêÜ should load domain file in KEY=VALUE format (2 ms)
    ÔêÜ should load domain file in plain text format (9 ms)
    ÔêÜ should return empty array when domain file does not exist (2 ms)
    ÔêÜ should return empty array for empty domain file (3 ms)
    ÔêÜ should extract AUTH and RULE entries from agent domain files (3 ms)
    ÔêÜ should extract values from context bracket keys (RULE_BRACKET_N) (2 ms)
    ÔêÜ should extract values from constitution keys (RULE_ARTN_M) (2 ms)
    ÔêÜ should extract values from commands keys (RULE_COMMAND_N) (3 ms)
  isExcluded
    ÔêÜ should return true when prompt matches global exclude keyword (1 ms)
    ÔêÜ should return true when prompt matches domain exclude keyword (1 ms)
    ÔêÜ should return false when no keywords match (1 ms)
    ÔêÜ should be case-insensitive (1 ms)
    ÔêÜ should handle special regex characters in keywords (1 ms)
    ÔêÜ should return false for empty prompt (1 ms)
    ÔêÜ should return false for null prompt (1 ms)
    ÔêÜ should skip empty/falsy keywords in exclude list
    ÔêÜ should match valid keyword even with empty ones in list (1 ms)
  matchKeywords
    ÔêÜ should return true when prompt matches a keyword (1 ms)
    ÔêÜ should return false when no keywords match (1 ms)
    ÔêÜ should be case-insensitive (1 ms)
    ÔêÜ should return false for empty keywords array
    ÔêÜ should return false for empty prompt (1 ms)
    ÔêÜ should handle special regex characters in keywords (1 ms)
    ÔêÜ should skip empty/falsy keywords
  extractDomainInfo
    ÔêÜ should extract domain name from STATE suffix
    ÔêÜ should extract domain name from WORKFLOW_TRIGGER suffix (1 ms)
    ÔêÜ should extract domain name from AGENT_TRIGGER suffix (1 ms)
    ÔêÜ should extract domain name from NON_NEGOTIABLE suffix
    ÔêÜ should return null for keys with no known suffix (1 ms)
    ÔêÜ should return null for empty prefix (1 ms)
  domainNameToFile
    ÔêÜ should convert simple domain name (1 ms)
    ÔêÜ should convert multi-word domain name with underscores
    ÔêÜ should convert long domain name
  constants
    ÔêÜ KNOWN_SUFFIXES should contain all 7 suffixes (1 ms)
    ÔêÜ GLOBAL_KEYS should contain DEVMODE and GLOBAL_EXCLUDE (1 ms)
  parseManifest ÔÇö edge cases for comma-separated values
    ÔêÜ should handle empty GLOBAL_EXCLUDE value (3 ms)
    ÔêÜ should handle RECALL with trailing commas (3 ms)

  console.log
    [GreenfieldHandler] ÔØî Phase failed: phase_1_discovery:@analyst - Agent @analyst failed on project-brief

      at GreenfieldHandler.log [as _log] (.aios-core/core/orchestration/greenfield-handler.js:873:15)

PASS tests/core/orchestration/greenfield-handler.test.js
  GreenfieldHandler
    constructor
      ÔêÜ should throw error if projectRoot is not provided (16 ms)
      ÔêÜ should throw error if projectRoot is not a string (1 ms)
      ÔêÜ should initialize with correct defaults (1 ms)
      ÔêÜ should accept custom indicators (1 ms)
      ÔêÜ should accept injected dependencies (1 ms)
    isGreenfield (AC1)
      ÔêÜ should return true when NO indicators exist (1 ms)
      ÔêÜ should return false when package.json exists (1 ms)
      ÔêÜ should return false when .git exists (1 ms)
      ÔêÜ should return false when docs/ exists (1 ms)
      ÔêÜ should return false when ALL indicators exist (1 ms)
      ÔêÜ should accept custom project path (1 ms)
      ÔêÜ should use custom indicators when configured (1 ms)
    shouldSkipBootstrap (AC16)
      ÔêÜ should return true when both package.json and .git exist (1 ms)
      ÔêÜ should return false when only package.json exists
      ÔêÜ should return false when only .git exists
      ÔêÜ should return false when neither exists (1 ms)
    handle (main entry)
      ÔêÜ should start from Phase 0 when nothing exists (not skippable) (1 ms)
      ÔêÜ should skip Phase 0 when package.json + .git exist (AC16) (2 ms)
      ÔêÜ should resume from specified phase (1 ms)
    Phase 0: Bootstrap (AC2)
      ÔêÜ should return surface prompt after bootstrap (1 ms)
      ÔêÜ should emit phaseStart and phaseComplete events (1 ms)
    Phase 1: Discovery (AC3)
      ÔêÜ should return surface prompt after discovery (1 ms)
      ÔêÜ should include artifacts summary in surface message (1 ms)
      ÔêÜ should return failure on agent error (6 ms)
    Phase 2: Sharding (AC4)
      ÔêÜ should return surface prompt after sharding (2 ms)
    Phase 3: Dev Cycle (AC5)
      ÔêÜ should return dev cycle handoff (1 ms)
    handleSurfaceDecision (AC11-14)
      ÔêÜ should continue to next phase on GO (1 ms)
      ÔêÜ should save state on PAUSE (AC14) (1 ms)
      ÔêÜ should pass text input as userGoal (1 ms)
      ÔêÜ should handle case-insensitive decisions (1 ms)
    handlePhaseFailureAction (AC15)
      ÔêÜ should retry phase on RETRY (1 ms)
      ÔêÜ should skip to next phase on SKIP (1 ms)
      ÔêÜ should abort workflow on ABORT (1 ms)
      ÔêÜ should handle invalid action (1 ms)
    checkIdempotency (AC17)
      ÔêÜ should detect existing artifact (1 ms)
      ÔêÜ should detect new artifact (1 ms)
    Constants
      ÔêÜ should export correct phases (1 ms)
      ÔêÜ should export correct failure actions (1 ms)
      ÔêÜ should have 5 default indicators (1 ms)
      ÔêÜ should have 5 agents in Phase 1 sequence (1 ms)
    Session state recording (AC9)
      ÔêÜ should record phase when session exists (1 ms)
      ÔêÜ should not fail when session does not exist (1 ms)
    Helper methods
      ÔêÜ _getPhaseEnum should map phase numbers (1 ms)
      ÔêÜ _getPhaseNumber should parse phase strings (1 ms)
      ÔêÜ _buildArtifactsSummary should format step results (1 ms)

PASS tests/unit/migration-analyze.test.js
  Migration Analyze Module
    MODULE_MAPPING
      ÔêÜ should have all four modules defined (5 ms)
      ÔêÜ should have directories for each module (3 ms)
    detectV2Structure
      ÔêÜ should detect v2.0 flat structure (7 ms)
      ÔêÜ should detect v2.1 modular structure (10 ms)
      ÔêÜ should return error if no .aios-core exists (3 ms)
    categorizeFile
      ÔêÜ should categorize agents to development (3 ms)
      ÔêÜ should categorize registry to core (2 ms)
      ÔêÜ should categorize cli to product (3 ms)
      ÔêÜ should categorize hooks to infrastructure (3 ms)
      ÔêÜ should categorize root files to core (3 ms)
      ÔêÜ should return null for unknown directories (2 ms)
    analyzeMigrationPlan
      ÔêÜ should generate migration plan for v2.0 project (14 ms)
      ÔêÜ should return canMigrate false for v2.1 project (7 ms)
      ÔêÜ should detect conflicts (8 ms)
    formatSize
      ÔêÜ should format bytes correctly (3 ms)
    formatMigrationPlan
      ÔêÜ should format plan as table (7 ms)
    analyzeImports
      ÔêÜ should analyze importable files (8 ms)

  console.log
    Ô£à Created .env file

      at log (packages/installer/src/config/configure-environment.js:150:15)

  console.log
    Ô£à Created .env.example file

      at log (packages/installer/src/config/configure-environment.js:163:13)

  console.log
    Ô£à Updated .gitignore

      at log (packages/installer/src/config/configure-environment.js:168:13)

  console.log
    Ô£à Created .aios-core/core-config.yaml

      at log (packages/installer/src/config/configure-environment.js:199:13)

  console.log
    Ô£à Created .env file

      at log (packages/installer/src/config/configure-environment.js:150:15)

  console.log
    Ô£à Created .env.example file

      at log (packages/installer/src/config/configure-environment.js:163:13)

  console.log
    Ô£à Updated .gitignore

      at log (packages/installer/src/config/configure-environment.js:168:13)

  console.log
    Ô£à Created .aios-core/core-config.yaml

      at log (packages/installer/src/config/configure-environment.js:199:13)

PASS tests/installer/wizard-language.test.js
  ACT-12: Language delegated to Claude Code settings.json
    ÔêÜ should NOT include language in generated core-config.yaml (19 ms)
    ÔêÜ should still include user_profile in core-config.yaml (24 ms)

PASS tests/core/context-injector.test.js
  ContextInjector
    Constructor
      ÔêÜ creates with defaults (3 ms)
      ÔêÜ accepts custom config (2 ms)
      ÔêÜ accepts injected memory dependencies (2 ms)
    Cache
      ÔêÜ setCache and getCached round-trip (2 ms)
      ÔêÜ getCached returns null for missing key (1 ms)
      ÔêÜ getCached returns null for expired entry (2 ms)
      ÔêÜ getCached increments cacheHits (1 ms)
      ÔêÜ clearCache empties the cache (1 ms)
    getCacheKey
      ÔêÜ generates key from task type and service (2 ms)
      ÔêÜ uses defaults for missing fields (2 ms)
    inject()
      ÔêÜ returns formatted context string (3 ms)
      ÔêÜ includes acceptance criteria (2 ms)
      ÔêÜ updates metrics after injection (1 ms)
    getRelevantFiles
      ÔêÜ includes explicitly specified files (1 ms)
      ÔêÜ infers files from backtick paths in description (2 ms)
      ÔêÜ limits to 10 files (2 ms)
    inferFilesFromDescription
      ÔêÜ returns empty for null (1 ms)
      ÔêÜ extracts backtick paths (2 ms)
      ÔêÜ deduplicates paths (1 ms)
    Memory integration
      ÔêÜ getRelevantMemory returns empty without memoryQuery (1 ms)
      ÔêÜ getRelevantMemory queries memory (2 ms)
      ÔêÜ getRelevantGotchas returns empty without gotchasMemory (1 ms)
      ÔêÜ getRecentDecisions returns empty without sessionMemory (2 ms)
    formatForLLM
      ÔêÜ includes task section (1 ms)
      ÔêÜ includes files section when present (2 ms)
    trimToTokenBudget
      ÔêÜ returns content unchanged if within budget (1 ms)
      ÔêÜ trims content exceeding budget (2 ms)
      ÔêÜ preserves task section when trimming (2 ms)
    Metrics
      ÔêÜ getMetrics returns rounded values (2 ms)
      ÔêÜ updateMetrics computes running average (1 ms)
    formatStatus
      ÔêÜ returns formatted status string (2 ms)
    detectConventions
      ÔêÜ detects TypeScript project (2 ms)
      ÔêÜ detects tests directory (3 ms)
      ÔêÜ returns empty for bare project (1 ms)

  console.warn
    [mode-detector] Error checking aios-core repository: "undefined" is not valid JSON

    [0m [90m 267 |[39m     [90m// Log error for debugging but don't throw - return false for safety[39m
     [90m 268 |[39m     [36mif[39m (process[33m.[39menv[33m.[39m[33mAIOS_DEBUG[39m [33m||[39m process[33m.[39menv[33m.[39m[33mAIOX_DEBUG[39m) {
    [31m[1m>[22m[39m[90m 269 |[39m       console[33m.[39mwarn([32m`[mode-detector] Error checking aios-core repository: ${error.message}`[39m)[33m;[39m
     [90m     |[39m               [31m[1m^[22m[39m
     [90m 270 |[39m     }
     [90m 271 |[39m     [36mreturn[39m [36mfalse[39m[33m;[39m
     [90m 272 |[39m   }[0m

      at warn (.aios-core/infrastructure/scripts/documentation-integrity/mode-detector.js:269:15)
      at isAiosCoreRepository (.aios-core/infrastructure/scripts/documentation-integrity/mode-detector.js:197:21)
      at collectMarkers (.aios-core/infrastructure/scripts/documentation-integrity/mode-detector.js:113:19)
      at detectInstallationMode (packages/installer/src/wizard/wizard.js:39:22)
      at Object.runWizard (packages/installer/tests/integration/wizard-detection.test.js:79:28)

  console.warn
    [mode-detector] Error checking aios-core repository: "undefined" is not valid JSON

    [0m [90m 267 |[39m     [90m// Log error for debugging but don't throw - return false for safety[39m
     [90m 268 |[39m     [36mif[39m (process[33m.[39menv[33m.[39m[33mAIOS_DEBUG[39m [33m||[39m process[33m.[39menv[33m.[39m[33mAIOX_DEBUG[39m) {
    [31m[1m>[22m[39m[90m 269 |[39m       console[33m.[39mwarn([32m`[mode-detector] Error checking aios-core repository: ${error.message}`[39m)[33m;[39m
     [90m     |[39m               [31m[1m^[22m[39m
     [90m 270 |[39m     }
     [90m 271 |[39m     [36mreturn[39m [36mfalse[39m[33m;[39m
     [90m 272 |[39m   }[0m

      at warn (.aios-core/infrastructure/scripts/documentation-integrity/mode-detector.js:269:15)
      at isAiosCoreRepository (.aios-core/infrastructure/scripts/documentation-integrity/mode-detector.js:197:21)
      at collectMarkers (.aios-core/infrastructure/scripts/documentation-integrity/mode-detector.js:113:19)
      at detectInstallationMode (packages/installer/src/wizard/wizard.js:39:22)
      at Object.runWizard (packages/installer/tests/integration/wizard-detection.test.js:134:28)

  console.warn
    [mode-detector] Error checking aios-core repository: "undefined" is not valid JSON

    [0m [90m 267 |[39m     [90m// Log error for debugging but don't throw - return false for safety[39m
     [90m 268 |[39m     [36mif[39m (process[33m.[39menv[33m.[39m[33mAIOS_DEBUG[39m [33m||[39m process[33m.[39menv[33m.[39m[33mAIOX_DEBUG[39m) {
    [31m[1m>[22m[39m[90m 269 |[39m       console[33m.[39mwarn([32m`[mode-detector] Error checking aios-core repository: ${error.message}`[39m)[33m;[39m
     [90m     |[39m               [31m[1m^[22m[39m
     [90m 270 |[39m     }
     [90m 271 |[39m     [36mreturn[39m [36mfalse[39m[33m;[39m
     [90m 272 |[39m   }[0m

      at warn (.aios-core/infrastructure/scripts/documentation-integrity/mode-detector.js:269:15)
      at isAiosCoreRepository (.aios-core/infrastructure/scripts/documentation-integrity/mode-detector.js:197:21)
      at collectMarkers (.aios-core/infrastructure/scripts/documentation-integrity/mode-detector.js:113:19)
      at detectInstallationMode (packages/installer/src/wizard/wizard.js:39:22)
      at Object.runWizard (packages/installer/tests/integration/wizard-detection.test.js:332:13)

  console.warn
    [mode-detector] Error checking aios-core repository: "undefined" is not valid JSON

    [0m [90m 267 |[39m     [90m// Log error for debugging but don't throw - return false for safety[39m
     [90m 268 |[39m     [36mif[39m (process[33m.[39menv[33m.[39m[33mAIOS_DEBUG[39m [33m||[39m process[33m.[39menv[33m.[39m[33mAIOX_DEBUG[39m) {
    [31m[1m>[22m[39m[90m 269 |[39m       console[33m.[39mwarn([32m`[mode-detector] Error checking aios-core repository: ${error.message}`[39m)[33m;[39m
     [90m     |[39m               [31m[1m^[22m[39m
     [90m 270 |[39m     }
     [90m 271 |[39m     [36mreturn[39m [36mfalse[39m[33m;[39m
     [90m 272 |[39m   }[0m

      at warn (.aios-core/infrastructure/scripts/documentation-integrity/mode-detector.js:269:15)
      at isAiosCoreRepository (.aios-core/infrastructure/scripts/documentation-integrity/mode-detector.js:197:21)
      at collectMarkers (.aios-core/infrastructure/scripts/documentation-integrity/mode-detector.js:113:19)
      at detectInstallationMode (packages/installer/src/wizard/wizard.js:39:22)
      at Object.runWizard (packages/installer/tests/integration/wizard-detection.test.js:343:13)

PASS packages/installer/tests/integration/wizard-detection.test.js
  Wizard Integration with Project Type Detection
    GREENFIELD Detection Flow
      ÔêÜ wizard correctly detects and processes GREENFIELD project (2 ms)
      ÔêÜ getProjectType helper returns GREENFIELD for empty directory
    BROWNFIELD Detection Flow
      ÔêÜ wizard correctly detects and processes BROWNFIELD project with package.json (5 ms)
      ÔêÜ wizard correctly detects and processes BROWNFIELD project with .git (1 ms)
      ÔêÜ getProjectType helper returns BROWNFIELD for existing project (1 ms)
    EXISTING_AIOS Detection Flow
      ÔêÜ wizard correctly detects and processes EXISTING_AIOS installation (3 ms)
      ÔêÜ confirmProjectType shows update/reinstall message for EXISTING_AIOS (1 ms)
      ÔêÜ getProjectType helper returns EXISTING_AIOS when .aios-core exists (1 ms)
    User Override Functionality
      ÔêÜ confirmProjectType accepts detected type (1 ms)
      ÔêÜ confirmProjectType shows appropriate message for each type (1 ms)
      ÔêÜ confirmProjectType provides description for GREENFIELD (1 ms)
      ÔêÜ confirmProjectType provides description for BROWNFIELD (1 ms)
    Error Handling in Wizard Flow
      ÔêÜ wizard propagates detection errors correctly (12 ms)
      ÔêÜ wizard logs error message on detection failure (2 ms)
      ÔêÜ confirmProjectType handles UNKNOWN type gracefully (1 ms)
    Integration with Downstream Stories
      ÔêÜ wizard returns configuration object with projectType for downstream use (1 ms)
      ÔêÜ getProjectType can be called independently by downstream stories (8 ms)
      ÔêÜ detection result remains consistent across multiple calls (1 ms)
    Default Wizard Behavior
      ÔêÜ wizard uses process.cwd() when no targetDir provided (1 ms)
      ÔêÜ wizard displays welcome message (3 ms)
      ÔêÜ wizard displays detection step message (3 ms)

PASS tests/infrastructure/plan-tracker.test.js
  PlanTracker
    constructor
      ÔêÜ should accept string (legacy) constructor (2 ms)
      ÔêÜ should accept object constructor (1 ms)
      ÔêÜ should use explicit planPath when provided (1 ms)
    load
      ÔêÜ should load plan from yaml file (1 ms)
      ÔêÜ should throw error if plan file not found (16 ms)
    getStats
      ÔêÜ should calculate correct statistics (1 ms)
      ÔêÜ should calculate percentage correctly (1 ms)
      ÔêÜ should identify current task (2 ms)
      ÔêÜ should determine overall status correctly (1 ms)
      ÔêÜ should return COMPLETED status when all done (1 ms)
      ÔêÜ should return FAILED status when any task failed (1 ms)
    progressBar
      ÔêÜ should generate correct progress bar (1 ms)
      ÔêÜ should support custom width (1 ms)
    generateReport
      ÔêÜ should generate visual report (1 ms)
    generateDetailedReport
      ÔêÜ should include all subtasks (1 ms)
    getNextPending
      ÔêÜ should return first pending subtask (1 ms)
      ÔêÜ should return null when no pending tasks (1 ms)
    updateSubtaskStatus
      ÔêÜ should update subtask status (2 ms)
      ÔêÜ should throw error for unknown subtask (1 ms)
      ÔêÜ should add extra properties to subtask (1 ms)
    startSubtask
      ÔêÜ should mark subtask as in_progress (1 ms)
    completeSubtask
      ÔêÜ should mark subtask as completed with timestamp (1 ms)
    failSubtask
      ÔêÜ should mark subtask as failed with error (1 ms)
    saveProgress
      ÔêÜ should write progress report to file (1 ms)
      ÔêÜ should create directory if not exists (1 ms)
    updateStatusJson
      ÔêÜ should update dashboard status file (1 ms)
      ÔêÜ should add story to inProgress list when in progress (1 ms)
    getProgress
      ÔêÜ should return progress in expected format (AC2) (1 ms)
    toJSON
      ÔêÜ should return stats as JSON (1 ms)
  Helper Functions
    getPlanProgress
      ÔêÜ should return progress for story (1 ms)
      ÔêÜ should return null if plan not found
    updateAfterSubtask
      ÔêÜ should update subtask and return stats (1 ms)
  Status Constants
    ÔêÜ should export all status values
  CONFIG
    ÔêÜ should have required configuration values (1 ms)

PASS tests/installer/file-hasher.test.js
  file-hasher
    normalizeLineEndings
      ÔêÜ should convert CRLF to LF (1 ms)
      ÔêÜ should convert standalone CR to LF (1 ms)
      ÔêÜ should preserve LF (1 ms)
      ÔêÜ should handle mixed line endings
    removeBOM
      ÔêÜ should remove UTF-8 BOM (1 ms)
      ÔêÜ should not modify content without BOM (1 ms)
    isBinaryFile
      ÔêÜ should identify image files as binary
      ÔêÜ should identify archive files as binary (1 ms)
      ÔêÜ should identify text files as non-binary (1 ms)
      ÔêÜ should be case-insensitive
    hashFile
      ÔêÜ should hash a text file (2 ms)
      ÔêÜ should produce consistent hashes for same content (2 ms)
      ÔêÜ should produce different hashes for different content (2 ms)
      ÔêÜ should normalize line endings for consistent cross-platform hashing (2 ms)
      ÔêÜ should throw error for non-existent file (6 ms)
      ÔêÜ should throw error for directory (1 ms)
    hashString
      ÔêÜ should hash a string (1 ms)
      ÔêÜ should produce consistent hashes
      ÔêÜ should produce different hashes for different strings (1 ms)
    hashesMatch
      ÔêÜ should match identical hashes (1 ms)
      ÔêÜ should match hashes regardless of case
      ÔêÜ should not match different hashes (1 ms)
      ÔêÜ should return false for null/undefined
    getFileMetadata
      ÔêÜ should return correct metadata (1 ms)
      ÔêÜ should use forward slashes in path (2 ms)

  console.error
    YAML parse error: unexpected end of the stream within a flow collection (3:1)
    
     1 | agent: [
     2 | invalid
     3 | 
    -----^

    [0m [90m 51 |[39m       [36mreturn[39m yaml[33m.[39mload(fixed)[33m;[39m
     [90m 52 |[39m     } [36mcatch[39m (fixError) {
    [31m[1m>[22m[39m[90m 53 |[39m       console[33m.[39merror([32m`YAML parse error: ${error.message}`[39m)[33m;[39m
     [90m    |[39m               [31m[1m^[22m[39m
     [90m 54 |[39m       [36mreturn[39m [36mnull[39m[33m;[39m
     [90m 55 |[39m     }
     [90m 56 |[39m   }[0m

      at error (.aios-core/infrastructure/scripts/ide-sync/agent-parser.js:53:15)
      at Object.parseYaml (tests/ide-sync/agent-parser.test.js:73:14)

  console.error
    Agents directory not found: C:\Users\EDUCAC~1\AppData\Local\Temp\agent-parser-test-1773170013751\nonexistent

    [0m [90m 195 |[39m
     [90m 196 |[39m   [36mif[39m ([33m![39mfs[33m.[39mexistsSync(agentsDir)) {
    [31m[1m>[22m[39m[90m 197 |[39m     console[33m.[39merror([32m`Agents directory not found: ${agentsDir}`[39m)[33m;[39m
     [90m     |[39m             [31m[1m^[22m[39m
     [90m 198 |[39m     [36mreturn[39m agents[33m;[39m
     [90m 199 |[39m   }
     [90m 200 |[39m[0m

      at error (.aios-core/infrastructure/scripts/ide-sync/agent-parser.js:197:13)
      at Object.parseAllAgents (tests/ide-sync/agent-parser.test.js:192:22)

PASS tests/ide-sync/agent-parser.test.js
  agent-parser
    extractYamlBlock
      ÔêÜ should extract YAML from markdown (1 ms)
      ÔêÜ should return null if no YAML block (1 ms)
      ÔêÜ should handle empty YAML block
    parseYaml
      ÔêÜ should parse valid YAML (1 ms)
      ÔêÜ should return null for invalid YAML (5 ms)
      ÔêÜ should handle empty string (1 ms)
    extractSection
      ÔêÜ should extract section by heading (1 ms)
      ÔêÜ should return null if section not found
      ÔêÜ should handle headings with parentheses
    parseAgentFile
      ÔêÜ should parse a valid agent file (3 ms)
      ÔêÜ should handle file without YAML block (1 ms)
      ÔêÜ should handle non-existent file (1 ms)
    parseAllAgents
      ÔêÜ should parse all agent files in directory (3 ms)
      ÔêÜ should return empty array for non-existent directory (2 ms)
      ÔêÜ should skip non-md files (3 ms)
    getVisibleCommands
      ÔêÜ should filter by full visibility (1 ms)
      ÔêÜ should filter by quick visibility (1 ms)
      ÔêÜ should filter by key visibility (1 ms)
      ÔêÜ should handle empty commands array
      ÔêÜ should handle null/undefined (1 ms)
      ÔêÜ should include commands without visibility defined (1 ms)
    formatCommandsList
      ÔêÜ should format commands as bullet list
      ÔêÜ should handle empty commands
      ÔêÜ should handle commands without description (1 ms)
      ÔêÜ should use custom prefix

PASS tests/packages/aios-install/installer.test.js
  installer
    InstallTimer
      ÔêÜ should track elapsed time (1 ms)
      ÔêÜ should format elapsed time correctly (1 ms)
      ÔêÜ should detect timeout (1 ms)
    InstallLogger
      ÔêÜ should log info messages (2 ms)
      ÔêÜ should prefix dry-run messages (1 ms)
      ÔêÜ should log debug messages only when verbose (2 ms)
      ÔêÜ should log action messages in dry-run mode (1 ms)
    detectBrownfield
      ÔêÜ should detect greenfield (no existing AIOS) (1 ms)
      ÔêÜ should detect brownfield with legacy config (2 ms)
      ÔêÜ should detect brownfield with layered config (1 ms)
    createUserConfigDirect
      ÔêÜ should create user config with bob profile (6 ms)
      ÔêÜ should create user config with advanced profile (2 ms)
      ÔêÜ should only log actions in dry-run mode (1 ms)
      ÔêÜ should preserve existing config and update profile (1 ms)
    tryLoadConfigResolver
      ÔêÜ should return null when config resolver not found (1 ms)

PASS tests/core/result-aggregator.test.js
  ResultAggregator
    Constructor
      ÔêÜ creates with defaults (2 ms)
      ÔêÜ accepts custom config (2 ms)
      ÔêÜ extends EventEmitter (1 ms)
    aggregate()
      ÔêÜ aggregates successful results (2 ms)
      ÔêÜ detects file conflicts (2 ms)
      ÔêÜ skips conflict detection when disabled (2 ms)
      ÔêÜ collects warnings for long duration tasks (2 ms)
      ÔêÜ collects warnings for no files modified (1 ms)
      ÔêÜ emits aggregation_complete event (2 ms)
      ÔêÜ stores aggregation in history (1 ms)
      ÔêÜ trims history to maxHistory (10 ms)
    aggregateAll()
      ÔêÜ consolidates multiple waves (2 ms)
    Conflict detection
      ÔêÜ assessConflictSeverity returns critical for package.json (2 ms)
      ÔêÜ assessConflictSeverity returns high for config files (2 ms)
      ÔêÜ assessConflictSeverity returns medium for regular files (1 ms)
      ÔêÜ suggestResolution gives JSON-specific advice (1 ms)
      ÔêÜ suggestResolution gives test file advice (2 ms)
      ÔêÜ suggestResolution gives generic advice for other files (2 ms)
    extractFilesFromOutput
      ÔêÜ returns empty for null (2 ms)
      ÔêÜ extracts file paths from output (1 ms)
    summarizeOutput
      ÔêÜ returns empty for null (1 ms)
      ÔêÜ returns short output unchanged (1 ms)
      ÔêÜ truncates long output (2 ms)
    calculateMetrics
      ÔêÜ calculates success rate (1 ms)
      ÔêÜ counts unique files modified (2 ms)
    generateReport
      ÔêÜ writes JSON and markdown files (3 ms)
    formatMarkdown
      ÔêÜ generates markdown with metrics (2 ms)
      ÔêÜ includes conflicts section (2 ms)
    History
      ÔêÜ getHistory returns limited entries (1 ms)
    formatStatus
      ÔêÜ returns status string (1 ms)

  console.warn
    [IDS] Directory not found: nonexistent/directory/path ÔÇö skipping

    [0m [90m 112 |[39m
     [90m 113 |[39m   [36mif[39m ([33m![39mfs[33m.[39mexistsSync(absBase)) {
    [31m[1m>[22m[39m[90m 114 |[39m     console[33m.[39mwarn([32m`[IDS] Directory not found: ${config.basePath} ÔÇö skipping`[39m)[33m;[39m
     [90m     |[39m             [31m[1m^[22m[39m
     [90m 115 |[39m     [36mreturn[39m {}[33m;[39m
     [90m 116 |[39m   }
     [90m 117 |[39m[0m

      at warn (.aios-core/development/scripts/populate-entity-registry.js:114:13)
      at Object.scanCategory (tests/core/ids/populate-entity-registry.test.js:187:22)

PASS tests/core/ids/populate-entity-registry.test.js
  populate-entity-registry (AC: 3, 4, 12)
    extractEntityId()
      ÔêÜ extracts base name without extension (1 ms)
    extractKeywords()
      ÔêÜ extracts keywords from filename (1 ms)
      ÔêÜ extracts keywords from markdown header (1 ms)
      ÔêÜ deduplicates keywords (1 ms)
      ÔêÜ filters out short and stop words
    extractPurpose()
      ÔêÜ extracts from ## Purpose section
      ÔêÜ extracts from description field (1 ms)
      ÔêÜ falls back to header (1 ms)
      ÔêÜ falls back to file path (1 ms)
      ÔêÜ truncates long purposes to 200 chars
    detectDependencies()
      ÔêÜ detects require() dependencies (1 ms)
      ÔêÜ detects import dependencies (1 ms)
      ÔêÜ ignores npm packages (non-relative)
      ÔêÜ excludes self-references
      ÔêÜ detects YAML dependency lists (1 ms)
    computeChecksum()
      ÔêÜ returns sha256 prefixed hash (1 ms)
      ÔêÜ returns consistent results for same file (1 ms)
    resolveUsedBy()
      ÔêÜ populates usedBy based on dependencies
      ÔêÜ does not duplicate usedBy entries
    scanCategory()
      ÔêÜ returns empty object for non-existent directory (5 ms)
    duplicate detection (AC: 12)
      ÔêÜ scanCategory skips duplicate entity IDs with warning (7 ms)

PASS tests/unit/quality-gates/human-review-orchestrator.test.js
  HumanReviewOrchestrator
    constructor
      ÔêÜ should create orchestrator with default config (2 ms)
      ÔêÜ should create orchestrator with custom config
    checkLayerPassed
      ÔêÜ should return pass=false when layer result is null (1 ms)
      ÔêÜ should return pass=true when layer passed (1 ms)
      ÔêÜ should extract issues when layer failed (1 ms)
    extractIssues
      ÔêÜ should return empty array when no results (1 ms)
      ÔêÜ should extract failed checks as issues (1 ms)
    determineSeverity
      ÔêÜ should return CRITICAL for test failures (1 ms)
      ÔêÜ should return HIGH for lint failures (1 ms)
      ÔêÜ should return CRITICAL for critical coderabbit issues (1 ms)
      ÔêÜ should return MEDIUM for other issues (1 ms)
    block (HUMAN-02)
      ÔêÜ should block with layer1 failure (1 ms)
      ÔêÜ should block with layer2 failure (1 ms)
    generateFixRecommendations
      ÔêÜ should generate lint fix recommendation (1 ms)
      ÔêÜ should generate test fix recommendation (1 ms)
      ÔêÜ should generate coderabbit fix recommendation (1 ms)
    orchestrateReview (HUMAN-01)
      ÔêÜ should block when Layer 1 fails (1 ms)
      ÔêÜ should block when Layer 2 fails (1 ms)
      ÔêÜ should request human review when both layers pass (13 ms)
    generateAutomatedSummary
      ÔêÜ should generate summary for Layer 1 (1 ms)
      ÔêÜ should generate summary for Layer 2 with CodeRabbit
    estimateReviewTime
      ÔêÜ should return base time with no focus areas
      ÔêÜ should add time per primary focus area (1 ms)
      ÔêÜ should add half time per secondary focus area (1 ms)
    generateRequestId
      ÔêÜ should generate unique IDs (1 ms)
    validateRequestId (Security)
      ÔêÜ should accept valid alphanumeric IDs (1 ms)
      ÔêÜ should reject path traversal attempts with ../ (12 ms)
      ÔêÜ should reject IDs with slashes (1 ms)
      ÔêÜ should reject IDs with special characters (2 ms)
      ÔêÜ should reject null or empty IDs (2 ms)
      ÔêÜ should reject non-string IDs (1 ms)
    saveReviewRequest (Security)
      ÔêÜ should reject requests with malicious IDs (1 ms)
    completeReview (Security)
      ÔêÜ should reject malicious request IDs (1 ms)

PASS tests/core/ui/observability-panel.test.js
  ObservabilityPanel
    createPanel
      ÔêÜ should create a panel with default options (2 ms)
      ÔêÜ should create a panel with custom options (1 ms)
    createDefaultState
      ÔêÜ should create valid default state (1 ms)
    AC1: Current Agent Display
      ÔêÜ should set current agent correctly (1 ms)
      ÔêÜ should set agent with reason for detailed mode (1 ms)
      ÔêÜ should render current agent in output (1 ms)
    AC2: Pipeline Progress Display
      ÔêÜ should set pipeline stage correctly (1 ms)
      ÔêÜ should mark stages as completed (1 ms)
      ÔêÜ should not duplicate completed stages
      ÔêÜ should render pipeline progress in output (1 ms)
    AC3: Active Terminals Display
      ÔêÜ should add active terminal (1 ms)
      ÔêÜ should add multiple terminals (1 ms)
      ÔêÜ should remove terminal by PID
      ÔêÜ should render active terminals in output (1 ms)
    AC4: Elapsed Time Display
      ÔêÜ should track session elapsed time (1 ms)
      ÔêÜ should track story elapsed time after starting (1 ms)
      ÔêÜ should return -- for story time when not started
      ÔêÜ should format time correctly (1 ms)
      ÔêÜ should render elapsed time in output (1 ms)
    AC5: Minimal Mode (Default)
      ÔêÜ should default to minimal mode
      ÔêÜ should render compact output in minimal mode (1 ms)
      ÔêÜ should show errors in minimal mode (1 ms)
      ÔêÜ should NOT show trade-offs in minimal mode (1 ms)
    AC6: Detailed Mode (Educativo)
      ÔêÜ should render detailed output when set
      ÔêÜ should show trade-offs in detailed mode (1 ms)
      ÔêÜ should show next steps in detailed mode (1 ms)
      ÔêÜ should show agent reason in detailed mode (1 ms)
      ÔêÜ should render more lines than minimal mode
    AC5-6: Mode Toggle
      ÔêÜ should toggle between modes
      ÔêÜ should set mode directly (1 ms)
      ÔêÜ should ignore invalid mode
    AC7: CLI-First (Terminal Rendering)
      ÔêÜ should use box drawing characters
      ÔêÜ should use chalk for styling (colors disabled in non-TTY) (1 ms)
      ÔêÜ should render consistent width (1 ms)
    AC8: Real-time Updates
      ÔêÜ should start and stop refresh loop (5 ms)
      ÔêÜ should not start if already running (1 ms)
      ÔêÜ should update state while running
      ÔêÜ should use configured refresh rate
    State Management
      ÔêÜ should update state with updateState method (1 ms)
      ÔêÜ should get full state with getState method
      ÔêÜ should add and clear errors
  PanelRenderer
    Border rendering
      ÔêÜ should render top border (1 ms)
      ÔêÜ should render bottom border (1 ms)
      ÔêÜ should render separator (1 ms)
    Content line rendering
      ÔêÜ should render content with borders
      ÔêÜ should strip ANSI codes for length calculation
    Pipeline rendering
      ÔêÜ should render pipeline with stages (1 ms)
    Minimal mode rendering
      ÔêÜ should render valid minimal panel (1 ms)
    Detailed mode rendering
      ÔêÜ should render valid detailed panel (1 ms)
    Time formatting
      ÔêÜ should format seconds correctly (1 ms)
      ÔêÜ should format minutes correctly (1 ms)
      ÔêÜ should format hours correctly (1 ms)
      ÔêÜ should return -- for null timestamps (1 ms)
  Constants
    PanelMode
      ÔêÜ should have minimal and detailed modes
    PipelineStage
      ÔêÜ should have all required stages (1 ms)
    Box drawing characters
      ÔêÜ should have all required characters (1 ms)
    Status indicators
      ÔêÜ should have all required indicators

PASS tests/book-de-resultados/renderer.test.js
  render()
    ÔêÜ returns an array of page objects (2 ms)
    ÔêÜ assigns sequential page numbers starting from 1 (2 ms)
    ÔêÜ first page is the capa (1 ms)
    ÔêÜ contains a sumario page (1 ms)
    ÔêÜ includes the editorial chapter pages in the expected order (1 ms)
    ÔêÜ sumario entries have page numbers and titles (3 ms)
    ÔêÜ sumario includes the new editorial chapter titles (1 ms)
    ÔêÜ contains visao_geral page (1 ms)
    ÔêÜ annotates pages with a declarative editorial layout contract (2 ms)
    ÔêÜ generates one resultados_disciplina page per discipline (1 ms)
    ÔêÜ generates ranking pages (1 ms)
    ÔêÜ generates one escola page per escola (1 ms)
    ÔêÜ generates one comparative school page per escola (1 ms)
    ÔêÜ generates resultados_ano pages (1 ms)
    ÔêÜ resultados_ano page carries year-specific school ranking data (1 ms)
    ÔêÜ contains the new narrative pages for context, participation and next steps (1 ms)
    ÔêÜ keeps metodologia inside the editorial flow (1 ms)
    ÔêÜ capa page has municipio and ano from metadata (1 ms)
    ÔêÜ escola page carries mediaRede
    ÔêÜ escola page carries rankingPosition when available
    ÔêÜ escola_disciplinas page also carries rankingPosition when available (1 ms)
    ÔêÜ escola page exposes operational cards data from the canonical model (1 ms)
    ÔêÜ escola page includes discipline comparisons for participation and media (1 ms)
    ÔêÜ escola page includes a generated synthesis paragraph (1 ms)
  resolveEditorialLayout()
    ÔêÜ derives section-specific variants from page data (1 ms)
  render() ÔÇö component descriptors attached to pages
    ÔêÜ escola page has components.proficiencia of type "proficiencia" (1 ms)
    ÔêÜ escola proficiencia component has 4 bars (1 ms)
    ÔêÜ escola_disciplinas page has components.comparativo of type "comparativo" (1 ms)
    ÔêÜ escola_disciplinas comparativo rows include Matem├ítica and Portugu├¬s (1 ms)
    ÔêÜ visao_geral page has components.proficiencia (1 ms)
    ÔêÜ resultados_disciplina page has components.proficiencia (1 ms)
    ÔêÜ comparativo rows have delta with color and formatted value
    ÔêÜ proficiencia component total matches escola distribuicao total
  render() ÔÇö habilidades pages
    ÔêÜ no habilidades_disciplina pages when entities.habilidades is absent (1 ms)
    ÔêÜ no habilidades_disciplina pages when entities.habilidades is empty (1 ms)
    ÔêÜ generates one habilidades_disciplina page per discipline group (1 ms)
    ÔêÜ habilidades pages have components.tabela of type "habilidades_table"
    ÔêÜ habilidades pages include rows enriched with percentualAcerto (1 ms)
    ÔêÜ habilidades pages are placed inside the resultados chapter (1 ms)
    ÔêÜ paginated habilidades: multiple pages when habilidades exceed maxRowsPerPage (1 ms)
  render() ÔÇö theme option
    ÔêÜ accepts a theme override without breaking (1 ms)
    ÔêÜ theme colors flow into proficiencia component
  render() ÔÇö paginated rankings
    ÔêÜ generates multiple ranking pages when paginatedRankings has multiple pages (1 ms)

PASS tests/integration/workflow-intelligence/wis-integration.test.js
  WIS Integration
    Full Suggestion Flow
      ÔêÜ should get suggestions using high-level API (6 ms)
      ÔêÜ should match workflow from command history (1 ms)
      ÔêÜ should find current state in workflow
      ÔêÜ should get next steps for workflow state (1 ms)
    SuggestionEngine Integration
      ÔêÜ should build context and get suggestions (3 ms)
      ÔêÜ should integrate with output formatter (1 ms)
    Registry and Scorer Integration
      ÔêÜ should load workflow patterns
      ÔêÜ should get workflows by agent (1 ms)
      ÔêÜ should get registry stats (1 ms)
      ÔêÜ should create and use scorer
    Cache Behavior
      ÔêÜ should cache workflow patterns (1 ms)
      ÔêÜ should invalidate cache on request (3 ms)
    Error Handling
      ÔêÜ should handle empty context gracefully (1 ms)
      ÔêÜ should handle null context
      ÔêÜ should handle non-existent workflow
      ÔêÜ should handle non-existent state (1 ms)
    Constants Export
      ÔêÜ should export all constants (1 ms)
      ÔêÜ should export classes
      ÔêÜ should export factory functions (1 ms)
  WIS Performance
    ÔêÜ should complete getSuggestions within 100ms (1 ms)
    ÔêÜ should complete matchWorkflow within 50ms
    ÔêÜ should complete registry load within 200ms (cold start) (2 ms)
    ÔêÜ should complete SuggestionEngine full flow within 100ms (1 ms)

PASS tests/core/orchestration/epic-context-accumulator.test.js
  EpicContextAccumulator
    Constants
      ÔêÜ should export TOKEN_LIMIT as 8000 (1 ms)
      ÔêÜ should export HARD_CAP_PER_STORY as 600 (1 ms)
      ÔêÜ should export CHARS_PER_TOKEN as 3.5 (1 ms)
      ÔêÜ should define three compression levels
    estimateTokens()
      ÔêÜ should estimate tokens as ceil(length / 3.5)
      ÔêÜ should round up fractional tokens (1 ms)
      ÔêÜ should return 0 for empty string
      ÔêÜ should return 0 for null/undefined (1 ms)
      ÔêÜ should handle long text correctly (1 ms)
    getCompressionLevel()
      ÔêÜ should return full_detail for N-1 (distance 1)
      ÔêÜ should return full_detail for N-2 (distance 2) (1 ms)
      ÔêÜ should return full_detail for N-3 (distance 3) (1 ms)
      ÔêÜ should return metadata_plus_files for N-4 (distance 4)
      ÔêÜ should return metadata_plus_files for N-6 (distance 6) (1 ms)
      ÔêÜ should return metadata_only for N-7 (distance 7)
      ÔêÜ should return metadata_only for very old stories (distance 20) (1 ms)
      ÔêÜ should return metadata_only for distance 0 (current story)
    COMPRESSION_FIELDS
      ÔêÜ should include all fields for full_detail (1 ms)
      ÔêÜ should include essential + files for metadata_plus_files (1 ms)
      ÔêÜ should include only identifiers for metadata_only
    buildFileIndex()
      ÔêÜ should build Map from stories with files_modified
      ÔêÜ should handle stories without files_modified
      ÔêÜ should return empty Map for empty stories array (1 ms)
      ÔêÜ should provide O(1) lookup
    hasFileOverlap()
      ÔêÜ should detect overlap with Set target (1 ms)
      ÔêÜ should detect no overlap (1 ms)
      ÔêÜ should handle Map target (file index)
      ÔêÜ should handle array target (1 ms)
      ÔêÜ should return false for null/empty storyFiles
    truncateToTokens()
      ÔêÜ should not truncate if within limit
      ÔêÜ should truncate and add ellipsis when over limit (1 ms)
      ÔêÜ should return empty string for null/undefined
    formatStoryEntry()
      ÔêÜ should format full_detail with all fields (1 ms)
      ÔêÜ should format metadata_plus_files with 5 fields (1 ms)
      ÔêÜ should format metadata_only with 3 fields (1 ms)
      ÔêÜ should enforce hard cap of 600 tokens per story
      ÔêÜ should skip undefined/null fields (1 ms)
    EpicContextAccumulator class
      constructor
        ÔêÜ should accept a sessionState and store it (1 ms)
      createEpicContextAccumulator()
        ÔêÜ should create instance via factory
      buildAccumulatedContext()
        ÔêÜ should return empty string when no state (1 ms)
        ÔêÜ should return empty string when no stories done (1 ms)
        ÔêÜ should build context with single story (1 ms)
        ÔêÜ should include executor distribution in context
        ÔêÜ should apply correct compression levels based on distance (1 ms)
      Exception: file overlap
        ÔêÜ should upgrade metadata_only to metadata_plus_files on file overlap (1 ms)
        ÔêÜ should NOT upgrade to full_detail on file overlap (1 ms)
      Exception: executor match
        ÔêÜ should upgrade metadata_only to metadata_plus_files on executor match
        ÔêÜ should NOT upgrade if executor does not match (1 ms)
        ÔêÜ should NOT upgrade full_detail stories (no downgrade from exceptions) (1 ms)
      Compression cascade
        ÔêÜ should fit within 8000 token limit (1 ms)
        ÔêÜ should preserve recent stories even when cascading
      getFileIndex()
        ÔêÜ should return null before buildAccumulatedContext
        ÔêÜ should return built index after buildAccumulatedContext (1 ms)
      Edge cases
        ÔêÜ should handle story N = 0 (first story, no prior context)
        ÔêÜ should handle story N = 1 (only one prior story) (1 ms)
        ÔêÜ should handle stories as string IDs (not objects)
        ÔêÜ should handle conflicting exceptions (both file overlap and executor) (1 ms)
        ÔêÜ should handle stories with empty files_modified (1 ms)

PASS tests/ide-sync/validator.test.js
  validator
    hashContent
      ÔêÜ should produce consistent hash for same content (1 ms)
      ÔêÜ should produce different hash for different content (1 ms)
      ÔêÜ should normalize line endings (1 ms)
      ÔêÜ should normalize standalone CR
      ÔêÜ should return 64 character hex string
    fileExists
      ÔêÜ should return true for existing file (2 ms)
      ÔêÜ should return false for non-existent file
    readFileIfExists
      ÔêÜ should read existing file (1 ms)
      ÔêÜ should return null for non-existent file (1 ms)
    validateIdeSync
      ÔêÜ should detect synced files (2 ms)
      ÔêÜ should detect missing files (4 ms)
      ÔêÜ should detect drift (3 ms)
      ÔêÜ should detect orphaned files (2 ms)
      ÔêÜ should not count redirect files as orphaned (3 ms)
      ÔêÜ should return correct totals (2 ms)
    validateAllIdes
      ÔêÜ should validate multiple IDEs (3 ms)
      ÔêÜ should fail if any missing or drift (1 ms)
    formatValidationReport
      ÔêÜ should format passing report (1 ms)
      ÔêÜ should format failing report
      ÔêÜ should include verbose details when requested (1 ms)

PASS tests/core/registry-loader.test.js
  ServiceRegistry
    Constructor
      ÔêÜ should create instance with default config (2 ms)
      ÔêÜ should create instance with custom path (1 ms)
      ÔêÜ should create instance with custom cache TTL (1 ms)
      ÔêÜ should initialize empty index maps (1 ms)
    load
      ÔêÜ should load registry from file (1 ms)
      ÔêÜ should cache loaded data (3 ms)
      ÔêÜ should force reload when force=true (1 ms)
      ÔêÜ should build indexes after loading (1 ms)
      ÔêÜ should throw error on file read failure (14 ms)
    getById
      ÔêÜ should return worker by ID (2 ms)
      ÔêÜ should return null for non-existent ID (1 ms)
    getByCategory
      ÔêÜ should return workers by category (1 ms)
      ÔêÜ should return empty array for non-existent category (1 ms)
    getByTag
      ÔêÜ should return workers by tag (1 ms)
      ÔêÜ should return empty array for non-existent tag (1 ms)
    getByTags
      ÔêÜ should return workers with all specified tags (1 ms)
      ÔêÜ should filter to workers with ALL tags (1 ms)
      ÔêÜ should return empty array for empty tags (1 ms)
      ÔêÜ should delegate to getByTag for single tag (1 ms)
    getForAgent
      ÔêÜ should return workers for agent (1 ms)
      ÔêÜ should return empty array for unknown agent (1 ms)
    search
      ÔêÜ should search by query string (1 ms)
      ÔêÜ should search case-insensitively (1 ms)
      ÔêÜ should filter by category (1 ms)
      ÔêÜ should respect maxResults (1 ms)
      ÔêÜ should rank results by relevance (1 ms)
    getAll
      ÔêÜ should return all workers (1 ms)
    getInfo
      ÔêÜ should return registry info (1 ms)
    getCategories
      ÔêÜ should return category summary (1 ms)
    getTags
      ÔêÜ should return all unique tags sorted (1 ms)
    exists
      ÔêÜ should return true for existing worker (1 ms)
      ÔêÜ should return false for non-existing worker (1 ms)
    count
      ÔêÜ should return total worker count (1 ms)
    clearCache
      ÔêÜ should clear cache and indexes (2 ms)
    getMetrics
      ÔêÜ should return metrics when not cached (1 ms)
      ÔêÜ should return metrics when cached (1 ms)
  getRegistry
    ÔêÜ should return singleton instance (1 ms)
    ÔêÜ should create fresh instance with fresh option (1 ms)
    ÔêÜ should pass options to new instance
  Index Building
    ÔêÜ should handle workers without tags
    ÔêÜ should handle workers without agents (1 ms)

  console.warn
    [ExecutorAssignment] Unknown story type: unknown_type, using default

    [0m [90m 252 |[39m
     [90m 253 |[39m   [36mif[39m ([33m![39mconfig) {
    [31m[1m>[22m[39m[90m 254 |[39m     console[33m.[39mwarn([32m`[ExecutorAssignment] Unknown story type: ${storyType}, using default`[39m)[33m;[39m
     [90m     |[39m             [31m[1m^[22m[39m
     [90m 255 |[39m     [36mreturn[39m { [33m...[39m[33mDEFAULT_ASSIGNMENT[39m }[33m;[39m
     [90m 256 |[39m   }
     [90m 257 |[39m[0m

      at warn (.aios-core/core/orchestration/executor-assignment.js:254:13)
      at Object.assignExecutor (tests/core/executor-assignment.test.js:156:26)

PASS tests/core/executor-assignment.test.js
  ExecutorAssignment
    detectStoryType (AC1, Task 1.1)
      ÔêÜ should detect code_general type from feature keywords (2 ms)
      ÔêÜ should detect code_general type from service keywords (1 ms)
      ÔêÜ should detect database type from schema keywords (1 ms)
      ÔêÜ should detect database type from RLS keywords (1 ms)
      ÔêÜ should detect database type from migration keywords (1 ms)
      ÔêÜ should detect infrastructure type from CI/CD keywords (1 ms)
      ÔêÜ should detect infrastructure type from deploy keywords
      ÔêÜ should detect ui_ux type from component keywords (1 ms)
      ÔêÜ should detect ui_ux type from accessibility keywords (1 ms)
      ÔêÜ should detect research type from investigation keywords (1 ms)
      ÔêÜ should detect research type from POC keywords
      ÔêÜ should detect architecture type from design decision keywords (1 ms)
      ÔêÜ should detect architecture type from scalability keywords (1 ms)
      ÔêÜ should default to code_general for empty content
      ÔêÜ should handle mixed keywords with highest score
      ÔêÜ should be case-insensitive (1 ms)
    assignExecutor (AC2, Task 1.2)
      ÔêÜ should assign @dev as executor for code_general (1 ms)
      ÔêÜ should assign @data-engineer as executor for database
      ÔêÜ should assign @devops as executor for infrastructure (1 ms)
      ÔêÜ should assign @ux-design-expert as executor for ui_ux
      ÔêÜ should assign @analyst as executor for research
      ÔêÜ should assign @architect as executor for architecture (1 ms)
      ÔêÜ should include quality_gate_tools for each type (1 ms)
      ÔêÜ should return default assignment for unknown type (4 ms)
      ÔêÜ should return a new array for quality_gate_tools (immutability)
    Executor != Quality Gate (AC3, AC5)
      ÔêÜ should never have executor equal to quality_gate in table (1 ms)
      ÔêÜ should never return assignment with executor equal to quality_gate (1 ms)
    validateExecutorAssignment (AC5, Task 5)
      ÔêÜ should validate correct assignment (1 ms)
      ÔêÜ should fail when executor is missing
      ÔêÜ should fail when quality_gate is missing (1 ms)
      ÔêÜ should fail when quality_gate_tools is missing (9 ms)
      ÔêÜ should fail when quality_gate_tools is empty
      ÔêÜ should fail when executor equals quality_gate
      ÔêÜ should warn about unknown executor (1 ms)
    assignExecutorFromContent (Task 1)
      ÔêÜ should combine detection and assignment (1 ms)
      ÔêÜ should work with multiline story content
    Utility Functions
      getStoryTypes
        ÔêÜ should return all story types
      getStoryTypeConfig
        ÔêÜ should return config for valid type (1 ms)
        ÔêÜ should return null for invalid type (1 ms)
      getExecutorWorkTypes
        ÔêÜ should map executors to their work types (1 ms)
    Assignment Table Completeness (AC2)
      ÔêÜ should map code_general to executor @dev and QG @architect (1 ms)
      ÔêÜ should map database to executor @data-engineer and QG @dev (1 ms)
      ÔêÜ should map infrastructure to executor @devops and QG @architect
      ÔêÜ should map ui_ux to executor @ux-design-expert and QG @dev (1 ms)
      ÔêÜ should map research to executor @analyst and QG @pm
      ÔêÜ should map architecture to executor @architect and QG @pm (1 ms)
    Edge Cases (Task 6.4)
      ÔêÜ should handle story with equal keyword scores (1 ms)
      ÔêÜ should handle very long content (1 ms)
      ÔêÜ should handle special characters in content
      ÔêÜ should handle non-string content (1 ms)

  console.warn
    [synapse:memory-bridge] Error getting memory hints: Gate error

    [0m [90m 156 |[39m     } [36mcatch[39m (error) {
     [90m 157 |[39m       [90m// Catch-all: warn and proceed with empty results[39m
    [31m[1m>[22m[39m[90m 158 |[39m       console[33m.[39mwarn([32m`[synapse:memory-bridge] Error getting memory hints: ${error.message}`[39m)[33m;[39m
     [90m     |[39m               [31m[1m^[22m[39m
     [90m 159 |[39m       [36mreturn[39m [][33m;[39m
     [90m 160 |[39m     }
     [90m 161 |[39m   }[0m

      at MemoryBridge.warn [as getMemoryHints] (.aios-core/core/synapse/memory/memory-bridge.js:158:15)
      at Object.getMemoryHints (tests/synapse/memory-bridge.test.js:123:34)

  console.warn
    [synapse:memory-bridge] Timeout after 1ms

    [0m [90m 172 |[39m     [36mreturn[39m [36mnew[39m [33mPromise[39m((resolve) [33m=>[39m {
     [90m 173 |[39m       [36mconst[39m timer [33m=[39m setTimeout(() [33m=>[39m {
    [31m[1m>[22m[39m[90m 174 |[39m         console[33m.[39mwarn([32m`[synapse:memory-bridge] Timeout after ${timeoutMs}ms`[39m)[33m;[39m
     [90m     |[39m                 [31m[1m^[22m[39m
     [90m 175 |[39m         resolve([])[33m;[39m
     [90m 176 |[39m       }[33m,[39m timeoutMs)[33m;[39m
     [90m 177 |[39m[0m

      at Timeout.warn [as _onTimeout] (.aios-core/core/synapse/memory/memory-bridge.js:174:17)

  console.warn
    [synapse:memory-bridge] Provider error: MIS failure

    [0m [90m 183 |[39m         [33m.[39m[36mcatch[39m((error) [33m=>[39m {
     [90m 184 |[39m           clearTimeout(timer)[33m;[39m
    [31m[1m>[22m[39m[90m 185 |[39m           console[33m.[39mwarn([32m`[synapse:memory-bridge] Provider error: ${error.message}`[39m)[33m;[39m
     [90m     |[39m                   [31m[1m^[22m[39m
     [90m 186 |[39m           resolve([])[33m;[39m
     [90m 187 |[39m         })[33m;[39m
     [90m 188 |[39m     })[33m;[39m[0m

      at warn (.aios-core/core/synapse/memory/memory-bridge.js:185:19)

PASS tests/synapse/memory-bridge.test.js
  MemoryBridge
    module structure
      ÔêÜ exports MemoryBridge class (2 ms)
      ÔêÜ exports BRACKET_LAYER_MAP constant (1 ms)
      ÔêÜ exports BRIDGE_TIMEOUT_MS constant (1 ms)
      ÔêÜ getMemoryHints returns array of hint objects (4 ms)
    feature gate
      ÔêÜ returns [] when feature is unavailable (1 ms)
      ÔêÜ delegates to provider when feature is available (1 ms)
      ÔêÜ feature gate check does not throw (3 ms)
    bracket-aware retrieval
      ÔêÜ FRESH bracket returns [] (no memory injection) (1 ms)
      ÔêÜ MODERATE bracket retrieves Layer 1 (max ~50 tokens) (1 ms)
      ÔêÜ DEPLETED bracket retrieves Layer 2 (max ~200 tokens) (1 ms)
      ÔêÜ CRITICAL bracket retrieves Layer 3 (max ~1000 tokens) (1 ms)
      ÔêÜ unknown bracket returns [] (1 ms)
      ÔêÜ token budget respects bracket max even if caller budget is higher (1 ms)
      ÔêÜ token budget uses caller budget when lower than bracket max (1 ms)
    timeout and error handling
      ÔêÜ returns [] on provider timeout (7 ms)
      ÔêÜ returns [] on provider error (2 ms)
      ÔêÜ returns [] when provider constructor fails (1 ms)
    token budget enforcement
      ÔêÜ truncates hints that exceed budget (1 ms)
      ÔêÜ returns empty array when hints have no content (1 ms)
      ÔêÜ estimates tokens from content when tokens property missing (2 ms)
    cache management
      ÔêÜ clearCache delegates to provider
      ÔêÜ clearCache is no-op without provider
    _reset
      ÔêÜ clears internal state (1 ms)
  BRACKET_LAYER_MAP
    ÔêÜ FRESH maps to layer 0 with 0 tokens (1 ms)
    ÔêÜ MODERATE maps to layer 1 with ~50 tokens (1 ms)
    ÔêÜ DEPLETED maps to layer 2 with ~200 tokens
    ÔêÜ CRITICAL maps to layer 3 with ~1000 tokens (1 ms)

  console.log
    Ô£ô Created worktree for STORY-42 at \test\project\.aios\worktrees\STORY-42

      at WorktreeManager.log [as create] (.aios-core/infrastructure/scripts/worktree-manager.js:149:13)

  console.log
    Ô£ô Removed worktree for STORY-42

      at WorktreeManager.log [as remove] (.aios-core/infrastructure/scripts/worktree-manager.js:191:13)

  console.log
    Ô£ô Removed worktree for STORY-42

      at WorktreeManager.log [as remove] (.aios-core/infrastructure/scripts/worktree-manager.js:191:13)

  console.log
    Ô£ô Removed worktree for STORY-OLD

      at WorktreeManager.log [as remove] (.aios-core/infrastructure/scripts/worktree-manager.js:191:13)

  console.log
    Ô£ô Cleaned up 1 stale worktrees

      at WorktreeManager.log [as cleanupStale] (.aios-core/infrastructure/scripts/worktree-manager.js:355:15)

PASS tests/infrastructure/worktree-manager.test.js
  WorktreeManager
    constructor
      ÔêÜ should use default options when none provided (1 ms)
      ÔêÜ should use custom options when provided (1 ms)
      ÔêÜ should use process.cwd() when no projectRoot provided (2 ms)
    getWorktreePath
      ÔêÜ should return correct path for story ID (1 ms)
    getBranchName
      ÔêÜ should return correct branch name with prefix (2 ms)
    exists
      ÔêÜ should return true when worktree directory exists (1 ms)
      ÔêÜ should return false when worktree directory does not exist (1 ms)
    create
      ÔêÜ should create worktree with correct git commands (4 ms)
      ÔêÜ should throw error if worktree already exists (12 ms)
      ÔêÜ should throw error if max worktrees limit reached (2 ms)
    remove
      ÔêÜ should remove worktree and branch (2 ms)
      ÔêÜ should force remove when option is set (1 ms)
      ÔêÜ should throw error if worktree does not exist (1 ms)
    list
      ÔêÜ should return empty array when no worktrees (1 ms)
      ÔêÜ should parse worktree list and filter by prefix (1 ms)
    getCount
      ÔêÜ should return correct counts (1 ms)
    formatAge
      ÔêÜ should format recent time as "just now" (8 ms)
      ÔêÜ should format hours correctly (1 ms)
      ÔêÜ should format days correctly
    formatList
      ÔêÜ should return message when no worktrees (1 ms)
      ÔêÜ should format worktree list correctly (1 ms)
    cleanupStale
      ÔêÜ should remove stale worktrees (2 ms)
      ÔêÜ should return empty array when no stale worktrees (1 ms)
    getMergeHistory
      ÔêÜ should return empty array when no logs exist (1 ms)
      ÔêÜ should return merge history sorted by timestamp (1 ms)

PASS tests/ide-sync/transformers.test.js
  IDE Transformers
    claude-code transformer
      ÔêÜ should return raw content (identity transform) (2 ms)
      ÔêÜ should add sync footer if not present
      ÔêÜ should not duplicate sync footer
      ÔêÜ should return correct filename (1 ms)
      ÔêÜ should have correct format identifier (1 ms)
      ÔêÜ should handle agent without raw content
    cursor transformer
      ÔêÜ should generate condensed format
      ÔêÜ should include whenToUse (1 ms)
      ÔêÜ should include Quick Commands section (1 ms)
      ÔêÜ should include collaboration section
      ÔêÜ should add sync footer
      ÔêÜ should have correct format identifier (1 ms)
    windsurf transformer
      ÔêÜ should generate XML-tagged format (1 ms)
      ÔêÜ should include agent info in identity tag
      ÔêÜ should include whenToUse in when-to-use tag (1 ms)
      ÔêÜ should list all commands (1 ms)
      ÔêÜ should mark quick commands (1 ms)
      ÔêÜ should include dependencies
      ÔêÜ should have correct format identifier (1 ms)
    antigravity transformer
      ÔêÜ should generate cursor-style format (1 ms)
      ÔêÜ should include Quick Commands
      ÔêÜ should include All Commands if more than quick+key
      ÔêÜ should have correct format identifier (1 ms)
    all transformers
      ÔêÜ should handle agent with minimal data (1 ms)
      ÔêÜ should return valid filename for all (1 ms)
      ÔêÜ should have format property

PASS tests/health-check/reporters.test.js
  ReporterManager
    Constructor
      ÔêÜ should create instance with default config (2 ms)
      ÔêÜ should create instance with custom config (1 ms)
      ÔêÜ should initialize all built-in reporters (1 ms)
    getFormats
      ÔêÜ should return available formats (1 ms)
    getReporter
      ÔêÜ should return reporter for valid format (1 ms)
      ÔêÜ should return null for invalid format
    registerReporter
      ÔêÜ should register custom reporter
      ÔêÜ should throw error if reporter lacks generate method (9 ms)
    generate
      ÔêÜ should generate report in default format (2 ms)
      ÔêÜ should generate report in specified format (2 ms)
      ÔêÜ should generate multiple format reports (1 ms)
      ÔêÜ should warn for unknown format
      ÔêÜ should include timestamp in report data (1 ms)
  ConsoleReporter
    ÔêÜ should be exported from reporters module
    ÔêÜ should create instance (1 ms)
    ÔêÜ should generate console report (1 ms)
    ÔêÜ should include health status in report (1 ms)
    ÔêÜ should handle empty results
  JSONReporter
    ÔêÜ should be exported from reporters module (1 ms)
    ÔêÜ should create instance (1 ms)
    ÔêÜ should generate JSON report (1 ms)
    ÔêÜ should include all data in JSON report (1 ms)
  MarkdownReporter
    ÔêÜ should be exported from reporters module
    ÔêÜ should create instance (1 ms)
    ÔêÜ should generate markdown report (1 ms)
    ÔêÜ should include markdown formatting (1 ms)
    ÔêÜ should handle results with different statuses (1 ms)
  Reporter Integration
    ÔêÜ should generate consistent data across formats (1 ms)
    ÔêÜ should respect verbose option

PASS tests/book-de-resultados/components.test.js
  buildProficienciaComponent()
    ÔêÜ returns type "proficiencia" (1 ms)
    ÔêÜ has 4 bars ÔÇö one per proficiency level (1 ms)
    ÔêÜ bars are ordered: abaixo_do_basico ÔåÆ basico ÔåÆ adequado ÔåÆ avancado (1 ms)
    ÔêÜ each bar has nivel, label, alunos, percentual, color, barWidth (2 ms)
    ÔêÜ alunos values match the distribution input
    ÔêÜ percentual values match the distribution percentuais (1 ms)
    ÔêÜ total reflects distribuicao.total (1 ms)
    ÔêÜ uses custom title from options
    ÔêÜ uses theme proficiency colors when provided (1 ms)
    ÔêÜ falls back to NIVEL_COLORS when no theme given (1 ms)
    ÔêÜ handles null distribuicao gracefully (1 ms)
    ÔêÜ computes total when distribuicao.total is absent
  buildHabilidadesTable()
    ÔêÜ returns type "habilidades_table" (1 ms)
    ÔêÜ totalRows matches input length (1 ms)
    ÔêÜ columnDefs default to codigo, descricao, percentualAcerto
    ÔêÜ custom columns are respected (1 ms)
    ÔêÜ each columnDef has a key and a label (1 ms)
    ÔêÜ rows are paginated by maxRowsPerPage
    ÔêÜ single page when rows fit within maxRowsPerPage
    ÔêÜ empty pages array contains one empty page when no habilidades (1 ms)
    ÔêÜ row color is set based on percentualAcerto
    ÔêÜ uses custom theme colors for row coloring
    ÔêÜ handles null input gracefully (1 ms)
  buildComparativoComponent() ÔÇö nested format
    ÔêÜ returns type "comparativo"
    ÔêÜ row count matches input (1 ms)
    ÔêÜ each row has disciplina, escola, rede, delta (1 ms)
    ÔêÜ escola and rede sub-objects have media and participacao
    ÔêÜ positive delta formatted with leading "+"
    ÔêÜ negative delta formatted without "+" (1 ms)
    ÔêÜ positive delta gets deltaPositive color
    ÔêÜ negative delta gets deltaNegative color (1 ms)
    ÔêÜ null delta formatted as "ÔÇö"
  buildComparativoComponent() ÔÇö flat format
    ÔêÜ reads mediaEscola / mediaRede from flat format
    ÔêÜ reads deltaMedia from flat format (1 ms)
    ÔêÜ reads participacaoEscola / participacaoRede from flat format
  buildComparativoComponent() ÔÇö options and defaults
    ÔêÜ uses custom title (1 ms)
    ÔêÜ showDelta defaults to true
    ÔêÜ showParticipacao defaults to true
    ÔêÜ handles null/empty input gracefully (1 ms)
    ÔêÜ uses theme color overrides for deltas
  getDeltaColor()
    ÔêÜ returns deltaPositive for positive value (1 ms)
    ÔêÜ returns deltaNegative for negative value
    ÔêÜ returns deltaNeutral for zero (1 ms)
    ÔêÜ returns deltaNeutral for null
    ÔêÜ returns deltaNeutral for NaN string
  formatDelta()
    ÔêÜ formats positive as "+N" (1 ms)
    ÔêÜ formats negative as "-N"
    ÔêÜ formats zero as "0" (1 ms)
    ÔêÜ formats null as "ÔÇö"
    ÔêÜ formats non-numeric string as "ÔÇö" (1 ms)
  getHabilidadeRowColor()
    ÔêÜ returns abaixo_do_basico color for pct < 25
    ÔêÜ returns basico color for 25 Ôëñ pct < 50
    ÔêÜ returns adequado color for 50 Ôëñ pct < 75 (1 ms)
    ÔêÜ returns avancado color for pct ÔëÑ 75
    ÔêÜ returns null when percentualAcerto is null (1 ms)
    ÔêÜ returns null when percentualAcerto is undefined
    ÔêÜ uses custom theme proficiency colors (1 ms)

PASS tests/wizard/validators.test.js
  validators
    validateProjectType
      ÔêÜ accepts valid project types (1 ms)
      ÔêÜ rejects invalid project types (1 ms)
      ÔêÜ rejects malicious inputs (1 ms)
      ÔêÜ handles null/undefined
    validatePath
      ÔêÜ accepts valid paths (1 ms)
      ÔêÜ rejects path traversal attacks
      ÔêÜ rejects shell-special characters (1 ms)
      ÔêÜ rejects paths exceeding length limit (1 ms)
      ÔêÜ handles null/undefined
    validateTextInput
      ÔêÜ accepts valid text
      ÔêÜ rejects command injection patterns (1 ms)
      ÔêÜ rejects XSS-style inputs (1 ms)
      ÔêÜ rejects inputs exceeding length limit (1 ms)
      ÔêÜ rejects empty/whitespace-only input
      ÔêÜ respects custom length limit (1 ms)
      ÔêÜ handles null/undefined (1 ms)
    validateProjectName
      ÔêÜ accepts valid project names (1 ms)
      ÔêÜ rejects names with special characters
      ÔêÜ rejects names starting with dash/underscore (1 ms)
      ÔêÜ rejects malicious inputs (1 ms)
      ÔêÜ rejects names exceeding length limit
      ÔêÜ handles null/undefined (1 ms)
    validateListSelection
      ÔêÜ accepts valid selections (1 ms)
      ÔêÜ rejects invalid selections
      ÔêÜ handles null/undefined (1 ms)
    sanitizeShellInput
      ÔêÜ escapes shell-special characters (1 ms)
      ÔêÜ handles quotes
      ÔêÜ handles backslashes
      ÔêÜ handles non-string input (1 ms)
    Buffer Overflow Protection
      ÔêÜ rejects 10,000 character strings
    Constants Export
      ÔêÜ exports INPUT_LIMITS (1 ms)
      ÔêÜ exports ALLOWED_PROJECT_TYPES (1 ms)

PASS tests/synapse/context-tracker.test.js
  calculateBracket
    ÔêÜ should return FRESH for 100% context remaining (1 ms)
    ÔêÜ should return FRESH for exactly 60% (lower boundary)
    ÔêÜ should return FRESH for 60.01% (1 ms)
    ÔêÜ should return FRESH for 75% (1 ms)
    ÔêÜ should return MODERATE for 59.99% (just below FRESH)
    ÔêÜ should return MODERATE for exactly 40% (lower boundary)
    ÔêÜ should return MODERATE for 50% (1 ms)
    ÔêÜ should return DEPLETED for 39.99% (just below MODERATE)
    ÔêÜ should return DEPLETED for exactly 25% (lower boundary) (1 ms)
    ÔêÜ should return DEPLETED for 25.01%
    ÔêÜ should return DEPLETED for 30% (1 ms)
    ÔêÜ should return CRITICAL for 24.99% (just below DEPLETED)
    ÔêÜ should return CRITICAL for 0%
    ÔêÜ should return CRITICAL for 10% (1 ms)
    ÔêÜ should return FRESH for values above 100%
    ÔêÜ should return CRITICAL for negative values (1 ms)
    ÔêÜ should return CRITICAL for NaN (1 ms)
    ÔêÜ should return CRITICAL for non-number input
  estimateContextPercent
    ÔêÜ should return 100% for 0 prompts
    ÔêÜ should return 98.5% for 2 prompts with defaults (2*1500/200000) (1 ms)
    ÔêÜ should return 77.5% for 30 prompts with defaults
    ÔêÜ should return 25% for 100 prompts with defaults (1 ms)
    ÔêÜ should clamp to 0% when tokens exceed max context
    ÔêÜ should support custom avgTokensPerPrompt (1 ms)
    ÔêÜ should support custom maxContext (1 ms)
    ÔêÜ should support both custom options (1 ms)
    ÔêÜ should return 100% for negative promptCount (graceful)
    ÔêÜ should return 100% for NaN promptCount (graceful) (1 ms)
    ÔêÜ should return 100% for non-number promptCount (graceful) (1 ms)
    ÔêÜ should return 0% when maxContext is 0 or negative
    ÔêÜ should return exactly 1 prompt worth of usage (1 ms)
  getTokenBudget
    ÔêÜ should return 800 for FRESH
    ÔêÜ should return 1500 for MODERATE (1 ms)
    ÔêÜ should return 2000 for DEPLETED (1 ms)
    ÔêÜ should return 2500 for CRITICAL
    ÔêÜ should return null for invalid bracket (1 ms)
  getActiveLayers
    ÔêÜ should return L0, L1, L2, L7 for FRESH
    ÔêÜ should return all layers for MODERATE (1 ms)
    ÔêÜ should return all layers + memory hints for DEPLETED (1 ms)
    ÔêÜ should return all layers + memory + handoff for CRITICAL
    ÔêÜ should return null for invalid bracket (graceful degradation)
    ÔêÜ should return a copy (not mutate internal config) (1 ms)
  needsHandoffWarning
    ÔêÜ should return false for FRESH
    ÔêÜ should return false for MODERATE
    ÔêÜ should return false for DEPLETED (1 ms)
    ÔêÜ should return true for CRITICAL
    ÔêÜ should return false for invalid bracket (1 ms)
  needsMemoryHints
    ÔêÜ should return false for FRESH
    ÔêÜ should return false for MODERATE (1 ms)
    ÔêÜ should return true for DEPLETED (1 ms)
    ÔêÜ should return true for CRITICAL
    ÔêÜ should return false for invalid bracket (1 ms)
  BRACKETS constant
    ÔêÜ should have exactly 4 brackets
    ÔêÜ should have correct structure for each bracket (2 ms)
    ÔêÜ should match DESIGN doc thresholds exactly
  TOKEN_BUDGETS constant
    ÔêÜ should have exactly 4 entries
    ÔêÜ should match BRACKETS tokenBudget values (1 ms)
  DEFAULTS constant
    ÔêÜ should have avgTokensPerPrompt = 1500
    ÔêÜ should have maxContext = 200000 (1 ms)
  integration: estimate ÔåÆ bracket pipeline
    ÔêÜ should be FRESH at session start (0 prompts)
    ÔêÜ should be FRESH at 30 prompts (77.5%)
    ÔêÜ should be MODERATE at 60 prompts (55%) (1 ms)
    ÔêÜ should be DEPLETED at 100 prompts (25%)
    ÔêÜ should be CRITICAL at 120 prompts (10%) (1 ms)
    ÔêÜ should be CRITICAL when context is fully used
  AC8: zero external dependencies
    ÔêÜ module source should not contain require statements (1 ms)

PASS tests/integration/quality-gate-pipeline.test.js
  Quality Gate Pipeline Integration
    Full Pipeline Orchestration
      ÔêÜ should have all three layers (1 ms)
      ÔêÜ should run layers in sequence during orchestration (4 ms)
      ÔêÜ should stop on Layer 1 failure (fail-fast) (1 ms)
      ÔêÜ should escalate on Layer 2 issues (1 ms)
    Checklist Generator Integration
      ÔêÜ should generate checklist with context (2 ms)
      ÔêÜ should add items for test file changes (1 ms)
      ÔêÜ should add items for config file changes
      ÔêÜ should format checklist for display (1 ms)
    Layer Result Aggregation
      ÔêÜ should aggregate results from all layers (1 ms)
    Exit Code Consistency
      ÔêÜ should return exit code 0 on success (1 ms)
      ÔêÜ should return exit code 1 on failure (1 ms)
    Disabled Layers
      ÔêÜ should skip disabled layers (1 ms)
      ÔêÜ should allow partial layer execution (1 ms)
  Smoke Tests
    ÔêÜ QGM-01: Layer 1 should pass when all checks succeed (1 ms)
    ÔêÜ QGM-02: Layer 1 should fail when lint has errors
    ÔêÜ QGM-03: Layer 2 should pass with no CRITICAL issues (1 ms)
    ÔêÜ QGM-04: Full pipeline should run all layers (8 ms)
    ÔêÜ QGM-05: Pipeline should stop on Layer 1 failure (1 ms)
    ÔêÜ QGM-06: Should run only specified layer (1 ms)
    ÔêÜ QGM-10: Should return correct exit codes (1 ms)

PASS tests/unit/list-cli.test.js
  Group Workers
    ÔêÜ groups workers by category (1 ms)
    ÔêÜ counts workers per category
    ÔêÜ groups by subcategory within category
    ÔêÜ handles workers without subcategory (1 ms)
  Tree Formatter
    ÔêÜ formatTree includes total count (1 ms)
    ÔêÜ formatTree includes category headers (1 ms)
    ÔêÜ formatTree includes subcategory headers
    ÔêÜ formatTree includes worker IDs (1 ms)
    ÔêÜ formatTree includes usage hints (1 ms)
    ÔêÜ formatTree shows verbose debug when enabled
    ÔêÜ formatTreeCollapsed hides individual workers (1 ms)
    ÔêÜ formatTree handles empty array
  Table Formatter
    ÔêÜ formatTable includes header row (1 ms)
    ÔêÜ formatTable includes worker data (1 ms)
    ÔêÜ formatTable handles pagination info (1 ms)
    ÔêÜ formatTable handles empty array
  JSON Formatter
    ÔêÜ formatJSON returns valid JSON (1 ms)
    ÔêÜ formatJSON includes all workers (1 ms)
    ÔêÜ formatJSON includes worker properties
    ÔêÜ formatJSON includes pagination when provided (1 ms)
  YAML Formatter
    ÔêÜ formatYAML returns valid YAML (2 ms)
    ÔêÜ formatYAML includes all workers (1 ms)
  Count Formatter
    ÔêÜ formatCount shows total count (1 ms)
    ÔêÜ formatCount shows category counts
    ÔêÜ formatCount shows subcategories in verbose mode (1 ms)
  Format Selection
    ÔêÜ formatList with format=json returns JSON (1 ms)
    ÔêÜ formatList with format=yaml returns YAML (1 ms)
    ÔêÜ formatList with format=table returns table
    ÔêÜ formatList defaults to table format (1 ms)
  Pagination
    ÔêÜ paginate returns correct slice (1 ms)
    ÔêÜ paginate calculates correct pagination info
    ÔêÜ paginate handles first page
    ÔêÜ paginate handles last page (1 ms)
    ÔêÜ paginate handles single page
    ÔêÜ paginate handles empty array
    ÔêÜ formatPaginationInfo returns correct text (1 ms)
    ÔêÜ formatPaginationHint includes navigation hints
  String Truncation
    ÔêÜ truncate shortens long strings (1 ms)
    ÔêÜ truncate leaves short strings unchanged (1 ms)
    ÔêÜ truncate handles empty string
    ÔêÜ truncate handles null/undefined (1 ms)
  Performance Requirements
    ÔêÜ formatTree handles 200+ workers under 100ms
    ÔêÜ formatTable handles 200+ workers under 100ms (1 ms)
    ÔêÜ paginate handles 200+ workers under 10ms (1 ms)
    ÔêÜ groupWorkers handles 200+ workers under 50ms

  console.warn
    [ContextDetector] File read error, defaulting to new session: Unexpected token 'i', "invalid json{" is not valid JSON

    [0m [90m  96 |[39m     } [36mcatch[39m (error) {
     [90m  97 |[39m       [90m// File read error or invalid JSON - assume new session[39m
    [31m[1m>[22m[39m[90m  98 |[39m       console[33m.[39mwarn([32m'[ContextDetector] File read error, defaulting to new session:'[39m[33m,[39m error[33m.[39mmessage)[33m;[39m
     [90m     |[39m               [31m[1m^[22m[39m
     [90m  99 |[39m       [36mreturn[39m [32m'new'[39m[33m;[39m
     [90m 100 |[39m     }
     [90m 101 |[39m   }[0m

      at ContextDetector.warn [as _detectFromFile] (.aios-core/core/session/context-detector.js:98:15)
      at ContextDetector._detectFromFile [as detectSessionType] (.aios-core/core/session/context-detector.js:37:17)
      at Object.detectSessionType (tests/unit/context-detector.test.js:138:33)

PASS tests/unit/context-detector.test.js
  ContextDetector
    detectSessionType
      Conversation-based detection (preferred)
        ÔêÜ should detect new session when conversation is empty (2 ms)
        ÔêÜ should detect existing session with conversation history (2 ms)
        ÔêÜ should detect workflow session with story development pattern (1 ms)
        ÔêÜ should detect workflow session with epic creation pattern (1 ms)
        ÔêÜ should detect workflow session with backlog management pattern (1 ms)
        ÔêÜ should handle mixed content in conversation (1 ms)
      File-based detection (fallback)
        ÔêÜ should detect new session when file does not exist (1 ms)
        ÔêÜ should detect existing session from valid file (3 ms)
        ÔêÜ should detect workflow session from file with active workflow (2 ms)
        ÔêÜ should detect new session when file is expired (TTL) (2 ms)
        ÔêÜ should handle invalid JSON gracefully (5 ms)
        ÔêÜ should detect new session when file has no commands (3 ms)
      Hybrid detection priority
        ÔêÜ should prefer conversation over file when both available (2 ms)
        ÔêÜ should fallback to file when conversation is empty (2 ms)
    _extractCommands
      ÔêÜ should extract commands from conversation (1 ms)
      ÔêÜ should limit to last 10 commands (1 ms)
      ÔêÜ should handle messages without commands (1 ms)
    updateSessionState
      ÔêÜ should create session state file (3 ms)
      ÔêÜ should generate session ID if not provided (2 ms)
      ÔêÜ should create directory if it does not exist (3 ms)
    clearExpiredSession
      ÔêÜ should remove expired session file (3 ms)
      ÔêÜ should keep valid session file (2 ms)
      ÔêÜ should handle non-existent file gracefully (1 ms)

PASS tests/wizard/feedback.test.js
  feedback
    createSpinner
      ÔêÜ creates spinner with text (2 ms)
      ÔêÜ accepts custom options (1 ms)
    Status Messages
      ÔêÜ showSuccess displays success message (2 ms)
      ÔêÜ showError displays error message (1 ms)
      ÔêÜ showWarning displays warning message (1 ms)
      ÔêÜ showInfo displays info message (1 ms)
      ÔêÜ showTip displays tip message (1 ms)
    Progress Bar
      ÔêÜ createProgressBar initializes with total (2 ms)
      ÔêÜ updateProgress updates bar with task name (1 ms)
      ÔêÜ completeProgress stops bar (1 ms)
    Welcome and Completion
      ÔêÜ showWelcome displays welcome message (1 ms)
      ÔêÜ showCompletion displays completion message (1 ms)
      ÔêÜ showSection displays section header (1 ms)
      ÔêÜ showCancellation displays cancellation message (1 ms)
    estimateTimeRemaining
      ÔêÜ returns "Calculating..." for first step (1 ms)
      ÔêÜ estimates seconds for short tasks (1 ms)
      ÔêÜ estimates minutes for long tasks (1 ms)
      ÔêÜ handles edge case of last step (1 ms)

  console.warn
    [ElicitationEngine] SecurityChecker not found, using basic validation

    [0m [90m 22 |[39m } [36mcatch[39m (_e) {
     [90m 23 |[39m   [90m// Security checker not available - will use basic validation[39m
    [31m[1m>[22m[39m[90m 24 |[39m   console[33m.[39mwarn([32m'[ElicitationEngine] SecurityChecker not found, using basic validation'[39m)[33m;[39m
     [90m    |[39m           [31m[1m^[22m[39m
     [90m 25 |[39m }
     [90m 26 |[39m
     [90m 27 |[39m [90m/**[39m[0m

      at Object.warn (.aios-core/core/elicitation/elicitation-engine.js:24:11)
      at Object.require (tests/core/elicitation-engine.test.js:45:27)

PASS tests/core/elicitation-engine.test.js
  ElicitationEngine
    Constructor
      ÔêÜ should create instance with default security checker (1 ms)
      ÔêÜ should initialize with empty session file
    startSession
      ÔêÜ should initialize session data (1 ms)
      ÔêÜ should set currentSession reference (1 ms)
      ÔêÜ should handle saveSession option
    evaluateCondition
      ÔêÜ should evaluate equals condition correctly (1 ms)
      ÔêÜ should evaluate notEquals condition correctly
      ÔêÜ should evaluate includes condition correctly
      ÔêÜ should evaluate exists condition correctly
      ÔêÜ should return true for unknown operator (1 ms)
    getSmartDefault
      ÔêÜ should get value from previous answer (1 ms)
      ÔêÜ should apply transform to previous answer (1 ms)
      ÔêÜ should handle conditional defaults - true case (1 ms)
      ÔêÜ should handle conditional defaults - false case (1 ms)
      ÔêÜ should return undefined for unknown type (1 ms)
    generateDefault
      ÔêÜ should generate kebabCase from source (1 ms)
      ÔêÜ should handle kebabCase with special characters (1 ms)
      ÔêÜ should generate timestamp (1 ms)
      ÔêÜ should generate version
      ÔêÜ should return empty string for unknown generator
    validateStepAnswers
      ÔêÜ should pass validation when no requirements (1 ms)
      ÔêÜ should fail validation for missing required field (1 ms)
      ÔêÜ should pass validation when required fields present (1 ms)
      ÔêÜ should run custom validators (1 ms)
    runValidator
      ÔêÜ should run function validator (1 ms)
      ÔêÜ should validate regex pattern (1 ms)
      ÔêÜ should reject unsafe regex patterns
      ÔêÜ should validate length - min (1 ms)
      ÔêÜ should validate length - max (1 ms)
      ÔêÜ should return true for unknown validator type (1 ms)
      ÔêÜ should return true for non-object non-function validator (1 ms)
    getSessionSummary
      ÔêÜ should return session summary (1 ms)
      ÔêÜ should handle empty session gracefully
    mockSession
      ÔêÜ should set mocked answers
    completeSession
      ÔêÜ should complete session with status when saveSession is false (1 ms)
      ÔêÜ should handle null currentSession gracefully (1 ms)
      ÔêÜ should set completedAt timestamp
  BasicInputValidator
    ÔêÜ should pass valid input (1 ms)
    ÔêÜ should block eval patterns (2 ms)
    ÔêÜ should block Function constructor (1 ms)
    ÔêÜ should block script tags (1 ms)
    ÔêÜ should block javascript: protocol

PASS tests/core/agent-config-enrichment.test.js
  Story ACT-8: Agent Config Enrichment
    YAML Validity
      ÔêÜ agent-config-requirements.yaml parses without errors (2 ms)
      ÔêÜ all expected agents have entries (1 ms)
    7 Required Data Files Exist on Disk
      ÔêÜ docs/framework/coding-standards.md exists on disk (owner: @dev) (1 ms)
      ÔêÜ docs/framework/tech-stack.md exists on disk (owner: @architect)
      ÔêÜ .aios-core/data/technical-preferences.md exists on disk (owner: @architect) (1 ms)
      ÔêÜ .aios-core/product/data/test-levels-framework.md exists on disk (owner: @qa) (1 ms)
      ÔêÜ .aios-core/product/data/test-priorities-matrix.md exists on disk (owner: @qa)
      ÔêÜ .aios-core/product/data/brainstorming-techniques.md exists on disk (owner: @analyst) (1 ms)
      ÔêÜ .aios-core/product/data/elicitation-methods.md exists on disk (owner: @po) (1 ms)
    All Files Referenced in Config Exist
      ÔêÜ every files_loaded path resolves to an existing file (2 ms)
    Enriched Agent: @pm
      ÔêÜ pm now loads coding-standards.md and tech-stack.md (1 ms)
      ÔêÜ pm performance target is <100ms (1 ms)
    Enriched Agent: @ux-design-expert
      ÔêÜ ux-design-expert now loads tech-stack.md and coding-standards.md
      ÔêÜ ux-design-expert performance target is <100ms
    Enriched Agent: @analyst
      ÔêÜ analyst now loads brainstorming-techniques, tech-stack, and source-tree (1 ms)
      ÔêÜ analyst performance target is <100ms
    Enriched Agent: @sm
      ÔêÜ sm now loads mode-selection, workflow-patterns, and coding-standards
      ÔêÜ sm performance target is <75ms (1 ms)
    Enriched Agent: @squad-creator
      ÔêÜ squad-creator has explicit entry (not default)
      ÔêÜ squad-creator has lazy loading for registry and manifest
      ÔêÜ squad-creator performance target is <150ms (1 ms)
    Shared Files Consumers Updated
      ÔêÜ coding-standards.md lists pm, ux-design-expert, sm as users
      ÔêÜ tech-stack.md lists pm, ux-design-expert, analyst as users
      ÔêÜ source-tree.md lists analyst as user (1 ms)
    Performance Targets
      ÔêÜ every agent has a performance_target (2 ms)
  Story ACT-8: Document Governance
    source-tree.md Governance Section
      ÔêÜ source-tree.md contains Data File Governance section (1 ms)
      ÔêÜ source-tree.md documents coding-standards.md (1 ms)
      ÔêÜ source-tree.md documents tech-stack.md
      ÔêÜ source-tree.md documents technical-preferences.md (1 ms)
      ÔêÜ source-tree.md documents test-levels-framework.md
      ÔêÜ source-tree.md documents test-priorities-matrix.md (1 ms)
      ÔêÜ source-tree.md documents brainstorming-techniques.md (1 ms)
      ÔêÜ source-tree.md documents elicitation-methods.md
    Governance Task
      ÔêÜ update-source-tree.md task file exists (1 ms)
      ÔêÜ task file contains expected sections (1 ms)
    aios-master Command
      ÔêÜ aios-master.md contains *update-source-tree command (1 ms)
      ÔêÜ aios-master dependencies include update-source-tree.md

PASS tests/book-de-resultados/validator.test.js
  validate()
    ÔêÜ returns valid=true for well-formed data (2 ms)
    ÔêÜ returns valid=false when data is null (1 ms)
    ÔêÜ accumulates errors from all sections
    ÔêÜ requires habilidades when the parsed source is the Canoas layout (1 ms)
  validateMetadata()
    ÔêÜ passes with all required fields
    ÔêÜ errors on missing field (1 ms)
    ÔêÜ errors on empty string field (1 ms)
    ÔêÜ errors when metadata is not an object
  validateEscolas()
    ÔêÜ passes with valid escola records (1 ms)
    ÔêÜ errors on empty array (1 ms)
    ÔêÜ errors on duplicate id_escola
    ÔêÜ errors when nome_escola is missing (1 ms)
    ÔêÜ warns when escola count exceeds 500 (2 ms)
  validateResultados()
    ÔêÜ passes with valid resultados
    ÔêÜ errors on empty array
    ÔêÜ errors when media is negative (1 ms)
    ÔêÜ errors when participacao exceeds 100
    ÔêÜ warns when id_escola not found in escolas
    ÔêÜ errors when the same escola/ano/disciplina appears twice (1 ms)
    ÔêÜ errors when participacao diverges from participantes and previstos (1 ms)
  validateDistribuicao()
    ÔêÜ passes with valid distribuicao
    ÔêÜ errors on invalid nivel value (1 ms)
    ÔêÜ errors when alunos is negative (1 ms)
    ÔêÜ accepts all valid nivel values (1 ms)
  validateHabilidades()
    ÔêÜ passes with valid habilidade rows
    ÔêÜ errors when desempenho_percentual is outside the valid range (1 ms)
    ÔêÜ warns when tematica is empty but does not fail the row (1 ms)
  validateSemanticConsistency()
    ÔêÜ warns when metadata totals diverge from the escola sheet (1 ms)
    ÔêÜ errors when distribuicao totals diverge from participantes for the same school and discipline
    ÔêÜ warns when distribuicao has no resultado counterpart (1 ms)
    ÔêÜ warns instead of failing when explicit percentual shows a partial distribution (1 ms)
    ÔêÜ errors when escola operational totals are inverted (1 ms)

PASS tests/synapse/l7-star-command.test.js
  L7StarCommandProcessor
    constructor
      ÔêÜ should extend LayerProcessor (2 ms)
      ÔêÜ should set name to star-command (2 ms)
      ÔêÜ should set layer to 7 (2 ms)
      ÔêÜ should set timeout to 5ms (2 ms)
    process()
      ÔêÜ should detect single star-command and load rules (3 ms)
      ÔêÜ should detect multiple star-commands in same prompt (3 ms)
      ÔêÜ should return null when no star-commands in prompt (1 ms)
      ÔêÜ should return null when prompt is empty (1 ms)
      ÔêÜ should return null when commands file is missing (2 ms)
      ÔêÜ should return null when command not found in commands file (2 ms)
      ÔêÜ should deduplicate repeated star-commands in prompt (3 ms)
      ÔêÜ should handle star-command with hyphens (2 ms)
      ÔêÜ should not match asterisk in markdown (e.g., **bold**) (2 ms)
      ÔêÜ should handle star-command embedded in sentence (2 ms)
      ÔêÜ should be case-insensitive for command matching (3 ms)
      ÔêÜ should include inline content after command header (3 ms)
      ÔêÜ should work with _safeProcess wrapper (3 ms)

  console.error
    Error reading global config: Unexpected token 'i', "invalid json" is not valid JSON

    [0m [90m 185 |[39m     [36mreturn[39m [33mJSON[39m[33m.[39mparse(content)[33m;[39m
     [90m 186 |[39m   } [36mcatch[39m (error) {
    [31m[1m>[22m[39m[90m 187 |[39m     console[33m.[39merror([32m`Error reading global config: ${error.message}`[39m)[33m;[39m
     [90m     |[39m             [31m[1m^[22m[39m
     [90m 188 |[39m     [36mreturn[39m [36mnull[39m[33m;[39m
     [90m 189 |[39m   }
     [90m 190 |[39m }[0m

      at error (.aios-core/core/mcp/global-config-manager.js:187:13)
      at Object.readGlobalConfig (tests/unit/mcp/global-config-manager.test.js:187:22)

PASS tests/unit/mcp/global-config-manager.test.js
  Global Config Manager
    DEFAULT_CONFIG
      ÔêÜ should have correct default structure (2 ms)
    SERVER_TEMPLATES
      ÔêÜ should have context7 template (1 ms)
      ÔêÜ should have exa template
      ÔêÜ should have github template
    globalDirExists
      ÔêÜ should return true when directory exists
      ÔêÜ should return false when directory does not exist (1 ms)
    globalConfigExists
      ÔêÜ should check config file path (2 ms)
    createGlobalStructure
      ÔêÜ should create all required directories (1 ms)
      ÔêÜ should skip existing directories (1 ms)
      ÔêÜ should handle mkdir errors gracefully (1 ms)
    createGlobalConfig
      ÔêÜ should create config with default structure (1 ms)
      ÔêÜ should include initial servers when provided (2 ms)
      ÔêÜ should not overwrite existing config (1 ms)
    readGlobalConfig
      ÔêÜ should return config object when file exists (1 ms)
      ÔêÜ should return null when file does not exist (1 ms)
      ÔêÜ should handle JSON parse errors (6 ms)
    writeGlobalConfig
      ÔêÜ should write config to file (1 ms)
      ÔêÜ should handle write errors (1 ms)
    addServer
      ÔêÜ should add server from template (2 ms)
      ÔêÜ should add server with custom config (1 ms)
      ÔêÜ should fail without global config (1 ms)
      ÔêÜ should fail for unknown server without config (1 ms)
      ÔêÜ should fail for duplicate server (1 ms)
    removeServer
      ÔêÜ should remove existing server (1 ms)
      ÔêÜ should fail for non-existent server (1 ms)
    setServerEnabled
      ÔêÜ should enable server (1 ms)
      ÔêÜ should disable server (1 ms)
    listServers
      ÔêÜ should return server list with counts (1 ms)
      ÔêÜ should return empty when no config
    getAvailableTemplates
      ÔêÜ should return array of template names
    getServerTemplate
      ÔêÜ should return template for known server
      ÔêÜ should return null for unknown server
      ÔêÜ should return copy, not reference (1 ms)

PASS tests/packages/aios-install/edmcp.test.js
  edmcp
    checkDocker
      ÔêÜ should return installed and running when Docker is available (1 ms)
      ÔêÜ should return installed but not running when daemon is stopped
      ÔêÜ should return not installed when Docker command fails (1 ms)
    ensureDocker
      ÔêÜ should resolve when Docker is available and running
      ÔêÜ should throw when Docker is not installed (8 ms)
      ÔêÜ should throw when Docker daemon is not running (1 ms)
    parseMcpSource
      ÔêÜ should parse catalog name (1 ms)
      ÔêÜ should parse GitHub shorthand
      ÔêÜ should parse HTTPS URL (1 ms)
      ÔêÜ should parse SSH URL (1 ms)
      ÔêÜ should strip mcp- prefix from name (1 ms)
    listMcps
      ÔêÜ should be tested in integration tests (requires Docker) (1 ms)
    addMcp
      ÔêÜ should be tested in integration tests (requires Docker) (1 ms)
    removeMcp
      ÔêÜ should be tested in integration tests (requires Docker)

PASS tests/integration/human-review-orchestration.test.js
  Human Review Orchestration Integration Tests
    HUMAN-01: Orchestration Flow
      ÔêÜ should execute 3-layer flow in correct sequence (4 ms)
      ÔêÜ should stop at Layer 1 when it fails (1 ms)
      ÔêÜ should stop at Layer 2 when it fails after Layer 1 passes (1 ms)
    HUMAN-02: Blocking Behavior
      ÔêÜ should provide fix recommendations when blocking (1 ms)
      ÔêÜ should include clear blocking message (1 ms)
    HUMAN-03: Notification System
      ÔêÜ should notify reviewer when layers 1+2 pass (2 ms)
      ÔêÜ should include review request details in notification (1 ms)
    HUMAN-04: Focus Area Recommendations
      ÔêÜ should highlight strategic aspects - security (1 ms)
      ÔêÜ should highlight strategic aspects - architecture (1 ms)
      ÔêÜ should highlight strategic aspects - business logic (1 ms)
      ÔêÜ should provide review questions for focus areas (1 ms)
      ÔêÜ should exclude automated-covered areas (1 ms)
    HUMAN-05: Time Reduction Estimation
      ÔêÜ should estimate review time based on focus areas (2 ms)
      ÔêÜ should target ~30min review time (75% reduction from 2-4h) (1 ms)
    Integration with QualityGateManager
      ÔêÜ should have human review orchestrator available (1 ms)
      ÔêÜ should have orchestrateHumanReview method (1 ms)
      ÔêÜ should integrate orchestration with full pipeline (2 ms)
    Error Handling
      ÔêÜ should handle null layer results gracefully (1 ms)
      ÔêÜ should handle missing prContext gracefully (2 ms)

PASS packages/installer/tests/unit/detection/detect-project-type.test.js
  detectProjectType
    AC #1: GREENFIELD detection
      ÔêÜ detects GREENFIELD when directory is empty (2 ms)
      ÔêÜ uses process.cwd() as default when no targetDir provided (1 ms)
    AC #2: BROWNFIELD detection - package.json
      ÔêÜ detects BROWNFIELD when package.json exists (1 ms)
      ÔêÜ detects BROWNFIELD when only package.json exists (no git) (1 ms)
    AC #3: BROWNFIELD detection - .git
      ÔêÜ detects BROWNFIELD when .git exists (1 ms)
      ÔêÜ detects BROWNFIELD when both package.json and .git exist (1 ms)
    AC #4: EXISTING_AIOS detection
      ÔêÜ detects EXISTING_AIOS when .aios-core exists (1 ms)
      ÔêÜ EXISTING_AIOS takes priority over BROWNFIELD markers (1 ms)
    Edge Case: UNKNOWN detection
      ÔêÜ returns UNKNOWN when directory has files but no recognized markers (2 ms)
      ÔêÜ returns UNKNOWN for non-empty directory with only hidden files (1 ms)
    Error Handling
      ÔêÜ throws error when directory does not exist (9 ms)
      ÔêÜ throws error when directory cannot be accessed (EACCES) (1 ms)
      ÔêÜ throws error when fs.readdirSync fails (1 ms)
      ÔêÜ throws error with invalid targetDir parameter (null) (1 ms)
      ÔêÜ throws error with invalid targetDir parameter (empty string) (9 ms)
      ÔêÜ throws error with invalid targetDir parameter (number) (2 ms)
    Detection Priority Order
      ÔêÜ priority: EXISTING_AIOS > GREENFIELD (1 ms)
      ÔêÜ priority: GREENFIELD > BROWNFIELD when directory is empty (1 ms)
      ÔêÜ priority: BROWNFIELD > UNKNOWN (1 ms)
    Cross-Platform Compatibility
      ÔêÜ handles Windows-style paths correctly (2 ms)
      ÔêÜ handles Unix-style paths correctly (1 ms)
      ÔêÜ normalizes relative paths correctly (1 ms)
    Security - Path Traversal Prevention
      ÔêÜ uses path.join for all file checks (prevents traversal) (1 ms)
      ÔêÜ normalizes path to prevent directory traversal attacks (1 ms)

PASS tests/integration/hooks/precompact-flow.integration.test.js
  PreCompact Hook Integration
    End-to-End Flow (with aios-pro)
      ÔêÜ should create digest file when pro is available (2 ms)
      ÔêÜ should handle graceful degradation when pro not available (2 ms)
    Performance Benchmarking
      ÔêÜ should complete digest extraction within 5 seconds (1 ms)
      ÔêÜ should not block compact operation (async fire-and-forget) (1 ms)
    Schema Validation
      ÔêÜ should generate digest with valid schema v1.0 (2 ms)

PASS tests/unit/search-cli.test.js
  Levenshtein Distance
    ÔêÜ identical strings have distance 0 (2 ms)
    ÔêÜ calculates distance for different strings (1 ms)
  Fuzzy Match Score
    ÔêÜ exact match returns 100
    ÔêÜ contains query returns high score (1 ms)
    ÔêÜ partial match returns moderate score (1 ms)
    ÔêÜ no match returns 0
  Filter Functions
    ÔêÜ filterByCategory filters correctly
    ÔêÜ filterByTags filters with AND logic
    ÔêÜ applyFilters combines category and tags (1 ms)
    ÔêÜ empty filter returns all results (1 ms)
  Score Calculator
    ÔêÜ calculateScores boosts exact ID match (1 ms)
    ÔêÜ sortByScore sorts descending (1 ms)
    ÔêÜ calculateSearchAccuracy returns correct metrics (1 ms)
  Output Formatter
    ÔêÜ formatJSON returns valid JSON (1 ms)
    ÔêÜ formatYAML returns valid YAML (1 ms)
    ÔêÜ formatTable returns formatted table (1 ms)
    ÔêÜ formatOutput with format=json returns JSON (1 ms)
    ÔêÜ formatOutput handles empty results
  Semantic Search Utilities
    ÔêÜ isSemanticAvailable returns false without API key
    ÔêÜ cosineSimilarity of identical vectors is 1 (1 ms)
    ÔêÜ cosineSimilarity of orthogonal vectors is 0 (1 ms)
    ÔêÜ buildSearchText concatenates worker fields
  Keyword Search Integration
    ÔêÜ searchKeyword returns results for valid query (15 ms)

PASS tests/core/greeting-preference-manager.test.js
  GreetingPreferenceManager
    getPreference()
      ÔêÜ should read preference from config file (2 ms)
      ÔêÜ should return "auto" when preference is set to "auto" (1 ms)
      ÔêÜ should return "minimal" when preference is set to "minimal" (1 ms)
      ÔêÜ should return "named" when preference is set to "named" (1 ms)
      ÔêÜ should return "archetypal" when preference is set to "archetypal" (1 ms)
      ÔêÜ should default to "auto" when preference key is missing (1 ms)
      ÔêÜ should default to "auto" when greeting section is missing (1 ms)
      ÔêÜ should default to "auto" when agentIdentity is missing (1 ms)
      ÔêÜ should default to "auto" on config load error (1 ms)
    setPreference()
      ÔêÜ should set valid preference values (1 ms)
      ÔêÜ should reject invalid preference values (10 ms)
      ÔêÜ should backup config before modification (11 ms)
    getConfig()
      ÔêÜ should return complete greeting config (1 ms)
      ÔêÜ should return empty object when greeting section is missing (1 ms)
  E2E Greeting Behavior
    preference: minimal
      ÔêÜ should show only icon + "ready" format (1 ms)
    preference: named
      ÔêÜ should show name + archetype format
    preference: archetypal
      ÔêÜ should show full persona format
    preference: auto
      ÔêÜ should use session-aware greeting logic when preference is auto (1 ms)
    greeting level distinctness
      ÔêÜ all 3 levels should produce different outputs (1 ms)
      ÔêÜ minimal should be the shortest greeting

PASS tests/integration/llm-routing/llm-routing.test.js
  LLM Routing Module
    Module Exports
      ÔêÜ should export all required functions (2 ms)
      ÔêÜ should have valid version format (1 ms)
    getInstallDir()
      ÔêÜ should return a valid directory path (1 ms)
      ÔêÜ should return platform-appropriate path (1 ms)
    Template Files
      ÔêÜ should have templates directory
      ÔêÜ should have Windows templates (1 ms)
      ÔêÜ should have Unix templates
      ÔêÜ claude-free template should reference DeepSeek
      ÔêÜ claude-max template should clear alternative providers
    installLLMRouting()
      ÔêÜ should fail gracefully with missing templates directory (1 ms)
      ÔêÜ should return proper result structure (5 ms)
    getInstallationSummary()
      ÔêÜ should return array of strings (3 ms)
      ÔêÜ should include success message for successful install (1 ms)
      ÔêÜ should include error messages for failed install (1 ms)
    Cross-Platform Path Handling
      ÔêÜ should use path.join for cross-platform compatibility (1 ms)
  Environment Variable Handling
    ÔêÜ claude-free should look for .env file (1 ms)
    ÔêÜ claude-free should set ANTHROPIC_BASE_URL to DeepSeek (1 ms)
    ÔêÜ claude-free should set API_TIMEOUT_MS (1 ms)

PASS tests/core/config/migrate-config.test.js
  extractUserFields
    ÔêÜ should extract user-level fields from legacy config (2 ms)
    ÔêÜ should default user_profile to advanced when not present (1 ms)
  extractProjectFields
    ÔêÜ should extract project-level fields from legacy config (1 ms)
    ÔêÜ should extract project.type from nested project object (1 ms)
    ÔêÜ should not override explicit project_type with nested project.type (1 ms)
  createBackup
    ÔêÜ should create backup of legacy config (1 ms)
    ÔêÜ should skip backup if already exists (idempotent) (1 ms)
    ÔêÜ should return null if legacy config does not exist (1 ms)
  migrateConfig
    ÔêÜ should perform full migration: legacy ÔåÆ L2 + L5 (3 ms)
    ÔêÜ should return warning when no legacy config exists (1 ms)
    ÔêÜ should support dry run mode (no files written) (2 ms)
    ÔêÜ should be idempotent: re-running does not duplicate (2 ms)
    ÔêÜ should handle malformed YAML gracefully (1 ms)
  ensureUserConfigDir
    ÔêÜ should create ~/.aios/ directory if it does not exist (1 ms)
    ÔêÜ should not create directory if it already exists (1 ms)
  field constants
    ÔêÜ should define USER_FIELDS (1 ms)
    ÔêÜ should define PROJECT_FIELDS (1 ms)

PASS tests/synapse/formatter.test.js
  estimateTokens
    ÔêÜ should estimate tokens as string length / 4 (1 ms)
    ÔêÜ should ceil the result (1 ms)
    ÔêÜ should return 0 for empty string
    ÔêÜ should return 0 for null/undefined
  SECTION_ORDER
    ÔêÜ should have CONTEXT_BRACKET first (1 ms)
    ÔêÜ should have SUMMARY last (1 ms)
    ÔêÜ should include all expected sections (1 ms)
  LAYER_TO_SECTION
    ÔêÜ should map constitution to CONSTITUTION
    ÔêÜ should map global to CONTEXT_BRACKET (1 ms)
    ÔêÜ should map star-command to STAR_COMMANDS (1 ms)
  enforceTokenBudget
    ÔêÜ should return all sections when within budget (1 ms)
    ÔêÜ should return all sections when no budget set
    ÔêÜ should remove SUMMARY first when over budget
    ÔêÜ should never remove CONTEXT_BRACKET (1 ms)
    ÔêÜ should never remove CONSTITUTION (1 ms)
    ÔêÜ should never remove AGENT (1 ms)
    ÔêÜ should remove sections in truncation order (1 ms)
  formatSynapseRules
    ÔêÜ should return empty string for null results
    ÔêÜ should return empty string for empty results array (1 ms)
    ÔêÜ should wrap output in <synapse-rules> tags (1 ms)
    ÔêÜ should include CONTEXT BRACKET section (1 ms)
    ÔêÜ should include CONSTITUTION section
    ÔêÜ should include AGENT section with metadata
    ÔêÜ should include WORKFLOW section with phase
    ÔêÜ should include TASK section (1 ms)
    ÔêÜ should include SQUAD section (1 ms)
    ÔêÜ should include KEYWORD section with matches (1 ms)
    ÔêÜ should include STAR-COMMANDS section
    ÔêÜ should include SUMMARY section (9 ms)
    ÔêÜ should skip sections with empty rules (1 ms)
    ÔêÜ should skip results with null rules
    section ordering
      ÔêÜ should place CONTEXT_BRACKET before CONSTITUTION
      ÔêÜ should place CONSTITUTION before AGENT (1 ms)
      ÔêÜ should place SUMMARY after all other sections
    DEVMODE
      ÔêÜ should include DEVMODE section when devmode=true
      ÔêÜ should NOT include DEVMODE section when devmode=false (1 ms)
      ÔêÜ should show bracket info in DEVMODE
      ÔêÜ should show pipeline metrics in DEVMODE (1 ms)
      ÔêÜ should show loaded layers in DEVMODE (1 ms)
      ÔêÜ should show skipped layers in DEVMODE (1 ms)
    handoff warning
      ÔêÜ should include handoff warning when showHandoffWarning=true
      ÔêÜ should NOT include handoff warning when showHandoffWarning=false (1 ms)
    token budget enforcement in formatSynapseRules
      ÔêÜ should enforce token budget on final output (1 ms)
    MEMORY_HINTS section (SYN-10)
      ÔêÜ should include [MEMORY HINTS] section when memory results present
      ÔêÜ should NOT include [MEMORY HINTS] section when no memory results (1 ms)
      ÔêÜ should handle memory hints with missing fields gracefully (1 ms)
    global/context layer fallback
      ÔêÜ should categorize layer by layer number when source unknown
      ÔêÜ should handle global results in context bracket section (1 ms)

PASS tests/synapse/l6-keyword.test.js
  L6KeywordProcessor
    constructor
      ÔêÜ should extend LayerProcessor (2 ms)
      ÔêÜ should set name to keyword (2 ms)
      ÔêÜ should set layer to 6 (2 ms)
      ÔêÜ should set timeout to 15ms (1 ms)
    process()
      ÔêÜ should match keyword and load domain rules (3 ms)
      ÔêÜ should match multiple domains with different keywords (4 ms)
      ÔêÜ should return null when no keywords match (2 ms)
      ÔêÜ should return null when prompt is empty (2 ms)
      ÔêÜ should return null when no domains have recall keywords (1 ms)
      ÔêÜ should respect global exclusion (3 ms)
      ÔêÜ should respect domain-level exclusion (2 ms)
      ÔêÜ should deduplicate domains already loaded by previous layers (3 ms)
      ÔêÜ should track skipped duplicates in metadata (3 ms)
      ÔêÜ should handle domain file missing gracefully (1 ms)
      ÔêÜ should track domainsLoaded from squad layer in previousLayers (2 ms)
      ÔêÜ should handle empty recall array (2 ms)

PASS tests/unit/security-utils.test.js
  security-utils
    validatePath
      ÔêÜ should accept valid relative paths (2 ms)
      ÔêÜ should reject path traversal with ../ (1 ms)
      ÔêÜ should reject path traversal with ..\ (1 ms)
      ÔêÜ should reject null bytes in path
      ÔêÜ should reject empty string
      ÔêÜ should reject null/undefined (1 ms)
      ÔêÜ should reject absolute paths by default (2 ms)
      ÔêÜ should allow absolute paths when option is set
      ÔêÜ should detect path escaping base directory (1 ms)
      ÔêÜ should normalize paths correctly (1 ms)
    sanitizeInput
      ÔêÜ should remove null bytes from all input types (1 ms)
      ÔêÜ should sanitize filename - allow only safe characters (1 ms)
      ÔêÜ should sanitize filename - prevent hidden files
      ÔêÜ should sanitize identifier - allow alphanumeric and dash/underscore
      ÔêÜ should sanitize shell - remove dangerous characters (1 ms)
      ÔêÜ should sanitize html - escape HTML entities (1 ms)
      ÔêÜ should remove control characters in general mode
      ÔêÜ should return non-string values unchanged
    validateJSON
      ÔêÜ should parse valid JSON (1 ms)
      ÔêÜ should reject invalid JSON (1 ms)
      ÔêÜ should reject empty/null input (1 ms)
      ÔêÜ should reject JSON exceeding max size (3 ms)
      ÔêÜ should reject deeply nested JSON
      ÔêÜ should accept JSON within nesting limit
    RateLimiter
      ÔêÜ should allow requests within limit (1 ms)
      ÔêÜ should block requests exceeding limit (1 ms)
      ÔêÜ should track different keys independently (1 ms)
      ÔêÜ should return remaining count
      ÔêÜ should reset specific key (1 ms)
      ÔêÜ should clear all data (1 ms)
    safePath
      ÔêÜ should return safe path within base directory (1 ms)
      ÔêÜ should return null for path traversal attempts
      ÔêÜ should handle nested directories (1 ms)
    isSafeString
      ÔêÜ should return true for safe strings (1 ms)
      ÔêÜ should return false for path traversal
      ÔêÜ should return false for template injection (1 ms)
      ÔêÜ should return false for null bytes (1 ms)
      ÔêÜ should return false for non-strings
    getObjectDepth
      ÔêÜ should return 0 for primitives
      ÔêÜ should return 0 for flat object (1 ms)
      ÔêÜ should return correct depth for nested objects
      ÔêÜ should handle arrays

PASS tests/unit/info-cli.test.js
  Info Formatter - Pretty Output
    ÔêÜ formatInfoPretty includes worker name (2 ms)
    ÔêÜ formatInfoPretty includes ID (1 ms)
    ÔêÜ formatInfoPretty includes category and subcategory (1 ms)
    ÔêÜ formatInfoPretty includes description
    ÔêÜ formatInfoPretty includes performance metrics
    ÔêÜ formatInfoPretty includes tags
    ÔêÜ formatInfoPretty includes usage example
    ÔêÜ formatInfoPretty includes related workers when provided
    ÔêÜ formatInfoPretty shows verbose debug info when enabled (1 ms)
  Info Formatter - JSON Output
    ÔêÜ formatInfoJSON returns valid JSON (1 ms)
    ÔêÜ formatInfoJSON includes all required fields (1 ms)
    ÔêÜ formatInfoJSON includes related workers (1 ms)
  Info Formatter - YAML Output
    ÔêÜ formatInfoYAML returns valid YAML (2 ms)
    ÔêÜ formatInfoYAML includes all required fields (1 ms)
  Info Formatter - Format Selection
    ÔêÜ formatInfo with format=json returns JSON (1 ms)
    ÔêÜ formatInfo with format=yaml returns YAML (2 ms)
    ÔêÜ formatInfo with format=pretty returns pretty output (1 ms)
    ÔêÜ formatInfo defaults to pretty format (1 ms)
  Not Found Error Formatter
    ÔêÜ formatNotFoundError includes invalid ID
    ÔêÜ formatNotFoundError includes suggestions
    ÔêÜ formatNotFoundError includes search hint (1 ms)
  Text Wrapping
    ÔêÜ wrapText wraps long text (1 ms)
    ÔêÜ wrapText handles short text (1 ms)
    ÔêÜ wrapText handles empty text (1 ms)
    ÔêÜ wrapText handles null text
  Levenshtein Distance for Suggestions
    ÔêÜ similar IDs have low distance (1 ms)
    ÔêÜ different IDs have high distance (1 ms)
    ÔêÜ identical IDs have zero distance (1 ms)
  Performance Requirements
    ÔêÜ formatInfoPretty completes quickly (1 ms)
    ÔêÜ formatInfoJSON completes quickly (1 ms)

PASS tests/core/rate-limit-manager.test.js
  RateLimitManager
    Constructor
      ÔêÜ creates with defaults (2 ms)
      ÔêÜ accepts custom config
      ÔêÜ extends EventEmitter
      ÔêÜ initializes metrics to zero
    isRateLimitError
      ÔêÜ detects HTTP 429 (1 ms)
      ÔêÜ detects rate limit messages (1 ms)
      ÔêÜ detects rate limit error codes (1 ms)
      ÔêÜ returns false for non-rate-limit errors (1 ms)
    calculateDelay
      ÔêÜ uses retryAfter from error (1 ms)
      ÔêÜ caps retryAfter to maxDelay
      ÔêÜ extracts retry-after from error message (1 ms)
      ÔêÜ uses exponential backoff (1 ms)
      ÔêÜ caps at maxDelay
    executeWithRetry
      ÔêÜ returns result on success
      ÔêÜ throws non-rate-limit errors immediately (10 ms)
      ÔêÜ retries on rate limit error (1 ms)
      ÔêÜ throws after maxRetries exceeded (2 ms)
      ÔêÜ emits rate_limit_hit and waiting events (2 ms)
    Metrics
      ÔêÜ getMetrics returns computed fields (2 ms)
      ÔêÜ getMetrics handles zero retries (1 ms)
      ÔêÜ resetMetrics clears everything (1 ms)
    Event logging
      ÔêÜ logEvent stores events (1 ms)
      ÔêÜ logEvent trims to maxEventLog (1 ms)
      ÔêÜ getRecentEvents returns limited entries
    formatStatus
      ÔêÜ returns formatted status (1 ms)
    withRateLimit
      ÔêÜ wraps function with rate limiting (1 ms)
    getGlobalManager
      ÔêÜ returns singleton instance (1 ms)

PASS tests/unit/workflow-intelligence/pattern-capture.test.js
  PatternCapture (Unit)
    Module Exports
      ÔêÜ should export PatternCapture class (2 ms)
      ÔêÜ should export createPatternCapture factory (1 ms)
      ÔêÜ should export DEFAULT_MIN_SEQUENCE_LENGTH (1 ms)
      ÔêÜ should export KEY_WORKFLOW_COMMANDS (2 ms)
    Constructor
      ÔêÜ should create instance with default options (1 ms)
      ÔêÜ should accept custom minSequenceLength (1 ms)
      ÔêÜ should accept custom keyCommands (1 ms)
      ÔêÜ should respect enabled option (1 ms)
    captureSession
      ÔêÜ should capture valid session data (2 ms)
      ÔêÜ should reject session when capture is disabled (1 ms)
      ÔêÜ should reject null or invalid session data (1 ms)
      ÔêÜ should reject unsuccessful workflows (1 ms)
      ÔêÜ should reject sequences shorter than minimum length (1 ms)
      ÔêÜ should normalize command names (remove * prefix) (1 ms)
      ÔêÜ should detect story_development workflow (1 ms)
      ÔêÜ should detect story_creation workflow (1 ms)
      ÔêÜ should generate unique pattern IDs (1 ms)
    extractPatterns
      ÔêÜ should extract patterns from command history (2 ms)
      ÔêÜ should return empty array for null or short history (1 ms)
      ÔêÜ should use sliding window for pattern extraction (1 ms)
      ÔêÜ should only include patterns with key commands (1 ms)
    getMinimumSequenceLength
      ÔêÜ should return the configured minimum sequence length
    onTaskComplete
      ÔêÜ should buffer commands in session (2 ms)
      ÔêÜ should track agents in session (1 ms)
      ÔêÜ should capture pattern on workflow-ending command (2 ms)
      ÔêÜ should return workflow_in_progress for non-ending commands (1 ms)
      ÔêÜ should clear session after capturing (12 ms)
      ÔêÜ should handle disabled capture (1 ms)
    markSessionFailed
      ÔêÜ should mark session as failed (1 ms)
      ÔêÜ should prevent pattern capture after marking failed (1 ms)
    clearSession
      ÔêÜ should clear specific session (1 ms)
      ÔêÜ should clear all sessions when no ID provided (1 ms)
    Performance
      ÔêÜ should capture session in under 50ms (1 ms)
      ÔêÜ should extract patterns in under 50ms (1 ms)

PASS tests/synapse/l2-agent.test.js
  L2AgentProcessor
    constructor
      ÔêÜ should extend LayerProcessor (3 ms)
      ÔêÜ should set name to agent (3 ms)
      ÔêÜ should set layer to 2 (2 ms)
      ÔêÜ should set timeout to 15ms (2 ms)
    process()
      ÔêÜ should load agent-specific rules when agent is active (4 ms)
      ÔêÜ should return null when no agent is active (3 ms)
      ÔêÜ should return null when session has no active_agent (3 ms)
      ÔêÜ should return null when no matching agentTrigger in manifest (3 ms)
      ÔêÜ should return null when domain file is missing (2 ms)
      ÔêÜ should detect authority boundaries (rules containing AUTH) (3 ms)
      ÔêÜ should set hasAuthority false when no AUTH rules (3 ms)
      ÔêÜ should use default file path when domain has no file property (3 ms)

PASS tests/core/user-profile-audit.test.js
  AC1: GreetingPreferenceManager bob mode override
    ÔêÜ should force "named" when user_profile is bob and preference is auto (2 ms)
    ÔêÜ should force "named" when user_profile is bob and preference is archetypal (1 ms)
    ÔêÜ should allow "minimal" when user_profile is bob and preference is minimal (1 ms)
    ÔêÜ should allow "named" when user_profile is bob and preference is named (1 ms)
    ÔêÜ should NOT restrict preference when user_profile is advanced (1 ms)
    ÔêÜ should return auto when advanced and preference is auto (1 ms)
    ÔêÜ should read user_profile from config when not passed as parameter (1 ms)
    ÔêÜ should default to auto on config load error regardless of profile param (1 ms)
  AC3: validate-user-profile integrated into activation pipeline
    ÔêÜ should call validateUserProfile during loadUserProfile() (1 ms)
    ÔêÜ should use validated value from validateUserProfile (1 ms)
    ÔêÜ should fall back to default when validation fails (1 ms)
    ÔêÜ should log warning from validation but continue (1 ms)
    ÔêÜ should gracefully handle resolveConfig failure (1 ms)
  AC4: Bob mode command visibility restrictions
    ÔêÜ should return empty commands for bob mode non-PM agents (1 ms)
    ÔêÜ should return empty commands for bob mode agents without visibility metadata (1 ms)
    ÔêÜ should return full commands for PM agent in bob mode (1 ms)
    ÔêÜ should return commands with "full" visibility for advanced mode new session (1 ms)
    ÔêÜ should return commands with "quick" visibility for advanced mode existing session (1 ms)
    ÔêÜ should return commands with "key" visibility for advanced mode workflow session (1 ms)
    ÔêÜ should default userProfile to advanced when not provided (1 ms)
    ÔêÜ should fall back to first 12 commands for agents without visibility metadata in advanced mode (1 ms)
  Integration: Bob mode greeting flow
    ÔêÜ should produce named greeting for non-PM agent in bob mode (1 ms)
    ÔêÜ should use contextual greeting for PM agent in bob mode (4 ms)
  validate-user-profile standalone
    ÔêÜ should validate "bob" as valid (1 ms)
    ÔêÜ should validate "advanced" as valid (1 ms)
    ÔêÜ should normalize case: "BOB" -> "bob" (1 ms)
    ÔêÜ should normalize case: "ADVANCED" -> "advanced"
    ÔêÜ should reject invalid values
    ÔêÜ should handle null with warning and default (1 ms)
    ÔêÜ should handle undefined with warning and default (1 ms)
    ÔêÜ should reject non-string values

PASS tests/book-de-resultados/normalizer.test.js
  round()
    ÔêÜ rounds to 1 decimal place by default (1 ms)
    ÔêÜ handles zero
    ÔêÜ rounds with 2 decimals (1 ms)
  computeDistribuicao()
    ÔêÜ counts alunos per level (1 ms)
    ÔêÜ computes percentuais correctly (1 ms)
    ÔêÜ handles empty distribuicao (1 ms)
    ÔêÜ handles null gracefully
  computeDistribuicaoPorDisciplina()
    ÔêÜ groups distribuicao by disciplina when provided (1 ms)
  computeRedeMetrics()
    ÔêÜ computes mediaGeral as mean of all medias (1 ms)
    ÔêÜ computes totalAlunos as sum of all alunos (1 ms)
    ÔêÜ computes participacaoMedia correctly (1 ms)
    ÔêÜ returns totalEscolas from escolas array length
    ÔêÜ handles empty inputs gracefully (1 ms)
    ÔêÜ uses escola totals to avoid double counting when distribuicao has disciplina breakdown (1 ms)
  computeEscolaMetrics()
    ÔêÜ returns one entry per escola (1 ms)
    ÔêÜ includes nome_escola and media
    ÔêÜ computes totalAlunos per escola
    ÔêÜ includes distribuicaoPorDisciplina when rows have disciplina (1 ms)
  buildRankings()
    ÔêÜ returns rankings indexed by discipline (1 ms)
    ÔêÜ sorts schools by media descending (9 ms)
    ÔêÜ assigns posicao starting from 1 (1 ms)
  paginateRankings()
    ÔêÜ does not paginate when schools <= 20
    ÔêÜ paginates into chunks of 25 when schools > 20 (1 ms)
  normalize()
    ÔêÜ returns all expected top-level keys (2 ms)
    ÔêÜ disciplinas list contains all unique disciplines (1 ms)
    ÔêÜ assigns overall rankingPosition to each escola (1 ms)
    ÔêÜ materializes the canonical v2 model without breaking the legacy shape (2 ms)
    ÔêÜ builds canonical facts for participation, proficiency and skill performance (2 ms)
    ÔêÜ derives escola vs rede comparatives from canonical facts (1 ms)

PASS tests/unit/workflow-intelligence/pattern-validator.test.js
  PatternValidator (Unit)
    Module Exports
      ÔêÜ should export PatternValidator class (2 ms)
      ÔêÜ should export createPatternValidator factory (1 ms)
      ÔêÜ should export DEFAULT_VALIDATION_RULES (1 ms)
      ÔêÜ should export KNOWN_COMMANDS set (1 ms)
    Constructor
      ÔêÜ should create instance with default rules (1 ms)
      ÔêÜ should accept custom rules (1 ms)
      ÔêÜ should merge custom rules with defaults (1 ms)
    validate
      Required Fields
        ÔêÜ should reject null pattern (1 ms)
        ÔêÜ should reject pattern without sequence (1 ms)
        ÔêÜ should reject pattern with non-array sequence (1 ms)
      Sequence Length Rules
        ÔêÜ should reject sequences shorter than minimum (1 ms)
        ÔêÜ should accept sequences at minimum length (2 ms)
        ÔêÜ should warn for unusually long sequences (1 ms)
      Occurrence Rules
        ÔêÜ should warn for low occurrences (1 ms)
        ÔêÜ should not warn when occurrences meet minimum (2 ms)
      Success Rate Rules
        ÔêÜ should reject patterns with low success rate (1 ms)
        ÔêÜ should accept patterns with high success rate (1 ms)
      Key Command Rules
        ÔêÜ should reject patterns without key workflow commands (1 ms)
        ÔêÜ should accept patterns with at least one key command (1 ms)
      Unknown Commands Warning
        ÔêÜ should warn about unknown commands
        ÔêÜ should not warn for known commands
      Duplicate Consecutive Commands
        ÔêÜ should warn about duplicate consecutive commands
        ÔêÜ should not warn for non-consecutive duplicates (1 ms)
      Valid Pattern
        ÔêÜ should validate complete valid pattern (1 ms)
    isDuplicate
      ÔêÜ should return false for empty existing patterns (1 ms)
      ÔêÜ should detect exact duplicates (2 ms)
      ÔêÜ should detect similar patterns above threshold (1 ms)
      ÔêÜ should not flag different patterns as duplicates (1 ms)
    meetsMinimumThreshold
      ÔêÜ should pass pattern meeting all thresholds (1 ms)
      ÔêÜ should fail pattern not meeting occurrence threshold (1 ms)
      ÔêÜ should fail pattern not meeting success rate threshold (1 ms)
      ÔêÜ should return current and required values (1 ms)
    getValidationRules
      ÔêÜ should return copy of rules
    updateRules
      ÔêÜ should update specific rules
    Performance
      ÔêÜ should validate pattern in under 10ms (1 ms)
      ÔêÜ should check duplicates in under 50ms for 100 patterns (1 ms)

PASS tests/health-check/healers.test.js
  HealerManager
    Constructor
      ÔêÜ should create instance with default config (2 ms)
      ÔêÜ should create instance with custom config (1 ms)
      ÔêÜ should initialize security blocklist (1 ms)
    HealingTier enum
      ÔêÜ should have correct tier values (1 ms)
    registerHealer
      ÔêÜ should register a healer (1 ms)
      ÔêÜ should overwrite existing healer (1 ms)
    isBlocked
      ÔêÜ should block .env files (1 ms)
      ÔêÜ should block .env.* files (1 ms)
      ÔêÜ should block credentials files (1 ms)
      ÔêÜ should block secret files (1 ms)
      ÔêÜ should block key files (1 ms)
      ÔêÜ should block .ssh directory (1 ms)
      ÔêÜ should allow regular files (1 ms)
    applyFixes
      ÔêÜ should filter healable results (1 ms)
      ÔêÜ should respect maxTier parameter (1 ms)
      ÔêÜ should log healing results (1 ms)
    heal
      ÔêÜ should return manual guide when tier exceeds maxTier (1 ms)
      ÔêÜ should return no-healer message when healer not found (1 ms)
      ÔêÜ should execute tier 1 healing (1 ms)
      ÔêÜ should execute tier 2 healing (prompted) (1 ms)
      ÔêÜ should handle unknown healing tier (1 ms)
    executeTier1
      ÔêÜ should block files in security blocklist (1 ms)
      ÔêÜ should handle fix execution error (1 ms)
      ÔêÜ should skip actual fix in dry run mode (1 ms)
    executeTier2
      ÔêÜ should return prompt with fix function (1 ms)
      ÔêÜ should execute fix when confirmed (1 ms)
      ÔêÜ should not execute fix when declined (1 ms)
    createManualGuide
      ÔêÜ should create manual guide with default values (1 ms)
      ÔêÜ should use healer-specific guide when available (1 ms)
    Healing Log
      ÔêÜ should return copy of healing log (1 ms)
      ÔêÜ should clear healing log (1 ms)
    getBackupManager
      ÔêÜ should return backup manager instance (1 ms)
  BackupManager
    ÔêÜ should be exported from healers module (16 ms)
    ÔêÜ should create instance with custom directory (3 ms)

PASS tests/core/parallel-monitor.test.js
  ParallelMonitor
    Constructor
      ÔêÜ creates with defaults (3 ms)
      ÔêÜ accepts custom config (1 ms)
      ÔêÜ extends EventEmitter (1 ms)
    registerWave
      ÔêÜ registers a wave with tasks (1 ms)
      ÔêÜ emits wave_registered event (1 ms)
    registerTaskStart
      ÔêÜ registers a task as running (2 ms)
      ÔêÜ updates wave task status (1 ms)
      ÔêÜ emits task_started event (1 ms)
    addTaskOutput
      ÔêÜ adds output to task logs (1 ms)
      ÔêÜ trims logs when exceeding maxLogLines (1 ms)
      ÔêÜ handles unknown taskId gracefully (1 ms)
    registerTaskComplete
      ÔêÜ marks task as completed (6 ms)
      ÔêÜ marks task as failed (2 ms)
      ÔêÜ adds to history (2 ms)
      ÔêÜ trims history to maxHistory (2 ms)
      ÔêÜ emits task_failed on failure (1 ms)
      ÔêÜ does nothing for unknown task
    registerWaveComplete
      ÔêÜ marks wave as completed (2 ms)
      ÔêÜ emits wave_completed when notifyOnComplete is true (1 ms)
      ÔêÜ does nothing for unknown wave (1 ms)
    cancelWave
      ÔêÜ cancels running wave and pending tasks (1 ms)
      ÔêÜ emits wave_cancelled event (1 ms)
      ÔêÜ does nothing for non-running wave (1 ms)
    getStatus
      ÔêÜ returns status with active waves (1 ms)
      ÔêÜ returns empty status when no waves (1 ms)
    getTaskLogs
      ÔêÜ returns empty for unknown task (1 ms)
      ÔêÜ returns limited logs (1 ms)
    formatProgressBar
      ÔêÜ formats zero total (1 ms)
      ÔêÜ formats progress with completed (2 ms)
      ÔêÜ shows running tasks (1 ms)
    formatStatus
      ÔêÜ shows no active executions message (2 ms)
      ÔêÜ shows wave details when active (2 ms)
    clear
      ÔêÜ clears all data (1 ms)
    getMonitor
      ÔêÜ returns singleton instance (1 ms)
    getHistory
      ÔêÜ returns limited history (1 ms)
    broadcast
      ÔêÜ sends message to registered connections (1 ms)
      ÔêÜ removes broken connections (1 ms)

PASS tests/unit/config/ide-configs.test.js
  IDE Configs
    IDE_CONFIGS
      ÔêÜ should have 6 IDE configurations (2 ms)
      ÔêÜ should include all expected IDEs (1 ms)
      ÔêÜ should have valid structure for each IDE (7 ms)
      ÔêÜ should have correct directory requirements (1 ms)
      ÔêÜ should have correct file formats (2 ms)
      ÔêÜ should have correct config file paths (1 ms)
      ÔêÜ should have template paths in ide-rules folder (1 ms)
      ÔêÜ should have Claude Code as recommended (1 ms)
      ÔêÜ should have correct agent folder paths (2 ms)
    getIDEKeys
      ÔêÜ should return array of IDE keys (1 ms)
      ÔêÜ should return all IDE keys (1 ms)
    getIDEConfig
      ÔêÜ should return config for valid IDE (1 ms)
      ÔêÜ should return null for invalid IDE (1 ms)
      ÔêÜ should return correct config for all IDEs (2 ms)
    isValidIDE
      ÔêÜ should return true for valid IDE (2 ms)
      ÔêÜ should return false for invalid IDE (2 ms)
      ÔêÜ should return true for all valid IDE keys (1 ms)
    getIDEChoices
      ÔêÜ should return array of choices (16 ms)
      ÔêÜ should have valid choice structure (2 ms)
      ÔêÜ should include IDE name in choice name (3 ms)
      ÔêÜ should use IDE key as choice value (2 ms)
      ÔêÜ should pre-check recommended IDEs (2 ms)

PASS tests/packages/aios-install/dep-checker.test.js
  dep-checker
    checkDependency
      Node.js dependency
        ÔêÜ should detect Node.js when installed and meets version requirement (3 ms)
        ÔêÜ should fail when Node.js version is below minimum (1 ms)
        ÔêÜ should report not installed when command fails (2 ms)
      Git dependency
        ÔêÜ should detect Git when installed (2 ms)
        ÔêÜ should parse Git version correctly (1 ms)
      Docker dependency (optional)
        ÔêÜ should detect Docker when installed (1 ms)
        ÔêÜ should not fail when Docker is not installed (optional) (2 ms)
      GitHub CLI dependency (optional)
        ÔêÜ should detect gh when installed (1 ms)
    checkDockerRunning
      ÔêÜ should return running=true when Docker daemon is active (1 ms)
      ÔêÜ should return running=false when Docker daemon is not active (1 ms)
      ÔêÜ should return running=false when Docker check throws (1 ms)
    checkAllDependencies
      ÔêÜ should pass when all required dependencies are installed (2 ms)
      ÔêÜ should fail when Node.js is not installed (1 ms)
      ÔêÜ should fail when Node.js version is below minimum (2 ms)
      ÔêÜ should warn but pass when optional dependencies are missing (2 ms)
    formatDependencyStatus
      ÔêÜ should format installed dependency with green checkmark (2 ms)
      ÔêÜ should format not installed dependency with red X (2 ms)
      ÔêÜ should format dependency below minimum version with warning (2 ms)

PASS tests/synapse/l0-constitution.test.js
  L0ConstitutionProcessor
    constructor
      ÔêÜ should extend LayerProcessor (2 ms)
      ÔêÜ should set name to constitution (1 ms)
      ÔêÜ should set layer to 0 (1 ms)
      ÔêÜ should set timeout to 5ms (2 ms)
    process()
      ÔêÜ should load constitution rules from domain file (4 ms)
      ÔêÜ should validate nonNegotiable flag from manifest (3 ms)
      ÔêÜ should set nonNegotiable false when not in manifest (2 ms)
      ÔêÜ should return null when domain file is missing (2 ms)
      ÔêÜ should return null when domain file is empty (2 ms)
      ÔêÜ should use default path when domain has no file property (2 ms)
      ÔêÜ should process regardless of session state (ALWAYS_ON) (3 ms)
      ÔêÜ should handle manifest with no domains (2 ms)
    _safeProcess()
      ÔêÜ should return result via safe wrapper (3 ms)

PASS tests/book-de-resultados/charts.test.js
  buildDistributionChart()
    ÔêÜ returns type "distribution" (2 ms)
    ÔêÜ includes all 4 proficiency levels in series (1 ms)
    ÔêÜ each series item has label, color, alunos, and percentual (2 ms)
    ÔêÜ uses NIVEL_LABELS for display labels (1 ms)
    ÔêÜ uses NIVEL_COLORS for series colors
    ÔêÜ uses provided title (1 ms)
    ÔêÜ total matches distribuicao.total (1 ms)
  buildRankingChart()
    ÔêÜ returns type "ranking" (1 ms)
    ÔêÜ each bar has label, value, and posicao (1 ms)
    ÔêÜ maxValue is the highest media
    ÔêÜ handles empty ranking gracefully
  buildIndicatorCard()
    ÔêÜ returns type "indicator" (1 ms)
    ÔêÜ stores titulo and valor (1 ms)
    ÔêÜ descricao defaults to empty string
  buildRankingPositionIndicator()
    ÔêÜ returns a ranking indicator card when the position is valid (1 ms)
    ÔêÜ returns null when the position is invalid (1 ms)
  generateChartsForPage()
    ÔêÜ visao_geral: returns distribution + 4 indicator cards (1 ms)
    ÔêÜ ranking: returns a ranking chart (1 ms)
    ÔêÜ escola: returns distribution + indicator cards
    ÔêÜ escola: prioritizes operational indicators when available (1 ms)
    ÔêÜ resultados_ano: returns ranking, optional distribution and year indicators (1 ms)
    ÔêÜ returns empty array for capa page (1 ms)
    ÔêÜ returns empty array for sumario page
    ÔêÜ escola_disciplinas: returns a comparativo_chart when participacaoPorDisciplina is present
    ÔêÜ escola_disciplinas: returns empty array when participacaoPorDisciplina is empty (1 ms)
    ÔêÜ habilidades_disciplina: returns 2 indicator cards (1 ms)
  buildComparativoChart()
    ÔêÜ returns type "comparativo_chart"
    ÔêÜ pairs count matches input (1 ms)
    ÔêÜ each pair has label, escola, rede, delta (1 ms)
    ÔêÜ escola.value and rede.value are populated (1 ms)
    ÔêÜ maxValue is the highest media across escola and rede
    ÔêÜ minValue is the lowest media (1 ms)
    ÔêÜ positive delta gets a green-family color
    ÔêÜ negative delta gets a red-family color
    ÔêÜ handles empty input gracefully (1 ms)
    ÔêÜ uses custom title
    ÔêÜ also reads flat format (mediaEscola / mediaRede)

PASS tests/unit/wizard/validation/mcp-health-checker.test.js
  MCP Health Checker
    validateMCPs
      ÔêÜ should validate MCPs with all installations successful (2 ms)
      ÔêÜ should skip health checks when no MCPs installed (1 ms)
      ÔêÜ should handle missing .mcp.json gracefully (1 ms)
      ÔêÜ should skip health check for failed installations (1 ms)
      ÔêÜ should aggregate health check results correctly (1 ms)
      ÔêÜ should aggregate health checks even when configuration is minimal (2 ms)
      ÔêÜ should handle health check errors gracefully (12 ms)
    runHealthCheck
      ÔêÜ should validate Browser MCP configuration (2 ms)
      ÔêÜ should validate Context7 MCP npx/stdio configuration (2 ms)
      ÔêÜ should detect Exa API key placeholder (1 ms)
      ÔêÜ should validate Exa with real API key configured (1 ms)
      ÔêÜ should validate Desktop Commander MCP configuration (2 ms)
      ÔêÜ should handle missing Context7 command gracefully (1 ms)

PASS packages/installer/tests/unit/config-validator.test.js
  Configuration Validator
    validateEnvFormat
      ÔêÜ should validate correct .env format (2 ms)
      ÔêÜ should reject spaces around = (1 ms)
      ÔêÜ should reject invalid key names (1 ms)
      ÔêÜ should allow empty values (1 ms)
      ÔêÜ should skip comments and empty lines (1 ms)
    validateApiKeyFormat
      ÔêÜ should allow empty keys (skip logic) (1 ms)
      ÔêÜ should reject whitespace-only keys (1 ms)
      ÔêÜ should validate OpenAI key format
      ÔêÜ should reject invalid OpenAI key format (1 ms)
      ÔêÜ should validate Anthropic key format (1 ms)
      ÔêÜ should reject invalid Anthropic key format (1 ms)
      ÔêÜ should validate GitHub token format
      ÔêÜ should reject keys with spaces
      ÔêÜ should reject too short keys (1 ms)
    validateYamlSyntax
      ÔêÜ should validate correct YAML (2 ms)
      ÔêÜ should reject invalid YAML (2 ms)
      ÔêÜ should handle empty YAML
    validateCoreConfigStructure
      ÔêÜ should validate correct core config structure
      ÔêÜ should reject missing required fields (1 ms)
      ÔêÜ should reject invalid project type (1 ms)
      ÔêÜ should validate IDE section if present (1 ms)
    validatePath
      ÔêÜ should validate correct paths (1 ms)
      ÔêÜ should reject empty paths (1 ms)
      ÔêÜ should reject path traversal
      ÔêÜ should reject invalid characters (1 ms)
    sanitizeInput
      ÔêÜ should remove null bytes (1 ms)
      ÔêÜ should trim whitespace (1 ms)
      ÔêÜ should limit length
      ÔêÜ should handle non-string input
      ÔêÜ should preserve valid input (1 ms)

PASS tests/unit/workflow-intelligence/suggestion-engine.test.js
  SuggestionEngine (Unit)
    Basic Functionality
      ÔêÜ should create engine instance (1 ms)
      ÔêÜ should build context from options (11 ms)
      ÔêÜ should handle empty context gracefully (1 ms)
      ÔêÜ should provide fallback suggestions (1 ms)
    Test Scenarios from Story
      ÔêÜ Scenario: New session (no history) - should return low confidence (1 ms)
      ÔêÜ Scenario: Mid-workflow (dev) - should suggest QA review (7 ms)
      ÔêÜ Scenario: No matching workflow - should show fallback (2 ms)
      ÔêÜ Scenario: Story override - should use explicit story (2 ms)

PASS tests/unit/mcp/symlink-manager.test.js
  Symlink Manager
    LINK_STATUS
      ÔêÜ should have all required status values (2 ms)
    getProjectMcpPath
      ÔêÜ should return correct path for project root (1 ms)
      ÔêÜ should use current directory when no root provided (1 ms)
    isLink
      ÔêÜ should return true for symlink (2 ms)
      ÔêÜ should return false for regular directory (1 ms)
      ÔêÜ should handle errors gracefully (1 ms)
    getLinkTarget
      ÔêÜ should return target for symlink (1 ms)
      ÔêÜ should return null on error (1 ms)
    checkLinkStatus
      ÔêÜ should return NOT_LINKED when tools directory does not exist (1 ms)
      ÔêÜ should return NOT_LINKED when link path does not exist (1 ms)
      ÔêÜ should return LINKED when properly linked (1 ms)
      ÔêÜ should return DIRECTORY for regular directory (1 ms)
    createLink
      on Unix
        ÔêÜ should call symlinkSync when creating link on Unix (1 ms)
        ÔêÜ should fail when global MCP does not exist (1 ms)
        ÔêÜ should return success when already linked (1 ms)
      on Windows
        ÔêÜ should call mklink command when creating junction on Windows (1 ms)
    removeLink
      on Unix
        ÔêÜ should remove symlink on Unix (2 ms)
        ÔêÜ should succeed when link does not exist (1 ms)
        ÔêÜ should fail when path is directory (1 ms)
      on Windows
        ÔêÜ should remove junction on Windows using rmdir (2 ms)

PASS tests/hooks/unified/hook-interface.test.js
  Unified Hook Interface
    EVENT_MAPPING
      ÔêÜ should map sessionStart for gemini (2 ms)
      ÔêÜ should have null claude mapping for sessionStart (1 ms)
      ÔêÜ should map beforeAgent for both CLIs (1 ms)
      ÔêÜ should map beforeTool for both CLIs
      ÔêÜ should map afterTool for both CLIs
      ÔêÜ should map sessionEnd for both CLIs (1 ms)
      ÔêÜ should have all required lifecycle events (1 ms)
    UnifiedHook
      ÔêÜ should create hook with required fields (1 ms)
      ÔêÜ should have default matcher of * (1 ms)
      ÔêÜ should accept custom matcher
      ÔêÜ should have default timeout of 5000ms (1 ms)
      ÔêÜ should accept custom timeout (1 ms)
      ÔêÜ should throw on execute (base class) (8 ms)
      ÔêÜ should return null for gemini config when runners not implemented (1 ms)
      ÔêÜ should return null for claude config when runners not implemented (1 ms)
      ÔêÜ should return null for unsupported claude event (1 ms)
    createContext
      ÔêÜ should create gemini context (1 ms)
      ÔêÜ should create claude context (1 ms)
      ÔêÜ should use environment variables for gemini (1 ms)
    formatResult
      ÔêÜ should format result for gemini (1 ms)
      ÔêÜ should format block result for gemini (1 ms)
      ÔêÜ should format result for claude (1 ms)
      ÔêÜ should format block result for claude (1 ms)

PASS tests/synapse/l1-global.test.js
  L1GlobalProcessor
    constructor
      ÔêÜ should extend LayerProcessor (3 ms)
      ÔêÜ should set name to global (2 ms)
      ÔêÜ should set layer to 1 (2 ms)
      ÔêÜ should set timeout to 10ms (2 ms)
    process()
      ÔêÜ should load and combine both global and context rules (6 ms)
      ÔêÜ should return rules from global only when context file is missing (3 ms)
      ÔêÜ should return rules from context only when global file is missing (4 ms)
      ÔêÜ should return null when both files are missing (2 ms)
      ÔêÜ should order global rules before context rules (4 ms)
      ÔêÜ should use default file paths when domain has no file property (4 ms)
      ÔêÜ should process regardless of session state (ALWAYS_ON) (3 ms)

PASS tests/book-de-resultados/exporter.test.js
  sanitizeFilenameSegment()
    ÔêÜ lowercases the string (2 ms)
    ÔêÜ removes accents (1 ms)
    ÔêÜ replaces spaces with underscores
    ÔêÜ replaces special characters with underscores
    ÔêÜ trims leading and trailing underscores
    ÔêÜ collapses multiple separators into one underscore (1 ms)
  buildOutputFilename()
    ÔêÜ builds correct filename for pptx (1 ms)
    ÔêÜ builds correct filename for json
    ÔêÜ uses provided version
    ÔêÜ handles municipio with accents (1 ms)
    ÔêÜ falls back to defaults when fields are missing (1 ms)
  exportPptx()
    ÔêÜ renders pptx charts and footer chrome for school pages (7 ms)
    ÔêÜ renders the correct habilidades slice and total pagination context in pptx (3 ms)

PASS tests/unit/git-config-detector.test.js
  GitConfigDetector
    Cache Management
      ÔêÜ should return cached data on cache hit (2 ms)
      ÔêÜ should execute git commands on cache miss (2 ms)
      ÔêÜ should expire cache after TTL (1 ms)
      ÔêÜ should invalidate cache manually (2 ms)
      ÔêÜ should report cache age correctly (1 ms)
      ÔêÜ should detect cache expiring soon (2 ms)
    Git Repository Detection
      ÔêÜ should detect configured git repository (1 ms)
      ÔêÜ should detect unconfigured repository (no git) (2 ms)
      ÔêÜ should handle timeout gracefully (1 ms)
    Repository Type Detection
      ÔêÜ should detect GitHub repository (1 ms)
      ÔêÜ should detect GitLab repository (2 ms)
      ÔêÜ should detect Bitbucket repository (1 ms)
      ÔêÜ should detect other repository type (1 ms)
      ÔêÜ should handle missing remote URL (1 ms)
    Branch Detection
      ÔêÜ should detect current branch (1 ms)
      ÔêÜ should handle detached HEAD state (1 ms)
    Detailed Information
      ÔêÜ should get detailed git information (1 ms)
      ÔêÜ should handle errors in detailed detection (1 ms)
    Error Handling
      ÔêÜ should gracefully handle all git errors (1 ms)
      ÔêÜ should cache error results (2 ms)

PASS tests/unit/quality-gates/notification-manager.test.js
  NotificationManager
    constructor
      ÔêÜ should create manager with default config (2 ms)
      ÔêÜ should create manager with custom config (1 ms)
    loadTemplates
      ÔêÜ should load all notification templates (1 ms)
      ÔêÜ should have correct priorities (2 ms)
    generateNotificationId
      ÔêÜ should generate unique IDs (1 ms)
    formatReviewRequestContent (HUMAN-03)
      ÔêÜ should format review request with all sections (1 ms)
      ÔêÜ should include Layer 1 summary (1 ms)
    formatBlockingContent
      ÔêÜ should format blocking notification (1 ms)
      ÔêÜ should include how to fix section (1 ms)
    formatCompletionContent
      ÔêÜ should format approval notification (1 ms)
      ÔêÜ should format changes requested notification
    formatReminderContent
      ÔêÜ should format reminder with pending time (1 ms)
    sendThroughChannels
      ÔêÜ should send through console channel (1 ms)
      ÔêÜ should handle unknown channel gracefully
    sendReviewRequest (HUMAN-03)
      ÔêÜ should send review request notification (1 ms)
    sendBlockingNotification
      ÔêÜ should send blocking notification (1 ms)
    sendCompletionNotification
      ÔêÜ should send completion notification for approval (1 ms)
      ÔêÜ should send completion notification for changes requested
    sendReminder
      ÔêÜ should send reminder notification (1 ms)

PASS tests/unit/quality-gates/focus-area-recommender.test.js
  FocusAreaRecommender
    constructor
      ÔêÜ should create recommender with default config (2 ms)
      ÔêÜ should have skip areas defined (1 ms)
      ÔêÜ should accept custom strategic areas (1 ms)
    analyzeChangedFiles
      ÔêÜ should return empty categories for no files (1 ms)
      ÔêÜ should detect security-sensitive files (1 ms)
      ÔêÜ should detect API changes (1 ms)
      ÔêÜ should detect database changes
      ÔêÜ should detect UI/UX changes
      ÔêÜ should detect business logic changes (1 ms)
      ÔêÜ should detect architecture changes (1 ms)
      ÔêÜ should detect AIOS framework changes (1 ms)
      ÔêÜ should detect configuration changes (1 ms)
    determinePrimaryAreas
      ÔêÜ should prioritize security over other areas (1 ms)
      ÔêÜ should include architecture as primary
      ÔêÜ should limit to 3 primary areas (1 ms)
      ÔêÜ should add code-quality area for high CodeRabbit issues (1 ms)
    determineSecondaryAreas
      ÔêÜ should include ux as secondary (1 ms)
      ÔêÜ should limit to 2 secondary areas (1 ms)
    getReviewQuestions (HUMAN-04)
      ÔêÜ should return security questions for security category (1 ms)
      ÔêÜ should return architecture questions for architecture category (1 ms)
      ÔêÜ should return data-integrity questions
      ÔêÜ should return business-logic questions
      ÔêÜ should return default questions for unknown category (1 ms)
    recommend
      ÔêÜ should return complete recommendations structure (1 ms)
      ÔêÜ should include skip areas (1 ms)
    generateSummary
      ÔêÜ should generate summary with primary areas (1 ms)
      ÔêÜ should include highlighted aspects (1 ms)
    calculatePriority
      ÔêÜ should return P0 for critical areas
      ÔêÜ should return P1 for high areas
      ÔêÜ should return P2 for other areas (1 ms)

PASS tests/core/ids/entity-registry-schema.test.js
  Entity Registry Schema (AC: 1, 7, 8)
    metadata section
      ÔêÜ has required metadata fields (1 ms)
      ÔêÜ version follows semver format (1 ms)
      ÔêÜ checksumAlgorithm is sha256
      ÔêÜ entityCount is a number (1 ms)
    entity structure
      ÔêÜ entities object exists with category keys (1 ms)
      ÔêÜ each entity has required fields (2 ms)
      ÔêÜ entity type is one of the allowed values (1 ms)
    adaptability section (AC: 7)
      ÔêÜ each entity has adaptability with score (1 ms)
      ÔêÜ adaptability has constraints and extensionPoints arrays (1 ms)
    checksum field (AC: 8)
      ÔêÜ each entity has a checksum field (1 ms)
      ÔêÜ checksum follows sha256:hex format (1 ms)
      ÔêÜ each entity has lastVerified timestamp (1 ms)
    categories section
      ÔêÜ categories is an array
      ÔêÜ each category has id, description, basePath (1 ms)

PASS tests/synapse/layer-processor.test.js
  LayerProcessor
    abstract class enforcement
      ÔêÜ should throw when instantiated directly (5 ms)
      ÔêÜ should allow subclass instantiation (1 ms)
    constructor properties
      ÔêÜ should set name, layer, and timeout (1 ms)
      ÔêÜ should default timeout to 15ms (1 ms)
    process() abstract method
      ÔêÜ should throw when not overridden (1 ms)
      ÔêÜ should return result when overridden
    _safeProcess()
      ÔêÜ should return process() result on success (1 ms)
      ÔêÜ should return null on process() error (1 ms)
      ÔêÜ should warn when timeout exceeded but still return result (5 ms)
      ÔêÜ should not warn when within timeout (1 ms)
      ÔêÜ should return null when process() returns null

PASS tests/book-de-resultados/theme.test.js
  DEFAULT_THEME
    ÔêÜ is loaded from the versioned YAML config file (3 ms)
    ÔêÜ has a colors section (1 ms)
    ÔêÜ has a typography section (1 ms)
    ÔêÜ has a spacing section (1 ms)
    ÔêÜ colors.proficiency defines all 4 levels (1 ms)
    ÔêÜ colors.primary is a CSS hex string (1 ms)
    ÔêÜ colors.deltaPositive, deltaNegative, deltaNeutral are defined
    ÔêÜ typography.fontFace is a string (1 ms)
    ÔêÜ typography.sizes has required keys (1 ms)
  createTheme()
    ÔêÜ returns the default theme when called with no arguments
    ÔêÜ returns the default theme when called with an empty object
    ÔêÜ deep-merges a color override without losing other colors (1 ms)
    ÔêÜ deep-merges nested proficiency color override (1 ms)
    ÔêÜ overrides typography.fontFace
    ÔêÜ overrides a single typography size (1 ms)
    ÔêÜ does NOT mutate DEFAULT_THEME when applying overrides (1 ms)
    ÔêÜ does NOT mutate DEFAULT_THEME for nested proficiency overrides (1 ms)
    ÔêÜ handles null gracefully (falls back to DEFAULT_THEME)
    ÔêÜ handles array gracefully (non-object returns DEFAULT_THEME) (1 ms)
  pptxHex()
    ÔêÜ strips the # prefix (1 ms)
    ÔêÜ returns the string unchanged when no # prefix
    ÔêÜ handles empty string gracefully (1 ms)
    ÔêÜ handles null gracefully (1 ms)
    ÔêÜ handles undefined gracefully

PASS tests/core/orchestration/gemini-model-selector.test.js
  GeminiModelSelector
    MODELS configuration
      ÔêÜ should have flash model configured (2 ms)
      ÔêÜ should have pro model configured (1 ms)
      ÔêÜ should have cost per token for each model (1 ms)
    AGENT_OVERRIDES
      ÔêÜ should have overrides for key agents
    selectModel
      ÔêÜ should select model based on task complexity (1 ms)
      ÔêÜ should use agent override when specified (1 ms)
      ÔêÜ should select pro for complex tasks (2 ms)
    handleQualityFallback
      ÔêÜ should recommend pro when flash quality is low (1 ms)
      ÔêÜ should return null when quality is acceptable (1 ms)
      ÔêÜ should return null for pro model regardless of quality
    trackUsage
      ÔêÜ should track flash usage
      ÔêÜ should track pro usage
      ÔêÜ should calculate cost correctly (1 ms)
    getUsageStats
      ÔêÜ should return complete stats object (2 ms)
      ÔêÜ should calculate flash ratio

  console.log
    Ô£à Decision log index updated: .ai\decision-logs-index.md

      at log (.aios-core/development/scripts/decision-log-indexer.js:205:13)

  console.log
    Ô£à Decision log index updated: .ai\decision-logs-index.md

      at log (.aios-core/development/scripts/decision-log-indexer.js:205:13)

PASS tests/unit/decision-log-indexer.test.js
  decision-log-indexer
    parseLogMetadata
      ÔêÜ should parse metadata from decision log file (3 ms)
      ÔêÜ should handle missing metadata fields gracefully (1 ms)
      ÔêÜ should return null on read error (1 ms)
    generateIndexContent
      ÔêÜ should generate markdown index from metadata array (1 ms)
      ÔêÜ should sort logs by timestamp (newest first) (1 ms)
      ÔêÜ should handle empty metadata array (1 ms)
    addToIndex
      ÔêÜ should create new index file if it does not exist (6 ms)
      ÔêÜ should update existing index file (3 ms)
      ÔêÜ should replace existing entry for same story ID (1 ms)
      ÔêÜ should return null when decision logging is disabled (2 ms)
    rebuildIndex
      ÔêÜ should rebuild index from all log files in directory (1 ms)

PASS tests/pro/pro-detector.test.js
  pro-detector
    module exports
      ÔêÜ should export all expected functions (2 ms)
      ÔêÜ should export internal paths for testing (1 ms)
    isProAvailable()
      ÔêÜ should return true when pro/package.json exists (1 ms)
      ÔêÜ should return false when pro/package.json does not exist (1 ms)
      ÔêÜ should return false when fs.existsSync throws (1 ms)
      ÔêÜ should check the correct path (1 ms)
    loadProModule()
      ÔêÜ should return null when pro is not available (1 ms)
      ÔêÜ should return null when module does not exist (1 ms)
      ÔêÜ should return null when module throws during loading (1 ms)
      ÔêÜ should load a valid module from pro/ (1 ms)
    getProVersion()
      ÔêÜ should return null when pro is not available (1 ms)
      ÔêÜ should return version from pro/package.json (1 ms)
      ÔêÜ should return null when package.json has no version field (1 ms)
      ÔêÜ should return null when package.json is corrupted
      ÔêÜ should return null when readFileSync throws (1 ms)
    getProInfo()
      ÔêÜ should return info with available=false when pro is not present (1 ms)
      ÔêÜ should return full info when pro is available (1 ms)
      ÔêÜ should return available=true but version=null when package.json is corrupt (1 ms)
    edge cases
      ÔêÜ should handle empty pro/ directory (uninitialized submodule) (1 ms)
      ÔêÜ should handle concurrent calls safely (1 ms)

PASS tests/config/env-interpolator.test.js
  env-interpolator
    ENV_VAR_PATTERN regex
      ÔêÜ matches ${VAR} (2 ms)
      ÔêÜ matches ${VAR:-default} (1 ms)
      ÔêÜ does not match bare text (1 ms)
    interpolateString
      ÔêÜ resolves ${VAR} from process.env (1 ms)
      ÔêÜ resolves ${VAR:-default} when env var set (1 ms)
      ÔêÜ uses default when env var missing (1 ms)
      ÔêÜ returns empty string when env var missing with no default (1 ms)
      ÔêÜ interpolates multiple vars in same string (2 ms)
      ÔêÜ preserves text around variables (1 ms)
      ÔêÜ handles empty default value (1 ms)
    interpolateEnvVars (recursive)
      ÔêÜ interpolates strings in nested objects (1 ms)
      ÔêÜ interpolates strings in arrays (1 ms)
      ÔêÜ preserves non-string scalars (1 ms)
      ÔêÜ collects warnings for missing vars (1 ms)
      ÔêÜ does not mutate original config (1 ms)
    lintEnvPatterns
      ÔêÜ detects ${...} in config values (1 ms)
      ÔêÜ detects nested ${...} patterns (1 ms)
      ÔêÜ detects ${...} in arrays (1 ms)
      ÔêÜ returns empty for clean config (1 ms)

PASS tests/packages/aios-install/os-detector.test.js
  os-detector
    detectOS
      macOS detection
        ÔêÜ should detect macOS correctly (2 ms)
      Linux detection
        ÔêÜ should detect native Linux (1 ms)
        ÔêÜ should detect WSL via environment variable (1 ms)
        ÔêÜ should detect WSL via /proc/version (1 ms)
      Windows detection
        ÔêÜ should detect Windows correctly (2 ms)
    isWSL
      ÔêÜ should return true when WSL_DISTRO_NAME is set (1 ms)
      ÔêÜ should return true when /proc/version contains microsoft (1 ms)
      ÔêÜ should return false on native Linux (1 ms)
    getWSLDistro
      ÔêÜ should return distro from environment variable (1 ms)
      ÔêÜ should return distro from /etc/os-release
      ÔêÜ should return null when distro cannot be determined (1 ms)
    detectLinuxPackageManager
      ÔêÜ should detect apt (1 ms)
      ÔêÜ should detect dnf (1 ms)
      ÔêÜ should detect pacman (1 ms)
      ÔêÜ should return unknown when no package manager found (1 ms)
    getOSDisplayName
      ÔêÜ should format macOS name (1 ms)
      ÔêÜ should format WSL name with distro (1 ms)
      ÔêÜ should format Linux name (1 ms)
      ÔêÜ should format Windows name (7 ms)
      ÔêÜ should handle unknown OS (1 ms)

PASS tests/synapse/e2e/bracket-scenarios.e2e.test.js
  SYNAPSE E2E: Bracket Scenarios
    FRESH bracket (prompt_count=0)
      ÔêÜ XML contains CONTEXT BRACKET with FRESH (1 ms)
      ÔêÜ layers_loaded should show limited layers (constitution, global, agent)
    MODERATE bracket (prompt_count=60)
      ÔêÜ XML contains MODERATE bracket
      ÔêÜ all layers should be active (more layers_loaded than FRESH) (1 ms)
    DEPLETED bracket (prompt_count=90)
      ÔêÜ XML contains DEPLETED bracket (1 ms)
      ÔêÜ memory hints layer may be attempted (1 ms)
    CRITICAL bracket (prompt_count=120)
      ÔêÜ XML contains CRITICAL bracket (1 ms)
      ÔêÜ handoff warning present in XML (1 ms)
    Bracket transitions
      ÔêÜ increasing prompt_count changes bracket in output (3 ms)

PASS tests/synapse/l3-workflow.test.js
  L3WorkflowProcessor
    constructor
      ÔêÜ should extend LayerProcessor (2 ms)
      ÔêÜ should set name to workflow (2 ms)
      ÔêÜ should set layer to 3 (2 ms)
      ÔêÜ should set timeout to 15ms (1 ms)
    process()
      ÔêÜ should load workflow-specific rules when workflow is active (2 ms)
      ÔêÜ should return null when no workflow is active (1 ms)
      ÔêÜ should return null when session has no active_workflow (2 ms)
      ÔêÜ should return null when no matching workflowTrigger in manifest (1 ms)
      ÔêÜ should return null when domain file is missing (2 ms)
      ÔêÜ should include phase metadata from session (2 ms)
      ÔêÜ should set phase to null when current_phase is missing (2 ms)
      ÔêÜ should use default file path when domain has no file property (3 ms)

PASS tests/integration/formatter-integration.test.js
  Formatter Integration
    ÔêÜ develop-story task uses formatter successfully (3 ms)
    ÔêÜ formatter output passes validator for all sections (1 ms)
    ÔêÜ formatter maintains fixed structure positions (1 ms)
    ÔêÜ formatter injects personality correctly (1 ms)
    ÔêÜ formatter handles task-specific output correctly (1 ms)
    ÔêÜ formatter includes metrics correctly (1 ms)
    ÔêÜ formatter performance meets target (2 ms)

PASS tests/unit/wizard/validation/file-structure-validator.test.js
  File Structure Validator
    validateFiles
      ÔêÜ should validate all files successfully when all exist (1 ms)
      ÔêÜ should return errors when .env file is missing (1 ms)
      ÔêÜ should return errors when core-config.yaml is missing (1 ms)
      ÔêÜ should NOT return warnings when .mcp.json is missing (it is optional) (1 ms)
      ÔêÜ should validate IDE config files (1 ms)
      ÔêÜ should handle validation errors gracefully (7 ms)
      ÔêÜ should check .env file permissions on Unix systems (2 ms)

PASS tests/installer/core-config-template.test.js
  core-config-template
    ACT-12: language removed from core-config
      ÔêÜ should NOT include language field in generated config (4 ms)
      ÔêÜ should ignore language option if passed (backward compat) (2 ms)
      ÔêÜ should still include user_profile (2 ms)
      ÔêÜ should generate valid YAML without language (2 ms)

PASS tests/config/merge-utils.test.js
  merge-utils
    isPlainObject
      ÔêÜ returns true for plain objects (1 ms)
      ÔêÜ returns false for non-plain objects (1 ms)
    deepMerge ÔÇö scalars (last-wins)
      ÔêÜ source string overrides target string (1 ms)
      ÔêÜ source number overrides target number (1 ms)
      ÔêÜ source boolean overrides target boolean (1 ms)
      ÔêÜ adds new keys from source (1 ms)
    deepMerge ÔÇö objects (deep merge)
      ÔêÜ merges nested objects recursively (1 ms)
      ÔêÜ deep merges multiple nesting levels (1 ms)
      ÔêÜ does not mutate input objects
    deepMerge ÔÇö arrays (replace)
      ÔêÜ source array replaces target array
      ÔêÜ source array replaces target non-array (1 ms)
    deepMerge ÔÇö +append modifier
      ÔêÜ appends to existing array
      ÔêÜ creates array when base key does not exist (1 ms)
      ÔêÜ does not add +append as literal key (1 ms)
      ÔêÜ ignores +append with non-array value
    deepMerge ÔÇö null deletes key
      ÔêÜ null value removes key from result
      ÔêÜ null on nested key removes nested key (1 ms)
      ÔêÜ null on non-existent key is harmless
    deepMerge ÔÇö edge cases
      ÔêÜ source is non-object returns source (1 ms)
      ÔêÜ target is non-object returns source
      ÔêÜ empty source returns copy of target
      ÔêÜ empty target returns copy of source (1 ms)
    mergeAll
      ÔêÜ merges multiple layers in order
      ÔêÜ skips null/undefined layers
      ÔêÜ returns empty object when no valid layers (1 ms)
      ÔêÜ preserves deep merge semantics across layers (1 ms)

PASS packages/installer/tests/unit/merger/markdown-merger.test.js
  MarkdownMerger
    canMerge
      ÔêÜ should return true for content with AIOS markers (2 ms)
      ÔêÜ should return false for content without AIOS markers (1 ms)
    merge
      ÔêÜ should update AIOS-managed sections (2 ms)
      ÔêÜ should preserve user sections (1 ms)
      ÔêÜ should add new AIOS sections that do not exist (1 ms)
      ÔêÜ should handle files with no AIOS sections (1 ms)
    migrateLegacy
      ÔêÜ should append AIOS sections to legacy file (1 ms)
  parseMarkdownSections
    ÔêÜ should identify AIOS-managed sections (1 ms)
    ÔêÜ should identify user sections (1 ms)
    ÔêÜ should handle nested content in managed sections (1 ms)
  slugify
    ÔêÜ should convert text to lowercase slug (1 ms)
    ÔêÜ should handle special characters
    ÔêÜ should collapse multiple dashes (1 ms)
    ÔêÜ should trim leading and trailing dashes (1 ms)
    ÔêÜ should handle numbers
  hasAiosMarkers
    ÔêÜ should return true for content with AIOS markers (1 ms)
    ÔêÜ should return false for content without markers (1 ms)
    ÔêÜ should return false for incomplete markers

PASS packages/installer/tests/unit/env-template.test.js
  .env Template Generator
    generateEnvContent
      ÔêÜ should generate .env with empty API keys when none provided (1 ms)
      ÔêÜ should generate .env with provided API keys
      ÔêÜ should generate .env with optional service API keys (1 ms)
      ÔêÜ should include helpful comments (1 ms)
      ÔêÜ should not contain sensitive data in comments (1 ms)
      ÔêÜ should use KEY=value format without spaces (3 ms)
    generateEnvExample
      ÔêÜ should generate .env.example with empty values (1 ms)
      ÔêÜ should not contain any actual API keys (1 ms)
      ÔêÜ should include helpful comments with links (1 ms)
      ÔêÜ should be safe to commit (1 ms)
      ÔêÜ should match .env structure but with empty values (1 ms)
    Content Quality
      ÔêÜ should have proper line endings (1 ms)
      ÔêÜ should organize content in sections
      ÔêÜ should include usage instructions

PASS tests/synapse/e2e/devmode-scenarios.e2e.test.js
  SYNAPSE E2E: DEVMODE Scenarios
    ÔêÜ DEVMODE=false: output does NOT contain [DEVMODE STATUS] (2 ms)
    ÔêÜ DEVMODE=true via constructor: output contains [DEVMODE STATUS] (2 ms)
    ÔêÜ DEVMODE=true: output contains SYNAPSE DEVMODE header text (2 ms)
    ÔêÜ DEVMODE=true: output contains Layers Loaded section (1 ms)
    ÔêÜ DEVMODE=true: output contains Pipeline Metrics section (2 ms)
    ÔêÜ DEVMODE=true: metrics object has valid structure with expected fields (1 ms)
    ÔêÜ per-call override: processConfig { devmode: true } shows DEVMODE section on non-devmode engine (2 ms)

PASS tests/synapse/e2e/agent-scenarios.e2e.test.js
  SYNAPSE E2E: Agent Scenarios
    ÔêÜ activates @dev and includes agent section in output XML (3 ms)
    ÔêÜ activates @qa and includes agent section in output XML (2 ms)
    ÔêÜ activates @devops and includes agent section in output XML (1 ms)
    ÔêÜ activates @architect and includes agent section in output XML (1 ms)
    ÔêÜ handles unknown agent without crashing and still returns valid XML (1 ms)
    ÔêÜ produces valid output with no active agent (null) (1 ms)
    ÔêÜ produces different agent sections for different agents (2 ms)
    ÔêÜ reports non-zero agent layer rules in metrics when agent is active (1 ms)

PASS tests/core/orchestration/message-formatter.test.js
  MessageFormatter
    constructor
      ÔêÜ should create instance with educationalMode OFF by default (1 ms)
      ÔêÜ should create instance with educationalMode ON when specified (1 ms)
    setEducationalMode
      ÔêÜ should toggle educational mode (1 ms)
      ÔêÜ should coerce truthy values to boolean
    formatActionResult
      educational mode OFF
        ÔêÜ should return concise message with files created (1 ms)
        ÔêÜ should return concise message with files modified
        ÔêÜ should return concise message with both created and modified (1 ms)
        ÔêÜ should return concise message with no files (1 ms)
        ÔêÜ should handle singular file counts (1 ms)
      educational mode ON
        ÔêÜ should return detailed message with reason (1 ms)
        ÔêÜ should include steps when provided (1 ms)
        ÔêÜ should include agents when provided
        ÔêÜ should include tradeoffs when provided (1 ms)
        ÔêÜ should include file summary (1 ms)
    formatDecisionExplanation
      ÔêÜ should return empty string when educational mode is OFF (1 ms)
      ÔêÜ should return detailed explanation when educational mode is ON (1 ms)
      ÔêÜ should handle empty tradeoffs
    formatAgentAssignment
      ÔêÜ should return empty string when educational mode is OFF (1 ms)
      ÔêÜ should return explanation when educational mode is ON (1 ms)
      ÔêÜ should work without reason
    formatToggleFeedback
      ÔêÜ should return enable message (1 ms)
      ÔêÜ should return disable message (1 ms)
    formatPersistencePrompt
      ÔêÜ should return persistence choice prompt
    formatPhaseTransition
      ÔêÜ should return empty string when educational mode is OFF (1 ms)
      ÔêÜ should return phase info when educational mode is ON
    formatError
      ÔêÜ should return basic error in OFF mode
      ÔêÜ should return detailed error in ON mode (1 ms)
    createMessageFormatter factory
      ÔêÜ should create MessageFormatter instance (1 ms)

PASS tests/synapse/paths.test.js
  resolveSynapsePath
    ÔêÜ should detect existing .synapse/ directory (3 ms)
    ÔêÜ should report non-existing .synapse/ directory (2 ms)
    ÔêÜ should handle path with spaces (2 ms)
    ÔêÜ should not detect .synapse as file (only directory) (2 ms)
  resolveDomainPath
    ÔêÜ should resolve domain file path correctly
    ÔêÜ should handle nested-like domain file names

PASS packages/installer/tests/unit/merger/strategies.test.js
  getMergeStrategy
    ÔêÜ should return EnvMerger for .env files (1 ms)
    ÔêÜ should return EnvMerger for .env.local files (1 ms)
    ÔêÜ should return EnvMerger for .env.example files
    ÔêÜ should return MarkdownMerger for .md files
    ÔêÜ should return MarkdownMerger for README.md (1 ms)
    ÔêÜ should return ReplaceMerger for unknown file types
    ÔêÜ should return ReplaceMerger for .json files
    ÔêÜ should handle full paths (1 ms)
    ÔêÜ should handle paths with directories
  hasMergeStrategy
    ÔêÜ should return true for .env files (1 ms)
    ÔêÜ should return true for .md files
    ÔêÜ should return false for unsupported files
    ÔêÜ should return false for .json files (1 ms)
    ÔêÜ should be case-insensitive for extensions
  getSupportedTypes
    ÔêÜ should return extensions and filenames (1 ms)
    ÔêÜ should include .md in extensions (1 ms)
    ÔêÜ should include .env in filenames
  registerStrategy
    ÔêÜ should allow registering custom strategies for extensions (1 ms)
  registerFileNameStrategy
    ÔêÜ should allow registering strategies for specific filenames
  ReplaceMerger
    ÔêÜ should return new content as-is
    ÔêÜ should report canMerge as false

PASS tests/unit/wizard/validation/report-generator.test.js
  Report Generator
    generateReport
      ÔêÜ should generate report for successful validation (2 ms)
      ÔêÜ should generate report with high severity warnings (1 ms)
      ÔêÜ should generate report with errors (1 ms)
      ÔêÜ should generate report with mixed results (1 ms)
      ÔêÜ should format file validation results correctly (1 ms)
      ÔêÜ should format config validation results correctly (1 ms)
      ÔêÜ should format MCP health check results correctly (1 ms)
      ÔêÜ should format dependency validation results correctly (1 ms)
      ÔêÜ should display overall status correctly for each state (1 ms)
      ÔêÜ should list warnings section only for high/critical severity warnings (1 ms)
      ÔêÜ should list errors section when errors present
      ÔêÜ should display next steps section only for errors
      ÔêÜ should handle empty validation results (1 ms)

PASS tests/unit/format-duration.test.js
  formatDuration
    basic conversions
      ÔêÜ should format seconds only (1 ms)
      ÔêÜ should format minutes and seconds (1 ms)
      ÔêÜ should format hours, minutes, and seconds (1 ms)
      ÔêÜ should format days (1 ms)
    edge cases
      ÔêÜ should handle zero
      ÔêÜ should handle negative numbers (1 ms)
      ÔêÜ should handle very large numbers (1 ms)
      ÔêÜ should handle non-numeric input
      ÔêÜ should handle floating point numbers (1 ms)
    sub-second values
      ÔêÜ should show 0s for values less than 1 second (1 ms)
  formatDurationShort
    basic conversions
      ÔêÜ should format minutes and seconds (1 ms)
      ÔêÜ should format hours, minutes, and seconds
      ÔêÜ should pad single digits (1 ms)
    edge cases
      ÔêÜ should handle invalid input (1 ms)

PASS packages/installer/tests/unit/merger/env-merger.test.js
  EnvMerger
    canMerge
      ÔêÜ should always return true for .env files (1 ms)
    merge
      ÔêÜ should add new variables from new content (2 ms)
      ÔêÜ should preserve existing values over new values (1 ms)
      ÔêÜ should add AIOS_SUGGESTED comment for differing values (1 ms)
      ÔêÜ should preserve comments from existing file (1 ms)
      ÔêÜ should add new variables in AIOS Variables section (1 ms)
      ÔêÜ should handle empty existing content (1 ms)
      ÔêÜ should handle empty new content (1 ms)
      ÔêÜ should handle multiline values (1 ms)
    preview
      ÔêÜ should return same result as merge with preview option (1 ms)
  parseEnvFile
    ÔêÜ should parse simple key-value pairs
    ÔêÜ should handle quoted values (1 ms)
    ÔêÜ should preserve comments (1 ms)
    ÔêÜ should handle empty lines
    ÔêÜ should handle values with equals signs (1 ms)
    ÔêÜ should handle empty values (1 ms)

PASS tests/unit/quality-gates/layer1-precommit.test.js
  Layer1PreCommit
    constructor
      ÔêÜ should create layer with default config (1 ms)
      ÔêÜ should create layer with custom config (1 ms)
    execute
      ÔêÜ should return skipped result when disabled (1 ms)
      ÔêÜ should have required properties in result (1 ms)
    runLint
      ÔêÜ should parse lint results correctly (1 ms)
      ÔêÜ should fail on lint errors (1 ms)
    runTests
      ÔêÜ should parse test results correctly (1 ms)
      ÔêÜ should fail when tests fail (1 ms)
    runTypeCheck
      ÔêÜ should pass when no type errors (1 ms)
      ÔêÜ should fail on type errors (1 ms)
    getSummary
      ÔêÜ should return correct summary after execution (1 ms)
    formatDuration
      ÔêÜ should format milliseconds (1 ms)
      ÔêÜ should format seconds (1 ms)
      ÔêÜ should format minutes

PASS tests/unit/quality-gates/layer2-pr-automation.test.js
  Layer2PRAutomation
    constructor
      ÔêÜ should create layer with default config (1 ms)
      ÔêÜ should create layer with custom config (1 ms)
    execute
      ÔêÜ should return skipped result when disabled (2 ms)
    parseCodeRabbitOutput
      ÔêÜ should parse CRITICAL issues (1 ms)
      ÔêÜ should parse multiple severity levels (1 ms)
      ÔêÜ should return empty array for clean output (1 ms)
    runCodeRabbit
      ÔêÜ should pass when no CRITICAL issues (1 ms)
      ÔêÜ should fail on CRITICAL issues (1 ms)
      ÔêÜ should handle graceful degradation when not installed (1 ms)
    runQuinnReview
      ÔêÜ should return suggestions
    getSummary
      ÔêÜ should return correct summary

PASS tests/synapse/l4-task.test.js
  L4TaskProcessor
    constructor
      ÔêÜ should extend LayerProcessor (1 ms)
      ÔêÜ should set name to task (1 ms)
      ÔêÜ should set layer to 4 (1 ms)
      ÔêÜ should set timeout to 20ms (1 ms)
    process()
      ÔêÜ should return task context when task is active (1 ms)
      ÔêÜ should return null when no active task (1 ms)
      ÔêÜ should return null when session has no active_task (1 ms)
      ÔêÜ should return null when active_task has no id (1 ms)
      ÔêÜ should return null when active_task id is null (1 ms)
      ÔêÜ should handle task with only id (no story or executor_type) (1 ms)
      ÔêÜ should include story but omit executor when executor_type is missing (1 ms)
      ÔêÜ should include executor but omit story when story is missing (2 ms)
      ÔêÜ should work with _safeProcess wrapper (1 ms)

PASS tests/core/orchestration/task-complexity-classifier.test.js
  TaskComplexityClassifier
    COMPLEXITY_INDICATORS
      ÔêÜ should have indicators for all complexity levels (2 ms)
      ÔêÜ should have keywords for each level (1 ms)
    classify
      ÔêÜ should classify simple tasks (1 ms)
      ÔêÜ should classify complex tasks (1 ms)
      ÔêÜ should handle empty task description (1 ms)
      ÔêÜ should return confidence score (1 ms)
    thresholds
      ÔêÜ should use default thresholds (1 ms)
      ÔêÜ should accept custom thresholds (1 ms)

PASS tests/book-de-resultados/editorial-review.test.js
  editorial-review helpers
    ÔêÜ loads the versioned editorial baseline for the current book (2 ms)
    ÔêÜ builds a review manifest with priority pages and artifact paths (3 ms)
    ÔêÜ writes the review manifest next to the print HTML (3 ms)

Test Suites: 14 skipped, 225 passed, 225 of 239 total
Tests:       195 skipped, 6122 passed, 6317 total
Snapshots:   0 total
Time:        121.362 s
Ran all test suites.

Jest has detected the following 42 open handles potentially keeping Jest from exiting:

  ÔùÅ  TTYWRAP

      469 |     test('readStdin rejects on invalid JSON from stream', async () => {
      470 |       const { Readable } = require('stream');
    > 471 |       const originalStdin = process.stdin;
          |                                     ^
      472 |
      473 |       const mockStdin = new Readable({ read() {} });
      474 |       Object.defineProperty(process, 'stdin', { value: mockStdin, writable: true });

      at Object.stdin (tests/synapse/hook-entry.test.js:471:37)


  ÔùÅ  Timeout

      222 |         executor(),
      223 |         new Promise((_, reject) =>
    > 224 |           setTimeout(() => reject(new Error('Timeout')), this.timeout),
          |           ^
      225 |         ),
      226 |       ]);
      227 |       return { ...result, provider };

      at setTimeout (.aios-core/core/execution/parallel-executor.js:224:11)
      at ParallelExecutor._wrapExecution (.aios-core/core/execution/parallel-executor.js:223:9)
      at ParallelExecutor._wrapExecution [as execute] (.aios-core/core/execution/parallel-executor.js:53:12)
      at Object.execute (tests/core/execution/parallel-executor.test.js:54:37)


  ÔùÅ  Timeout

      222 |         executor(),
      223 |         new Promise((_, reject) =>
    > 224 |           setTimeout(() => reject(new Error('Timeout')), this.timeout),
          |           ^
      225 |         ),
      226 |       ]);
      227 |       return { ...result, provider };

      at setTimeout (.aios-core/core/execution/parallel-executor.js:224:11)
      at ParallelExecutor._wrapExecution (.aios-core/core/execution/parallel-executor.js:223:9)
      at ParallelExecutor._wrapExecution [as execute] (.aios-core/core/execution/parallel-executor.js:54:12)
      at Object.execute (tests/core/execution/parallel-executor.test.js:54:37)


  ÔùÅ  Timeout

      222 |         executor(),
      223 |         new Promise((_, reject) =>
    > 224 |           setTimeout(() => reject(new Error('Timeout')), this.timeout),
          |           ^
      225 |         ),
      226 |       ]);
      227 |       return { ...result, provider };

      at setTimeout (.aios-core/core/execution/parallel-executor.js:224:11)
      at ParallelExecutor._wrapExecution (.aios-core/core/execution/parallel-executor.js:223:9)
      at ParallelExecutor._wrapExecution [as execute] (.aios-core/core/execution/parallel-executor.js:53:12)
      at Object.execute (tests/core/execution/parallel-executor.test.js:65:22)


  ÔùÅ  Timeout

      222 |         executor(),
      223 |         new Promise((_, reject) =>
    > 224 |           setTimeout(() => reject(new Error('Timeout')), this.timeout),
          |           ^
      225 |         ),
      226 |       ]);
      227 |       return { ...result, provider };

      at setTimeout (.aios-core/core/execution/parallel-executor.js:224:11)
      at ParallelExecutor._wrapExecution (.aios-core/core/execution/parallel-executor.js:223:9)
      at ParallelExecutor._wrapExecution [as execute] (.aios-core/core/execution/parallel-executor.js:54:12)
      at Object.execute (tests/core/execution/parallel-executor.test.js:65:22)


  ÔùÅ  Timeout

      222 |         executor(),
      223 |         new Promise((_, reject) =>
    > 224 |           setTimeout(() => reject(new Error('Timeout')), this.timeout),
          |           ^
      225 |         ),
      226 |       ]);
      227 |       return { ...result, provider };

      at setTimeout (.aios-core/core/execution/parallel-executor.js:224:11)
      at ParallelExecutor._wrapExecution (.aios-core/core/execution/parallel-executor.js:223:9)
      at ParallelExecutor._wrapExecution [as execute] (.aios-core/core/execution/parallel-executor.js:53:12)
      at Object.execute (tests/core/execution/parallel-executor.test.js:74:37)


  ÔùÅ  Timeout

      222 |         executor(),
      223 |         new Promise((_, reject) =>
    > 224 |           setTimeout(() => reject(new Error('Timeout')), this.timeout),
          |           ^
      225 |         ),
      226 |       ]);
      227 |       return { ...result, provider };

      at setTimeout (.aios-core/core/execution/parallel-executor.js:224:11)
      at ParallelExecutor._wrapExecution (.aios-core/core/execution/parallel-executor.js:223:9)
      at ParallelExecutor._wrapExecution [as execute] (.aios-core/core/execution/parallel-executor.js:54:12)
      at Object.execute (tests/core/execution/parallel-executor.test.js:74:37)


  ÔùÅ  Timeout

      222 |         executor(),
      223 |         new Promise((_, reject) =>
    > 224 |           setTimeout(() => reject(new Error('Timeout')), this.timeout),
          |           ^
      225 |         ),
      226 |       ]);
      227 |       return { ...result, provider };

      at setTimeout (.aios-core/core/execution/parallel-executor.js:224:11)
      at ParallelExecutor._wrapExecution (.aios-core/core/execution/parallel-executor.js:223:9)
      at ParallelExecutor._wrapExecution [as execute] (.aios-core/core/execution/parallel-executor.js:53:12)
      at Object.execute (tests/core/execution/parallel-executor.test.js:85:37)


  ÔùÅ  Timeout

      222 |         executor(),
      223 |         new Promise((_, reject) =>
    > 224 |           setTimeout(() => reject(new Error('Timeout')), this.timeout),
          |           ^
      225 |         ),
      226 |       ]);
      227 |       return { ...result, provider };

      at setTimeout (.aios-core/core/execution/parallel-executor.js:224:11)
      at ParallelExecutor._wrapExecution (.aios-core/core/execution/parallel-executor.js:223:9)
      at ParallelExecutor._wrapExecution [as execute] (.aios-core/core/execution/parallel-executor.js:54:12)
      at Object.execute (tests/core/execution/parallel-executor.test.js:85:37)


  ÔùÅ  Timeout

      222 |         executor(),
      223 |         new Promise((_, reject) =>
    > 224 |           setTimeout(() => reject(new Error('Timeout')), this.timeout),
          |           ^
      225 |         ),
      226 |       ]);
      227 |       return { ...result, provider };

      at setTimeout (.aios-core/core/execution/parallel-executor.js:224:11)
      at ParallelExecutor._wrapExecution (.aios-core/core/execution/parallel-executor.js:223:9)
      at ParallelExecutor._wrapExecution [as execute] (.aios-core/core/execution/parallel-executor.js:53:12)
      at Object.execute (tests/core/execution/parallel-executor.test.js:101:22)


  ÔùÅ  Timeout

      222 |         executor(),
      223 |         new Promise((_, reject) =>
    > 224 |           setTimeout(() => reject(new Error('Timeout')), this.timeout),
          |           ^
      225 |         ),
      226 |       ]);
      227 |       return { ...result, provider };

      at setTimeout (.aios-core/core/execution/parallel-executor.js:224:11)
      at ParallelExecutor._wrapExecution (.aios-core/core/execution/parallel-executor.js:223:9)
      at ParallelExecutor._wrapExecution [as execute] (.aios-core/core/execution/parallel-executor.js:54:12)
      at Object.execute (tests/core/execution/parallel-executor.test.js:101:22)


  ÔùÅ  Timeout

      222 |         executor(),
      223 |         new Promise((_, reject) =>
    > 224 |           setTimeout(() => reject(new Error('Timeout')), this.timeout),
          |           ^
      225 |         ),
      226 |       ]);
      227 |       return { ...result, provider };

      at setTimeout (.aios-core/core/execution/parallel-executor.js:224:11)
      at ParallelExecutor._wrapExecution (.aios-core/core/execution/parallel-executor.js:223:9)
      at ParallelExecutor._wrapExecution [as execute] (.aios-core/core/execution/parallel-executor.js:53:12)
      at Object.execute (tests/core/execution/parallel-executor.test.js:115:41)


  ÔùÅ  Timeout

      222 |         executor(),
      223 |         new Promise((_, reject) =>
    > 224 |           setTimeout(() => reject(new Error('Timeout')), this.timeout),
          |           ^
      225 |         ),
      226 |       ]);
      227 |       return { ...result, provider };

      at setTimeout (.aios-core/core/execution/parallel-executor.js:224:11)
      at ParallelExecutor._wrapExecution (.aios-core/core/execution/parallel-executor.js:223:9)
      at ParallelExecutor._wrapExecution [as execute] (.aios-core/core/execution/parallel-executor.js:54:12)
      at Object.execute (tests/core/execution/parallel-executor.test.js:115:41)


  ÔùÅ  Timeout

      222 |         executor(),
      223 |         new Promise((_, reject) =>
    > 224 |           setTimeout(() => reject(new Error('Timeout')), this.timeout),
          |           ^
      225 |         ),
      226 |       ]);
      227 |       return { ...result, provider };

      at setTimeout (.aios-core/core/execution/parallel-executor.js:224:11)
      at ParallelExecutor._wrapExecution (.aios-core/core/execution/parallel-executor.js:223:9)
      at ParallelExecutor._wrapExecution [as execute] (.aios-core/core/execution/parallel-executor.js:53:12)
      at Object.execute (tests/core/execution/parallel-executor.test.js:132:46)


  ÔùÅ  Timeout

      222 |         executor(),
      223 |         new Promise((_, reject) =>
    > 224 |           setTimeout(() => reject(new Error('Timeout')), this.timeout),
          |           ^
      225 |         ),
      226 |       ]);
      227 |       return { ...result, provider };

      at setTimeout (.aios-core/core/execution/parallel-executor.js:224:11)
      at ParallelExecutor._wrapExecution (.aios-core/core/execution/parallel-executor.js:223:9)
      at ParallelExecutor._wrapExecution [as execute] (.aios-core/core/execution/parallel-executor.js:54:12)
      at Object.execute (tests/core/execution/parallel-executor.test.js:132:46)


  ÔùÅ  Timeout

      222 |         executor(),
      223 |         new Promise((_, reject) =>
    > 224 |           setTimeout(() => reject(new Error('Timeout')), this.timeout),
          |           ^
      225 |         ),
      226 |       ]);
      227 |       return { ...result, provider };

      at setTimeout (.aios-core/core/execution/parallel-executor.js:224:11)
      at ParallelExecutor._wrapExecution (.aios-core/core/execution/parallel-executor.js:223:9)
      at ParallelExecutor._wrapExecution [as execute] (.aios-core/core/execution/parallel-executor.js:53:12)
      at Object.execute (tests/core/execution/parallel-executor.test.js:152:43)


  ÔùÅ  Timeout

      222 |         executor(),
      223 |         new Promise((_, reject) =>
    > 224 |           setTimeout(() => reject(new Error('Timeout')), this.timeout),
          |           ^
      225 |         ),
      226 |       ]);
      227 |       return { ...result, provider };

      at setTimeout (.aios-core/core/execution/parallel-executor.js:224:11)
      at ParallelExecutor._wrapExecution (.aios-core/core/execution/parallel-executor.js:223:9)
      at ParallelExecutor._wrapExecution [as execute] (.aios-core/core/execution/parallel-executor.js:54:12)
      at Object.execute (tests/core/execution/parallel-executor.test.js:152:43)


  ÔùÅ  Timeout

      222 |         executor(),
      223 |         new Promise((_, reject) =>
    > 224 |           setTimeout(() => reject(new Error('Timeout')), this.timeout),
          |           ^
      225 |         ),
      226 |       ]);
      227 |       return { ...result, provider };

      at setTimeout (.aios-core/core/execution/parallel-executor.js:224:11)
      at ParallelExecutor._wrapExecution (.aios-core/core/execution/parallel-executor.js:223:9)
      at ParallelExecutor._wrapExecution [as execute] (.aios-core/core/execution/parallel-executor.js:53:12)
      at Object.execute (tests/core/execution/parallel-executor.test.js:166:42)


  ÔùÅ  Timeout

      222 |         executor(),
      223 |         new Promise((_, reject) =>
    > 224 |           setTimeout(() => reject(new Error('Timeout')), this.timeout),
          |           ^
      225 |         ),
      226 |       ]);
      227 |       return { ...result, provider };

      at setTimeout (.aios-core/core/execution/parallel-executor.js:224:11)
      at ParallelExecutor._wrapExecution (.aios-core/core/execution/parallel-executor.js:223:9)
      at ParallelExecutor._wrapExecution [as execute] (.aios-core/core/execution/parallel-executor.js:54:12)
      at Object.execute (tests/core/execution/parallel-executor.test.js:166:42)


  ÔùÅ  Timeout

      222 |         executor(),
      223 |         new Promise((_, reject) =>
    > 224 |           setTimeout(() => reject(new Error('Timeout')), this.timeout),
          |           ^
      225 |         ),
      226 |       ]);
      227 |       return { ...result, provider };

      at setTimeout (.aios-core/core/execution/parallel-executor.js:224:11)
      at ParallelExecutor._wrapExecution (.aios-core/core/execution/parallel-executor.js:223:9)
      at ParallelExecutor._wrapExecution [as execute] (.aios-core/core/execution/parallel-executor.js:53:12)
      at Object.execute (tests/core/execution/parallel-executor.test.js:179:22)


  ÔùÅ  Timeout

      222 |         executor(),
      223 |         new Promise((_, reject) =>
    > 224 |           setTimeout(() => reject(new Error('Timeout')), this.timeout),
          |           ^
      225 |         ),
      226 |       ]);
      227 |       return { ...result, provider };

      at setTimeout (.aios-core/core/execution/parallel-executor.js:224:11)
      at ParallelExecutor._wrapExecution (.aios-core/core/execution/parallel-executor.js:223:9)
      at ParallelExecutor._wrapExecution [as execute] (.aios-core/core/execution/parallel-executor.js:54:12)
      at Object.execute (tests/core/execution/parallel-executor.test.js:179:22)


  ÔùÅ  Timeout

      220 |       // Create timeout promise
      221 |       const timeoutPromise = new Promise((_, reject) => {
    > 222 |         setTimeout(() => {
          |         ^
      223 |           reject(new Error(`Task ${task.id} timed out after ${this.taskTimeout}ms`));
      224 |         }, this.taskTimeout);
      225 |       });

      at setTimeout (.aios-core/core/execution/wave-executor.js:222:9)
      at WaveExecutor.executeTaskWithTimeout (.aios-core/core/execution/wave-executor.js:221:30)
      at executeTaskWithTimeout (.aios-core/core/execution/wave-executor.js:163:49)
          at Array.map (<anonymous>)
      at WaveExecutor.map [as executeWave] (.aios-core/core/execution/wave-executor.js:163:30)
      at WaveExecutor.executeWave [as executeWaves] (.aios-core/core/execution/wave-executor.js:98:37)
      at Object.executeWaves (tests/core/wave-executor.test.js:115:37)


  ÔùÅ  Timeout

      220 |       // Create timeout promise
      221 |       const timeoutPromise = new Promise((_, reject) => {
    > 222 |         setTimeout(() => {
          |         ^
      223 |           reject(new Error(`Task ${task.id} timed out after ${this.taskTimeout}ms`));
      224 |         }, this.taskTimeout);
      225 |       });

      at setTimeout (.aios-core/core/execution/wave-executor.js:222:9)
      at WaveExecutor.executeTaskWithTimeout (.aios-core/core/execution/wave-executor.js:221:30)
      at executeTaskWithTimeout (.aios-core/core/execution/wave-executor.js:163:49)
          at Array.map (<anonymous>)
      at WaveExecutor.map [as executeWave] (.aios-core/core/execution/wave-executor.js:163:30)
      at WaveExecutor.executeWave [as executeWaves] (.aios-core/core/execution/wave-executor.js:98:37)
      at Object.executeWaves (tests/core/wave-executor.test.js:141:37)


  ÔùÅ  Timeout

      220 |       // Create timeout promise
      221 |       const timeoutPromise = new Promise((_, reject) => {
    > 222 |         setTimeout(() => {
          |         ^
      223 |           reject(new Error(`Task ${task.id} timed out after ${this.taskTimeout}ms`));
      224 |         }, this.taskTimeout);
      225 |       });

      at setTimeout (.aios-core/core/execution/wave-executor.js:222:9)
      at WaveExecutor.executeTaskWithTimeout (.aios-core/core/execution/wave-executor.js:221:30)
      at executeTaskWithTimeout (.aios-core/core/execution/wave-executor.js:163:49)
          at Array.map (<anonymous>)
      at WaveExecutor.map [as executeWave] (.aios-core/core/execution/wave-executor.js:163:30)
      at WaveExecutor.executeWave [as executeWaves] (.aios-core/core/execution/wave-executor.js:98:37)
      at Object.executeWaves (tests/core/wave-executor.test.js:171:37)


  ÔùÅ  Timeout

      220 |       // Create timeout promise
      221 |       const timeoutPromise = new Promise((_, reject) => {
    > 222 |         setTimeout(() => {
          |         ^
      223 |           reject(new Error(`Task ${task.id} timed out after ${this.taskTimeout}ms`));
      224 |         }, this.taskTimeout);
      225 |       });

      at setTimeout (.aios-core/core/execution/wave-executor.js:222:9)
      at WaveExecutor.executeTaskWithTimeout (.aios-core/core/execution/wave-executor.js:221:30)
      at executeTaskWithTimeout (.aios-core/core/execution/wave-executor.js:163:49)
          at Array.map (<anonymous>)
      at WaveExecutor.map [as executeWave] (.aios-core/core/execution/wave-executor.js:163:30)
      at WaveExecutor.executeWave [as executeWaves] (.aios-core/core/execution/wave-executor.js:98:37)
      at Object.executeWaves (tests/core/wave-executor.test.js:199:37)


  ÔùÅ  Timeout

      220 |       // Create timeout promise
      221 |       const timeoutPromise = new Promise((_, reject) => {
    > 222 |         setTimeout(() => {
          |         ^
      223 |           reject(new Error(`Task ${task.id} timed out after ${this.taskTimeout}ms`));
      224 |         }, this.taskTimeout);
      225 |       });

      at setTimeout (.aios-core/core/execution/wave-executor.js:222:9)
      at WaveExecutor.executeTaskWithTimeout (.aios-core/core/execution/wave-executor.js:221:30)
      at executeTaskWithTimeout (.aios-core/core/execution/wave-executor.js:163:49)
          at Array.map (<anonymous>)
      at WaveExecutor.map [as executeWave] (.aios-core/core/execution/wave-executor.js:163:30)
      at WaveExecutor.executeWave [as executeWaves] (.aios-core/core/execution/wave-executor.js:98:37)
      at Object.executeWaves (tests/core/wave-executor.test.js:216:37)


  ÔùÅ  Timeout

      220 |       // Create timeout promise
      221 |       const timeoutPromise = new Promise((_, reject) => {
    > 222 |         setTimeout(() => {
          |         ^
      223 |           reject(new Error(`Task ${task.id} timed out after ${this.taskTimeout}ms`));
      224 |         }, this.taskTimeout);
      225 |       });

      at setTimeout (.aios-core/core/execution/wave-executor.js:222:9)
      at WaveExecutor.executeTaskWithTimeout (.aios-core/core/execution/wave-executor.js:221:30)
      at executeTaskWithTimeout (.aios-core/core/execution/wave-executor.js:163:49)
          at Array.map (<anonymous>)
      at WaveExecutor.map [as executeWave] (.aios-core/core/execution/wave-executor.js:163:30)
      at WaveExecutor.executeWave [as executeWaves] (.aios-core/core/execution/wave-executor.js:98:37)
      at Object.executeWaves (tests/core/wave-executor.test.js:245:22)


  ÔùÅ  Timeout

      220 |       // Create timeout promise
      221 |       const timeoutPromise = new Promise((_, reject) => {
    > 222 |         setTimeout(() => {
          |         ^
      223 |           reject(new Error(`Task ${task.id} timed out after ${this.taskTimeout}ms`));
      224 |         }, this.taskTimeout);
      225 |       });

      at setTimeout (.aios-core/core/execution/wave-executor.js:222:9)
      at WaveExecutor.executeTaskWithTimeout (.aios-core/core/execution/wave-executor.js:221:30)
      at executeTaskWithTimeout (.aios-core/core/execution/wave-executor.js:163:49)
          at Array.map (<anonymous>)
      at WaveExecutor.map [as executeWave] (.aios-core/core/execution/wave-executor.js:163:30)
      at Object.executeWave (tests/core/wave-executor.test.js:287:22)


  ÔùÅ  Timeout

      220 |       // Create timeout promise
      221 |       const timeoutPromise = new Promise((_, reject) => {
    > 222 |         setTimeout(() => {
          |         ^
      223 |           reject(new Error(`Task ${task.id} timed out after ${this.taskTimeout}ms`));
      224 |         }, this.taskTimeout);
      225 |       });

      at setTimeout (.aios-core/core/execution/wave-executor.js:222:9)
      at WaveExecutor.executeTaskWithTimeout (.aios-core/core/execution/wave-executor.js:221:30)
      at executeTaskWithTimeout (.aios-core/core/execution/wave-executor.js:163:49)
          at Array.map (<anonymous>)
      at WaveExecutor.map [as executeWave] (.aios-core/core/execution/wave-executor.js:163:30)
      at Object.executeWave (tests/core/wave-executor.test.js:299:38)


  ÔùÅ  Timeout

      220 |       // Create timeout promise
      221 |       const timeoutPromise = new Promise((_, reject) => {
    > 222 |         setTimeout(() => {
          |         ^
      223 |           reject(new Error(`Task ${task.id} timed out after ${this.taskTimeout}ms`));
      224 |         }, this.taskTimeout);
      225 |       });

      at setTimeout (.aios-core/core/execution/wave-executor.js:222:9)
      at WaveExecutor.executeTaskWithTimeout (.aios-core/core/execution/wave-executor.js:221:30)
      at executeTaskWithTimeout (.aios-core/core/execution/wave-executor.js:163:49)
          at Array.map (<anonymous>)
      at WaveExecutor.map [as executeWave] (.aios-core/core/execution/wave-executor.js:163:30)
      at Object.executeWave (tests/core/wave-executor.test.js:314:38)


  ÔùÅ  Timeout

      220 |       // Create timeout promise
      221 |       const timeoutPromise = new Promise((_, reject) => {
    > 222 |         setTimeout(() => {
          |         ^
      223 |           reject(new Error(`Task ${task.id} timed out after ${this.taskTimeout}ms`));
      224 |         }, this.taskTimeout);
      225 |       });

      at setTimeout (.aios-core/core/execution/wave-executor.js:222:9)
      at WaveExecutor.executeTaskWithTimeout (.aios-core/core/execution/wave-executor.js:221:30)
      at Object.executeTaskWithTimeout (tests/core/wave-executor.test.js:334:37)


  ÔùÅ  Timeout

      220 |       // Create timeout promise
      221 |       const timeoutPromise = new Promise((_, reject) => {
    > 222 |         setTimeout(() => {
          |         ^
      223 |           reject(new Error(`Task ${task.id} timed out after ${this.taskTimeout}ms`));
      224 |         }, this.taskTimeout);
      225 |       });

      at setTimeout (.aios-core/core/execution/wave-executor.js:222:9)
      at WaveExecutor.executeTaskWithTimeout (.aios-core/core/execution/wave-executor.js:221:30)
      at Object.executeTaskWithTimeout (tests/core/wave-executor.test.js:368:32)


  ÔùÅ  Timeout

      220 |       // Create timeout promise
      221 |       const timeoutPromise = new Promise((_, reject) => {
    > 222 |         setTimeout(() => {
          |         ^
      223 |           reject(new Error(`Task ${task.id} timed out after ${this.taskTimeout}ms`));
      224 |         }, this.taskTimeout);
      225 |       });

      at setTimeout (.aios-core/core/execution/wave-executor.js:222:9)
      at WaveExecutor.executeTaskWithTimeout (.aios-core/core/execution/wave-executor.js:221:30)
      at Object.executeTaskWithTimeout (tests/core/wave-executor.test.js:386:22)


  ÔùÅ  Timeout

      220 |       // Create timeout promise
      221 |       const timeoutPromise = new Promise((_, reject) => {
    > 222 |         setTimeout(() => {
          |         ^
      223 |           reject(new Error(`Task ${task.id} timed out after ${this.taskTimeout}ms`));
      224 |         }, this.taskTimeout);
      225 |       });

      at setTimeout (.aios-core/core/execution/wave-executor.js:222:9)
      at WaveExecutor.executeTaskWithTimeout (.aios-core/core/execution/wave-executor.js:221:30)
      at Object.executeTaskWithTimeout (tests/core/wave-executor.test.js:396:37)


  ÔùÅ  Timeout

      220 |       // Create timeout promise
      221 |       const timeoutPromise = new Promise((_, reject) => {
    > 222 |         setTimeout(() => {
          |         ^
      223 |           reject(new Error(`Task ${task.id} timed out after ${this.taskTimeout}ms`));
      224 |         }, this.taskTimeout);
      225 |       });

      at setTimeout (.aios-core/core/execution/wave-executor.js:222:9)
      at WaveExecutor.executeTaskWithTimeout (.aios-core/core/execution/wave-executor.js:221:30)
      at Object.executeTaskWithTimeout (tests/core/wave-executor.test.js:413:22)


  ÔùÅ  Timeout

      167 |
      168 |       // Remove from active after delay
    > 169 |       setTimeout(() => {
          |       ^
      170 |         this.activeTasks.delete(taskId);
      171 |       }, 10000);
      172 |     }

      at ParallelMonitor.setTimeout [as registerTaskComplete] (.aios-core/core/execution/parallel-monitor.js:169:7)
      at Object.registerTaskComplete (tests/core/parallel-monitor.test.js:135:15)


  ÔùÅ  Timeout

      167 |
      168 |       // Remove from active after delay
    > 169 |       setTimeout(() => {
          |       ^
      170 |         this.activeTasks.delete(taskId);
      171 |       }, 10000);
      172 |     }

      at ParallelMonitor.setTimeout [as registerTaskComplete] (.aios-core/core/execution/parallel-monitor.js:169:7)
      at Object.registerTaskComplete (tests/core/parallel-monitor.test.js:144:15)


  ÔùÅ  Timeout

      167 |
      168 |       // Remove from active after delay
    > 169 |       setTimeout(() => {
          |       ^
      170 |         this.activeTasks.delete(taskId);
      171 |       }, 10000);
      172 |     }

      at ParallelMonitor.setTimeout [as registerTaskComplete] (.aios-core/core/execution/parallel-monitor.js:169:7)
      at Object.registerTaskComplete (tests/core/parallel-monitor.test.js:153:15)


  ÔùÅ  Timeout

      167 |
      168 |       // Remove from active after delay
    > 169 |       setTimeout(() => {
          |       ^
      170 |         this.activeTasks.delete(taskId);
      171 |       }, 10000);
      172 |     }

      at ParallelMonitor.setTimeout [as registerTaskComplete] (.aios-core/core/execution/parallel-monitor.js:169:7)
      at Object.registerTaskComplete (tests/core/parallel-monitor.test.js:161:17)


  ÔùÅ  Timeout

      167 |
      168 |       // Remove from active after delay
    > 169 |       setTimeout(() => {
          |       ^
      170 |         this.activeTasks.delete(taskId);
      171 |       }, 10000);
      172 |     }

      at ParallelMonitor.setTimeout [as registerTaskComplete] (.aios-core/core/execution/parallel-monitor.js:169:7)
      at Object.registerTaskComplete (tests/core/parallel-monitor.test.js:169:15)


  ÔùÅ  Timeout

      194 |
      195 |       // Move to history after delay
    > 196 |       setTimeout(() => {
          |       ^
      197 |         this.activeWaves.delete(waveId);
      198 |       }, 30000);
      199 |     }

      at ParallelMonitor.setTimeout [as registerWaveComplete] (.aios-core/core/execution/parallel-monitor.js:196:7)
      at Object.registerWaveComplete (tests/core/parallel-monitor.test.js:184:15)


  ÔùÅ  Timeout

      194 |
      195 |       // Move to history after delay
    > 196 |       setTimeout(() => {
          |       ^
      197 |         this.activeWaves.delete(waveId);
      198 |       }, 30000);
      199 |     }

      at ParallelMonitor.setTimeout [as registerWaveComplete] (.aios-core/core/execution/parallel-monitor.js:196:7)
      at Object.registerWaveComplete (tests/core/parallel-monitor.test.js:193:15)

